
> blulok-frontend@1.0.0 test
> jest FMSChangeReviewModal.test.tsx --verbose=false

node.exe : FAIL src/__tests__/components/FMS/FMSChangeReviewModal.test.tsx (8.494 s)
At line:1 char:1
+ & "C:\Program Files\nodejs/node.exe" "C:\Program Files\nodejs/node_mo ...
+ ~~~~~~~~~~~~~~~~~~~~~~~~~~~~~~~~~~~~~~~~~~~~~~~~~~~~~~~~~~~~~~~~~~~~~
    + CategoryInfo          : NotSpecified: (FAIL src/__test...t.tsx (8.494 s):String) [], RemoteExce 
   ption
    + FullyQualifiedErrorId : NativeCommandError
 
  ΓùÅ Console

    console.error
      Warning: `ReactDOMTestUtils.act` is deprecated in favor of `React.act`. Import `act` from 
`react` instead of `react-dom/test-utils`. See https://react.dev/warnings/react-dom-test-utils for 
more info.

    [0m [90m 71 |[39m     [36mconst[39m message [33m=[39m 
args[[35m0[39m][33m?[39m[33m.[39mtoString() [33m||[39m [32m''[39m[33m;[39m
     [90m 72 |[39m     [36mif[39m (message[33m.[39mincludes([32m'Warning:'[39m) [33m||[39m 
(message[33m.[39mincludes([32m'Error:'[39m) [33m&&[39m 
[33m![39mmessage[33m.[39mincludes([32m'Failed to'[39m))) {
    [31m[1m>[22m[39m[90m 73 |[39m       originalError([33m...[39margs)[33m;[39m
     [90m    |[39m       [31m[1m^[22m[39m
     [90m 74 |[39m     }
     [90m 75 |[39m   })[33m;[39m
     [90m 76 |[39m   [0m

      at console.<anonymous> (src/test/setup.ts:73:7)
      at printWarning (node_modules/react-dom/cjs/react-dom-test-utils.development.js:71:30)
      at error (node_modules/react-dom/cjs/react-dom-test-utils.development.js:45:7)
      at actWithWarning (node_modules/react-dom/cjs/react-dom-test-utils.development.js:1736:7)
      at node_modules/@testing-library/react/dist/act-compat.js:63:25
      at renderRoot (node_modules/@testing-library/react/dist/pure.js:159:26)
      at render (node_modules/@testing-library/react/dist/pure.js:246:10)
      at renderWithProviders (src/__tests__/components/FMS/FMSChangeReviewModal.test.tsx:41:16)
      at Object.<anonymous> (src/__tests__/components/FMS/FMSChangeReviewModal.test.tsx:171:7)

    console.error
      Warning: An update to TransitionChildFn inside a test was not wrapped in act(...).
      
      When testing, code that causes React state updates should be wrapped into act(...):
      
      act(() => {
        /* fire events that update state */
      });
      /* assert on the output */
      
      This ensures that you're testing the behavior the user would see in the browser. Learn more at 
https://reactjs.org/link/wrap-tests-with-act
          at TransitionChildFn 
(E:\repos\blulok-cloud\frontend\node_modules\@headlessui\react\dist\headlessui.dev.cjs:8106:5)
          at TransitionRootFn 
(E:\repos\blulok-cloud\frontend\node_modules\@headlessui\react\dist\headlessui.dev.cjs:8258:9)
          at FMSChangeReviewModal 
(E:\repos\blulok-cloud\frontend\src\components\FMS\FMSChangeReviewModal.tsx:73:3)
          at FMSSyncProvider (E:\repos\blulok-cloud\frontend\src\contexts\FMSSyncContext.tsx:52:35)
          at WebSocketProvider 
(E:\repos\blulok-cloud\frontend\src\contexts\WebSocketContext.tsx:24:71)
          at ToastProvider (E:\repos\blulok-cloud\frontend\src\contexts\ToastContext.tsx:10:63)
          at ThemeProvider (E:\repos\blulok-cloud\frontend\src\contexts\ThemeContext.tsx:18:63)

    [0m [90m 71 |[39m     [36mconst[39m message [33m=[39m 
args[[35m0[39m][33m?[39m[33m.[39mtoString() [33m||[39m [32m''[39m[33m;[39m
     [90m 72 |[39m     [36mif[39m (message[33m.[39mincludes([32m'Warning:'[39m) [33m||[39m 
(message[33m.[39mincludes([32m'Error:'[39m) [33m&&[39m 
[33m![39mmessage[33m.[39mincludes([32m'Failed to'[39m))) {
    [31m[1m>[22m[39m[90m 73 |[39m       originalError([33m...[39margs)[33m;[39m
     [90m    |[39m       [31m[1m^[22m[39m
     [90m 74 |[39m     }
     [90m 75 |[39m   })[33m;[39m
     [90m 76 |[39m   [0m

      at console.<anonymous> (src/test/setup.ts:73:7)
      at printWarning (node_modules/react-dom/cjs/react-dom.development.js:86:30)
      at error (node_modules/react-dom/cjs/react-dom.development.js:60:7)
      at warnIfUpdatesNotWrappedWithActDEV 
(node_modules/react-dom/cjs/react-dom.development.js:27628:9)
      at scheduleUpdateOnFiber (node_modules/react-dom/cjs/react-dom.development.js:25547:5)
      at dispatchSetState (node_modules/react-dom/cjs/react-dom.development.js:16708:7)
      at Object.addFlag (node_modules/@headlessui/react/dist/headlessui.dev.cjs:6852:7)
      at enter (node_modules/@headlessui/react/dist/headlessui.dev.cjs:8178:30)
      at match (node_modules/@headlessui/react/dist/headlessui.dev.cjs:1013:48)
      at Object.current (node_modules/@headlessui/react/dist/headlessui.dev.cjs:8176:12)
      at node_modules/@headlessui/react/dist/headlessui.dev.cjs:829:65
      at node_modules/@headlessui/react/dist/headlessui.dev.cjs:8055:106

    console.error
      Warning: An update to TransitionRootFn inside a test was not wrapped in act(...).
      
      When testing, code that causes React state updates should be wrapped into act(...):
      
      act(() => {
        /* fire events that update state */
      });
      /* assert on the output */
      
      This ensures that you're testing the behavior the user would see in the browser. Learn more at 
https://reactjs.org/link/wrap-tests-with-act
          at TransitionRootFn 
(E:\repos\blulok-cloud\frontend\node_modules\@headlessui\react\dist\headlessui.dev.cjs:8258:9)
          at FMSChangeReviewModal 
(E:\repos\blulok-cloud\frontend\src\components\FMS\FMSChangeReviewModal.tsx:73:3)
          at FMSSyncProvider (E:\repos\blulok-cloud\frontend\src\contexts\FMSSyncContext.tsx:52:35)
          at WebSocketProvider 
(E:\repos\blulok-cloud\frontend\src\contexts\WebSocketContext.tsx:24:71)
          at ToastProvider (E:\repos\blulok-cloud\frontend\src\contexts\ToastContext.tsx:10:63)
          at ThemeProvider (E:\repos\blulok-cloud\frontend\src\contexts\ThemeContext.tsx:18:63)

    [0m [90m 71 |[39m     [36mconst[39m message [33m=[39m 
args[[35m0[39m][33m?[39m[33m.[39mtoString() [33m||[39m [32m''[39m[33m;[39m
     [90m 72 |[39m     [36mif[39m (message[33m.[39mincludes([32m'Warning:'[39m) [33m||[39m 
(message[33m.[39mincludes([32m'Error:'[39m) [33m&&[39m 
[33m![39mmessage[33m.[39mincludes([32m'Failed to'[39m))) {
    [31m[1m>[22m[39m[90m 73 |[39m       originalError([33m...[39margs)[33m;[39m
     [90m    |[39m       [31m[1m^[22m[39m
     [90m 74 |[39m     }
     [90m 75 |[39m   })[33m;[39m
     [90m 76 |[39m   [0m

      at console.<anonymous> (src/test/setup.ts:73:7)
      at printWarning (node_modules/react-dom/cjs/react-dom.development.js:86:30)
      at error (node_modules/react-dom/cjs/react-dom.development.js:60:7)
      at warnIfUpdatesNotWrappedWithActDEV 
(node_modules/react-dom/cjs/react-dom.development.js:27628:9)
      at scheduleUpdateOnFiber (node_modules/react-dom/cjs/react-dom.development.js:25547:5)
      at dispatchSetState (node_modules/react-dom/cjs/react-dom.development.js:16708:7)
      at Object.current (node_modules/@headlessui/react/dist/headlessui.dev.cjs:8307:7)
      at Object.beforeEnter (node_modules/@headlessui/react/dist/headlessui.dev.cjs:829:65)
      at enter (node_modules/@headlessui/react/dist/headlessui.dev.cjs:8179:24)
      at match (node_modules/@headlessui/react/dist/headlessui.dev.cjs:1013:48)
      at Object.current (node_modules/@headlessui/react/dist/headlessui.dev.cjs:8176:12)
      at node_modules/@headlessui/react/dist/headlessui.dev.cjs:829:65
      at node_modules/@headlessui/react/dist/headlessui.dev.cjs:8055:106

    console.error
      Warning: An update to TransitionChildFn inside a test was not wrapped in act(...).
      
      When testing, code that causes React state updates should be wrapped into act(...):
      
      act(() => {
        /* fire events that update state */
      });
      /* assert on the output */
      
      This ensures that you're testing the behavior the user would see in the browser. Learn more at 
https://reactjs.org/link/wrap-tests-with-act
          at TransitionChildFn 
(E:\repos\blulok-cloud\frontend\node_modules\@headlessui\react\dist\headlessui.dev.cjs:8106:5)
          at ChildFn 
(E:\repos\blulok-cloud\frontend\node_modules\@headlessui\react\dist\headlessui.dev.cjs:8339:60)
          at div
          at PortalWrapper 
(E:\repos\blulok-cloud\frontend\node_modules\@headlessui\react\dist\headlessui.dev.cjs:3598:39)
          at div
          at FocusTrapFn 
(E:\repos\blulok-cloud\frontend\node_modules\@headlessui\react\dist\headlessui.dev.cjs:3233:45)
          at DescriptionProvider 
(E:\repos\blulok-cloud\frontend\node_modules\@headlessui\react\dist\headlessui.dev.cjs:4091:24)
          at ForcePortalRoot 
(E:\repos\blulok-cloud\frontend\node_modules\@headlessui\react\dist\headlessui.dev.cjs:3464:111)
          at GroupFn 
(E:\repos\blulok-cloud\frontend\node_modules\@headlessui\react\dist\headlessui.dev.cjs:3564:9)
          at PortalFn 
(E:\repos\blulok-cloud\frontend\node_modules\@headlessui\react\dist\headlessui.dev.cjs:3505:57)
          at ForcePortalRoot 
(E:\repos\blulok-cloud\frontend\node_modules\@headlessui\react\dist\headlessui.dev.cjs:3464:111)
          at StackProvider 
(E:\repos\blulok-cloud\frontend\node_modules\@headlessui\react\dist\headlessui.dev.cjs:4047:3)
          at DialogFn 
(E:\repos\blulok-cloud\frontend\node_modules\@headlessui\react\dist\headlessui.dev.cjs:4165:20)
          at OpenClosedProvider 
(E:\repos\blulok-cloud\frontend\node_modules\@headlessui\react\dist\headlessui.dev.cjs:1780:31)
          at TransitionChildFn 
(E:\repos\blulok-cloud\frontend\node_modules\@headlessui\react\dist\headlessui.dev.cjs:8106:5)
          at TransitionRootFn 
(E:\repos\blulok-cloud\frontend\node_modules\@headlessui\react\dist\headlessui.dev.cjs:8258:9)
          at FMSChangeReviewModal 
(E:\repos\blulok-cloud\frontend\src\components\FMS\FMSChangeReviewModal.tsx:73:3)
          at FMSSyncProvider (E:\repos\blulok-cloud\frontend\src\contexts\FMSSyncContext.tsx:52:35)
          at WebSocketProvider 
(E:\repos\blulok-cloud\frontend\src\contexts\WebSocketContext.tsx:24:71)
          at ToastProvider (E:\repos\blulok-cloud\frontend\src\contexts\ToastContext.tsx:10:63)
          at ThemeProvider (E:\repos\blulok-cloud\frontend\src\contexts\ThemeContext.tsx:18:63)

    [0m [90m 71 |[39m     [36mconst[39m message [33m=[39m 
args[[35m0[39m][33m?[39m[33m.[39mtoString() [33m||[39m [32m''[39m[33m;[39m
     [90m 72 |[39m     [36mif[39m (message[33m.[39mincludes([32m'Warning:'[39m) [33m||[39m 
(message[33m.[39mincludes([32m'Error:'[39m) [33m&&[39m 
[33m![39mmessage[33m.[39mincludes([32m'Failed to'[39m))) {
    [31m[1m>[22m[39m[90m 73 |[39m       originalError([33m...[39margs)[33m;[39m
     [90m    |[39m       [31m[1m^[22m[39m
     [90m 74 |[39m     }
     [90m 75 |[39m   })[33m;[39m
     [90m 76 |[39m   [0m

      at console.<anonymous> (src/test/setup.ts:73:7)
      at printWarning (node_modules/react-dom/cjs/react-dom.development.js:86:30)
      at error (node_modules/react-dom/cjs/react-dom.development.js:60:7)
      at warnIfUpdatesNotWrappedWithActDEV 
(node_modules/react-dom/cjs/react-dom.development.js:27628:9)
      at scheduleUpdateOnFiber (node_modules/react-dom/cjs/react-dom.development.js:25547:5)
      at dispatchSetState (node_modules/react-dom/cjs/react-dom.development.js:16708:7)
      at Object.addFlag (node_modules/@headlessui/react/dist/headlessui.dev.cjs:6852:7)
      at enter (node_modules/@headlessui/react/dist/headlessui.dev.cjs:8178:30)
      at match (node_modules/@headlessui/react/dist/headlessui.dev.cjs:1013:48)
      at Object.current (node_modules/@headlessui/react/dist/headlessui.dev.cjs:8176:12)
      at node_modules/@headlessui/react/dist/headlessui.dev.cjs:829:65
      at node_modules/@headlessui/react/dist/headlessui.dev.cjs:8055:106

    console.error
      Warning: An update to TransitionChildFn inside a test was not wrapped in act(...).
      
      When testing, code that causes React state updates should be wrapped into act(...):
      
      act(() => {
        /* fire events that update state */
      });
      /* assert on the output */
      
      This ensures that you're testing the behavior the user would see in the browser. Learn more at 
https://reactjs.org/link/wrap-tests-with-act
          at TransitionChildFn 
(E:\repos\blulok-cloud\frontend\node_modules\@headlessui\react\dist\headlessui.dev.cjs:8106:5)
          at ChildFn 
(E:\repos\blulok-cloud\frontend\node_modules\@headlessui\react\dist\headlessui.dev.cjs:8339:60)
          at div
          at div
          at div
          at PortalWrapper 
(E:\repos\blulok-cloud\frontend\node_modules\@headlessui\react\dist\headlessui.dev.cjs:3598:39)
          at div
          at FocusTrapFn 
(E:\repos\blulok-cloud\frontend\node_modules\@headlessui\react\dist\headlessui.dev.cjs:3233:45)
          at DescriptionProvider 
(E:\repos\blulok-cloud\frontend\node_modules\@headlessui\react\dist\headlessui.dev.cjs:4091:24)
          at ForcePortalRoot 
(E:\repos\blulok-cloud\frontend\node_modules\@headlessui\react\dist\headlessui.dev.cjs:3464:111)
          at GroupFn 
(E:\repos\blulok-cloud\frontend\node_modules\@headlessui\react\dist\headlessui.dev.cjs:3564:9)
          at PortalFn 
(E:\repos\blulok-cloud\frontend\node_modules\@headlessui\react\dist\headlessui.dev.cjs:3505:57)
          at ForcePortalRoot 
(E:\repos\blulok-cloud\frontend\node_modules\@headlessui\react\dist\headlessui.dev.cjs:3464:111)
          at StackProvider 
(E:\repos\blulok-cloud\frontend\node_modules\@headlessui\react\dist\headlessui.dev.cjs:4047:3)
          at DialogFn 
(E:\repos\blulok-cloud\frontend\node_modules\@headlessui\react\dist\headlessui.dev.cjs:4165:20)
          at OpenClosedProvider 
(E:\repos\blulok-cloud\frontend\node_modules\@headlessui\react\dist\headlessui.dev.cjs:1780:31)
          at TransitionChildFn 
(E:\repos\blulok-cloud\frontend\node_modules\@headlessui\react\dist\headlessui.dev.cjs:8106:5)
          at TransitionRootFn 
(E:\repos\blulok-cloud\frontend\node_modules\@headlessui\react\dist\headlessui.dev.cjs:8258:9)
          at FMSChangeReviewModal 
(E:\repos\blulok-cloud\frontend\src\components\FMS\FMSChangeReviewModal.tsx:73:3)
          at FMSSyncProvider (E:\repos\blulok-cloud\frontend\src\contexts\FMSSyncContext.tsx:52:35)
          at WebSocketProvider 
(E:\repos\blulok-cloud\frontend\src\contexts\WebSocketContext.tsx:24:71)
          at ToastProvider (E:\repos\blulok-cloud\frontend\src\contexts\ToastContext.tsx:10:63)
          at ThemeProvider (E:\repos\blulok-cloud\frontend\src\contexts\ThemeContext.tsx:18:63)

    [0m [90m 71 |[39m     [36mconst[39m message [33m=[39m 
args[[35m0[39m][33m?[39m[33m.[39mtoString() [33m||[39m [32m''[39m[33m;[39m
     [90m 72 |[39m     [36mif[39m (message[33m.[39mincludes([32m'Warning:'[39m) [33m||[39m 
(message[33m.[39mincludes([32m'Error:'[39m) [33m&&[39m 
[33m![39mmessage[33m.[39mincludes([32m'Failed to'[39m))) {
    [31m[1m>[22m[39m[90m 73 |[39m       originalError([33m...[39margs)[33m;[39m
     [90m    |[39m       [31m[1m^[22m[39m
     [90m 74 |[39m     }
     [90m 75 |[39m   })[33m;[39m
     [90m 76 |[39m   [0m

      at console.<anonymous> (src/test/setup.ts:73:7)
      at printWarning (node_modules/react-dom/cjs/react-dom.development.js:86:30)
      at error (node_modules/react-dom/cjs/react-dom.development.js:60:7)
      at warnIfUpdatesNotWrappedWithActDEV 
(node_modules/react-dom/cjs/react-dom.development.js:27628:9)
      at scheduleUpdateOnFiber (node_modules/react-dom/cjs/react-dom.development.js:25547:5)
      at dispatchSetState (node_modules/react-dom/cjs/react-dom.development.js:16708:7)
      at Object.addFlag (node_modules/@headlessui/react/dist/headlessui.dev.cjs:6852:7)
      at enter (node_modules/@headlessui/react/dist/headlessui.dev.cjs:8178:30)
      at match (node_modules/@headlessui/react/dist/headlessui.dev.cjs:1013:48)
      at Object.current (node_modules/@headlessui/react/dist/headlessui.dev.cjs:8176:12)
      at node_modules/@headlessui/react/dist/headlessui.dev.cjs:829:65
      at node_modules/@headlessui/react/dist/headlessui.dev.cjs:8055:106

    console.error
      Warning: An update to TransitionChildFn inside a test was not wrapped in act(...).
      
      When testing, code that causes React state updates should be wrapped into act(...):
      
      act(() => {
        /* fire events that update state */
      });
      /* assert on the output */
      
      This ensures that you're testing the behavior the user would see in the browser. Learn more at 
https://reactjs.org/link/wrap-tests-with-act
          at TransitionChildFn 
(E:\repos\blulok-cloud\frontend\node_modules\@headlessui\react\dist\headlessui.dev.cjs:8106:5)
          at TransitionRootFn 
(E:\repos\blulok-cloud\frontend\node_modules\@headlessui\react\dist\headlessui.dev.cjs:8258:9)
          at FMSChangeReviewModal 
(E:\repos\blulok-cloud\frontend\src\components\FMS\FMSChangeReviewModal.tsx:73:3)
          at FMSSyncProvider (E:\repos\blulok-cloud\frontend\src\contexts\FMSSyncContext.tsx:52:35)
          at WebSocketProvider 
(E:\repos\blulok-cloud\frontend\src\contexts\WebSocketContext.tsx:24:71)
          at ToastProvider (E:\repos\blulok-cloud\frontend\src\contexts\ToastContext.tsx:10:63)
          at ThemeProvider (E:\repos\blulok-cloud\frontend\src\contexts\ThemeContext.tsx:18:63)

    [0m [90m 71 |[39m     [36mconst[39m message [33m=[39m 
args[[35m0[39m][33m?[39m[33m.[39mtoString() [33m||[39m [32m''[39m[33m;[39m
     [90m 72 |[39m     [36mif[39m (message[33m.[39mincludes([32m'Warning:'[39m) [33m||[39m 
(message[33m.[39mincludes([32m'Error:'[39m) [33m&&[39m 
[33m![39mmessage[33m.[39mincludes([32m'Failed to'[39m))) {
    [31m[1m>[22m[39m[90m 73 |[39m       originalError([33m...[39margs)[33m;[39m
     [90m    |[39m       [31m[1m^[22m[39m
     [90m 74 |[39m     }
     [90m 75 |[39m   })[33m;[39m
     [90m 76 |[39m   [0m

      at console.<anonymous> (src/test/setup.ts:73:7)
      at printWarning (node_modules/react-dom/cjs/react-dom.development.js:86:30)
      at error (node_modules/react-dom/cjs/react-dom.development.js:60:7)
      at warnIfUpdatesNotWrappedWithActDEV 
(node_modules/react-dom/cjs/react-dom.development.js:27628:9)
      at scheduleUpdateOnFiber (node_modules/react-dom/cjs/react-dom.development.js:25547:5)
      at dispatchSetState (node_modules/react-dom/cjs/react-dom.development.js:16708:7)
      at Object.addFlag (node_modules/@headlessui/react/dist/headlessui.dev.cjs:6852:7)
      at enter (node_modules/@headlessui/react/dist/headlessui.dev.cjs:8178:30)
      at match (node_modules/@headlessui/react/dist/headlessui.dev.cjs:1013:48)
      at Object.current (node_modules/@headlessui/react/dist/headlessui.dev.cjs:8176:12)
      at node_modules/@headlessui/react/dist/headlessui.dev.cjs:829:65
      at node_modules/@headlessui/react/dist/headlessui.dev.cjs:8055:106

    console.error
      Warning: An update to TransitionRootFn inside a test was not wrapped in act(...).
      
      When testing, code that causes React state updates should be wrapped into act(...):
      
      act(() => {
        /* fire events that update state */
      });
      /* assert on the output */
      
      This ensures that you're testing the behavior the user would see in the browser. Learn more at 
https://reactjs.org/link/wrap-tests-with-act
          at TransitionRootFn 
(E:\repos\blulok-cloud\frontend\node_modules\@headlessui\react\dist\headlessui.dev.cjs:8258:9)
          at FMSChangeReviewModal 
(E:\repos\blulok-cloud\frontend\src\components\FMS\FMSChangeReviewModal.tsx:73:3)
          at FMSSyncProvider (E:\repos\blulok-cloud\frontend\src\contexts\FMSSyncContext.tsx:52:35)
          at WebSocketProvider 
(E:\repos\blulok-cloud\frontend\src\contexts\WebSocketContext.tsx:24:71)
          at ToastProvider (E:\repos\blulok-cloud\frontend\src\contexts\ToastContext.tsx:10:63)
          at ThemeProvider (E:\repos\blulok-cloud\frontend\src\contexts\ThemeContext.tsx:18:63)

    [0m [90m 71 |[39m     [36mconst[39m message [33m=[39m 
args[[35m0[39m][33m?[39m[33m.[39mtoString() [33m||[39m [32m''[39m[33m;[39m
     [90m 72 |[39m     [36mif[39m (message[33m.[39mincludes([32m'Warning:'[39m) [33m||[39m 
(message[33m.[39mincludes([32m'Error:'[39m) [33m&&[39m 
[33m![39mmessage[33m.[39mincludes([32m'Failed to'[39m))) {
    [31m[1m>[22m[39m[90m 73 |[39m       originalError([33m...[39margs)[33m;[39m
     [90m    |[39m       [31m[1m^[22m[39m
     [90m 74 |[39m     }
     [90m 75 |[39m   })[33m;[39m
     [90m 76 |[39m   [0m

      at console.<anonymous> (src/test/setup.ts:73:7)
      at printWarning (node_modules/react-dom/cjs/react-dom.development.js:86:30)
      at error (node_modules/react-dom/cjs/react-dom.development.js:60:7)
      at warnIfUpdatesNotWrappedWithActDEV 
(node_modules/react-dom/cjs/react-dom.development.js:27628:9)
      at scheduleUpdateOnFiber (node_modules/react-dom/cjs/react-dom.development.js:25547:5)
      at dispatchSetState (node_modules/react-dom/cjs/react-dom.development.js:16708:7)
      at Object.current (node_modules/@headlessui/react/dist/headlessui.dev.cjs:8307:7)
      at Object.beforeEnter (node_modules/@headlessui/react/dist/headlessui.dev.cjs:829:65)
      at enter (node_modules/@headlessui/react/dist/headlessui.dev.cjs:8179:24)
      at match (node_modules/@headlessui/react/dist/headlessui.dev.cjs:1013:48)
      at Object.current (node_modules/@headlessui/react/dist/headlessui.dev.cjs:8176:12)
      at node_modules/@headlessui/react/dist/headlessui.dev.cjs:829:65
      at node_modules/@headlessui/react/dist/headlessui.dev.cjs:8055:106

    console.error
      Warning: An update to TransitionChildFn inside a test was not wrapped in act(...).
      
      When testing, code that causes React state updates should be wrapped into act(...):
      
      act(() => {
        /* fire events that update state */
      });
      /* assert on the output */
      
      This ensures that you're testing the behavior the user would see in the browser. Learn more at 
https://reactjs.org/link/wrap-tests-with-act
          at TransitionChildFn 
(E:\repos\blulok-cloud\frontend\node_modules\@headlessui\react\dist\headlessui.dev.cjs:8106:5)
          at ChildFn 
(E:\repos\blulok-cloud\frontend\node_modules\@headlessui\react\dist\headlessui.dev.cjs:8339:60)
          at div
          at PortalWrapper 
(E:\repos\blulok-cloud\frontend\node_modules\@headlessui\react\dist\headlessui.dev.cjs:3598:39)
          at div
          at FocusTrapFn 
(E:\repos\blulok-cloud\frontend\node_modules\@headlessui\react\dist\headlessui.dev.cjs:3233:45)
          at DescriptionProvider 
(E:\repos\blulok-cloud\frontend\node_modules\@headlessui\react\dist\headlessui.dev.cjs:4091:24)
          at ForcePortalRoot 
(E:\repos\blulok-cloud\frontend\node_modules\@headlessui\react\dist\headlessui.dev.cjs:3464:111)
          at GroupFn 
(E:\repos\blulok-cloud\frontend\node_modules\@headlessui\react\dist\headlessui.dev.cjs:3564:9)
          at PortalFn 
(E:\repos\blulok-cloud\frontend\node_modules\@headlessui\react\dist\headlessui.dev.cjs:3505:57)
          at ForcePortalRoot 
(E:\repos\blulok-cloud\frontend\node_modules\@headlessui\react\dist\headlessui.dev.cjs:3464:111)
          at StackProvider 
(E:\repos\blulok-cloud\frontend\node_modules\@headlessui\react\dist\headlessui.dev.cjs:4047:3)
          at DialogFn 
(E:\repos\blulok-cloud\frontend\node_modules\@headlessui\react\dist\headlessui.dev.cjs:4165:20)
          at OpenClosedProvider 
(E:\repos\blulok-cloud\frontend\node_modules\@headlessui\react\dist\headlessui.dev.cjs:1780:31)
          at TransitionChildFn 
(E:\repos\blulok-cloud\frontend\node_modules\@headlessui\react\dist\headlessui.dev.cjs:8106:5)
          at TransitionRootFn 
(E:\repos\blulok-cloud\frontend\node_modules\@headlessui\react\dist\headlessui.dev.cjs:8258:9)
          at FMSChangeReviewModal 
(E:\repos\blulok-cloud\frontend\src\components\FMS\FMSChangeReviewModal.tsx:73:3)
          at FMSSyncProvider (E:\repos\blulok-cloud\frontend\src\contexts\FMSSyncContext.tsx:52:35)
          at WebSocketProvider 
(E:\repos\blulok-cloud\frontend\src\contexts\WebSocketContext.tsx:24:71)
          at ToastProvider (E:\repos\blulok-cloud\frontend\src\contexts\ToastContext.tsx:10:63)
          at ThemeProvider (E:\repos\blulok-cloud\frontend\src\contexts\ThemeContext.tsx:18:63)

    [0m [90m 71 |[39m     [36mconst[39m message [33m=[39m 
args[[35m0[39m][33m?[39m[33m.[39mtoString() [33m||[39m [32m''[39m[33m;[39m
     [90m 72 |[39m     [36mif[39m (message[33m.[39mincludes([32m'Warning:'[39m) [33m||[39m 
(message[33m.[39mincludes([32m'Error:'[39m) [33m&&[39m 
[33m![39mmessage[33m.[39mincludes([32m'Failed to'[39m))) {
    [31m[1m>[22m[39m[90m 73 |[39m       originalError([33m...[39margs)[33m;[39m
     [90m    |[39m       [31m[1m^[22m[39m
     [90m 74 |[39m     }
     [90m 75 |[39m   })[33m;[39m
     [90m 76 |[39m   [0m

      at console.<anonymous> (src/test/setup.ts:73:7)
      at printWarning (node_modules/react-dom/cjs/react-dom.development.js:86:30)
      at error (node_modules/react-dom/cjs/react-dom.development.js:60:7)
      at warnIfUpdatesNotWrappedWithActDEV 
(node_modules/react-dom/cjs/react-dom.development.js:27628:9)
      at scheduleUpdateOnFiber (node_modules/react-dom/cjs/react-dom.development.js:25547:5)
      at dispatchSetState (node_modules/react-dom/cjs/react-dom.development.js:16708:7)
      at Object.addFlag (node_modules/@headlessui/react/dist/headlessui.dev.cjs:6852:7)
      at enter (node_modules/@headlessui/react/dist/headlessui.dev.cjs:8178:30)
      at match (node_modules/@headlessui/react/dist/headlessui.dev.cjs:1013:48)
      at Object.current (node_modules/@headlessui/react/dist/headlessui.dev.cjs:8176:12)
      at node_modules/@headlessui/react/dist/headlessui.dev.cjs:829:65
      at node_modules/@headlessui/react/dist/headlessui.dev.cjs:8055:106

    console.error
      Warning: An update to TransitionChildFn inside a test was not wrapped in act(...).
      
      When testing, code that causes React state updates should be wrapped into act(...):
      
      act(() => {
        /* fire events that update state */
      });
      /* assert on the output */
      
      This ensures that you're testing the behavior the user would see in the browser. Learn more at 
https://reactjs.org/link/wrap-tests-with-act
          at TransitionChildFn 
(E:\repos\blulok-cloud\frontend\node_modules\@headlessui\react\dist\headlessui.dev.cjs:8106:5)
          at ChildFn 
(E:\repos\blulok-cloud\frontend\node_modules\@headlessui\react\dist\headlessui.dev.cjs:8339:60)
          at div
          at div
          at div
          at PortalWrapper 
(E:\repos\blulok-cloud\frontend\node_modules\@headlessui\react\dist\headlessui.dev.cjs:3598:39)
          at div
          at FocusTrapFn 
(E:\repos\blulok-cloud\frontend\node_modules\@headlessui\react\dist\headlessui.dev.cjs:3233:45)
          at DescriptionProvider 
(E:\repos\blulok-cloud\frontend\node_modules\@headlessui\react\dist\headlessui.dev.cjs:4091:24)
          at ForcePortalRoot 
(E:\repos\blulok-cloud\frontend\node_modules\@headlessui\react\dist\headlessui.dev.cjs:3464:111)
          at GroupFn 
(E:\repos\blulok-cloud\frontend\node_modules\@headlessui\react\dist\headlessui.dev.cjs:3564:9)
          at PortalFn 
(E:\repos\blulok-cloud\frontend\node_modules\@headlessui\react\dist\headlessui.dev.cjs:3505:57)
          at ForcePortalRoot 
(E:\repos\blulok-cloud\frontend\node_modules\@headlessui\react\dist\headlessui.dev.cjs:3464:111)
          at StackProvider 
(E:\repos\blulok-cloud\frontend\node_modules\@headlessui\react\dist\headlessui.dev.cjs:4047:3)
          at DialogFn 
(E:\repos\blulok-cloud\frontend\node_modules\@headlessui\react\dist\headlessui.dev.cjs:4165:20)
          at OpenClosedProvider 
(E:\repos\blulok-cloud\frontend\node_modules\@headlessui\react\dist\headlessui.dev.cjs:1780:31)
          at TransitionChildFn 
(E:\repos\blulok-cloud\frontend\node_modules\@headlessui\react\dist\headlessui.dev.cjs:8106:5)
          at TransitionRootFn 
(E:\repos\blulok-cloud\frontend\node_modules\@headlessui\react\dist\headlessui.dev.cjs:8258:9)
          at FMSChangeReviewModal 
(E:\repos\blulok-cloud\frontend\src\components\FMS\FMSChangeReviewModal.tsx:73:3)
          at FMSSyncProvider (E:\repos\blulok-cloud\frontend\src\contexts\FMSSyncContext.tsx:52:35)
          at WebSocketProvider 
(E:\repos\blulok-cloud\frontend\src\contexts\WebSocketContext.tsx:24:71)
          at ToastProvider (E:\repos\blulok-cloud\frontend\src\contexts\ToastContext.tsx:10:63)
          at ThemeProvider (E:\repos\blulok-cloud\frontend\src\contexts\ThemeContext.tsx:18:63)

    [0m [90m 71 |[39m     [36mconst[39m message [33m=[39m 
args[[35m0[39m][33m?[39m[33m.[39mtoString() [33m||[39m [32m''[39m[33m;[39m
     [90m 72 |[39m     [36mif[39m (message[33m.[39mincludes([32m'Warning:'[39m) [33m||[39m 
(message[33m.[39mincludes([32m'Error:'[39m) [33m&&[39m 
[33m![39mmessage[33m.[39mincludes([32m'Failed to'[39m))) {
    [31m[1m>[22m[39m[90m 73 |[39m       originalError([33m...[39margs)[33m;[39m
     [90m    |[39m       [31m[1m^[22m[39m
     [90m 74 |[39m     }
     [90m 75 |[39m   })[33m;[39m
     [90m 76 |[39m   [0m

      at console.<anonymous> (src/test/setup.ts:73:7)
      at printWarning (node_modules/react-dom/cjs/react-dom.development.js:86:30)
      at error (node_modules/react-dom/cjs/react-dom.development.js:60:7)
      at warnIfUpdatesNotWrappedWithActDEV 
(node_modules/react-dom/cjs/react-dom.development.js:27628:9)
      at scheduleUpdateOnFiber (node_modules/react-dom/cjs/react-dom.development.js:25547:5)
      at dispatchSetState (node_modules/react-dom/cjs/react-dom.development.js:16708:7)
      at Object.addFlag (node_modules/@headlessui/react/dist/headlessui.dev.cjs:6852:7)
      at enter (node_modules/@headlessui/react/dist/headlessui.dev.cjs:8178:30)
      at match (node_modules/@headlessui/react/dist/headlessui.dev.cjs:1013:48)
      at Object.current (node_modules/@headlessui/react/dist/headlessui.dev.cjs:8176:12)
      at node_modules/@headlessui/react/dist/headlessui.dev.cjs:829:65
      at node_modules/@headlessui/react/dist/headlessui.dev.cjs:8055:106

    console.error
      Warning: An update to TransitionChildFn inside a test was not wrapped in act(...).
      
      When testing, code that causes React state updates should be wrapped into act(...):
      
      act(() => {
        /* fire events that update state */
      });
      /* assert on the output */
      
      This ensures that you're testing the behavior the user would see in the browser. Learn more at 
https://reactjs.org/link/wrap-tests-with-act
          at TransitionChildFn 
(E:\repos\blulok-cloud\frontend\node_modules\@headlessui\react\dist\headlessui.dev.cjs:8106:5)
          at TransitionRootFn 
(E:\repos\blulok-cloud\frontend\node_modules\@headlessui\react\dist\headlessui.dev.cjs:8258:9)
          at FMSChangeReviewModal 
(E:\repos\blulok-cloud\frontend\src\components\FMS\FMSChangeReviewModal.tsx:73:3)
          at FMSSyncProvider (E:\repos\blulok-cloud\frontend\src\contexts\FMSSyncContext.tsx:52:35)
          at WebSocketProvider 
(E:\repos\blulok-cloud\frontend\src\contexts\WebSocketContext.tsx:24:71)
          at ToastProvider (E:\repos\blulok-cloud\frontend\src\contexts\ToastContext.tsx:10:63)
          at ThemeProvider (E:\repos\blulok-cloud\frontend\src\contexts\ThemeContext.tsx:18:63)

    [0m [90m 71 |[39m     [36mconst[39m message [33m=[39m 
args[[35m0[39m][33m?[39m[33m.[39mtoString() [33m||[39m [32m''[39m[33m;[39m
     [90m 72 |[39m     [36mif[39m (message[33m.[39mincludes([32m'Warning:'[39m) [33m||[39m 
(message[33m.[39mincludes([32m'Error:'[39m) [33m&&[39m 
[33m![39mmessage[33m.[39mincludes([32m'Failed to'[39m))) {
    [31m[1m>[22m[39m[90m 73 |[39m       originalError([33m...[39margs)[33m;[39m
     [90m    |[39m       [31m[1m^[22m[39m
     [90m 74 |[39m     }
     [90m 75 |[39m   })[33m;[39m
     [90m 76 |[39m   [0m

      at console.<anonymous> (src/test/setup.ts:73:7)
      at printWarning (node_modules/react-dom/cjs/react-dom.development.js:86:30)
      at error (node_modules/react-dom/cjs/react-dom.development.js:60:7)
      at warnIfUpdatesNotWrappedWithActDEV 
(node_modules/react-dom/cjs/react-dom.development.js:27628:9)
      at scheduleUpdateOnFiber (node_modules/react-dom/cjs/react-dom.development.js:25547:5)
      at dispatchSetState (node_modules/react-dom/cjs/react-dom.development.js:16708:7)
      at Object.addFlag (node_modules/@headlessui/react/dist/headlessui.dev.cjs:6852:7)
      at enter (node_modules/@headlessui/react/dist/headlessui.dev.cjs:8178:30)
      at match (node_modules/@headlessui/react/dist/headlessui.dev.cjs:1013:48)
      at Object.current (node_modules/@headlessui/react/dist/headlessui.dev.cjs:8176:12)
      at node_modules/@headlessui/react/dist/headlessui.dev.cjs:829:65
      at node_modules/@headlessui/react/dist/headlessui.dev.cjs:8055:106

    console.error
      Warning: An update to TransitionRootFn inside a test was not wrapped in act(...).
      
      When testing, code that causes React state updates should be wrapped into act(...):
      
      act(() => {
        /* fire events that update state */
      });
      /* assert on the output */
      
      This ensures that you're testing the behavior the user would see in the browser. Learn more at 
https://reactjs.org/link/wrap-tests-with-act
          at TransitionRootFn 
(E:\repos\blulok-cloud\frontend\node_modules\@headlessui\react\dist\headlessui.dev.cjs:8258:9)
          at FMSChangeReviewModal 
(E:\repos\blulok-cloud\frontend\src\components\FMS\FMSChangeReviewModal.tsx:73:3)
          at FMSSyncProvider (E:\repos\blulok-cloud\frontend\src\contexts\FMSSyncContext.tsx:52:35)
          at WebSocketProvider 
(E:\repos\blulok-cloud\frontend\src\contexts\WebSocketContext.tsx:24:71)
          at ToastProvider (E:\repos\blulok-cloud\frontend\src\contexts\ToastContext.tsx:10:63)
          at ThemeProvider (E:\repos\blulok-cloud\frontend\src\contexts\ThemeContext.tsx:18:63)

    [0m [90m 71 |[39m     [36mconst[39m message [33m=[39m 
args[[35m0[39m][33m?[39m[33m.[39mtoString() [33m||[39m [32m''[39m[33m;[39m
     [90m 72 |[39m     [36mif[39m (message[33m.[39mincludes([32m'Warning:'[39m) [33m||[39m 
(message[33m.[39mincludes([32m'Error:'[39m) [33m&&[39m 
[33m![39mmessage[33m.[39mincludes([32m'Failed to'[39m))) {
    [31m[1m>[22m[39m[90m 73 |[39m       originalError([33m...[39margs)[33m;[39m
     [90m    |[39m       [31m[1m^[22m[39m
     [90m 74 |[39m     }
     [90m 75 |[39m   })[33m;[39m
     [90m 76 |[39m   [0m

      at console.<anonymous> (src/test/setup.ts:73:7)
      at printWarning (node_modules/react-dom/cjs/react-dom.development.js:86:30)
      at error (node_modules/react-dom/cjs/react-dom.development.js:60:7)
      at warnIfUpdatesNotWrappedWithActDEV 
(node_modules/react-dom/cjs/react-dom.development.js:27628:9)
      at scheduleUpdateOnFiber (node_modules/react-dom/cjs/react-dom.development.js:25547:5)
      at dispatchSetState (node_modules/react-dom/cjs/react-dom.development.js:16708:7)
      at Object.current (node_modules/@headlessui/react/dist/headlessui.dev.cjs:8307:7)
      at Object.beforeEnter (node_modules/@headlessui/react/dist/headlessui.dev.cjs:829:65)
      at enter (node_modules/@headlessui/react/dist/headlessui.dev.cjs:8179:24)
      at match (node_modules/@headlessui/react/dist/headlessui.dev.cjs:1013:48)
      at Object.current (node_modules/@headlessui/react/dist/headlessui.dev.cjs:8176:12)
      at node_modules/@headlessui/react/dist/headlessui.dev.cjs:829:65
      at node_modules/@headlessui/react/dist/headlessui.dev.cjs:8055:106

    console.error
      Warning: An update to TransitionChildFn inside a test was not wrapped in act(...).
      
      When testing, code that causes React state updates should be wrapped into act(...):
      
      act(() => {
        /* fire events that update state */
      });
      /* assert on the output */
      
      This ensures that you're testing the behavior the user would see in the browser. Learn more at 
https://reactjs.org/link/wrap-tests-with-act
          at TransitionChildFn 
(E:\repos\blulok-cloud\frontend\node_modules\@headlessui\react\dist\headlessui.dev.cjs:8106:5)
          at ChildFn 
(E:\repos\blulok-cloud\frontend\node_modules\@headlessui\react\dist\headlessui.dev.cjs:8339:60)
          at div
          at PortalWrapper 
(E:\repos\blulok-cloud\frontend\node_modules\@headlessui\react\dist\headlessui.dev.cjs:3598:39)
          at div
          at FocusTrapFn 
(E:\repos\blulok-cloud\frontend\node_modules\@headlessui\react\dist\headlessui.dev.cjs:3233:45)
          at DescriptionProvider 
(E:\repos\blulok-cloud\frontend\node_modules\@headlessui\react\dist\headlessui.dev.cjs:4091:24)
          at ForcePortalRoot 
(E:\repos\blulok-cloud\frontend\node_modules\@headlessui\react\dist\headlessui.dev.cjs:3464:111)
          at GroupFn 
(E:\repos\blulok-cloud\frontend\node_modules\@headlessui\react\dist\headlessui.dev.cjs:3564:9)
          at PortalFn 
(E:\repos\blulok-cloud\frontend\node_modules\@headlessui\react\dist\headlessui.dev.cjs:3505:57)
          at ForcePortalRoot 
(E:\repos\blulok-cloud\frontend\node_modules\@headlessui\react\dist\headlessui.dev.cjs:3464:111)
          at StackProvider 
(E:\repos\blulok-cloud\frontend\node_modules\@headlessui\react\dist\headlessui.dev.cjs:4047:3)
          at DialogFn 
(E:\repos\blulok-cloud\frontend\node_modules\@headlessui\react\dist\headlessui.dev.cjs:4165:20)
          at OpenClosedProvider 
(E:\repos\blulok-cloud\frontend\node_modules\@headlessui\react\dist\headlessui.dev.cjs:1780:31)
          at TransitionChildFn 
(E:\repos\blulok-cloud\frontend\node_modules\@headlessui\react\dist\headlessui.dev.cjs:8106:5)
          at TransitionRootFn 
(E:\repos\blulok-cloud\frontend\node_modules\@headlessui\react\dist\headlessui.dev.cjs:8258:9)
          at FMSChangeReviewModal 
(E:\repos\blulok-cloud\frontend\src\components\FMS\FMSChangeReviewModal.tsx:73:3)
          at FMSSyncProvider (E:\repos\blulok-cloud\frontend\src\contexts\FMSSyncContext.tsx:52:35)
          at WebSocketProvider 
(E:\repos\blulok-cloud\frontend\src\contexts\WebSocketContext.tsx:24:71)
          at ToastProvider (E:\repos\blulok-cloud\frontend\src\contexts\ToastContext.tsx:10:63)
          at ThemeProvider (E:\repos\blulok-cloud\frontend\src\contexts\ThemeContext.tsx:18:63)

    [0m [90m 71 |[39m     [36mconst[39m message [33m=[39m 
args[[35m0[39m][33m?[39m[33m.[39mtoString() [33m||[39m [32m''[39m[33m;[39m
     [90m 72 |[39m     [36mif[39m (message[33m.[39mincludes([32m'Warning:'[39m) [33m||[39m 
(message[33m.[39mincludes([32m'Error:'[39m) [33m&&[39m 
[33m![39mmessage[33m.[39mincludes([32m'Failed to'[39m))) {
    [31m[1m>[22m[39m[90m 73 |[39m       originalError([33m...[39margs)[33m;[39m
     [90m    |[39m       [31m[1m^[22m[39m
     [90m 74 |[39m     }
     [90m 75 |[39m   })[33m;[39m
     [90m 76 |[39m   [0m

      at console.<anonymous> (src/test/setup.ts:73:7)
      at printWarning (node_modules/react-dom/cjs/react-dom.development.js:86:30)
      at error (node_modules/react-dom/cjs/react-dom.development.js:60:7)
      at warnIfUpdatesNotWrappedWithActDEV 
(node_modules/react-dom/cjs/react-dom.development.js:27628:9)
      at scheduleUpdateOnFiber (node_modules/react-dom/cjs/react-dom.development.js:25547:5)
      at dispatchSetState (node_modules/react-dom/cjs/react-dom.development.js:16708:7)
      at Object.addFlag (node_modules/@headlessui/react/dist/headlessui.dev.cjs:6852:7)
      at enter (node_modules/@headlessui/react/dist/headlessui.dev.cjs:8178:30)
      at match (node_modules/@headlessui/react/dist/headlessui.dev.cjs:1013:48)
      at Object.current (node_modules/@headlessui/react/dist/headlessui.dev.cjs:8176:12)
      at node_modules/@headlessui/react/dist/headlessui.dev.cjs:829:65
      at node_modules/@headlessui/react/dist/headlessui.dev.cjs:8055:106

    console.error
      Warning: An update to TransitionChildFn inside a test was not wrapped in act(...).
      
      When testing, code that causes React state updates should be wrapped into act(...):
      
      act(() => {
        /* fire events that update state */
      });
      /* assert on the output */
      
      This ensures that you're testing the behavior the user would see in the browser. Learn more at 
https://reactjs.org/link/wrap-tests-with-act
          at TransitionChildFn 
(E:\repos\blulok-cloud\frontend\node_modules\@headlessui\react\dist\headlessui.dev.cjs:8106:5)
          at ChildFn 
(E:\repos\blulok-cloud\frontend\node_modules\@headlessui\react\dist\headlessui.dev.cjs:8339:60)
          at div
          at div
          at div
          at PortalWrapper 
(E:\repos\blulok-cloud\frontend\node_modules\@headlessui\react\dist\headlessui.dev.cjs:3598:39)
          at div
          at FocusTrapFn 
(E:\repos\blulok-cloud\frontend\node_modules\@headlessui\react\dist\headlessui.dev.cjs:3233:45)
          at DescriptionProvider 
(E:\repos\blulok-cloud\frontend\node_modules\@headlessui\react\dist\headlessui.dev.cjs:4091:24)
          at ForcePortalRoot 
(E:\repos\blulok-cloud\frontend\node_modules\@headlessui\react\dist\headlessui.dev.cjs:3464:111)
          at GroupFn 
(E:\repos\blulok-cloud\frontend\node_modules\@headlessui\react\dist\headlessui.dev.cjs:3564:9)
          at PortalFn 
(E:\repos\blulok-cloud\frontend\node_modules\@headlessui\react\dist\headlessui.dev.cjs:3505:57)
          at ForcePortalRoot 
(E:\repos\blulok-cloud\frontend\node_modules\@headlessui\react\dist\headlessui.dev.cjs:3464:111)
          at StackProvider 
(E:\repos\blulok-cloud\frontend\node_modules\@headlessui\react\dist\headlessui.dev.cjs:4047:3)
          at DialogFn 
(E:\repos\blulok-cloud\frontend\node_modules\@headlessui\react\dist\headlessui.dev.cjs:4165:20)
          at OpenClosedProvider 
(E:\repos\blulok-cloud\frontend\node_modules\@headlessui\react\dist\headlessui.dev.cjs:1780:31)
          at TransitionChildFn 
(E:\repos\blulok-cloud\frontend\node_modules\@headlessui\react\dist\headlessui.dev.cjs:8106:5)
          at TransitionRootFn 
(E:\repos\blulok-cloud\frontend\node_modules\@headlessui\react\dist\headlessui.dev.cjs:8258:9)
          at FMSChangeReviewModal 
(E:\repos\blulok-cloud\frontend\src\components\FMS\FMSChangeReviewModal.tsx:73:3)
          at FMSSyncProvider (E:\repos\blulok-cloud\frontend\src\contexts\FMSSyncContext.tsx:52:35)
          at WebSocketProvider 
(E:\repos\blulok-cloud\frontend\src\contexts\WebSocketContext.tsx:24:71)
          at ToastProvider (E:\repos\blulok-cloud\frontend\src\contexts\ToastContext.tsx:10:63)
          at ThemeProvider (E:\repos\blulok-cloud\frontend\src\contexts\ThemeContext.tsx:18:63)

    [0m [90m 71 |[39m     [36mconst[39m message [33m=[39m 
args[[35m0[39m][33m?[39m[33m.[39mtoString() [33m||[39m [32m''[39m[33m;[39m
     [90m 72 |[39m     [36mif[39m (message[33m.[39mincludes([32m'Warning:'[39m) [33m||[39m 
(message[33m.[39mincludes([32m'Error:'[39m) [33m&&[39m 
[33m![39mmessage[33m.[39mincludes([32m'Failed to'[39m))) {
    [31m[1m>[22m[39m[90m 73 |[39m       originalError([33m...[39margs)[33m;[39m
     [90m    |[39m       [31m[1m^[22m[39m
     [90m 74 |[39m     }
     [90m 75 |[39m   })[33m;[39m
     [90m 76 |[39m   [0m

      at console.<anonymous> (src/test/setup.ts:73:7)
      at printWarning (node_modules/react-dom/cjs/react-dom.development.js:86:30)
      at error (node_modules/react-dom/cjs/react-dom.development.js:60:7)
      at warnIfUpdatesNotWrappedWithActDEV 
(node_modules/react-dom/cjs/react-dom.development.js:27628:9)
      at scheduleUpdateOnFiber (node_modules/react-dom/cjs/react-dom.development.js:25547:5)
      at dispatchSetState (node_modules/react-dom/cjs/react-dom.development.js:16708:7)
      at Object.addFlag (node_modules/@headlessui/react/dist/headlessui.dev.cjs:6852:7)
      at enter (node_modules/@headlessui/react/dist/headlessui.dev.cjs:8178:30)
      at match (node_modules/@headlessui/react/dist/headlessui.dev.cjs:1013:48)
      at Object.current (node_modules/@headlessui/react/dist/headlessui.dev.cjs:8176:12)
      at node_modules/@headlessui/react/dist/headlessui.dev.cjs:829:65
      at node_modules/@headlessui/react/dist/headlessui.dev.cjs:8055:106

    console.error
      Warning: An update to TransitionChildFn inside a test was not wrapped in act(...).
      
      When testing, code that causes React state updates should be wrapped into act(...):
      
      act(() => {
        /* fire events that update state */
      });
      /* assert on the output */
      
      This ensures that you're testing the behavior the user would see in the browser. Learn more at 
https://reactjs.org/link/wrap-tests-with-act
          at TransitionChildFn 
(E:\repos\blulok-cloud\frontend\node_modules\@headlessui\react\dist\headlessui.dev.cjs:8106:5)
          at TransitionRootFn 
(E:\repos\blulok-cloud\frontend\node_modules\@headlessui\react\dist\headlessui.dev.cjs:8258:9)
          at FMSChangeReviewModal 
(E:\repos\blulok-cloud\frontend\src\components\FMS\FMSChangeReviewModal.tsx:73:3)
          at FMSSyncProvider (E:\repos\blulok-cloud\frontend\src\contexts\FMSSyncContext.tsx:52:35)
          at WebSocketProvider 
(E:\repos\blulok-cloud\frontend\src\contexts\WebSocketContext.tsx:24:71)
          at ToastProvider (E:\repos\blulok-cloud\frontend\src\contexts\ToastContext.tsx:10:63)
          at ThemeProvider (E:\repos\blulok-cloud\frontend\src\contexts\ThemeContext.tsx:18:63)

    [0m [90m 71 |[39m     [36mconst[39m message [33m=[39m 
args[[35m0[39m][33m?[39m[33m.[39mtoString() [33m||[39m [32m''[39m[33m;[39m
     [90m 72 |[39m     [36mif[39m (message[33m.[39mincludes([32m'Warning:'[39m) [33m||[39m 
(message[33m.[39mincludes([32m'Error:'[39m) [33m&&[39m 
[33m![39mmessage[33m.[39mincludes([32m'Failed to'[39m))) {
    [31m[1m>[22m[39m[90m 73 |[39m       originalError([33m...[39margs)[33m;[39m
     [90m    |[39m       [31m[1m^[22m[39m
     [90m 74 |[39m     }
     [90m 75 |[39m   })[33m;[39m
     [90m 76 |[39m   [0m

      at console.<anonymous> (src/test/setup.ts:73:7)
      at printWarning (node_modules/react-dom/cjs/react-dom.development.js:86:30)
      at error (node_modules/react-dom/cjs/react-dom.development.js:60:7)
      at warnIfUpdatesNotWrappedWithActDEV 
(node_modules/react-dom/cjs/react-dom.development.js:27628:9)
      at scheduleUpdateOnFiber (node_modules/react-dom/cjs/react-dom.development.js:25547:5)
      at dispatchSetState (node_modules/react-dom/cjs/react-dom.development.js:16708:7)
      at Object.addFlag (node_modules/@headlessui/react/dist/headlessui.dev.cjs:6852:7)
      at enter (node_modules/@headlessui/react/dist/headlessui.dev.cjs:8178:30)
      at match (node_modules/@headlessui/react/dist/headlessui.dev.cjs:1013:48)
      at Object.current (node_modules/@headlessui/react/dist/headlessui.dev.cjs:8176:12)
      at node_modules/@headlessui/react/dist/headlessui.dev.cjs:829:65
      at node_modules/@headlessui/react/dist/headlessui.dev.cjs:8055:106

    console.error
      Warning: An update to TransitionRootFn inside a test was not wrapped in act(...).
      
      When testing, code that causes React state updates should be wrapped into act(...):
      
      act(() => {
        /* fire events that update state */
      });
      /* assert on the output */
      
      This ensures that you're testing the behavior the user would see in the browser. Learn more at 
https://reactjs.org/link/wrap-tests-with-act
          at TransitionRootFn 
(E:\repos\blulok-cloud\frontend\node_modules\@headlessui\react\dist\headlessui.dev.cjs:8258:9)
          at FMSChangeReviewModal 
(E:\repos\blulok-cloud\frontend\src\components\FMS\FMSChangeReviewModal.tsx:73:3)
          at FMSSyncProvider (E:\repos\blulok-cloud\frontend\src\contexts\FMSSyncContext.tsx:52:35)
          at WebSocketProvider 
(E:\repos\blulok-cloud\frontend\src\contexts\WebSocketContext.tsx:24:71)
          at ToastProvider (E:\repos\blulok-cloud\frontend\src\contexts\ToastContext.tsx:10:63)
          at ThemeProvider (E:\repos\blulok-cloud\frontend\src\contexts\ThemeContext.tsx:18:63)

    [0m [90m 71 |[39m     [36mconst[39m message [33m=[39m 
args[[35m0[39m][33m?[39m[33m.[39mtoString() [33m||[39m [32m''[39m[33m;[39m
     [90m 72 |[39m     [36mif[39m (message[33m.[39mincludes([32m'Warning:'[39m) [33m||[39m 
(message[33m.[39mincludes([32m'Error:'[39m) [33m&&[39m 
[33m![39mmessage[33m.[39mincludes([32m'Failed to'[39m))) {
    [31m[1m>[22m[39m[90m 73 |[39m       originalError([33m...[39margs)[33m;[39m
     [90m    |[39m       [31m[1m^[22m[39m
     [90m 74 |[39m     }
     [90m 75 |[39m   })[33m;[39m
     [90m 76 |[39m   [0m

      at console.<anonymous> (src/test/setup.ts:73:7)
      at printWarning (node_modules/react-dom/cjs/react-dom.development.js:86:30)
      at error (node_modules/react-dom/cjs/react-dom.development.js:60:7)
      at warnIfUpdatesNotWrappedWithActDEV 
(node_modules/react-dom/cjs/react-dom.development.js:27628:9)
      at scheduleUpdateOnFiber (node_modules/react-dom/cjs/react-dom.development.js:25547:5)
      at dispatchSetState (node_modules/react-dom/cjs/react-dom.development.js:16708:7)
      at Object.current (node_modules/@headlessui/react/dist/headlessui.dev.cjs:8307:7)
      at Object.beforeEnter (node_modules/@headlessui/react/dist/headlessui.dev.cjs:829:65)
      at enter (node_modules/@headlessui/react/dist/headlessui.dev.cjs:8179:24)
      at match (node_modules/@headlessui/react/dist/headlessui.dev.cjs:1013:48)
      at Object.current (node_modules/@headlessui/react/dist/headlessui.dev.cjs:8176:12)
      at node_modules/@headlessui/react/dist/headlessui.dev.cjs:829:65
      at node_modules/@headlessui/react/dist/headlessui.dev.cjs:8055:106

    console.error
      Warning: An update to TransitionChildFn inside a test was not wrapped in act(...).
      
      When testing, code that causes React state updates should be wrapped into act(...):
      
      act(() => {
        /* fire events that update state */
      });
      /* assert on the output */
      
      This ensures that you're testing the behavior the user would see in the browser. Learn more at 
https://reactjs.org/link/wrap-tests-with-act
          at TransitionChildFn 
(E:\repos\blulok-cloud\frontend\node_modules\@headlessui\react\dist\headlessui.dev.cjs:8106:5)
          at ChildFn 
(E:\repos\blulok-cloud\frontend\node_modules\@headlessui\react\dist\headlessui.dev.cjs:8339:60)
          at div
          at PortalWrapper 
(E:\repos\blulok-cloud\frontend\node_modules\@headlessui\react\dist\headlessui.dev.cjs:3598:39)
          at div
          at FocusTrapFn 
(E:\repos\blulok-cloud\frontend\node_modules\@headlessui\react\dist\headlessui.dev.cjs:3233:45)
          at DescriptionProvider 
(E:\repos\blulok-cloud\frontend\node_modules\@headlessui\react\dist\headlessui.dev.cjs:4091:24)
          at ForcePortalRoot 
(E:\repos\blulok-cloud\frontend\node_modules\@headlessui\react\dist\headlessui.dev.cjs:3464:111)
          at GroupFn 
(E:\repos\blulok-cloud\frontend\node_modules\@headlessui\react\dist\headlessui.dev.cjs:3564:9)
          at PortalFn 
(E:\repos\blulok-cloud\frontend\node_modules\@headlessui\react\dist\headlessui.dev.cjs:3505:57)
          at ForcePortalRoot 
(E:\repos\blulok-cloud\frontend\node_modules\@headlessui\react\dist\headlessui.dev.cjs:3464:111)
          at StackProvider 
(E:\repos\blulok-cloud\frontend\node_modules\@headlessui\react\dist\headlessui.dev.cjs:4047:3)
          at DialogFn 
(E:\repos\blulok-cloud\frontend\node_modules\@headlessui\react\dist\headlessui.dev.cjs:4165:20)
          at OpenClosedProvider 
(E:\repos\blulok-cloud\frontend\node_modules\@headlessui\react\dist\headlessui.dev.cjs:1780:31)
          at TransitionChildFn 
(E:\repos\blulok-cloud\frontend\node_modules\@headlessui\react\dist\headlessui.dev.cjs:8106:5)
          at TransitionRootFn 
(E:\repos\blulok-cloud\frontend\node_modules\@headlessui\react\dist\headlessui.dev.cjs:8258:9)
          at FMSChangeReviewModal 
(E:\repos\blulok-cloud\frontend\src\components\FMS\FMSChangeReviewModal.tsx:73:3)
          at FMSSyncProvider (E:\repos\blulok-cloud\frontend\src\contexts\FMSSyncContext.tsx:52:35)
          at WebSocketProvider 
(E:\repos\blulok-cloud\frontend\src\contexts\WebSocketContext.tsx:24:71)
          at ToastProvider (E:\repos\blulok-cloud\frontend\src\contexts\ToastContext.tsx:10:63)
          at ThemeProvider (E:\repos\blulok-cloud\frontend\src\contexts\ThemeContext.tsx:18:63)

    [0m [90m 71 |[39m     [36mconst[39m message [33m=[39m 
args[[35m0[39m][33m?[39m[33m.[39mtoString() [33m||[39m [32m''[39m[33m;[39m
     [90m 72 |[39m     [36mif[39m (message[33m.[39mincludes([32m'Warning:'[39m) [33m||[39m 
(message[33m.[39mincludes([32m'Error:'[39m) [33m&&[39m 
[33m![39mmessage[33m.[39mincludes([32m'Failed to'[39m))) {
    [31m[1m>[22m[39m[90m 73 |[39m       originalError([33m...[39margs)[33m;[39m
     [90m    |[39m       [31m[1m^[22m[39m
     [90m 74 |[39m     }
     [90m 75 |[39m   })[33m;[39m
     [90m 76 |[39m   [0m

      at console.<anonymous> (src/test/setup.ts:73:7)
      at printWarning (node_modules/react-dom/cjs/react-dom.development.js:86:30)
      at error (node_modules/react-dom/cjs/react-dom.development.js:60:7)
      at warnIfUpdatesNotWrappedWithActDEV 
(node_modules/react-dom/cjs/react-dom.development.js:27628:9)
      at scheduleUpdateOnFiber (node_modules/react-dom/cjs/react-dom.development.js:25547:5)
      at dispatchSetState (node_modules/react-dom/cjs/react-dom.development.js:16708:7)
      at Object.addFlag (node_modules/@headlessui/react/dist/headlessui.dev.cjs:6852:7)
      at enter (node_modules/@headlessui/react/dist/headlessui.dev.cjs:8178:30)
      at match (node_modules/@headlessui/react/dist/headlessui.dev.cjs:1013:48)
      at Object.current (node_modules/@headlessui/react/dist/headlessui.dev.cjs:8176:12)
      at node_modules/@headlessui/react/dist/headlessui.dev.cjs:829:65
      at node_modules/@headlessui/react/dist/headlessui.dev.cjs:8055:106

    console.error
      Warning: An update to TransitionChildFn inside a test was not wrapped in act(...).
      
      When testing, code that causes React state updates should be wrapped into act(...):
      
      act(() => {
        /* fire events that update state */
      });
      /* assert on the output */
      
      This ensures that you're testing the behavior the user would see in the browser. Learn more at 
https://reactjs.org/link/wrap-tests-with-act
          at TransitionChildFn 
(E:\repos\blulok-cloud\frontend\node_modules\@headlessui\react\dist\headlessui.dev.cjs:8106:5)
          at ChildFn 
(E:\repos\blulok-cloud\frontend\node_modules\@headlessui\react\dist\headlessui.dev.cjs:8339:60)
          at div
          at div
          at div
          at PortalWrapper 
(E:\repos\blulok-cloud\frontend\node_modules\@headlessui\react\dist\headlessui.dev.cjs:3598:39)
          at div
          at FocusTrapFn 
(E:\repos\blulok-cloud\frontend\node_modules\@headlessui\react\dist\headlessui.dev.cjs:3233:45)
          at DescriptionProvider 
(E:\repos\blulok-cloud\frontend\node_modules\@headlessui\react\dist\headlessui.dev.cjs:4091:24)
          at ForcePortalRoot 
(E:\repos\blulok-cloud\frontend\node_modules\@headlessui\react\dist\headlessui.dev.cjs:3464:111)
          at GroupFn 
(E:\repos\blulok-cloud\frontend\node_modules\@headlessui\react\dist\headlessui.dev.cjs:3564:9)
          at PortalFn 
(E:\repos\blulok-cloud\frontend\node_modules\@headlessui\react\dist\headlessui.dev.cjs:3505:57)
          at ForcePortalRoot 
(E:\repos\blulok-cloud\frontend\node_modules\@headlessui\react\dist\headlessui.dev.cjs:3464:111)
          at StackProvider 
(E:\repos\blulok-cloud\frontend\node_modules\@headlessui\react\dist\headlessui.dev.cjs:4047:3)
          at DialogFn 
(E:\repos\blulok-cloud\frontend\node_modules\@headlessui\react\dist\headlessui.dev.cjs:4165:20)
          at OpenClosedProvider 
(E:\repos\blulok-cloud\frontend\node_modules\@headlessui\react\dist\headlessui.dev.cjs:1780:31)
          at TransitionChildFn 
(E:\repos\blulok-cloud\frontend\node_modules\@headlessui\react\dist\headlessui.dev.cjs:8106:5)
          at TransitionRootFn 
(E:\repos\blulok-cloud\frontend\node_modules\@headlessui\react\dist\headlessui.dev.cjs:8258:9)
          at FMSChangeReviewModal 
(E:\repos\blulok-cloud\frontend\src\components\FMS\FMSChangeReviewModal.tsx:73:3)
          at FMSSyncProvider (E:\repos\blulok-cloud\frontend\src\contexts\FMSSyncContext.tsx:52:35)
          at WebSocketProvider 
(E:\repos\blulok-cloud\frontend\src\contexts\WebSocketContext.tsx:24:71)
          at ToastProvider (E:\repos\blulok-cloud\frontend\src\contexts\ToastContext.tsx:10:63)
          at ThemeProvider (E:\repos\blulok-cloud\frontend\src\contexts\ThemeContext.tsx:18:63)

    [0m [90m 71 |[39m     [36mconst[39m message [33m=[39m 
args[[35m0[39m][33m?[39m[33m.[39mtoString() [33m||[39m [32m''[39m[33m;[39m
     [90m 72 |[39m     [36mif[39m (message[33m.[39mincludes([32m'Warning:'[39m) [33m||[39m 
(message[33m.[39mincludes([32m'Error:'[39m) [33m&&[39m 
[33m![39mmessage[33m.[39mincludes([32m'Failed to'[39m))) {
    [31m[1m>[22m[39m[90m 73 |[39m       originalError([33m...[39margs)[33m;[39m
     [90m    |[39m       [31m[1m^[22m[39m
     [90m 74 |[39m     }
     [90m 75 |[39m   })[33m;[39m
     [90m 76 |[39m   [0m

      at console.<anonymous> (src/test/setup.ts:73:7)
      at printWarning (node_modules/react-dom/cjs/react-dom.development.js:86:30)
      at error (node_modules/react-dom/cjs/react-dom.development.js:60:7)
      at warnIfUpdatesNotWrappedWithActDEV 
(node_modules/react-dom/cjs/react-dom.development.js:27628:9)
      at scheduleUpdateOnFiber (node_modules/react-dom/cjs/react-dom.development.js:25547:5)
      at dispatchSetState (node_modules/react-dom/cjs/react-dom.development.js:16708:7)
      at Object.addFlag (node_modules/@headlessui/react/dist/headlessui.dev.cjs:6852:7)
      at enter (node_modules/@headlessui/react/dist/headlessui.dev.cjs:8178:30)
      at match (node_modules/@headlessui/react/dist/headlessui.dev.cjs:1013:48)
      at Object.current (node_modules/@headlessui/react/dist/headlessui.dev.cjs:8176:12)
      at node_modules/@headlessui/react/dist/headlessui.dev.cjs:829:65
      at node_modules/@headlessui/react/dist/headlessui.dev.cjs:8055:106

    console.error
      Warning: An update to TransitionChildFn inside a test was not wrapped in act(...).
      
      When testing, code that causes React state updates should be wrapped into act(...):
      
      act(() => {
        /* fire events that update state */
      });
      /* assert on the output */
      
      This ensures that you're testing the behavior the user would see in the browser. Learn more at 
https://reactjs.org/link/wrap-tests-with-act
          at TransitionChildFn 
(E:\repos\blulok-cloud\frontend\node_modules\@headlessui\react\dist\headlessui.dev.cjs:8106:5)
          at TransitionRootFn 
(E:\repos\blulok-cloud\frontend\node_modules\@headlessui\react\dist\headlessui.dev.cjs:8258:9)
          at FMSChangeReviewModal 
(E:\repos\blulok-cloud\frontend\src\components\FMS\FMSChangeReviewModal.tsx:73:3)
          at FMSSyncProvider (E:\repos\blulok-cloud\frontend\src\contexts\FMSSyncContext.tsx:52:35)
          at WebSocketProvider 
(E:\repos\blulok-cloud\frontend\src\contexts\WebSocketContext.tsx:24:71)
          at ToastProvider (E:\repos\blulok-cloud\frontend\src\contexts\ToastContext.tsx:10:63)
          at ThemeProvider (E:\repos\blulok-cloud\frontend\src\contexts\ThemeContext.tsx:18:63)

    [0m [90m 71 |[39m     [36mconst[39m message [33m=[39m 
args[[35m0[39m][33m?[39m[33m.[39mtoString() [33m||[39m [32m''[39m[33m;[39m
     [90m 72 |[39m     [36mif[39m (message[33m.[39mincludes([32m'Warning:'[39m) [33m||[39m 
(message[33m.[39mincludes([32m'Error:'[39m) [33m&&[39m 
[33m![39mmessage[33m.[39mincludes([32m'Failed to'[39m))) {
    [31m[1m>[22m[39m[90m 73 |[39m       originalError([33m...[39margs)[33m;[39m
     [90m    |[39m       [31m[1m^[22m[39m
     [90m 74 |[39m     }
     [90m 75 |[39m   })[33m;[39m
     [90m 76 |[39m   [0m

      at console.<anonymous> (src/test/setup.ts:73:7)
      at printWarning (node_modules/react-dom/cjs/react-dom.development.js:86:30)
      at error (node_modules/react-dom/cjs/react-dom.development.js:60:7)
      at warnIfUpdatesNotWrappedWithActDEV 
(node_modules/react-dom/cjs/react-dom.development.js:27628:9)
      at scheduleUpdateOnFiber (node_modules/react-dom/cjs/react-dom.development.js:25547:5)
      at dispatchSetState (node_modules/react-dom/cjs/react-dom.development.js:16708:7)
      at Object.addFlag (node_modules/@headlessui/react/dist/headlessui.dev.cjs:6852:7)
      at enter (node_modules/@headlessui/react/dist/headlessui.dev.cjs:8178:30)
      at match (node_modules/@headlessui/react/dist/headlessui.dev.cjs:1013:48)
      at Object.current (node_modules/@headlessui/react/dist/headlessui.dev.cjs:8176:12)
      at node_modules/@headlessui/react/dist/headlessui.dev.cjs:829:65
      at node_modules/@headlessui/react/dist/headlessui.dev.cjs:8055:106

    console.error
      Warning: An update to TransitionRootFn inside a test was not wrapped in act(...).
      
      When testing, code that causes React state updates should be wrapped into act(...):
      
      act(() => {
        /* fire events that update state */
      });
      /* assert on the output */
      
      This ensures that you're testing the behavior the user would see in the browser. Learn more at 
https://reactjs.org/link/wrap-tests-with-act
          at TransitionRootFn 
(E:\repos\blulok-cloud\frontend\node_modules\@headlessui\react\dist\headlessui.dev.cjs:8258:9)
          at FMSChangeReviewModal 
(E:\repos\blulok-cloud\frontend\src\components\FMS\FMSChangeReviewModal.tsx:73:3)
          at FMSSyncProvider (E:\repos\blulok-cloud\frontend\src\contexts\FMSSyncContext.tsx:52:35)
          at WebSocketProvider 
(E:\repos\blulok-cloud\frontend\src\contexts\WebSocketContext.tsx:24:71)
          at ToastProvider (E:\repos\blulok-cloud\frontend\src\contexts\ToastContext.tsx:10:63)
          at ThemeProvider (E:\repos\blulok-cloud\frontend\src\contexts\ThemeContext.tsx:18:63)

    [0m [90m 71 |[39m     [36mconst[39m message [33m=[39m 
args[[35m0[39m][33m?[39m[33m.[39mtoString() [33m||[39m [32m''[39m[33m;[39m
     [90m 72 |[39m     [36mif[39m (message[33m.[39mincludes([32m'Warning:'[39m) [33m||[39m 
(message[33m.[39mincludes([32m'Error:'[39m) [33m&&[39m 
[33m![39mmessage[33m.[39mincludes([32m'Failed to'[39m))) {
    [31m[1m>[22m[39m[90m 73 |[39m       originalError([33m...[39margs)[33m;[39m
     [90m    |[39m       [31m[1m^[22m[39m
     [90m 74 |[39m     }
     [90m 75 |[39m   })[33m;[39m
     [90m 76 |[39m   [0m

      at console.<anonymous> (src/test/setup.ts:73:7)
      at printWarning (node_modules/react-dom/cjs/react-dom.development.js:86:30)
      at error (node_modules/react-dom/cjs/react-dom.development.js:60:7)
      at warnIfUpdatesNotWrappedWithActDEV 
(node_modules/react-dom/cjs/react-dom.development.js:27628:9)
      at scheduleUpdateOnFiber (node_modules/react-dom/cjs/react-dom.development.js:25547:5)
      at dispatchSetState (node_modules/react-dom/cjs/react-dom.development.js:16708:7)
      at Object.current (node_modules/@headlessui/react/dist/headlessui.dev.cjs:8307:7)
      at Object.beforeEnter (node_modules/@headlessui/react/dist/headlessui.dev.cjs:829:65)
      at enter (node_modules/@headlessui/react/dist/headlessui.dev.cjs:8179:24)
      at match (node_modules/@headlessui/react/dist/headlessui.dev.cjs:1013:48)
      at Object.current (node_modules/@headlessui/react/dist/headlessui.dev.cjs:8176:12)
      at node_modules/@headlessui/react/dist/headlessui.dev.cjs:829:65
      at node_modules/@headlessui/react/dist/headlessui.dev.cjs:8055:106

    console.error
      Warning: An update to TransitionChildFn inside a test was not wrapped in act(...).
      
      When testing, code that causes React state updates should be wrapped into act(...):
      
      act(() => {
        /* fire events that update state */
      });
      /* assert on the output */
      
      This ensures that you're testing the behavior the user would see in the browser. Learn more at 
https://reactjs.org/link/wrap-tests-with-act
          at TransitionChildFn 
(E:\repos\blulok-cloud\frontend\node_modules\@headlessui\react\dist\headlessui.dev.cjs:8106:5)
          at ChildFn 
(E:\repos\blulok-cloud\frontend\node_modules\@headlessui\react\dist\headlessui.dev.cjs:8339:60)
          at div
          at PortalWrapper 
(E:\repos\blulok-cloud\frontend\node_modules\@headlessui\react\dist\headlessui.dev.cjs:3598:39)
          at div
          at FocusTrapFn 
(E:\repos\blulok-cloud\frontend\node_modules\@headlessui\react\dist\headlessui.dev.cjs:3233:45)
          at DescriptionProvider 
(E:\repos\blulok-cloud\frontend\node_modules\@headlessui\react\dist\headlessui.dev.cjs:4091:24)
          at ForcePortalRoot 
(E:\repos\blulok-cloud\frontend\node_modules\@headlessui\react\dist\headlessui.dev.cjs:3464:111)
          at GroupFn 
(E:\repos\blulok-cloud\frontend\node_modules\@headlessui\react\dist\headlessui.dev.cjs:3564:9)
          at PortalFn 
(E:\repos\blulok-cloud\frontend\node_modules\@headlessui\react\dist\headlessui.dev.cjs:3505:57)
          at ForcePortalRoot 
(E:\repos\blulok-cloud\frontend\node_modules\@headlessui\react\dist\headlessui.dev.cjs:3464:111)
          at StackProvider 
(E:\repos\blulok-cloud\frontend\node_modules\@headlessui\react\dist\headlessui.dev.cjs:4047:3)
          at DialogFn 
(E:\repos\blulok-cloud\frontend\node_modules\@headlessui\react\dist\headlessui.dev.cjs:4165:20)
          at OpenClosedProvider 
(E:\repos\blulok-cloud\frontend\node_modules\@headlessui\react\dist\headlessui.dev.cjs:1780:31)
          at TransitionChildFn 
(E:\repos\blulok-cloud\frontend\node_modules\@headlessui\react\dist\headlessui.dev.cjs:8106:5)
          at TransitionRootFn 
(E:\repos\blulok-cloud\frontend\node_modules\@headlessui\react\dist\headlessui.dev.cjs:8258:9)
          at FMSChangeReviewModal 
(E:\repos\blulok-cloud\frontend\src\components\FMS\FMSChangeReviewModal.tsx:73:3)
          at FMSSyncProvider (E:\repos\blulok-cloud\frontend\src\contexts\FMSSyncContext.tsx:52:35)
          at WebSocketProvider 
(E:\repos\blulok-cloud\frontend\src\contexts\WebSocketContext.tsx:24:71)
          at ToastProvider (E:\repos\blulok-cloud\frontend\src\contexts\ToastContext.tsx:10:63)
          at ThemeProvider (E:\repos\blulok-cloud\frontend\src\contexts\ThemeContext.tsx:18:63)

    [0m [90m 71 |[39m     [36mconst[39m message [33m=[39m 
args[[35m0[39m][33m?[39m[33m.[39mtoString() [33m||[39m [32m''[39m[33m;[39m
     [90m 72 |[39m     [36mif[39m (message[33m.[39mincludes([32m'Warning:'[39m) [33m||[39m 
(message[33m.[39mincludes([32m'Error:'[39m) [33m&&[39m 
[33m![39mmessage[33m.[39mincludes([32m'Failed to'[39m))) {
    [31m[1m>[22m[39m[90m 73 |[39m       originalError([33m...[39margs)[33m;[39m
     [90m    |[39m       [31m[1m^[22m[39m
     [90m 74 |[39m     }
     [90m 75 |[39m   })[33m;[39m
     [90m 76 |[39m   [0m

      at console.<anonymous> (src/test/setup.ts:73:7)
      at printWarning (node_modules/react-dom/cjs/react-dom.development.js:86:30)
      at error (node_modules/react-dom/cjs/react-dom.development.js:60:7)
      at warnIfUpdatesNotWrappedWithActDEV 
(node_modules/react-dom/cjs/react-dom.development.js:27628:9)
      at scheduleUpdateOnFiber (node_modules/react-dom/cjs/react-dom.development.js:25547:5)
      at dispatchSetState (node_modules/react-dom/cjs/react-dom.development.js:16708:7)
      at Object.addFlag (node_modules/@headlessui/react/dist/headlessui.dev.cjs:6852:7)
      at enter (node_modules/@headlessui/react/dist/headlessui.dev.cjs:8178:30)
      at match (node_modules/@headlessui/react/dist/headlessui.dev.cjs:1013:48)
      at Object.current (node_modules/@headlessui/react/dist/headlessui.dev.cjs:8176:12)
      at node_modules/@headlessui/react/dist/headlessui.dev.cjs:829:65
      at node_modules/@headlessui/react/dist/headlessui.dev.cjs:8055:106

    console.error
      Warning: An update to TransitionChildFn inside a test was not wrapped in act(...).
      
      When testing, code that causes React state updates should be wrapped into act(...):
      
      act(() => {
        /* fire events that update state */
      });
      /* assert on the output */
      
      This ensures that you're testing the behavior the user would see in the browser. Learn more at 
https://reactjs.org/link/wrap-tests-with-act
          at TransitionChildFn 
(E:\repos\blulok-cloud\frontend\node_modules\@headlessui\react\dist\headlessui.dev.cjs:8106:5)
          at ChildFn 
(E:\repos\blulok-cloud\frontend\node_modules\@headlessui\react\dist\headlessui.dev.cjs:8339:60)
          at div
          at div
          at div
          at PortalWrapper 
(E:\repos\blulok-cloud\frontend\node_modules\@headlessui\react\dist\headlessui.dev.cjs:3598:39)
          at div
          at FocusTrapFn 
(E:\repos\blulok-cloud\frontend\node_modules\@headlessui\react\dist\headlessui.dev.cjs:3233:45)
          at DescriptionProvider 
(E:\repos\blulok-cloud\frontend\node_modules\@headlessui\react\dist\headlessui.dev.cjs:4091:24)
          at ForcePortalRoot 
(E:\repos\blulok-cloud\frontend\node_modules\@headlessui\react\dist\headlessui.dev.cjs:3464:111)
          at GroupFn 
(E:\repos\blulok-cloud\frontend\node_modules\@headlessui\react\dist\headlessui.dev.cjs:3564:9)
          at PortalFn 
(E:\repos\blulok-cloud\frontend\node_modules\@headlessui\react\dist\headlessui.dev.cjs:3505:57)
          at ForcePortalRoot 
(E:\repos\blulok-cloud\frontend\node_modules\@headlessui\react\dist\headlessui.dev.cjs:3464:111)
          at StackProvider 
(E:\repos\blulok-cloud\frontend\node_modules\@headlessui\react\dist\headlessui.dev.cjs:4047:3)
          at DialogFn 
(E:\repos\blulok-cloud\frontend\node_modules\@headlessui\react\dist\headlessui.dev.cjs:4165:20)
          at OpenClosedProvider 
(E:\repos\blulok-cloud\frontend\node_modules\@headlessui\react\dist\headlessui.dev.cjs:1780:31)
          at TransitionChildFn 
(E:\repos\blulok-cloud\frontend\node_modules\@headlessui\react\dist\headlessui.dev.cjs:8106:5)
          at TransitionRootFn 
(E:\repos\blulok-cloud\frontend\node_modules\@headlessui\react\dist\headlessui.dev.cjs:8258:9)
          at FMSChangeReviewModal 
(E:\repos\blulok-cloud\frontend\src\components\FMS\FMSChangeReviewModal.tsx:73:3)
          at FMSSyncProvider (E:\repos\blulok-cloud\frontend\src\contexts\FMSSyncContext.tsx:52:35)
          at WebSocketProvider 
(E:\repos\blulok-cloud\frontend\src\contexts\WebSocketContext.tsx:24:71)
          at ToastProvider (E:\repos\blulok-cloud\frontend\src\contexts\ToastContext.tsx:10:63)
          at ThemeProvider (E:\repos\blulok-cloud\frontend\src\contexts\ThemeContext.tsx:18:63)

    [0m [90m 71 |[39m     [36mconst[39m message [33m=[39m 
args[[35m0[39m][33m?[39m[33m.[39mtoString() [33m||[39m [32m''[39m[33m;[39m
     [90m 72 |[39m     [36mif[39m (message[33m.[39mincludes([32m'Warning:'[39m) [33m||[39m 
(message[33m.[39mincludes([32m'Error:'[39m) [33m&&[39m 
[33m![39mmessage[33m.[39mincludes([32m'Failed to'[39m))) {
    [31m[1m>[22m[39m[90m 73 |[39m       originalError([33m...[39margs)[33m;[39m
     [90m    |[39m       [31m[1m^[22m[39m
     [90m 74 |[39m     }
     [90m 75 |[39m   })[33m;[39m
     [90m 76 |[39m   [0m

      at console.<anonymous> (src/test/setup.ts:73:7)
      at printWarning (node_modules/react-dom/cjs/react-dom.development.js:86:30)
      at error (node_modules/react-dom/cjs/react-dom.development.js:60:7)
      at warnIfUpdatesNotWrappedWithActDEV 
(node_modules/react-dom/cjs/react-dom.development.js:27628:9)
      at scheduleUpdateOnFiber (node_modules/react-dom/cjs/react-dom.development.js:25547:5)
      at dispatchSetState (node_modules/react-dom/cjs/react-dom.development.js:16708:7)
      at Object.addFlag (node_modules/@headlessui/react/dist/headlessui.dev.cjs:6852:7)
      at enter (node_modules/@headlessui/react/dist/headlessui.dev.cjs:8178:30)
      at match (node_modules/@headlessui/react/dist/headlessui.dev.cjs:1013:48)
      at Object.current (node_modules/@headlessui/react/dist/headlessui.dev.cjs:8176:12)
      at node_modules/@headlessui/react/dist/headlessui.dev.cjs:829:65
      at node_modules/@headlessui/react/dist/headlessui.dev.cjs:8055:106

    console.error
      Warning: An update to TransitionChildFn inside a test was not wrapped in act(...).
      
      When testing, code that causes React state updates should be wrapped into act(...):
      
      act(() => {
        /* fire events that update state */
      });
      /* assert on the output */
      
      This ensures that you're testing the behavior the user would see in the browser. Learn more at 
https://reactjs.org/link/wrap-tests-with-act
          at TransitionChildFn 
(E:\repos\blulok-cloud\frontend\node_modules\@headlessui\react\dist\headlessui.dev.cjs:8106:5)
          at TransitionRootFn 
(E:\repos\blulok-cloud\frontend\node_modules\@headlessui\react\dist\headlessui.dev.cjs:8258:9)
          at FMSChangeReviewModal 
(E:\repos\blulok-cloud\frontend\src\components\FMS\FMSChangeReviewModal.tsx:73:3)
          at FMSSyncProvider (E:\repos\blulok-cloud\frontend\src\contexts\FMSSyncContext.tsx:52:35)
          at WebSocketProvider 
(E:\repos\blulok-cloud\frontend\src\contexts\WebSocketContext.tsx:24:71)
          at ToastProvider (E:\repos\blulok-cloud\frontend\src\contexts\ToastContext.tsx:10:63)
          at ThemeProvider (E:\repos\blulok-cloud\frontend\src\contexts\ThemeContext.tsx:18:63)

    [0m [90m 71 |[39m     [36mconst[39m message [33m=[39m 
args[[35m0[39m][33m?[39m[33m.[39mtoString() [33m||[39m [32m''[39m[33m;[39m
     [90m 72 |[39m     [36mif[39m (message[33m.[39mincludes([32m'Warning:'[39m) [33m||[39m 
(message[33m.[39mincludes([32m'Error:'[39m) [33m&&[39m 
[33m![39mmessage[33m.[39mincludes([32m'Failed to'[39m))) {
    [31m[1m>[22m[39m[90m 73 |[39m       originalError([33m...[39margs)[33m;[39m
     [90m    |[39m       [31m[1m^[22m[39m
     [90m 74 |[39m     }
     [90m 75 |[39m   })[33m;[39m
     [90m 76 |[39m   [0m

      at console.<anonymous> (src/test/setup.ts:73:7)
      at printWarning (node_modules/react-dom/cjs/react-dom.development.js:86:30)
      at error (node_modules/react-dom/cjs/react-dom.development.js:60:7)
      at warnIfUpdatesNotWrappedWithActDEV 
(node_modules/react-dom/cjs/react-dom.development.js:27628:9)
      at scheduleUpdateOnFiber (node_modules/react-dom/cjs/react-dom.development.js:25547:5)
      at dispatchSetState (node_modules/react-dom/cjs/react-dom.development.js:16708:7)
      at Object.addFlag (node_modules/@headlessui/react/dist/headlessui.dev.cjs:6852:7)
      at enter (node_modules/@headlessui/react/dist/headlessui.dev.cjs:8178:30)
      at match (node_modules/@headlessui/react/dist/headlessui.dev.cjs:1013:48)
      at Object.current (node_modules/@headlessui/react/dist/headlessui.dev.cjs:8176:12)
      at node_modules/@headlessui/react/dist/headlessui.dev.cjs:829:65
      at node_modules/@headlessui/react/dist/headlessui.dev.cjs:8055:106

    console.error
      Warning: An update to TransitionRootFn inside a test was not wrapped in act(...).
      
      When testing, code that causes React state updates should be wrapped into act(...):
      
      act(() => {
        /* fire events that update state */
      });
      /* assert on the output */
      
      This ensures that you're testing the behavior the user would see in the browser. Learn more at 
https://reactjs.org/link/wrap-tests-with-act
          at TransitionRootFn 
(E:\repos\blulok-cloud\frontend\node_modules\@headlessui\react\dist\headlessui.dev.cjs:8258:9)
          at FMSChangeReviewModal 
(E:\repos\blulok-cloud\frontend\src\components\FMS\FMSChangeReviewModal.tsx:73:3)
          at FMSSyncProvider (E:\repos\blulok-cloud\frontend\src\contexts\FMSSyncContext.tsx:52:35)
          at WebSocketProvider 
(E:\repos\blulok-cloud\frontend\src\contexts\WebSocketContext.tsx:24:71)
          at ToastProvider (E:\repos\blulok-cloud\frontend\src\contexts\ToastContext.tsx:10:63)
          at ThemeProvider (E:\repos\blulok-cloud\frontend\src\contexts\ThemeContext.tsx:18:63)

    [0m [90m 71 |[39m     [36mconst[39m message [33m=[39m 
args[[35m0[39m][33m?[39m[33m.[39mtoString() [33m||[39m [32m''[39m[33m;[39m
     [90m 72 |[39m     [36mif[39m (message[33m.[39mincludes([32m'Warning:'[39m) [33m||[39m 
(message[33m.[39mincludes([32m'Error:'[39m) [33m&&[39m 
[33m![39mmessage[33m.[39mincludes([32m'Failed to'[39m))) {
    [31m[1m>[22m[39m[90m 73 |[39m       originalError([33m...[39margs)[33m;[39m
     [90m    |[39m       [31m[1m^[22m[39m
     [90m 74 |[39m     }
     [90m 75 |[39m   })[33m;[39m
     [90m 76 |[39m   [0m

      at console.<anonymous> (src/test/setup.ts:73:7)
      at printWarning (node_modules/react-dom/cjs/react-dom.development.js:86:30)
      at error (node_modules/react-dom/cjs/react-dom.development.js:60:7)
      at warnIfUpdatesNotWrappedWithActDEV 
(node_modules/react-dom/cjs/react-dom.development.js:27628:9)
      at scheduleUpdateOnFiber (node_modules/react-dom/cjs/react-dom.development.js:25547:5)
      at dispatchSetState (node_modules/react-dom/cjs/react-dom.development.js:16708:7)
      at Object.current (node_modules/@headlessui/react/dist/headlessui.dev.cjs:8307:7)
      at Object.beforeEnter (node_modules/@headlessui/react/dist/headlessui.dev.cjs:829:65)
      at enter (node_modules/@headlessui/react/dist/headlessui.dev.cjs:8179:24)
      at match (node_modules/@headlessui/react/dist/headlessui.dev.cjs:1013:48)
      at Object.current (node_modules/@headlessui/react/dist/headlessui.dev.cjs:8176:12)
      at node_modules/@headlessui/react/dist/headlessui.dev.cjs:829:65
      at node_modules/@headlessui/react/dist/headlessui.dev.cjs:8055:106

    console.error
      Warning: An update to TransitionChildFn inside a test was not wrapped in act(...).
      
      When testing, code that causes React state updates should be wrapped into act(...):
      
      act(() => {
        /* fire events that update state */
      });
      /* assert on the output */
      
      This ensures that you're testing the behavior the user would see in the browser. Learn more at 
https://reactjs.org/link/wrap-tests-with-act
          at TransitionChildFn 
(E:\repos\blulok-cloud\frontend\node_modules\@headlessui\react\dist\headlessui.dev.cjs:8106:5)
          at ChildFn 
(E:\repos\blulok-cloud\frontend\node_modules\@headlessui\react\dist\headlessui.dev.cjs:8339:60)
          at div
          at PortalWrapper 
(E:\repos\blulok-cloud\frontend\node_modules\@headlessui\react\dist\headlessui.dev.cjs:3598:39)
          at div
          at FocusTrapFn 
(E:\repos\blulok-cloud\frontend\node_modules\@headlessui\react\dist\headlessui.dev.cjs:3233:45)
          at DescriptionProvider 
(E:\repos\blulok-cloud\frontend\node_modules\@headlessui\react\dist\headlessui.dev.cjs:4091:24)
          at ForcePortalRoot 
(E:\repos\blulok-cloud\frontend\node_modules\@headlessui\react\dist\headlessui.dev.cjs:3464:111)
          at GroupFn 
(E:\repos\blulok-cloud\frontend\node_modules\@headlessui\react\dist\headlessui.dev.cjs:3564:9)
          at PortalFn 
(E:\repos\blulok-cloud\frontend\node_modules\@headlessui\react\dist\headlessui.dev.cjs:3505:57)
          at ForcePortalRoot 
(E:\repos\blulok-cloud\frontend\node_modules\@headlessui\react\dist\headlessui.dev.cjs:3464:111)
          at StackProvider 
(E:\repos\blulok-cloud\frontend\node_modules\@headlessui\react\dist\headlessui.dev.cjs:4047:3)
          at DialogFn 
(E:\repos\blulok-cloud\frontend\node_modules\@headlessui\react\dist\headlessui.dev.cjs:4165:20)
          at OpenClosedProvider 
(E:\repos\blulok-cloud\frontend\node_modules\@headlessui\react\dist\headlessui.dev.cjs:1780:31)
          at TransitionChildFn 
(E:\repos\blulok-cloud\frontend\node_modules\@headlessui\react\dist\headlessui.dev.cjs:8106:5)
          at TransitionRootFn 
(E:\repos\blulok-cloud\frontend\node_modules\@headlessui\react\dist\headlessui.dev.cjs:8258:9)
          at FMSChangeReviewModal 
(E:\repos\blulok-cloud\frontend\src\components\FMS\FMSChangeReviewModal.tsx:73:3)
          at FMSSyncProvider (E:\repos\blulok-cloud\frontend\src\contexts\FMSSyncContext.tsx:52:35)
          at WebSocketProvider 
(E:\repos\blulok-cloud\frontend\src\contexts\WebSocketContext.tsx:24:71)
          at ToastProvider (E:\repos\blulok-cloud\frontend\src\contexts\ToastContext.tsx:10:63)
          at ThemeProvider (E:\repos\blulok-cloud\frontend\src\contexts\ThemeContext.tsx:18:63)

    [0m [90m 71 |[39m     [36mconst[39m message [33m=[39m 
args[[35m0[39m][33m?[39m[33m.[39mtoString() [33m||[39m [32m''[39m[33m;[39m
     [90m 72 |[39m     [36mif[39m (message[33m.[39mincludes([32m'Warning:'[39m) [33m||[39m 
(message[33m.[39mincludes([32m'Error:'[39m) [33m&&[39m 
[33m![39mmessage[33m.[39mincludes([32m'Failed to'[39m))) {
    [31m[1m>[22m[39m[90m 73 |[39m       originalError([33m...[39margs)[33m;[39m
     [90m    |[39m       [31m[1m^[22m[39m
     [90m 74 |[39m     }
     [90m 75 |[39m   })[33m;[39m
     [90m 76 |[39m   [0m

      at console.<anonymous> (src/test/setup.ts:73:7)
      at printWarning (node_modules/react-dom/cjs/react-dom.development.js:86:30)
      at error (node_modules/react-dom/cjs/react-dom.development.js:60:7)
      at warnIfUpdatesNotWrappedWithActDEV 
(node_modules/react-dom/cjs/react-dom.development.js:27628:9)
      at scheduleUpdateOnFiber (node_modules/react-dom/cjs/react-dom.development.js:25547:5)
      at dispatchSetState (node_modules/react-dom/cjs/react-dom.development.js:16708:7)
      at Object.addFlag (node_modules/@headlessui/react/dist/headlessui.dev.cjs:6852:7)
      at enter (node_modules/@headlessui/react/dist/headlessui.dev.cjs:8178:30)
      at match (node_modules/@headlessui/react/dist/headlessui.dev.cjs:1013:48)
      at Object.current (node_modules/@headlessui/react/dist/headlessui.dev.cjs:8176:12)
      at node_modules/@headlessui/react/dist/headlessui.dev.cjs:829:65
      at node_modules/@headlessui/react/dist/headlessui.dev.cjs:8055:106

    console.error
      Warning: An update to TransitionChildFn inside a test was not wrapped in act(...).
      
      When testing, code that causes React state updates should be wrapped into act(...):
      
      act(() => {
        /* fire events that update state */
      });
      /* assert on the output */
      
      This ensures that you're testing the behavior the user would see in the browser. Learn more at 
https://reactjs.org/link/wrap-tests-with-act
          at TransitionChildFn 
(E:\repos\blulok-cloud\frontend\node_modules\@headlessui\react\dist\headlessui.dev.cjs:8106:5)
          at ChildFn 
(E:\repos\blulok-cloud\frontend\node_modules\@headlessui\react\dist\headlessui.dev.cjs:8339:60)
          at div
          at div
          at div
          at PortalWrapper 
(E:\repos\blulok-cloud\frontend\node_modules\@headlessui\react\dist\headlessui.dev.cjs:3598:39)
          at div
          at FocusTrapFn 
(E:\repos\blulok-cloud\frontend\node_modules\@headlessui\react\dist\headlessui.dev.cjs:3233:45)
          at DescriptionProvider 
(E:\repos\blulok-cloud\frontend\node_modules\@headlessui\react\dist\headlessui.dev.cjs:4091:24)
          at ForcePortalRoot 
(E:\repos\blulok-cloud\frontend\node_modules\@headlessui\react\dist\headlessui.dev.cjs:3464:111)
          at GroupFn 
(E:\repos\blulok-cloud\frontend\node_modules\@headlessui\react\dist\headlessui.dev.cjs:3564:9)
          at PortalFn 
(E:\repos\blulok-cloud\frontend\node_modules\@headlessui\react\dist\headlessui.dev.cjs:3505:57)
          at ForcePortalRoot 
(E:\repos\blulok-cloud\frontend\node_modules\@headlessui\react\dist\headlessui.dev.cjs:3464:111)
          at StackProvider 
(E:\repos\blulok-cloud\frontend\node_modules\@headlessui\react\dist\headlessui.dev.cjs:4047:3)
          at DialogFn 
(E:\repos\blulok-cloud\frontend\node_modules\@headlessui\react\dist\headlessui.dev.cjs:4165:20)
          at OpenClosedProvider 
(E:\repos\blulok-cloud\frontend\node_modules\@headlessui\react\dist\headlessui.dev.cjs:1780:31)
          at TransitionChildFn 
(E:\repos\blulok-cloud\frontend\node_modules\@headlessui\react\dist\headlessui.dev.cjs:8106:5)
          at TransitionRootFn 
(E:\repos\blulok-cloud\frontend\node_modules\@headlessui\react\dist\headlessui.dev.cjs:8258:9)
          at FMSChangeReviewModal 
(E:\repos\blulok-cloud\frontend\src\components\FMS\FMSChangeReviewModal.tsx:73:3)
          at FMSSyncProvider (E:\repos\blulok-cloud\frontend\src\contexts\FMSSyncContext.tsx:52:35)
          at WebSocketProvider 
(E:\repos\blulok-cloud\frontend\src\contexts\WebSocketContext.tsx:24:71)
          at ToastProvider (E:\repos\blulok-cloud\frontend\src\contexts\ToastContext.tsx:10:63)
          at ThemeProvider (E:\repos\blulok-cloud\frontend\src\contexts\ThemeContext.tsx:18:63)

    [0m [90m 71 |[39m     [36mconst[39m message [33m=[39m 
args[[35m0[39m][33m?[39m[33m.[39mtoString() [33m||[39m [32m''[39m[33m;[39m
     [90m 72 |[39m     [36mif[39m (message[33m.[39mincludes([32m'Warning:'[39m) [33m||[39m 
(message[33m.[39mincludes([32m'Error:'[39m) [33m&&[39m 
[33m![39mmessage[33m.[39mincludes([32m'Failed to'[39m))) {
    [31m[1m>[22m[39m[90m 73 |[39m       originalError([33m...[39margs)[33m;[39m
     [90m    |[39m       [31m[1m^[22m[39m
     [90m 74 |[39m     }
     [90m 75 |[39m   })[33m;[39m
     [90m 76 |[39m   [0m

      at console.<anonymous> (src/test/setup.ts:73:7)
      at printWarning (node_modules/react-dom/cjs/react-dom.development.js:86:30)
      at error (node_modules/react-dom/cjs/react-dom.development.js:60:7)
      at warnIfUpdatesNotWrappedWithActDEV 
(node_modules/react-dom/cjs/react-dom.development.js:27628:9)
      at scheduleUpdateOnFiber (node_modules/react-dom/cjs/react-dom.development.js:25547:5)
      at dispatchSetState (node_modules/react-dom/cjs/react-dom.development.js:16708:7)
      at Object.addFlag (node_modules/@headlessui/react/dist/headlessui.dev.cjs:6852:7)
      at enter (node_modules/@headlessui/react/dist/headlessui.dev.cjs:8178:30)
      at match (node_modules/@headlessui/react/dist/headlessui.dev.cjs:1013:48)
      at Object.current (node_modules/@headlessui/react/dist/headlessui.dev.cjs:8176:12)
      at node_modules/@headlessui/react/dist/headlessui.dev.cjs:829:65
      at node_modules/@headlessui/react/dist/headlessui.dev.cjs:8055:106

    console.error
      Warning: An update to TransitionChildFn inside a test was not wrapped in act(...).
      
      When testing, code that causes React state updates should be wrapped into act(...):
      
      act(() => {
        /* fire events that update state */
      });
      /* assert on the output */
      
      This ensures that you're testing the behavior the user would see in the browser. Learn more at 
https://reactjs.org/link/wrap-tests-with-act
          at TransitionChildFn 
(E:\repos\blulok-cloud\frontend\node_modules\@headlessui\react\dist\headlessui.dev.cjs:8106:5)
          at TransitionRootFn 
(E:\repos\blulok-cloud\frontend\node_modules\@headlessui\react\dist\headlessui.dev.cjs:8258:9)
          at FMSChangeReviewModal 
(E:\repos\blulok-cloud\frontend\src\components\FMS\FMSChangeReviewModal.tsx:73:3)
          at FMSSyncProvider (E:\repos\blulok-cloud\frontend\src\contexts\FMSSyncContext.tsx:52:35)
          at WebSocketProvider 
(E:\repos\blulok-cloud\frontend\src\contexts\WebSocketContext.tsx:24:71)
          at ToastProvider (E:\repos\blulok-cloud\frontend\src\contexts\ToastContext.tsx:10:63)
          at ThemeProvider (E:\repos\blulok-cloud\frontend\src\contexts\ThemeContext.tsx:18:63)

    [0m [90m 71 |[39m     [36mconst[39m message [33m=[39m 
args[[35m0[39m][33m?[39m[33m.[39mtoString() [33m||[39m [32m''[39m[33m;[39m
     [90m 72 |[39m     [36mif[39m (message[33m.[39mincludes([32m'Warning:'[39m) [33m||[39m 
(message[33m.[39mincludes([32m'Error:'[39m) [33m&&[39m 
[33m![39mmessage[33m.[39mincludes([32m'Failed to'[39m))) {
    [31m[1m>[22m[39m[90m 73 |[39m       originalError([33m...[39margs)[33m;[39m
     [90m    |[39m       [31m[1m^[22m[39m
     [90m 74 |[39m     }
     [90m 75 |[39m   })[33m;[39m
     [90m 76 |[39m   [0m

      at console.<anonymous> (src/test/setup.ts:73:7)
      at printWarning (node_modules/react-dom/cjs/react-dom.development.js:86:30)
      at error (node_modules/react-dom/cjs/react-dom.development.js:60:7)
      at warnIfUpdatesNotWrappedWithActDEV 
(node_modules/react-dom/cjs/react-dom.development.js:27628:9)
      at scheduleUpdateOnFiber (node_modules/react-dom/cjs/react-dom.development.js:25547:5)
      at dispatchSetState (node_modules/react-dom/cjs/react-dom.development.js:16708:7)
      at Object.addFlag (node_modules/@headlessui/react/dist/headlessui.dev.cjs:6852:7)
      at enter (node_modules/@headlessui/react/dist/headlessui.dev.cjs:8178:30)
      at match (node_modules/@headlessui/react/dist/headlessui.dev.cjs:1013:48)
      at Object.current (node_modules/@headlessui/react/dist/headlessui.dev.cjs:8176:12)
      at node_modules/@headlessui/react/dist/headlessui.dev.cjs:829:65
      at node_modules/@headlessui/react/dist/headlessui.dev.cjs:8055:106

    console.error
      Warning: An update to TransitionRootFn inside a test was not wrapped in act(...).
      
      When testing, code that causes React state updates should be wrapped into act(...):
      
      act(() => {
        /* fire events that update state */
      });
      /* assert on the output */
      
      This ensures that you're testing the behavior the user would see in the browser. Learn more at 
https://reactjs.org/link/wrap-tests-with-act
          at TransitionRootFn 
(E:\repos\blulok-cloud\frontend\node_modules\@headlessui\react\dist\headlessui.dev.cjs:8258:9)
          at FMSChangeReviewModal 
(E:\repos\blulok-cloud\frontend\src\components\FMS\FMSChangeReviewModal.tsx:73:3)
          at FMSSyncProvider (E:\repos\blulok-cloud\frontend\src\contexts\FMSSyncContext.tsx:52:35)
          at WebSocketProvider 
(E:\repos\blulok-cloud\frontend\src\contexts\WebSocketContext.tsx:24:71)
          at ToastProvider (E:\repos\blulok-cloud\frontend\src\contexts\ToastContext.tsx:10:63)
          at ThemeProvider (E:\repos\blulok-cloud\frontend\src\contexts\ThemeContext.tsx:18:63)

    [0m [90m 71 |[39m     [36mconst[39m message [33m=[39m 
args[[35m0[39m][33m?[39m[33m.[39mtoString() [33m||[39m [32m''[39m[33m;[39m
     [90m 72 |[39m     [36mif[39m (message[33m.[39mincludes([32m'Warning:'[39m) [33m||[39m 
(message[33m.[39mincludes([32m'Error:'[39m) [33m&&[39m 
[33m![39mmessage[33m.[39mincludes([32m'Failed to'[39m))) {
    [31m[1m>[22m[39m[90m 73 |[39m       originalError([33m...[39margs)[33m;[39m
     [90m    |[39m       [31m[1m^[22m[39m
     [90m 74 |[39m     }
     [90m 75 |[39m   })[33m;[39m
     [90m 76 |[39m   [0m

      at console.<anonymous> (src/test/setup.ts:73:7)
      at printWarning (node_modules/react-dom/cjs/react-dom.development.js:86:30)
      at error (node_modules/react-dom/cjs/react-dom.development.js:60:7)
      at warnIfUpdatesNotWrappedWithActDEV 
(node_modules/react-dom/cjs/react-dom.development.js:27628:9)
      at scheduleUpdateOnFiber (node_modules/react-dom/cjs/react-dom.development.js:25547:5)
      at dispatchSetState (node_modules/react-dom/cjs/react-dom.development.js:16708:7)
      at Object.current (node_modules/@headlessui/react/dist/headlessui.dev.cjs:8307:7)
      at Object.beforeEnter (node_modules/@headlessui/react/dist/headlessui.dev.cjs:829:65)
      at enter (node_modules/@headlessui/react/dist/headlessui.dev.cjs:8179:24)
      at match (node_modules/@headlessui/react/dist/headlessui.dev.cjs:1013:48)
      at Object.current (node_modules/@headlessui/react/dist/headlessui.dev.cjs:8176:12)
      at node_modules/@headlessui/react/dist/headlessui.dev.cjs:829:65
      at node_modules/@headlessui/react/dist/headlessui.dev.cjs:8055:106

    console.error
      Warning: An update to TransitionChildFn inside a test was not wrapped in act(...).
      
      When testing, code that causes React state updates should be wrapped into act(...):
      
      act(() => {
        /* fire events that update state */
      });
      /* assert on the output */
      
      This ensures that you're testing the behavior the user would see in the browser. Learn more at 
https://reactjs.org/link/wrap-tests-with-act
          at TransitionChildFn 
(E:\repos\blulok-cloud\frontend\node_modules\@headlessui\react\dist\headlessui.dev.cjs:8106:5)
          at ChildFn 
(E:\repos\blulok-cloud\frontend\node_modules\@headlessui\react\dist\headlessui.dev.cjs:8339:60)
          at div
          at PortalWrapper 
(E:\repos\blulok-cloud\frontend\node_modules\@headlessui\react\dist\headlessui.dev.cjs:3598:39)
          at div
          at FocusTrapFn 
(E:\repos\blulok-cloud\frontend\node_modules\@headlessui\react\dist\headlessui.dev.cjs:3233:45)
          at DescriptionProvider 
(E:\repos\blulok-cloud\frontend\node_modules\@headlessui\react\dist\headlessui.dev.cjs:4091:24)
          at ForcePortalRoot 
(E:\repos\blulok-cloud\frontend\node_modules\@headlessui\react\dist\headlessui.dev.cjs:3464:111)
          at GroupFn 
(E:\repos\blulok-cloud\frontend\node_modules\@headlessui\react\dist\headlessui.dev.cjs:3564:9)
          at PortalFn 
(E:\repos\blulok-cloud\frontend\node_modules\@headlessui\react\dist\headlessui.dev.cjs:3505:57)
          at ForcePortalRoot 
(E:\repos\blulok-cloud\frontend\node_modules\@headlessui\react\dist\headlessui.dev.cjs:3464:111)
          at StackProvider 
(E:\repos\blulok-cloud\frontend\node_modules\@headlessui\react\dist\headlessui.dev.cjs:4047:3)
          at DialogFn 
(E:\repos\blulok-cloud\frontend\node_modules\@headlessui\react\dist\headlessui.dev.cjs:4165:20)
          at OpenClosedProvider 
(E:\repos\blulok-cloud\frontend\node_modules\@headlessui\react\dist\headlessui.dev.cjs:1780:31)
          at TransitionChildFn 
(E:\repos\blulok-cloud\frontend\node_modules\@headlessui\react\dist\headlessui.dev.cjs:8106:5)
          at TransitionRootFn 
(E:\repos\blulok-cloud\frontend\node_modules\@headlessui\react\dist\headlessui.dev.cjs:8258:9)
          at FMSChangeReviewModal 
(E:\repos\blulok-cloud\frontend\src\components\FMS\FMSChangeReviewModal.tsx:73:3)
          at FMSSyncProvider (E:\repos\blulok-cloud\frontend\src\contexts\FMSSyncContext.tsx:52:35)
          at WebSocketProvider 
(E:\repos\blulok-cloud\frontend\src\contexts\WebSocketContext.tsx:24:71)
          at ToastProvider (E:\repos\blulok-cloud\frontend\src\contexts\ToastContext.tsx:10:63)
          at ThemeProvider (E:\repos\blulok-cloud\frontend\src\contexts\ThemeContext.tsx:18:63)

    [0m [90m 71 |[39m     [36mconst[39m message [33m=[39m 
args[[35m0[39m][33m?[39m[33m.[39mtoString() [33m||[39m [32m''[39m[33m;[39m
     [90m 72 |[39m     [36mif[39m (message[33m.[39mincludes([32m'Warning:'[39m) [33m||[39m 
(message[33m.[39mincludes([32m'Error:'[39m) [33m&&[39m 
[33m![39mmessage[33m.[39mincludes([32m'Failed to'[39m))) {
    [31m[1m>[22m[39m[90m 73 |[39m       originalError([33m...[39margs)[33m;[39m
     [90m    |[39m       [31m[1m^[22m[39m
     [90m 74 |[39m     }
     [90m 75 |[39m   })[33m;[39m
     [90m 76 |[39m   [0m

      at console.<anonymous> (src/test/setup.ts:73:7)
      at printWarning (node_modules/react-dom/cjs/react-dom.development.js:86:30)
      at error (node_modules/react-dom/cjs/react-dom.development.js:60:7)
      at warnIfUpdatesNotWrappedWithActDEV 
(node_modules/react-dom/cjs/react-dom.development.js:27628:9)
      at scheduleUpdateOnFiber (node_modules/react-dom/cjs/react-dom.development.js:25547:5)
      at dispatchSetState (node_modules/react-dom/cjs/react-dom.development.js:16708:7)
      at Object.addFlag (node_modules/@headlessui/react/dist/headlessui.dev.cjs:6852:7)
      at enter (node_modules/@headlessui/react/dist/headlessui.dev.cjs:8178:30)
      at match (node_modules/@headlessui/react/dist/headlessui.dev.cjs:1013:48)
      at Object.current (node_modules/@headlessui/react/dist/headlessui.dev.cjs:8176:12)
      at node_modules/@headlessui/react/dist/headlessui.dev.cjs:829:65
      at node_modules/@headlessui/react/dist/headlessui.dev.cjs:8055:106

    console.error
      Warning: An update to TransitionChildFn inside a test was not wrapped in act(...).
      
      When testing, code that causes React state updates should be wrapped into act(...):
      
      act(() => {
        /* fire events that update state */
      });
      /* assert on the output */
      
      This ensures that you're testing the behavior the user would see in the browser. Learn more at 
https://reactjs.org/link/wrap-tests-with-act
          at TransitionChildFn 
(E:\repos\blulok-cloud\frontend\node_modules\@headlessui\react\dist\headlessui.dev.cjs:8106:5)
          at ChildFn 
(E:\repos\blulok-cloud\frontend\node_modules\@headlessui\react\dist\headlessui.dev.cjs:8339:60)
          at div
          at div
          at div
          at PortalWrapper 
(E:\repos\blulok-cloud\frontend\node_modules\@headlessui\react\dist\headlessui.dev.cjs:3598:39)
          at div
          at FocusTrapFn 
(E:\repos\blulok-cloud\frontend\node_modules\@headlessui\react\dist\headlessui.dev.cjs:3233:45)
          at DescriptionProvider 
(E:\repos\blulok-cloud\frontend\node_modules\@headlessui\react\dist\headlessui.dev.cjs:4091:24)
          at ForcePortalRoot 
(E:\repos\blulok-cloud\frontend\node_modules\@headlessui\react\dist\headlessui.dev.cjs:3464:111)
          at GroupFn 
(E:\repos\blulok-cloud\frontend\node_modules\@headlessui\react\dist\headlessui.dev.cjs:3564:9)
          at PortalFn 
(E:\repos\blulok-cloud\frontend\node_modules\@headlessui\react\dist\headlessui.dev.cjs:3505:57)
          at ForcePortalRoot 
(E:\repos\blulok-cloud\frontend\node_modules\@headlessui\react\dist\headlessui.dev.cjs:3464:111)
          at StackProvider 
(E:\repos\blulok-cloud\frontend\node_modules\@headlessui\react\dist\headlessui.dev.cjs:4047:3)
          at DialogFn 
(E:\repos\blulok-cloud\frontend\node_modules\@headlessui\react\dist\headlessui.dev.cjs:4165:20)
          at OpenClosedProvider 
(E:\repos\blulok-cloud\frontend\node_modules\@headlessui\react\dist\headlessui.dev.cjs:1780:31)
          at TransitionChildFn 
(E:\repos\blulok-cloud\frontend\node_modules\@headlessui\react\dist\headlessui.dev.cjs:8106:5)
          at TransitionRootFn 
(E:\repos\blulok-cloud\frontend\node_modules\@headlessui\react\dist\headlessui.dev.cjs:8258:9)
          at FMSChangeReviewModal 
(E:\repos\blulok-cloud\frontend\src\components\FMS\FMSChangeReviewModal.tsx:73:3)
          at FMSSyncProvider (E:\repos\blulok-cloud\frontend\src\contexts\FMSSyncContext.tsx:52:35)
          at WebSocketProvider 
(E:\repos\blulok-cloud\frontend\src\contexts\WebSocketContext.tsx:24:71)
          at ToastProvider (E:\repos\blulok-cloud\frontend\src\contexts\ToastContext.tsx:10:63)
          at ThemeProvider (E:\repos\blulok-cloud\frontend\src\contexts\ThemeContext.tsx:18:63)

    [0m [90m 71 |[39m     [36mconst[39m message [33m=[39m 
args[[35m0[39m][33m?[39m[33m.[39mtoString() [33m||[39m [32m''[39m[33m;[39m
     [90m 72 |[39m     [36mif[39m (message[33m.[39mincludes([32m'Warning:'[39m) [33m||[39m 
(message[33m.[39mincludes([32m'Error:'[39m) [33m&&[39m 
[33m![39mmessage[33m.[39mincludes([32m'Failed to'[39m))) {
    [31m[1m>[22m[39m[90m 73 |[39m       originalError([33m...[39margs)[33m;[39m
     [90m    |[39m       [31m[1m^[22m[39m
     [90m 74 |[39m     }
     [90m 75 |[39m   })[33m;[39m
     [90m 76 |[39m   [0m

      at console.<anonymous> (src/test/setup.ts:73:7)
      at printWarning (node_modules/react-dom/cjs/react-dom.development.js:86:30)
      at error (node_modules/react-dom/cjs/react-dom.development.js:60:7)
      at warnIfUpdatesNotWrappedWithActDEV 
(node_modules/react-dom/cjs/react-dom.development.js:27628:9)
      at scheduleUpdateOnFiber (node_modules/react-dom/cjs/react-dom.development.js:25547:5)
      at dispatchSetState (node_modules/react-dom/cjs/react-dom.development.js:16708:7)
      at Object.addFlag (node_modules/@headlessui/react/dist/headlessui.dev.cjs:6852:7)
      at enter (node_modules/@headlessui/react/dist/headlessui.dev.cjs:8178:30)
      at match (node_modules/@headlessui/react/dist/headlessui.dev.cjs:1013:48)
      at Object.current (node_modules/@headlessui/react/dist/headlessui.dev.cjs:8176:12)
      at node_modules/@headlessui/react/dist/headlessui.dev.cjs:829:65
      at node_modules/@headlessui/react/dist/headlessui.dev.cjs:8055:106

    console.error
      Warning: An update to TransitionChildFn inside a test was not wrapped in act(...).
      
      When testing, code that causes React state updates should be wrapped into act(...):
      
      act(() => {
        /* fire events that update state */
      });
      /* assert on the output */
      
      This ensures that you're testing the behavior the user would see in the browser. Learn more at 
https://reactjs.org/link/wrap-tests-with-act
          at TransitionChildFn 
(E:\repos\blulok-cloud\frontend\node_modules\@headlessui\react\dist\headlessui.dev.cjs:8106:5)
          at TransitionRootFn 
(E:\repos\blulok-cloud\frontend\node_modules\@headlessui\react\dist\headlessui.dev.cjs:8258:9)
          at FMSChangeReviewModal 
(E:\repos\blulok-cloud\frontend\src\components\FMS\FMSChangeReviewModal.tsx:73:3)
          at FMSSyncProvider (E:\repos\blulok-cloud\frontend\src\contexts\FMSSyncContext.tsx:52:35)
          at WebSocketProvider 
(E:\repos\blulok-cloud\frontend\src\contexts\WebSocketContext.tsx:24:71)
          at ToastProvider (E:\repos\blulok-cloud\frontend\src\contexts\ToastContext.tsx:10:63)
          at ThemeProvider (E:\repos\blulok-cloud\frontend\src\contexts\ThemeContext.tsx:18:63)

    [0m [90m 71 |[39m     [36mconst[39m message [33m=[39m 
args[[35m0[39m][33m?[39m[33m.[39mtoString() [33m||[39m [32m''[39m[33m;[39m
     [90m 72 |[39m     [36mif[39m (message[33m.[39mincludes([32m'Warning:'[39m) [33m||[39m 
(message[33m.[39mincludes([32m'Error:'[39m) [33m&&[39m 
[33m![39mmessage[33m.[39mincludes([32m'Failed to'[39m))) {
    [31m[1m>[22m[39m[90m 73 |[39m       originalError([33m...[39margs)[33m;[39m
     [90m    |[39m       [31m[1m^[22m[39m
     [90m 74 |[39m     }
     [90m 75 |[39m   })[33m;[39m
     [90m 76 |[39m   [0m

      at console.<anonymous> (src/test/setup.ts:73:7)
      at printWarning (node_modules/react-dom/cjs/react-dom.development.js:86:30)
      at error (node_modules/react-dom/cjs/react-dom.development.js:60:7)
      at warnIfUpdatesNotWrappedWithActDEV 
(node_modules/react-dom/cjs/react-dom.development.js:27628:9)
      at scheduleUpdateOnFiber (node_modules/react-dom/cjs/react-dom.development.js:25547:5)
      at dispatchSetState (node_modules/react-dom/cjs/react-dom.development.js:16708:7)
      at Object.addFlag (node_modules/@headlessui/react/dist/headlessui.dev.cjs:6852:7)
      at enter (node_modules/@headlessui/react/dist/headlessui.dev.cjs:8178:30)
      at match (node_modules/@headlessui/react/dist/headlessui.dev.cjs:1013:48)
      at Object.current (node_modules/@headlessui/react/dist/headlessui.dev.cjs:8176:12)
      at node_modules/@headlessui/react/dist/headlessui.dev.cjs:829:65
      at node_modules/@headlessui/react/dist/headlessui.dev.cjs:8055:106

    console.error
      Warning: An update to TransitionRootFn inside a test was not wrapped in act(...).
      
      When testing, code that causes React state updates should be wrapped into act(...):
      
      act(() => {
        /* fire events that update state */
      });
      /* assert on the output */
      
      This ensures that you're testing the behavior the user would see in the browser. Learn more at 
https://reactjs.org/link/wrap-tests-with-act
          at TransitionRootFn 
(E:\repos\blulok-cloud\frontend\node_modules\@headlessui\react\dist\headlessui.dev.cjs:8258:9)
          at FMSChangeReviewModal 
(E:\repos\blulok-cloud\frontend\src\components\FMS\FMSChangeReviewModal.tsx:73:3)
          at FMSSyncProvider (E:\repos\blulok-cloud\frontend\src\contexts\FMSSyncContext.tsx:52:35)
          at WebSocketProvider 
(E:\repos\blulok-cloud\frontend\src\contexts\WebSocketContext.tsx:24:71)
          at ToastProvider (E:\repos\blulok-cloud\frontend\src\contexts\ToastContext.tsx:10:63)
          at ThemeProvider (E:\repos\blulok-cloud\frontend\src\contexts\ThemeContext.tsx:18:63)

    [0m [90m 71 |[39m     [36mconst[39m message [33m=[39m 
args[[35m0[39m][33m?[39m[33m.[39mtoString() [33m||[39m [32m''[39m[33m;[39m
     [90m 72 |[39m     [36mif[39m (message[33m.[39mincludes([32m'Warning:'[39m) [33m||[39m 
(message[33m.[39mincludes([32m'Error:'[39m) [33m&&[39m 
[33m![39mmessage[33m.[39mincludes([32m'Failed to'[39m))) {
    [31m[1m>[22m[39m[90m 73 |[39m       originalError([33m...[39margs)[33m;[39m
     [90m    |[39m       [31m[1m^[22m[39m
     [90m 74 |[39m     }
     [90m 75 |[39m   })[33m;[39m
     [90m 76 |[39m   [0m

      at console.<anonymous> (src/test/setup.ts:73:7)
      at printWarning (node_modules/react-dom/cjs/react-dom.development.js:86:30)
      at error (node_modules/react-dom/cjs/react-dom.development.js:60:7)
      at warnIfUpdatesNotWrappedWithActDEV 
(node_modules/react-dom/cjs/react-dom.development.js:27628:9)
      at scheduleUpdateOnFiber (node_modules/react-dom/cjs/react-dom.development.js:25547:5)
      at dispatchSetState (node_modules/react-dom/cjs/react-dom.development.js:16708:7)
      at Object.current (node_modules/@headlessui/react/dist/headlessui.dev.cjs:8307:7)
      at Object.beforeEnter (node_modules/@headlessui/react/dist/headlessui.dev.cjs:829:65)
      at enter (node_modules/@headlessui/react/dist/headlessui.dev.cjs:8179:24)
      at match (node_modules/@headlessui/react/dist/headlessui.dev.cjs:1013:48)
      at Object.current (node_modules/@headlessui/react/dist/headlessui.dev.cjs:8176:12)
      at node_modules/@headlessui/react/dist/headlessui.dev.cjs:829:65
      at node_modules/@headlessui/react/dist/headlessui.dev.cjs:8055:106

    console.error
      Warning: An update to TransitionChildFn inside a test was not wrapped in act(...).
      
      When testing, code that causes React state updates should be wrapped into act(...):
      
      act(() => {
        /* fire events that update state */
      });
      /* assert on the output */
      
      This ensures that you're testing the behavior the user would see in the browser. Learn more at 
https://reactjs.org/link/wrap-tests-with-act
          at TransitionChildFn 
(E:\repos\blulok-cloud\frontend\node_modules\@headlessui\react\dist\headlessui.dev.cjs:8106:5)
          at ChildFn 
(E:\repos\blulok-cloud\frontend\node_modules\@headlessui\react\dist\headlessui.dev.cjs:8339:60)
          at div
          at PortalWrapper 
(E:\repos\blulok-cloud\frontend\node_modules\@headlessui\react\dist\headlessui.dev.cjs:3598:39)
          at div
          at FocusTrapFn 
(E:\repos\blulok-cloud\frontend\node_modules\@headlessui\react\dist\headlessui.dev.cjs:3233:45)
          at DescriptionProvider 
(E:\repos\blulok-cloud\frontend\node_modules\@headlessui\react\dist\headlessui.dev.cjs:4091:24)
          at ForcePortalRoot 
(E:\repos\blulok-cloud\frontend\node_modules\@headlessui\react\dist\headlessui.dev.cjs:3464:111)
          at GroupFn 
(E:\repos\blulok-cloud\frontend\node_modules\@headlessui\react\dist\headlessui.dev.cjs:3564:9)
          at PortalFn 
(E:\repos\blulok-cloud\frontend\node_modules\@headlessui\react\dist\headlessui.dev.cjs:3505:57)
          at ForcePortalRoot 
(E:\repos\blulok-cloud\frontend\node_modules\@headlessui\react\dist\headlessui.dev.cjs:3464:111)
          at StackProvider 
(E:\repos\blulok-cloud\frontend\node_modules\@headlessui\react\dist\headlessui.dev.cjs:4047:3)
          at DialogFn 
(E:\repos\blulok-cloud\frontend\node_modules\@headlessui\react\dist\headlessui.dev.cjs:4165:20)
          at OpenClosedProvider 
(E:\repos\blulok-cloud\frontend\node_modules\@headlessui\react\dist\headlessui.dev.cjs:1780:31)
          at TransitionChildFn 
(E:\repos\blulok-cloud\frontend\node_modules\@headlessui\react\dist\headlessui.dev.cjs:8106:5)
          at TransitionRootFn 
(E:\repos\blulok-cloud\frontend\node_modules\@headlessui\react\dist\headlessui.dev.cjs:8258:9)
          at FMSChangeReviewModal 
(E:\repos\blulok-cloud\frontend\src\components\FMS\FMSChangeReviewModal.tsx:73:3)
          at FMSSyncProvider (E:\repos\blulok-cloud\frontend\src\contexts\FMSSyncContext.tsx:52:35)
          at WebSocketProvider 
(E:\repos\blulok-cloud\frontend\src\contexts\WebSocketContext.tsx:24:71)
          at ToastProvider (E:\repos\blulok-cloud\frontend\src\contexts\ToastContext.tsx:10:63)
          at ThemeProvider (E:\repos\blulok-cloud\frontend\src\contexts\ThemeContext.tsx:18:63)

    [0m [90m 71 |[39m     [36mconst[39m message [33m=[39m 
args[[35m0[39m][33m?[39m[33m.[39mtoString() [33m||[39m [32m''[39m[33m;[39m
     [90m 72 |[39m     [36mif[39m (message[33m.[39mincludes([32m'Warning:'[39m) [33m||[39m 
(message[33m.[39mincludes([32m'Error:'[39m) [33m&&[39m 
[33m![39mmessage[33m.[39mincludes([32m'Failed to'[39m))) {
    [31m[1m>[22m[39m[90m 73 |[39m       originalError([33m...[39margs)[33m;[39m
     [90m    |[39m       [31m[1m^[22m[39m
     [90m 74 |[39m     }
     [90m 75 |[39m   })[33m;[39m
     [90m 76 |[39m   [0m

      at console.<anonymous> (src/test/setup.ts:73:7)
      at printWarning (node_modules/react-dom/cjs/react-dom.development.js:86:30)
      at error (node_modules/react-dom/cjs/react-dom.development.js:60:7)
      at warnIfUpdatesNotWrappedWithActDEV 
(node_modules/react-dom/cjs/react-dom.development.js:27628:9)
      at scheduleUpdateOnFiber (node_modules/react-dom/cjs/react-dom.development.js:25547:5)
      at dispatchSetState (node_modules/react-dom/cjs/react-dom.development.js:16708:7)
      at Object.addFlag (node_modules/@headlessui/react/dist/headlessui.dev.cjs:6852:7)
      at enter (node_modules/@headlessui/react/dist/headlessui.dev.cjs:8178:30)
      at match (node_modules/@headlessui/react/dist/headlessui.dev.cjs:1013:48)
      at Object.current (node_modules/@headlessui/react/dist/headlessui.dev.cjs:8176:12)
      at node_modules/@headlessui/react/dist/headlessui.dev.cjs:829:65
      at node_modules/@headlessui/react/dist/headlessui.dev.cjs:8055:106

    console.error
      Warning: An update to TransitionChildFn inside a test was not wrapped in act(...).
      
      When testing, code that causes React state updates should be wrapped into act(...):
      
      act(() => {
        /* fire events that update state */
      });
      /* assert on the output */
      
      This ensures that you're testing the behavior the user would see in the browser. Learn more at 
https://reactjs.org/link/wrap-tests-with-act
          at TransitionChildFn 
(E:\repos\blulok-cloud\frontend\node_modules\@headlessui\react\dist\headlessui.dev.cjs:8106:5)
          at ChildFn 
(E:\repos\blulok-cloud\frontend\node_modules\@headlessui\react\dist\headlessui.dev.cjs:8339:60)
          at div
          at div
          at div
          at PortalWrapper 
(E:\repos\blulok-cloud\frontend\node_modules\@headlessui\react\dist\headlessui.dev.cjs:3598:39)
          at div
          at FocusTrapFn 
(E:\repos\blulok-cloud\frontend\node_modules\@headlessui\react\dist\headlessui.dev.cjs:3233:45)
          at DescriptionProvider 
(E:\repos\blulok-cloud\frontend\node_modules\@headlessui\react\dist\headlessui.dev.cjs:4091:24)
          at ForcePortalRoot 
(E:\repos\blulok-cloud\frontend\node_modules\@headlessui\react\dist\headlessui.dev.cjs:3464:111)
          at GroupFn 
(E:\repos\blulok-cloud\frontend\node_modules\@headlessui\react\dist\headlessui.dev.cjs:3564:9)
          at PortalFn 
(E:\repos\blulok-cloud\frontend\node_modules\@headlessui\react\dist\headlessui.dev.cjs:3505:57)
          at ForcePortalRoot 
(E:\repos\blulok-cloud\frontend\node_modules\@headlessui\react\dist\headlessui.dev.cjs:3464:111)
          at StackProvider 
(E:\repos\blulok-cloud\frontend\node_modules\@headlessui\react\dist\headlessui.dev.cjs:4047:3)
          at DialogFn 
(E:\repos\blulok-cloud\frontend\node_modules\@headlessui\react\dist\headlessui.dev.cjs:4165:20)
          at OpenClosedProvider 
(E:\repos\blulok-cloud\frontend\node_modules\@headlessui\react\dist\headlessui.dev.cjs:1780:31)
          at TransitionChildFn 
(E:\repos\blulok-cloud\frontend\node_modules\@headlessui\react\dist\headlessui.dev.cjs:8106:5)
          at TransitionRootFn 
(E:\repos\blulok-cloud\frontend\node_modules\@headlessui\react\dist\headlessui.dev.cjs:8258:9)
          at FMSChangeReviewModal 
(E:\repos\blulok-cloud\frontend\src\components\FMS\FMSChangeReviewModal.tsx:73:3)
          at FMSSyncProvider (E:\repos\blulok-cloud\frontend\src\contexts\FMSSyncContext.tsx:52:35)
          at WebSocketProvider 
(E:\repos\blulok-cloud\frontend\src\contexts\WebSocketContext.tsx:24:71)
          at ToastProvider (E:\repos\blulok-cloud\frontend\src\contexts\ToastContext.tsx:10:63)
          at ThemeProvider (E:\repos\blulok-cloud\frontend\src\contexts\ThemeContext.tsx:18:63)

    [0m [90m 71 |[39m     [36mconst[39m message [33m=[39m 
args[[35m0[39m][33m?[39m[33m.[39mtoString() [33m||[39m [32m''[39m[33m;[39m
     [90m 72 |[39m     [36mif[39m (message[33m.[39mincludes([32m'Warning:'[39m) [33m||[39m 
(message[33m.[39mincludes([32m'Error:'[39m) [33m&&[39m 
[33m![39mmessage[33m.[39mincludes([32m'Failed to'[39m))) {
    [31m[1m>[22m[39m[90m 73 |[39m       originalError([33m...[39margs)[33m;[39m
     [90m    |[39m       [31m[1m^[22m[39m
     [90m 74 |[39m     }
     [90m 75 |[39m   })[33m;[39m
     [90m 76 |[39m   [0m

      at console.<anonymous> (src/test/setup.ts:73:7)
      at printWarning (node_modules/react-dom/cjs/react-dom.development.js:86:30)
      at error (node_modules/react-dom/cjs/react-dom.development.js:60:7)
      at warnIfUpdatesNotWrappedWithActDEV 
(node_modules/react-dom/cjs/react-dom.development.js:27628:9)
      at scheduleUpdateOnFiber (node_modules/react-dom/cjs/react-dom.development.js:25547:5)
      at dispatchSetState (node_modules/react-dom/cjs/react-dom.development.js:16708:7)
      at Object.addFlag (node_modules/@headlessui/react/dist/headlessui.dev.cjs:6852:7)
      at enter (node_modules/@headlessui/react/dist/headlessui.dev.cjs:8178:30)
      at match (node_modules/@headlessui/react/dist/headlessui.dev.cjs:1013:48)
      at Object.current (node_modules/@headlessui/react/dist/headlessui.dev.cjs:8176:12)
      at node_modules/@headlessui/react/dist/headlessui.dev.cjs:829:65
      at node_modules/@headlessui/react/dist/headlessui.dev.cjs:8055:106

    console.error
      Warning: An update to TransitionChildFn inside a test was not wrapped in act(...).
      
      When testing, code that causes React state updates should be wrapped into act(...):
      
      act(() => {
        /* fire events that update state */
      });
      /* assert on the output */
      
      This ensures that you're testing the behavior the user would see in the browser. Learn more at 
https://reactjs.org/link/wrap-tests-with-act
          at TransitionChildFn 
(E:\repos\blulok-cloud\frontend\node_modules\@headlessui\react\dist\headlessui.dev.cjs:8106:5)
          at TransitionRootFn 
(E:\repos\blulok-cloud\frontend\node_modules\@headlessui\react\dist\headlessui.dev.cjs:8258:9)
          at FMSChangeReviewModal 
(E:\repos\blulok-cloud\frontend\src\components\FMS\FMSChangeReviewModal.tsx:73:3)
          at FMSSyncProvider (E:\repos\blulok-cloud\frontend\src\contexts\FMSSyncContext.tsx:52:35)
          at WebSocketProvider 
(E:\repos\blulok-cloud\frontend\src\contexts\WebSocketContext.tsx:24:71)
          at ToastProvider (E:\repos\blulok-cloud\frontend\src\contexts\ToastContext.tsx:10:63)
          at ThemeProvider (E:\repos\blulok-cloud\frontend\src\contexts\ThemeContext.tsx:18:63)

    [0m [90m 71 |[39m     [36mconst[39m message [33m=[39m 
args[[35m0[39m][33m?[39m[33m.[39mtoString() [33m||[39m [32m''[39m[33m;[39m
     [90m 72 |[39m     [36mif[39m (message[33m.[39mincludes([32m'Warning:'[39m) [33m||[39m 
(message[33m.[39mincludes([32m'Error:'[39m) [33m&&[39m 
[33m![39mmessage[33m.[39mincludes([32m'Failed to'[39m))) {
    [31m[1m>[22m[39m[90m 73 |[39m       originalError([33m...[39margs)[33m;[39m
     [90m    |[39m       [31m[1m^[22m[39m
     [90m 74 |[39m     }
     [90m 75 |[39m   })[33m;[39m
     [90m 76 |[39m   [0m

      at console.<anonymous> (src/test/setup.ts:73:7)
      at printWarning (node_modules/react-dom/cjs/react-dom.development.js:86:30)
      at error (node_modules/react-dom/cjs/react-dom.development.js:60:7)
      at warnIfUpdatesNotWrappedWithActDEV 
(node_modules/react-dom/cjs/react-dom.development.js:27628:9)
      at scheduleUpdateOnFiber (node_modules/react-dom/cjs/react-dom.development.js:25547:5)
      at dispatchSetState (node_modules/react-dom/cjs/react-dom.development.js:16708:7)
      at Object.addFlag (node_modules/@headlessui/react/dist/headlessui.dev.cjs:6852:7)
      at enter (node_modules/@headlessui/react/dist/headlessui.dev.cjs:8178:30)
      at match (node_modules/@headlessui/react/dist/headlessui.dev.cjs:1013:48)
      at Object.current (node_modules/@headlessui/react/dist/headlessui.dev.cjs:8176:12)
      at node_modules/@headlessui/react/dist/headlessui.dev.cjs:829:65
      at node_modules/@headlessui/react/dist/headlessui.dev.cjs:8055:106

    console.error
      Warning: An update to TransitionRootFn inside a test was not wrapped in act(...).
      
      When testing, code that causes React state updates should be wrapped into act(...):
      
      act(() => {
        /* fire events that update state */
      });
      /* assert on the output */
      
      This ensures that you're testing the behavior the user would see in the browser. Learn more at 
https://reactjs.org/link/wrap-tests-with-act
          at TransitionRootFn 
(E:\repos\blulok-cloud\frontend\node_modules\@headlessui\react\dist\headlessui.dev.cjs:8258:9)
          at FMSChangeReviewModal 
(E:\repos\blulok-cloud\frontend\src\components\FMS\FMSChangeReviewModal.tsx:73:3)
          at FMSSyncProvider (E:\repos\blulok-cloud\frontend\src\contexts\FMSSyncContext.tsx:52:35)
          at WebSocketProvider 
(E:\repos\blulok-cloud\frontend\src\contexts\WebSocketContext.tsx:24:71)
          at ToastProvider (E:\repos\blulok-cloud\frontend\src\contexts\ToastContext.tsx:10:63)
          at ThemeProvider (E:\repos\blulok-cloud\frontend\src\contexts\ThemeContext.tsx:18:63)

    [0m [90m 71 |[39m     [36mconst[39m message [33m=[39m 
args[[35m0[39m][33m?[39m[33m.[39mtoString() [33m||[39m [32m''[39m[33m;[39m
     [90m 72 |[39m     [36mif[39m (message[33m.[39mincludes([32m'Warning:'[39m) [33m||[39m 
(message[33m.[39mincludes([32m'Error:'[39m) [33m&&[39m 
[33m![39mmessage[33m.[39mincludes([32m'Failed to'[39m))) {
    [31m[1m>[22m[39m[90m 73 |[39m       originalError([33m...[39margs)[33m;[39m
     [90m    |[39m       [31m[1m^[22m[39m
     [90m 74 |[39m     }
     [90m 75 |[39m   })[33m;[39m
     [90m 76 |[39m   [0m

      at console.<anonymous> (src/test/setup.ts:73:7)
      at printWarning (node_modules/react-dom/cjs/react-dom.development.js:86:30)
      at error (node_modules/react-dom/cjs/react-dom.development.js:60:7)
      at warnIfUpdatesNotWrappedWithActDEV 
(node_modules/react-dom/cjs/react-dom.development.js:27628:9)
      at scheduleUpdateOnFiber (node_modules/react-dom/cjs/react-dom.development.js:25547:5)
      at dispatchSetState (node_modules/react-dom/cjs/react-dom.development.js:16708:7)
      at Object.current (node_modules/@headlessui/react/dist/headlessui.dev.cjs:8307:7)
      at Object.beforeEnter (node_modules/@headlessui/react/dist/headlessui.dev.cjs:829:65)
      at enter (node_modules/@headlessui/react/dist/headlessui.dev.cjs:8179:24)
      at match (node_modules/@headlessui/react/dist/headlessui.dev.cjs:1013:48)
      at Object.current (node_modules/@headlessui/react/dist/headlessui.dev.cjs:8176:12)
      at node_modules/@headlessui/react/dist/headlessui.dev.cjs:829:65
      at node_modules/@headlessui/react/dist/headlessui.dev.cjs:8055:106

    console.error
      Warning: An update to TransitionChildFn inside a test was not wrapped in act(...).
      
      When testing, code that causes React state updates should be wrapped into act(...):
      
      act(() => {
        /* fire events that update state */
      });
      /* assert on the output */
      
      This ensures that you're testing the behavior the user would see in the browser. Learn more at 
https://reactjs.org/link/wrap-tests-with-act
          at TransitionChildFn 
(E:\repos\blulok-cloud\frontend\node_modules\@headlessui\react\dist\headlessui.dev.cjs:8106:5)
          at ChildFn 
(E:\repos\blulok-cloud\frontend\node_modules\@headlessui\react\dist\headlessui.dev.cjs:8339:60)
          at div
          at PortalWrapper 
(E:\repos\blulok-cloud\frontend\node_modules\@headlessui\react\dist\headlessui.dev.cjs:3598:39)
          at div
          at FocusTrapFn 
(E:\repos\blulok-cloud\frontend\node_modules\@headlessui\react\dist\headlessui.dev.cjs:3233:45)
          at DescriptionProvider 
(E:\repos\blulok-cloud\frontend\node_modules\@headlessui\react\dist\headlessui.dev.cjs:4091:24)
          at ForcePortalRoot 
(E:\repos\blulok-cloud\frontend\node_modules\@headlessui\react\dist\headlessui.dev.cjs:3464:111)
          at GroupFn 
(E:\repos\blulok-cloud\frontend\node_modules\@headlessui\react\dist\headlessui.dev.cjs:3564:9)
          at PortalFn 
(E:\repos\blulok-cloud\frontend\node_modules\@headlessui\react\dist\headlessui.dev.cjs:3505:57)
          at ForcePortalRoot 
(E:\repos\blulok-cloud\frontend\node_modules\@headlessui\react\dist\headlessui.dev.cjs:3464:111)
          at StackProvider 
(E:\repos\blulok-cloud\frontend\node_modules\@headlessui\react\dist\headlessui.dev.cjs:4047:3)
          at DialogFn 
(E:\repos\blulok-cloud\frontend\node_modules\@headlessui\react\dist\headlessui.dev.cjs:4165:20)
          at OpenClosedProvider 
(E:\repos\blulok-cloud\frontend\node_modules\@headlessui\react\dist\headlessui.dev.cjs:1780:31)
          at TransitionChildFn 
(E:\repos\blulok-cloud\frontend\node_modules\@headlessui\react\dist\headlessui.dev.cjs:8106:5)
          at TransitionRootFn 
(E:\repos\blulok-cloud\frontend\node_modules\@headlessui\react\dist\headlessui.dev.cjs:8258:9)
          at FMSChangeReviewModal 
(E:\repos\blulok-cloud\frontend\src\components\FMS\FMSChangeReviewModal.tsx:73:3)
          at FMSSyncProvider (E:\repos\blulok-cloud\frontend\src\contexts\FMSSyncContext.tsx:52:35)
          at WebSocketProvider 
(E:\repos\blulok-cloud\frontend\src\contexts\WebSocketContext.tsx:24:71)
          at ToastProvider (E:\repos\blulok-cloud\frontend\src\contexts\ToastContext.tsx:10:63)
          at ThemeProvider (E:\repos\blulok-cloud\frontend\src\contexts\ThemeContext.tsx:18:63)

    [0m [90m 71 |[39m     [36mconst[39m message [33m=[39m 
args[[35m0[39m][33m?[39m[33m.[39mtoString() [33m||[39m [32m''[39m[33m;[39m
     [90m 72 |[39m     [36mif[39m (message[33m.[39mincludes([32m'Warning:'[39m) [33m||[39m 
(message[33m.[39mincludes([32m'Error:'[39m) [33m&&[39m 
[33m![39mmessage[33m.[39mincludes([32m'Failed to'[39m))) {
    [31m[1m>[22m[39m[90m 73 |[39m       originalError([33m...[39margs)[33m;[39m
     [90m    |[39m       [31m[1m^[22m[39m
     [90m 74 |[39m     }
     [90m 75 |[39m   })[33m;[39m
     [90m 76 |[39m   [0m

      at console.<anonymous> (src/test/setup.ts:73:7)
      at printWarning (node_modules/react-dom/cjs/react-dom.development.js:86:30)
      at error (node_modules/react-dom/cjs/react-dom.development.js:60:7)
      at warnIfUpdatesNotWrappedWithActDEV 
(node_modules/react-dom/cjs/react-dom.development.js:27628:9)
      at scheduleUpdateOnFiber (node_modules/react-dom/cjs/react-dom.development.js:25547:5)
      at dispatchSetState (node_modules/react-dom/cjs/react-dom.development.js:16708:7)
      at Object.addFlag (node_modules/@headlessui/react/dist/headlessui.dev.cjs:6852:7)
      at enter (node_modules/@headlessui/react/dist/headlessui.dev.cjs:8178:30)
      at match (node_modules/@headlessui/react/dist/headlessui.dev.cjs:1013:48)
      at Object.current (node_modules/@headlessui/react/dist/headlessui.dev.cjs:8176:12)
      at node_modules/@headlessui/react/dist/headlessui.dev.cjs:829:65
      at node_modules/@headlessui/react/dist/headlessui.dev.cjs:8055:106

    console.error
      Warning: An update to TransitionChildFn inside a test was not wrapped in act(...).
      
      When testing, code that causes React state updates should be wrapped into act(...):
      
      act(() => {
        /* fire events that update state */
      });
      /* assert on the output */
      
      This ensures that you're testing the behavior the user would see in the browser. Learn more at 
https://reactjs.org/link/wrap-tests-with-act
          at TransitionChildFn 
(E:\repos\blulok-cloud\frontend\node_modules\@headlessui\react\dist\headlessui.dev.cjs:8106:5)
          at ChildFn 
(E:\repos\blulok-cloud\frontend\node_modules\@headlessui\react\dist\headlessui.dev.cjs:8339:60)
          at div
          at div
          at div
          at PortalWrapper 
(E:\repos\blulok-cloud\frontend\node_modules\@headlessui\react\dist\headlessui.dev.cjs:3598:39)
          at div
          at FocusTrapFn 
(E:\repos\blulok-cloud\frontend\node_modules\@headlessui\react\dist\headlessui.dev.cjs:3233:45)
          at DescriptionProvider 
(E:\repos\blulok-cloud\frontend\node_modules\@headlessui\react\dist\headlessui.dev.cjs:4091:24)
          at ForcePortalRoot 
(E:\repos\blulok-cloud\frontend\node_modules\@headlessui\react\dist\headlessui.dev.cjs:3464:111)
          at GroupFn 
(E:\repos\blulok-cloud\frontend\node_modules\@headlessui\react\dist\headlessui.dev.cjs:3564:9)
          at PortalFn 
(E:\repos\blulok-cloud\frontend\node_modules\@headlessui\react\dist\headlessui.dev.cjs:3505:57)
          at ForcePortalRoot 
(E:\repos\blulok-cloud\frontend\node_modules\@headlessui\react\dist\headlessui.dev.cjs:3464:111)
          at StackProvider 
(E:\repos\blulok-cloud\frontend\node_modules\@headlessui\react\dist\headlessui.dev.cjs:4047:3)
          at DialogFn 
(E:\repos\blulok-cloud\frontend\node_modules\@headlessui\react\dist\headlessui.dev.cjs:4165:20)
          at OpenClosedProvider 
(E:\repos\blulok-cloud\frontend\node_modules\@headlessui\react\dist\headlessui.dev.cjs:1780:31)
          at TransitionChildFn 
(E:\repos\blulok-cloud\frontend\node_modules\@headlessui\react\dist\headlessui.dev.cjs:8106:5)
          at TransitionRootFn 
(E:\repos\blulok-cloud\frontend\node_modules\@headlessui\react\dist\headlessui.dev.cjs:8258:9)
          at FMSChangeReviewModal 
(E:\repos\blulok-cloud\frontend\src\components\FMS\FMSChangeReviewModal.tsx:73:3)
          at FMSSyncProvider (E:\repos\blulok-cloud\frontend\src\contexts\FMSSyncContext.tsx:52:35)
          at WebSocketProvider 
(E:\repos\blulok-cloud\frontend\src\contexts\WebSocketContext.tsx:24:71)
          at ToastProvider (E:\repos\blulok-cloud\frontend\src\contexts\ToastContext.tsx:10:63)
          at ThemeProvider (E:\repos\blulok-cloud\frontend\src\contexts\ThemeContext.tsx:18:63)

    [0m [90m 71 |[39m     [36mconst[39m message [33m=[39m 
args[[35m0[39m][33m?[39m[33m.[39mtoString() [33m||[39m [32m''[39m[33m;[39m
     [90m 72 |[39m     [36mif[39m (message[33m.[39mincludes([32m'Warning:'[39m) [33m||[39m 
(message[33m.[39mincludes([32m'Error:'[39m) [33m&&[39m 
[33m![39mmessage[33m.[39mincludes([32m'Failed to'[39m))) {
    [31m[1m>[22m[39m[90m 73 |[39m       originalError([33m...[39margs)[33m;[39m
     [90m    |[39m       [31m[1m^[22m[39m
     [90m 74 |[39m     }
     [90m 75 |[39m   })[33m;[39m
     [90m 76 |[39m   [0m

      at console.<anonymous> (src/test/setup.ts:73:7)
      at printWarning (node_modules/react-dom/cjs/react-dom.development.js:86:30)
      at error (node_modules/react-dom/cjs/react-dom.development.js:60:7)
      at warnIfUpdatesNotWrappedWithActDEV 
(node_modules/react-dom/cjs/react-dom.development.js:27628:9)
      at scheduleUpdateOnFiber (node_modules/react-dom/cjs/react-dom.development.js:25547:5)
      at dispatchSetState (node_modules/react-dom/cjs/react-dom.development.js:16708:7)
      at Object.addFlag (node_modules/@headlessui/react/dist/headlessui.dev.cjs:6852:7)
      at enter (node_modules/@headlessui/react/dist/headlessui.dev.cjs:8178:30)
      at match (node_modules/@headlessui/react/dist/headlessui.dev.cjs:1013:48)
      at Object.current (node_modules/@headlessui/react/dist/headlessui.dev.cjs:8176:12)
      at node_modules/@headlessui/react/dist/headlessui.dev.cjs:829:65
      at node_modules/@headlessui/react/dist/headlessui.dev.cjs:8055:106

    console.error
      Warning: An update to TransitionChildFn inside a test was not wrapped in act(...).
      
      When testing, code that causes React state updates should be wrapped into act(...):
      
      act(() => {
        /* fire events that update state */
      });
      /* assert on the output */
      
      This ensures that you're testing the behavior the user would see in the browser. Learn more at 
https://reactjs.org/link/wrap-tests-with-act
          at TransitionChildFn 
(E:\repos\blulok-cloud\frontend\node_modules\@headlessui\react\dist\headlessui.dev.cjs:8106:5)
          at TransitionRootFn 
(E:\repos\blulok-cloud\frontend\node_modules\@headlessui\react\dist\headlessui.dev.cjs:8258:9)
          at FMSChangeReviewModal 
(E:\repos\blulok-cloud\frontend\src\components\FMS\FMSChangeReviewModal.tsx:73:3)
          at FMSSyncProvider (E:\repos\blulok-cloud\frontend\src\contexts\FMSSyncContext.tsx:52:35)
          at WebSocketProvider 
(E:\repos\blulok-cloud\frontend\src\contexts\WebSocketContext.tsx:24:71)
          at ToastProvider (E:\repos\blulok-cloud\frontend\src\contexts\ToastContext.tsx:10:63)
          at ThemeProvider (E:\repos\blulok-cloud\frontend\src\contexts\ThemeContext.tsx:18:63)

    [0m [90m 71 |[39m     [36mconst[39m message [33m=[39m 
args[[35m0[39m][33m?[39m[33m.[39mtoString() [33m||[39m [32m''[39m[33m;[39m
     [90m 72 |[39m     [36mif[39m (message[33m.[39mincludes([32m'Warning:'[39m) [33m||[39m 
(message[33m.[39mincludes([32m'Error:'[39m) [33m&&[39m 
[33m![39mmessage[33m.[39mincludes([32m'Failed to'[39m))) {
    [31m[1m>[22m[39m[90m 73 |[39m       originalError([33m...[39margs)[33m;[39m
     [90m    |[39m       [31m[1m^[22m[39m
     [90m 74 |[39m     }
     [90m 75 |[39m   })[33m;[39m
     [90m 76 |[39m   [0m

      at console.<anonymous> (src/test/setup.ts:73:7)
      at printWarning (node_modules/react-dom/cjs/react-dom.development.js:86:30)
      at error (node_modules/react-dom/cjs/react-dom.development.js:60:7)
      at warnIfUpdatesNotWrappedWithActDEV 
(node_modules/react-dom/cjs/react-dom.development.js:27628:9)
      at scheduleUpdateOnFiber (node_modules/react-dom/cjs/react-dom.development.js:25547:5)
      at dispatchSetState (node_modules/react-dom/cjs/react-dom.development.js:16708:7)
      at Object.addFlag (node_modules/@headlessui/react/dist/headlessui.dev.cjs:6852:7)
      at enter (node_modules/@headlessui/react/dist/headlessui.dev.cjs:8178:30)
      at match (node_modules/@headlessui/react/dist/headlessui.dev.cjs:1013:48)
      at Object.current (node_modules/@headlessui/react/dist/headlessui.dev.cjs:8176:12)
      at node_modules/@headlessui/react/dist/headlessui.dev.cjs:829:65
      at node_modules/@headlessui/react/dist/headlessui.dev.cjs:8055:106

    console.error
      Warning: An update to TransitionRootFn inside a test was not wrapped in act(...).
      
      When testing, code that causes React state updates should be wrapped into act(...):
      
      act(() => {
        /* fire events that update state */
      });
      /* assert on the output */
      
      This ensures that you're testing the behavior the user would see in the browser. Learn more at 
https://reactjs.org/link/wrap-tests-with-act
          at TransitionRootFn 
(E:\repos\blulok-cloud\frontend\node_modules\@headlessui\react\dist\headlessui.dev.cjs:8258:9)
          at FMSChangeReviewModal 
(E:\repos\blulok-cloud\frontend\src\components\FMS\FMSChangeReviewModal.tsx:73:3)
          at FMSSyncProvider (E:\repos\blulok-cloud\frontend\src\contexts\FMSSyncContext.tsx:52:35)
          at WebSocketProvider 
(E:\repos\blulok-cloud\frontend\src\contexts\WebSocketContext.tsx:24:71)
          at ToastProvider (E:\repos\blulok-cloud\frontend\src\contexts\ToastContext.tsx:10:63)
          at ThemeProvider (E:\repos\blulok-cloud\frontend\src\contexts\ThemeContext.tsx:18:63)

    [0m [90m 71 |[39m     [36mconst[39m message [33m=[39m 
args[[35m0[39m][33m?[39m[33m.[39mtoString() [33m||[39m [32m''[39m[33m;[39m
     [90m 72 |[39m     [36mif[39m (message[33m.[39mincludes([32m'Warning:'[39m) [33m||[39m 
(message[33m.[39mincludes([32m'Error:'[39m) [33m&&[39m 
[33m![39mmessage[33m.[39mincludes([32m'Failed to'[39m))) {
    [31m[1m>[22m[39m[90m 73 |[39m       originalError([33m...[39margs)[33m;[39m
     [90m    |[39m       [31m[1m^[22m[39m
     [90m 74 |[39m     }
     [90m 75 |[39m   })[33m;[39m
     [90m 76 |[39m   [0m

      at console.<anonymous> (src/test/setup.ts:73:7)
      at printWarning (node_modules/react-dom/cjs/react-dom.development.js:86:30)
      at error (node_modules/react-dom/cjs/react-dom.development.js:60:7)
      at warnIfUpdatesNotWrappedWithActDEV 
(node_modules/react-dom/cjs/react-dom.development.js:27628:9)
      at scheduleUpdateOnFiber (node_modules/react-dom/cjs/react-dom.development.js:25547:5)
      at dispatchSetState (node_modules/react-dom/cjs/react-dom.development.js:16708:7)
      at Object.current (node_modules/@headlessui/react/dist/headlessui.dev.cjs:8307:7)
      at Object.beforeEnter (node_modules/@headlessui/react/dist/headlessui.dev.cjs:829:65)
      at enter (node_modules/@headlessui/react/dist/headlessui.dev.cjs:8179:24)
      at match (node_modules/@headlessui/react/dist/headlessui.dev.cjs:1013:48)
      at Object.current (node_modules/@headlessui/react/dist/headlessui.dev.cjs:8176:12)
      at node_modules/@headlessui/react/dist/headlessui.dev.cjs:829:65
      at node_modules/@headlessui/react/dist/headlessui.dev.cjs:8055:106

    console.error
      Warning: An update to TransitionChildFn inside a test was not wrapped in act(...).
      
      When testing, code that causes React state updates should be wrapped into act(...):
      
      act(() => {
        /* fire events that update state */
      });
      /* assert on the output */
      
      This ensures that you're testing the behavior the user would see in the browser. Learn more at 
https://reactjs.org/link/wrap-tests-with-act
          at TransitionChildFn 
(E:\repos\blulok-cloud\frontend\node_modules\@headlessui\react\dist\headlessui.dev.cjs:8106:5)
          at ChildFn 
(E:\repos\blulok-cloud\frontend\node_modules\@headlessui\react\dist\headlessui.dev.cjs:8339:60)
          at div
          at PortalWrapper 
(E:\repos\blulok-cloud\frontend\node_modules\@headlessui\react\dist\headlessui.dev.cjs:3598:39)
          at div
          at FocusTrapFn 
(E:\repos\blulok-cloud\frontend\node_modules\@headlessui\react\dist\headlessui.dev.cjs:3233:45)
          at DescriptionProvider 
(E:\repos\blulok-cloud\frontend\node_modules\@headlessui\react\dist\headlessui.dev.cjs:4091:24)
          at ForcePortalRoot 
(E:\repos\blulok-cloud\frontend\node_modules\@headlessui\react\dist\headlessui.dev.cjs:3464:111)
          at GroupFn 
(E:\repos\blulok-cloud\frontend\node_modules\@headlessui\react\dist\headlessui.dev.cjs:3564:9)
          at PortalFn 
(E:\repos\blulok-cloud\frontend\node_modules\@headlessui\react\dist\headlessui.dev.cjs:3505:57)
          at ForcePortalRoot 
(E:\repos\blulok-cloud\frontend\node_modules\@headlessui\react\dist\headlessui.dev.cjs:3464:111)
          at StackProvider 
(E:\repos\blulok-cloud\frontend\node_modules\@headlessui\react\dist\headlessui.dev.cjs:4047:3)
          at DialogFn 
(E:\repos\blulok-cloud\frontend\node_modules\@headlessui\react\dist\headlessui.dev.cjs:4165:20)
          at OpenClosedProvider 
(E:\repos\blulok-cloud\frontend\node_modules\@headlessui\react\dist\headlessui.dev.cjs:1780:31)
          at TransitionChildFn 
(E:\repos\blulok-cloud\frontend\node_modules\@headlessui\react\dist\headlessui.dev.cjs:8106:5)
          at TransitionRootFn 
(E:\repos\blulok-cloud\frontend\node_modules\@headlessui\react\dist\headlessui.dev.cjs:8258:9)
          at FMSChangeReviewModal 
(E:\repos\blulok-cloud\frontend\src\components\FMS\FMSChangeReviewModal.tsx:73:3)
          at FMSSyncProvider (E:\repos\blulok-cloud\frontend\src\contexts\FMSSyncContext.tsx:52:35)
          at WebSocketProvider 
(E:\repos\blulok-cloud\frontend\src\contexts\WebSocketContext.tsx:24:71)
          at ToastProvider (E:\repos\blulok-cloud\frontend\src\contexts\ToastContext.tsx:10:63)
          at ThemeProvider (E:\repos\blulok-cloud\frontend\src\contexts\ThemeContext.tsx:18:63)

    [0m [90m 71 |[39m     [36mconst[39m message [33m=[39m 
args[[35m0[39m][33m?[39m[33m.[39mtoString() [33m||[39m [32m''[39m[33m;[39m
     [90m 72 |[39m     [36mif[39m (message[33m.[39mincludes([32m'Warning:'[39m) [33m||[39m 
(message[33m.[39mincludes([32m'Error:'[39m) [33m&&[39m 
[33m![39mmessage[33m.[39mincludes([32m'Failed to'[39m))) {
    [31m[1m>[22m[39m[90m 73 |[39m       originalError([33m...[39margs)[33m;[39m
     [90m    |[39m       [31m[1m^[22m[39m
     [90m 74 |[39m     }
     [90m 75 |[39m   })[33m;[39m
     [90m 76 |[39m   [0m

      at console.<anonymous> (src/test/setup.ts:73:7)
      at printWarning (node_modules/react-dom/cjs/react-dom.development.js:86:30)
      at error (node_modules/react-dom/cjs/react-dom.development.js:60:7)
      at warnIfUpdatesNotWrappedWithActDEV 
(node_modules/react-dom/cjs/react-dom.development.js:27628:9)
      at scheduleUpdateOnFiber (node_modules/react-dom/cjs/react-dom.development.js:25547:5)
      at dispatchSetState (node_modules/react-dom/cjs/react-dom.development.js:16708:7)
      at Object.addFlag (node_modules/@headlessui/react/dist/headlessui.dev.cjs:6852:7)
      at enter (node_modules/@headlessui/react/dist/headlessui.dev.cjs:8178:30)
      at match (node_modules/@headlessui/react/dist/headlessui.dev.cjs:1013:48)
      at Object.current (node_modules/@headlessui/react/dist/headlessui.dev.cjs:8176:12)
      at node_modules/@headlessui/react/dist/headlessui.dev.cjs:829:65
      at node_modules/@headlessui/react/dist/headlessui.dev.cjs:8055:106

    console.error
      Warning: An update to TransitionChildFn inside a test was not wrapped in act(...).
      
      When testing, code that causes React state updates should be wrapped into act(...):
      
      act(() => {
        /* fire events that update state */
      });
      /* assert on the output */
      
      This ensures that you're testing the behavior the user would see in the browser. Learn more at 
https://reactjs.org/link/wrap-tests-with-act
          at TransitionChildFn 
(E:\repos\blulok-cloud\frontend\node_modules\@headlessui\react\dist\headlessui.dev.cjs:8106:5)
          at ChildFn 
(E:\repos\blulok-cloud\frontend\node_modules\@headlessui\react\dist\headlessui.dev.cjs:8339:60)
          at div
          at div
          at div
          at PortalWrapper 
(E:\repos\blulok-cloud\frontend\node_modules\@headlessui\react\dist\headlessui.dev.cjs:3598:39)
          at div
          at FocusTrapFn 
(E:\repos\blulok-cloud\frontend\node_modules\@headlessui\react\dist\headlessui.dev.cjs:3233:45)
          at DescriptionProvider 
(E:\repos\blulok-cloud\frontend\node_modules\@headlessui\react\dist\headlessui.dev.cjs:4091:24)
          at ForcePortalRoot 
(E:\repos\blulok-cloud\frontend\node_modules\@headlessui\react\dist\headlessui.dev.cjs:3464:111)
          at GroupFn 
(E:\repos\blulok-cloud\frontend\node_modules\@headlessui\react\dist\headlessui.dev.cjs:3564:9)
          at PortalFn 
(E:\repos\blulok-cloud\frontend\node_modules\@headlessui\react\dist\headlessui.dev.cjs:3505:57)
          at ForcePortalRoot 
(E:\repos\blulok-cloud\frontend\node_modules\@headlessui\react\dist\headlessui.dev.cjs:3464:111)
          at StackProvider 
(E:\repos\blulok-cloud\frontend\node_modules\@headlessui\react\dist\headlessui.dev.cjs:4047:3)
          at DialogFn 
(E:\repos\blulok-cloud\frontend\node_modules\@headlessui\react\dist\headlessui.dev.cjs:4165:20)
          at OpenClosedProvider 
(E:\repos\blulok-cloud\frontend\node_modules\@headlessui\react\dist\headlessui.dev.cjs:1780:31)
          at TransitionChildFn 
(E:\repos\blulok-cloud\frontend\node_modules\@headlessui\react\dist\headlessui.dev.cjs:8106:5)
          at TransitionRootFn 
(E:\repos\blulok-cloud\frontend\node_modules\@headlessui\react\dist\headlessui.dev.cjs:8258:9)
          at FMSChangeReviewModal 
(E:\repos\blulok-cloud\frontend\src\components\FMS\FMSChangeReviewModal.tsx:73:3)
          at FMSSyncProvider (E:\repos\blulok-cloud\frontend\src\contexts\FMSSyncContext.tsx:52:35)
          at WebSocketProvider 
(E:\repos\blulok-cloud\frontend\src\contexts\WebSocketContext.tsx:24:71)
          at ToastProvider (E:\repos\blulok-cloud\frontend\src\contexts\ToastContext.tsx:10:63)
          at ThemeProvider (E:\repos\blulok-cloud\frontend\src\contexts\ThemeContext.tsx:18:63)

    [0m [90m 71 |[39m     [36mconst[39m message [33m=[39m 
args[[35m0[39m][33m?[39m[33m.[39mtoString() [33m||[39m [32m''[39m[33m;[39m
     [90m 72 |[39m     [36mif[39m (message[33m.[39mincludes([32m'Warning:'[39m) [33m||[39m 
(message[33m.[39mincludes([32m'Error:'[39m) [33m&&[39m 
[33m![39mmessage[33m.[39mincludes([32m'Failed to'[39m))) {
    [31m[1m>[22m[39m[90m 73 |[39m       originalError([33m...[39margs)[33m;[39m
     [90m    |[39m       [31m[1m^[22m[39m
     [90m 74 |[39m     }
     [90m 75 |[39m   })[33m;[39m
     [90m 76 |[39m   [0m

      at console.<anonymous> (src/test/setup.ts:73:7)
      at printWarning (node_modules/react-dom/cjs/react-dom.development.js:86:30)
      at error (node_modules/react-dom/cjs/react-dom.development.js:60:7)
      at warnIfUpdatesNotWrappedWithActDEV 
(node_modules/react-dom/cjs/react-dom.development.js:27628:9)
      at scheduleUpdateOnFiber (node_modules/react-dom/cjs/react-dom.development.js:25547:5)
      at dispatchSetState (node_modules/react-dom/cjs/react-dom.development.js:16708:7)
      at Object.addFlag (node_modules/@headlessui/react/dist/headlessui.dev.cjs:6852:7)
      at enter (node_modules/@headlessui/react/dist/headlessui.dev.cjs:8178:30)
      at match (node_modules/@headlessui/react/dist/headlessui.dev.cjs:1013:48)
      at Object.current (node_modules/@headlessui/react/dist/headlessui.dev.cjs:8176:12)
      at node_modules/@headlessui/react/dist/headlessui.dev.cjs:829:65
      at node_modules/@headlessui/react/dist/headlessui.dev.cjs:8055:106

    console.error
      Warning: An update to TransitionChildFn inside a test was not wrapped in act(...).
      
      When testing, code that causes React state updates should be wrapped into act(...):
      
      act(() => {
        /* fire events that update state */
      });
      /* assert on the output */
      
      This ensures that you're testing the behavior the user would see in the browser. Learn more at 
https://reactjs.org/link/wrap-tests-with-act
          at TransitionChildFn 
(E:\repos\blulok-cloud\frontend\node_modules\@headlessui\react\dist\headlessui.dev.cjs:8106:5)
          at TransitionRootFn 
(E:\repos\blulok-cloud\frontend\node_modules\@headlessui\react\dist\headlessui.dev.cjs:8258:9)
          at FMSChangeReviewModal 
(E:\repos\blulok-cloud\frontend\src\components\FMS\FMSChangeReviewModal.tsx:73:3)
          at FMSSyncProvider (E:\repos\blulok-cloud\frontend\src\contexts\FMSSyncContext.tsx:52:35)
          at WebSocketProvider 
(E:\repos\blulok-cloud\frontend\src\contexts\WebSocketContext.tsx:24:71)
          at ToastProvider (E:\repos\blulok-cloud\frontend\src\contexts\ToastContext.tsx:10:63)
          at ThemeProvider (E:\repos\blulok-cloud\frontend\src\contexts\ThemeContext.tsx:18:63)

    [0m [90m 71 |[39m     [36mconst[39m message [33m=[39m 
args[[35m0[39m][33m?[39m[33m.[39mtoString() [33m||[39m [32m''[39m[33m;[39m
     [90m 72 |[39m     [36mif[39m (message[33m.[39mincludes([32m'Warning:'[39m) [33m||[39m 
(message[33m.[39mincludes([32m'Error:'[39m) [33m&&[39m 
[33m![39mmessage[33m.[39mincludes([32m'Failed to'[39m))) {
    [31m[1m>[22m[39m[90m 73 |[39m       originalError([33m...[39margs)[33m;[39m
     [90m    |[39m       [31m[1m^[22m[39m
     [90m 74 |[39m     }
     [90m 75 |[39m   })[33m;[39m
     [90m 76 |[39m   [0m

      at console.<anonymous> (src/test/setup.ts:73:7)
      at printWarning (node_modules/react-dom/cjs/react-dom.development.js:86:30)
      at error (node_modules/react-dom/cjs/react-dom.development.js:60:7)
      at warnIfUpdatesNotWrappedWithActDEV 
(node_modules/react-dom/cjs/react-dom.development.js:27628:9)
      at scheduleUpdateOnFiber (node_modules/react-dom/cjs/react-dom.development.js:25547:5)
      at dispatchSetState (node_modules/react-dom/cjs/react-dom.development.js:16708:7)
      at Object.addFlag (node_modules/@headlessui/react/dist/headlessui.dev.cjs:6852:7)
      at enter (node_modules/@headlessui/react/dist/headlessui.dev.cjs:8178:30)
      at match (node_modules/@headlessui/react/dist/headlessui.dev.cjs:1013:48)
      at Object.current (node_modules/@headlessui/react/dist/headlessui.dev.cjs:8176:12)
      at node_modules/@headlessui/react/dist/headlessui.dev.cjs:829:65
      at node_modules/@headlessui/react/dist/headlessui.dev.cjs:8055:106

    console.error
      Warning: An update to TransitionRootFn inside a test was not wrapped in act(...).
      
      When testing, code that causes React state updates should be wrapped into act(...):
      
      act(() => {
        /* fire events that update state */
      });
      /* assert on the output */
      
      This ensures that you're testing the behavior the user would see in the browser. Learn more at 
https://reactjs.org/link/wrap-tests-with-act
          at TransitionRootFn 
(E:\repos\blulok-cloud\frontend\node_modules\@headlessui\react\dist\headlessui.dev.cjs:8258:9)
          at FMSChangeReviewModal 
(E:\repos\blulok-cloud\frontend\src\components\FMS\FMSChangeReviewModal.tsx:73:3)
          at FMSSyncProvider (E:\repos\blulok-cloud\frontend\src\contexts\FMSSyncContext.tsx:52:35)
          at WebSocketProvider 
(E:\repos\blulok-cloud\frontend\src\contexts\WebSocketContext.tsx:24:71)
          at ToastProvider (E:\repos\blulok-cloud\frontend\src\contexts\ToastContext.tsx:10:63)
          at ThemeProvider (E:\repos\blulok-cloud\frontend\src\contexts\ThemeContext.tsx:18:63)

    [0m [90m 71 |[39m     [36mconst[39m message [33m=[39m 
args[[35m0[39m][33m?[39m[33m.[39mtoString() [33m||[39m [32m''[39m[33m;[39m
     [90m 72 |[39m     [36mif[39m (message[33m.[39mincludes([32m'Warning:'[39m) [33m||[39m 
(message[33m.[39mincludes([32m'Error:'[39m) [33m&&[39m 
[33m![39mmessage[33m.[39mincludes([32m'Failed to'[39m))) {
    [31m[1m>[22m[39m[90m 73 |[39m       originalError([33m...[39margs)[33m;[39m
     [90m    |[39m       [31m[1m^[22m[39m
     [90m 74 |[39m     }
     [90m 75 |[39m   })[33m;[39m
     [90m 76 |[39m   [0m

      at console.<anonymous> (src/test/setup.ts:73:7)
      at printWarning (node_modules/react-dom/cjs/react-dom.development.js:86:30)
      at error (node_modules/react-dom/cjs/react-dom.development.js:60:7)
      at warnIfUpdatesNotWrappedWithActDEV 
(node_modules/react-dom/cjs/react-dom.development.js:27628:9)
      at scheduleUpdateOnFiber (node_modules/react-dom/cjs/react-dom.development.js:25547:5)
      at dispatchSetState (node_modules/react-dom/cjs/react-dom.development.js:16708:7)
      at Object.current (node_modules/@headlessui/react/dist/headlessui.dev.cjs:8307:7)
      at Object.beforeEnter (node_modules/@headlessui/react/dist/headlessui.dev.cjs:829:65)
      at enter (node_modules/@headlessui/react/dist/headlessui.dev.cjs:8179:24)
      at match (node_modules/@headlessui/react/dist/headlessui.dev.cjs:1013:48)
      at Object.current (node_modules/@headlessui/react/dist/headlessui.dev.cjs:8176:12)
      at node_modules/@headlessui/react/dist/headlessui.dev.cjs:829:65
      at node_modules/@headlessui/react/dist/headlessui.dev.cjs:8055:106

    console.error
      Warning: An update to TransitionChildFn inside a test was not wrapped in act(...).
      
      When testing, code that causes React state updates should be wrapped into act(...):
      
      act(() => {
        /* fire events that update state */
      });
      /* assert on the output */
      
      This ensures that you're testing the behavior the user would see in the browser. Learn more at 
https://reactjs.org/link/wrap-tests-with-act
          at TransitionChildFn 
(E:\repos\blulok-cloud\frontend\node_modules\@headlessui\react\dist\headlessui.dev.cjs:8106:5)
          at ChildFn 
(E:\repos\blulok-cloud\frontend\node_modules\@headlessui\react\dist\headlessui.dev.cjs:8339:60)
          at div
          at PortalWrapper 
(E:\repos\blulok-cloud\frontend\node_modules\@headlessui\react\dist\headlessui.dev.cjs:3598:39)
          at div
          at FocusTrapFn 
(E:\repos\blulok-cloud\frontend\node_modules\@headlessui\react\dist\headlessui.dev.cjs:3233:45)
          at DescriptionProvider 
(E:\repos\blulok-cloud\frontend\node_modules\@headlessui\react\dist\headlessui.dev.cjs:4091:24)
          at ForcePortalRoot 
(E:\repos\blulok-cloud\frontend\node_modules\@headlessui\react\dist\headlessui.dev.cjs:3464:111)
          at GroupFn 
(E:\repos\blulok-cloud\frontend\node_modules\@headlessui\react\dist\headlessui.dev.cjs:3564:9)
          at PortalFn 
(E:\repos\blulok-cloud\frontend\node_modules\@headlessui\react\dist\headlessui.dev.cjs:3505:57)
          at ForcePortalRoot 
(E:\repos\blulok-cloud\frontend\node_modules\@headlessui\react\dist\headlessui.dev.cjs:3464:111)
          at StackProvider 
(E:\repos\blulok-cloud\frontend\node_modules\@headlessui\react\dist\headlessui.dev.cjs:4047:3)
          at DialogFn 
(E:\repos\blulok-cloud\frontend\node_modules\@headlessui\react\dist\headlessui.dev.cjs:4165:20)
          at OpenClosedProvider 
(E:\repos\blulok-cloud\frontend\node_modules\@headlessui\react\dist\headlessui.dev.cjs:1780:31)
          at TransitionChildFn 
(E:\repos\blulok-cloud\frontend\node_modules\@headlessui\react\dist\headlessui.dev.cjs:8106:5)
          at TransitionRootFn 
(E:\repos\blulok-cloud\frontend\node_modules\@headlessui\react\dist\headlessui.dev.cjs:8258:9)
          at FMSChangeReviewModal 
(E:\repos\blulok-cloud\frontend\src\components\FMS\FMSChangeReviewModal.tsx:73:3)
          at FMSSyncProvider (E:\repos\blulok-cloud\frontend\src\contexts\FMSSyncContext.tsx:52:35)
          at WebSocketProvider 
(E:\repos\blulok-cloud\frontend\src\contexts\WebSocketContext.tsx:24:71)
          at ToastProvider (E:\repos\blulok-cloud\frontend\src\contexts\ToastContext.tsx:10:63)
          at ThemeProvider (E:\repos\blulok-cloud\frontend\src\contexts\ThemeContext.tsx:18:63)

    [0m [90m 71 |[39m     [36mconst[39m message [33m=[39m 
args[[35m0[39m][33m?[39m[33m.[39mtoString() [33m||[39m [32m''[39m[33m;[39m
     [90m 72 |[39m     [36mif[39m (message[33m.[39mincludes([32m'Warning:'[39m) [33m||[39m 
(message[33m.[39mincludes([32m'Error:'[39m) [33m&&[39m 
[33m![39mmessage[33m.[39mincludes([32m'Failed to'[39m))) {
    [31m[1m>[22m[39m[90m 73 |[39m       originalError([33m...[39margs)[33m;[39m
     [90m    |[39m       [31m[1m^[22m[39m
     [90m 74 |[39m     }
     [90m 75 |[39m   })[33m;[39m
     [90m 76 |[39m   [0m

      at console.<anonymous> (src/test/setup.ts:73:7)
      at printWarning (node_modules/react-dom/cjs/react-dom.development.js:86:30)
      at error (node_modules/react-dom/cjs/react-dom.development.js:60:7)
      at warnIfUpdatesNotWrappedWithActDEV 
(node_modules/react-dom/cjs/react-dom.development.js:27628:9)
      at scheduleUpdateOnFiber (node_modules/react-dom/cjs/react-dom.development.js:25547:5)
      at dispatchSetState (node_modules/react-dom/cjs/react-dom.development.js:16708:7)
      at Object.addFlag (node_modules/@headlessui/react/dist/headlessui.dev.cjs:6852:7)
      at enter (node_modules/@headlessui/react/dist/headlessui.dev.cjs:8178:30)
      at match (node_modules/@headlessui/react/dist/headlessui.dev.cjs:1013:48)
      at Object.current (node_modules/@headlessui/react/dist/headlessui.dev.cjs:8176:12)
      at node_modules/@headlessui/react/dist/headlessui.dev.cjs:829:65
      at node_modules/@headlessui/react/dist/headlessui.dev.cjs:8055:106

    console.error
      Warning: An update to TransitionChildFn inside a test was not wrapped in act(...).
      
      When testing, code that causes React state updates should be wrapped into act(...):
      
      act(() => {
        /* fire events that update state */
      });
      /* assert on the output */
      
      This ensures that you're testing the behavior the user would see in the browser. Learn more at 
https://reactjs.org/link/wrap-tests-with-act
          at TransitionChildFn 
(E:\repos\blulok-cloud\frontend\node_modules\@headlessui\react\dist\headlessui.dev.cjs:8106:5)
          at ChildFn 
(E:\repos\blulok-cloud\frontend\node_modules\@headlessui\react\dist\headlessui.dev.cjs:8339:60)
          at div
          at div
          at div
          at PortalWrapper 
(E:\repos\blulok-cloud\frontend\node_modules\@headlessui\react\dist\headlessui.dev.cjs:3598:39)
          at div
          at FocusTrapFn 
(E:\repos\blulok-cloud\frontend\node_modules\@headlessui\react\dist\headlessui.dev.cjs:3233:45)
          at DescriptionProvider 
(E:\repos\blulok-cloud\frontend\node_modules\@headlessui\react\dist\headlessui.dev.cjs:4091:24)
          at ForcePortalRoot 
(E:\repos\blulok-cloud\frontend\node_modules\@headlessui\react\dist\headlessui.dev.cjs:3464:111)
          at GroupFn 
(E:\repos\blulok-cloud\frontend\node_modules\@headlessui\react\dist\headlessui.dev.cjs:3564:9)
          at PortalFn 
(E:\repos\blulok-cloud\frontend\node_modules\@headlessui\react\dist\headlessui.dev.cjs:3505:57)
          at ForcePortalRoot 
(E:\repos\blulok-cloud\frontend\node_modules\@headlessui\react\dist\headlessui.dev.cjs:3464:111)
          at StackProvider 
(E:\repos\blulok-cloud\frontend\node_modules\@headlessui\react\dist\headlessui.dev.cjs:4047:3)
          at DialogFn 
(E:\repos\blulok-cloud\frontend\node_modules\@headlessui\react\dist\headlessui.dev.cjs:4165:20)
          at OpenClosedProvider 
(E:\repos\blulok-cloud\frontend\node_modules\@headlessui\react\dist\headlessui.dev.cjs:1780:31)
          at TransitionChildFn 
(E:\repos\blulok-cloud\frontend\node_modules\@headlessui\react\dist\headlessui.dev.cjs:8106:5)
          at TransitionRootFn 
(E:\repos\blulok-cloud\frontend\node_modules\@headlessui\react\dist\headlessui.dev.cjs:8258:9)
          at FMSChangeReviewModal 
(E:\repos\blulok-cloud\frontend\src\components\FMS\FMSChangeReviewModal.tsx:73:3)
          at FMSSyncProvider (E:\repos\blulok-cloud\frontend\src\contexts\FMSSyncContext.tsx:52:35)
          at WebSocketProvider 
(E:\repos\blulok-cloud\frontend\src\contexts\WebSocketContext.tsx:24:71)
          at ToastProvider (E:\repos\blulok-cloud\frontend\src\contexts\ToastContext.tsx:10:63)
          at ThemeProvider (E:\repos\blulok-cloud\frontend\src\contexts\ThemeContext.tsx:18:63)

    [0m [90m 71 |[39m     [36mconst[39m message [33m=[39m 
args[[35m0[39m][33m?[39m[33m.[39mtoString() [33m||[39m [32m''[39m[33m;[39m
     [90m 72 |[39m     [36mif[39m (message[33m.[39mincludes([32m'Warning:'[39m) [33m||[39m 
(message[33m.[39mincludes([32m'Error:'[39m) [33m&&[39m 
[33m![39mmessage[33m.[39mincludes([32m'Failed to'[39m))) {
    [31m[1m>[22m[39m[90m 73 |[39m       originalError([33m...[39margs)[33m;[39m
     [90m    |[39m       [31m[1m^[22m[39m
     [90m 74 |[39m     }
     [90m 75 |[39m   })[33m;[39m
     [90m 76 |[39m   [0m

      at console.<anonymous> (src/test/setup.ts:73:7)
      at printWarning (node_modules/react-dom/cjs/react-dom.development.js:86:30)
      at error (node_modules/react-dom/cjs/react-dom.development.js:60:7)
      at warnIfUpdatesNotWrappedWithActDEV 
(node_modules/react-dom/cjs/react-dom.development.js:27628:9)
      at scheduleUpdateOnFiber (node_modules/react-dom/cjs/react-dom.development.js:25547:5)
      at dispatchSetState (node_modules/react-dom/cjs/react-dom.development.js:16708:7)
      at Object.addFlag (node_modules/@headlessui/react/dist/headlessui.dev.cjs:6852:7)
      at enter (node_modules/@headlessui/react/dist/headlessui.dev.cjs:8178:30)
      at match (node_modules/@headlessui/react/dist/headlessui.dev.cjs:1013:48)
      at Object.current (node_modules/@headlessui/react/dist/headlessui.dev.cjs:8176:12)
      at node_modules/@headlessui/react/dist/headlessui.dev.cjs:829:65
      at node_modules/@headlessui/react/dist/headlessui.dev.cjs:8055:106

    console.error
      Warning: An update to TransitionChildFn inside a test was not wrapped in act(...).
      
      When testing, code that causes React state updates should be wrapped into act(...):
      
      act(() => {
        /* fire events that update state */
      });
      /* assert on the output */
      
      This ensures that you're testing the behavior the user would see in the browser. Learn more at 
https://reactjs.org/link/wrap-tests-with-act
          at TransitionChildFn 
(E:\repos\blulok-cloud\frontend\node_modules\@headlessui\react\dist\headlessui.dev.cjs:8106:5)
          at TransitionRootFn 
(E:\repos\blulok-cloud\frontend\node_modules\@headlessui\react\dist\headlessui.dev.cjs:8258:9)
          at FMSChangeReviewModal 
(E:\repos\blulok-cloud\frontend\src\components\FMS\FMSChangeReviewModal.tsx:73:3)
          at FMSSyncProvider (E:\repos\blulok-cloud\frontend\src\contexts\FMSSyncContext.tsx:52:35)
          at WebSocketProvider 
(E:\repos\blulok-cloud\frontend\src\contexts\WebSocketContext.tsx:24:71)
          at ToastProvider (E:\repos\blulok-cloud\frontend\src\contexts\ToastContext.tsx:10:63)
          at ThemeProvider (E:\repos\blulok-cloud\frontend\src\contexts\ThemeContext.tsx:18:63)

    [0m [90m 71 |[39m     [36mconst[39m message [33m=[39m 
args[[35m0[39m][33m?[39m[33m.[39mtoString() [33m||[39m [32m''[39m[33m;[39m
     [90m 72 |[39m     [36mif[39m (message[33m.[39mincludes([32m'Warning:'[39m) [33m||[39m 
(message[33m.[39mincludes([32m'Error:'[39m) [33m&&[39m 
[33m![39mmessage[33m.[39mincludes([32m'Failed to'[39m))) {
    [31m[1m>[22m[39m[90m 73 |[39m       originalError([33m...[39margs)[33m;[39m
     [90m    |[39m       [31m[1m^[22m[39m
     [90m 74 |[39m     }
     [90m 75 |[39m   })[33m;[39m
     [90m 76 |[39m   [0m

      at console.<anonymous> (src/test/setup.ts:73:7)
      at printWarning (node_modules/react-dom/cjs/react-dom.development.js:86:30)
      at error (node_modules/react-dom/cjs/react-dom.development.js:60:7)
      at warnIfUpdatesNotWrappedWithActDEV 
(node_modules/react-dom/cjs/react-dom.development.js:27628:9)
      at scheduleUpdateOnFiber (node_modules/react-dom/cjs/react-dom.development.js:25547:5)
      at dispatchSetState (node_modules/react-dom/cjs/react-dom.development.js:16708:7)
      at Object.addFlag (node_modules/@headlessui/react/dist/headlessui.dev.cjs:6852:7)
      at enter (node_modules/@headlessui/react/dist/headlessui.dev.cjs:8178:30)
      at match (node_modules/@headlessui/react/dist/headlessui.dev.cjs:1013:48)
      at Object.current (node_modules/@headlessui/react/dist/headlessui.dev.cjs:8176:12)
      at node_modules/@headlessui/react/dist/headlessui.dev.cjs:829:65
      at node_modules/@headlessui/react/dist/headlessui.dev.cjs:8055:106

    console.error
      Warning: An update to TransitionRootFn inside a test was not wrapped in act(...).
      
      When testing, code that causes React state updates should be wrapped into act(...):
      
      act(() => {
        /* fire events that update state */
      });
      /* assert on the output */
      
      This ensures that you're testing the behavior the user would see in the browser. Learn more at 
https://reactjs.org/link/wrap-tests-with-act
          at TransitionRootFn 
(E:\repos\blulok-cloud\frontend\node_modules\@headlessui\react\dist\headlessui.dev.cjs:8258:9)
          at FMSChangeReviewModal 
(E:\repos\blulok-cloud\frontend\src\components\FMS\FMSChangeReviewModal.tsx:73:3)
          at FMSSyncProvider (E:\repos\blulok-cloud\frontend\src\contexts\FMSSyncContext.tsx:52:35)
          at WebSocketProvider 
(E:\repos\blulok-cloud\frontend\src\contexts\WebSocketContext.tsx:24:71)
          at ToastProvider (E:\repos\blulok-cloud\frontend\src\contexts\ToastContext.tsx:10:63)
          at ThemeProvider (E:\repos\blulok-cloud\frontend\src\contexts\ThemeContext.tsx:18:63)

    [0m [90m 71 |[39m     [36mconst[39m message [33m=[39m 
args[[35m0[39m][33m?[39m[33m.[39mtoString() [33m||[39m [32m''[39m[33m;[39m
     [90m 72 |[39m     [36mif[39m (message[33m.[39mincludes([32m'Warning:'[39m) [33m||[39m 
(message[33m.[39mincludes([32m'Error:'[39m) [33m&&[39m 
[33m![39mmessage[33m.[39mincludes([32m'Failed to'[39m))) {
    [31m[1m>[22m[39m[90m 73 |[39m       originalError([33m...[39margs)[33m;[39m
     [90m    |[39m       [31m[1m^[22m[39m
     [90m 74 |[39m     }
     [90m 75 |[39m   })[33m;[39m
     [90m 76 |[39m   [0m

      at console.<anonymous> (src/test/setup.ts:73:7)
      at printWarning (node_modules/react-dom/cjs/react-dom.development.js:86:30)
      at error (node_modules/react-dom/cjs/react-dom.development.js:60:7)
      at warnIfUpdatesNotWrappedWithActDEV 
(node_modules/react-dom/cjs/react-dom.development.js:27628:9)
      at scheduleUpdateOnFiber (node_modules/react-dom/cjs/react-dom.development.js:25547:5)
      at dispatchSetState (node_modules/react-dom/cjs/react-dom.development.js:16708:7)
      at Object.current (node_modules/@headlessui/react/dist/headlessui.dev.cjs:8307:7)
      at Object.beforeEnter (node_modules/@headlessui/react/dist/headlessui.dev.cjs:829:65)
      at enter (node_modules/@headlessui/react/dist/headlessui.dev.cjs:8179:24)
      at match (node_modules/@headlessui/react/dist/headlessui.dev.cjs:1013:48)
      at Object.current (node_modules/@headlessui/react/dist/headlessui.dev.cjs:8176:12)
      at node_modules/@headlessui/react/dist/headlessui.dev.cjs:829:65
      at node_modules/@headlessui/react/dist/headlessui.dev.cjs:8055:106

    console.error
      Warning: An update to TransitionChildFn inside a test was not wrapped in act(...).
      
      When testing, code that causes React state updates should be wrapped into act(...):
      
      act(() => {
        /* fire events that update state */
      });
      /* assert on the output */
      
      This ensures that you're testing the behavior the user would see in the browser. Learn more at 
https://reactjs.org/link/wrap-tests-with-act
          at TransitionChildFn 
(E:\repos\blulok-cloud\frontend\node_modules\@headlessui\react\dist\headlessui.dev.cjs:8106:5)
          at ChildFn 
(E:\repos\blulok-cloud\frontend\node_modules\@headlessui\react\dist\headlessui.dev.cjs:8339:60)
          at div
          at PortalWrapper 
(E:\repos\blulok-cloud\frontend\node_modules\@headlessui\react\dist\headlessui.dev.cjs:3598:39)
          at div
          at FocusTrapFn 
(E:\repos\blulok-cloud\frontend\node_modules\@headlessui\react\dist\headlessui.dev.cjs:3233:45)
          at DescriptionProvider 
(E:\repos\blulok-cloud\frontend\node_modules\@headlessui\react\dist\headlessui.dev.cjs:4091:24)
          at ForcePortalRoot 
(E:\repos\blulok-cloud\frontend\node_modules\@headlessui\react\dist\headlessui.dev.cjs:3464:111)
          at GroupFn 
(E:\repos\blulok-cloud\frontend\node_modules\@headlessui\react\dist\headlessui.dev.cjs:3564:9)
          at PortalFn 
(E:\repos\blulok-cloud\frontend\node_modules\@headlessui\react\dist\headlessui.dev.cjs:3505:57)
          at ForcePortalRoot 
(E:\repos\blulok-cloud\frontend\node_modules\@headlessui\react\dist\headlessui.dev.cjs:3464:111)
          at StackProvider 
(E:\repos\blulok-cloud\frontend\node_modules\@headlessui\react\dist\headlessui.dev.cjs:4047:3)
          at DialogFn 
(E:\repos\blulok-cloud\frontend\node_modules\@headlessui\react\dist\headlessui.dev.cjs:4165:20)
          at OpenClosedProvider 
(E:\repos\blulok-cloud\frontend\node_modules\@headlessui\react\dist\headlessui.dev.cjs:1780:31)
          at TransitionChildFn 
(E:\repos\blulok-cloud\frontend\node_modules\@headlessui\react\dist\headlessui.dev.cjs:8106:5)
          at TransitionRootFn 
(E:\repos\blulok-cloud\frontend\node_modules\@headlessui\react\dist\headlessui.dev.cjs:8258:9)
          at FMSChangeReviewModal 
(E:\repos\blulok-cloud\frontend\src\components\FMS\FMSChangeReviewModal.tsx:73:3)
          at FMSSyncProvider (E:\repos\blulok-cloud\frontend\src\contexts\FMSSyncContext.tsx:52:35)
          at WebSocketProvider 
(E:\repos\blulok-cloud\frontend\src\contexts\WebSocketContext.tsx:24:71)
          at ToastProvider (E:\repos\blulok-cloud\frontend\src\contexts\ToastContext.tsx:10:63)
          at ThemeProvider (E:\repos\blulok-cloud\frontend\src\contexts\ThemeContext.tsx:18:63)

    [0m [90m 71 |[39m     [36mconst[39m message [33m=[39m 
args[[35m0[39m][33m?[39m[33m.[39mtoString() [33m||[39m [32m''[39m[33m;[39m
     [90m 72 |[39m     [36mif[39m (message[33m.[39mincludes([32m'Warning:'[39m) [33m||[39m 
(message[33m.[39mincludes([32m'Error:'[39m) [33m&&[39m 
[33m![39mmessage[33m.[39mincludes([32m'Failed to'[39m))) {
    [31m[1m>[22m[39m[90m 73 |[39m       originalError([33m...[39margs)[33m;[39m
     [90m    |[39m       [31m[1m^[22m[39m
     [90m 74 |[39m     }
     [90m 75 |[39m   })[33m;[39m
     [90m 76 |[39m   [0m

      at console.<anonymous> (src/test/setup.ts:73:7)
      at printWarning (node_modules/react-dom/cjs/react-dom.development.js:86:30)
      at error (node_modules/react-dom/cjs/react-dom.development.js:60:7)
      at warnIfUpdatesNotWrappedWithActDEV 
(node_modules/react-dom/cjs/react-dom.development.js:27628:9)
      at scheduleUpdateOnFiber (node_modules/react-dom/cjs/react-dom.development.js:25547:5)
      at dispatchSetState (node_modules/react-dom/cjs/react-dom.development.js:16708:7)
      at Object.addFlag (node_modules/@headlessui/react/dist/headlessui.dev.cjs:6852:7)
      at enter (node_modules/@headlessui/react/dist/headlessui.dev.cjs:8178:30)
      at match (node_modules/@headlessui/react/dist/headlessui.dev.cjs:1013:48)
      at Object.current (node_modules/@headlessui/react/dist/headlessui.dev.cjs:8176:12)
      at node_modules/@headlessui/react/dist/headlessui.dev.cjs:829:65
      at node_modules/@headlessui/react/dist/headlessui.dev.cjs:8055:106

    console.error
      Warning: An update to TransitionChildFn inside a test was not wrapped in act(...).
      
      When testing, code that causes React state updates should be wrapped into act(...):
      
      act(() => {
        /* fire events that update state */
      });
      /* assert on the output */
      
      This ensures that you're testing the behavior the user would see in the browser. Learn more at 
https://reactjs.org/link/wrap-tests-with-act
          at TransitionChildFn 
(E:\repos\blulok-cloud\frontend\node_modules\@headlessui\react\dist\headlessui.dev.cjs:8106:5)
          at ChildFn 
(E:\repos\blulok-cloud\frontend\node_modules\@headlessui\react\dist\headlessui.dev.cjs:8339:60)
          at div
          at div
          at div
          at PortalWrapper 
(E:\repos\blulok-cloud\frontend\node_modules\@headlessui\react\dist\headlessui.dev.cjs:3598:39)
          at div
          at FocusTrapFn 
(E:\repos\blulok-cloud\frontend\node_modules\@headlessui\react\dist\headlessui.dev.cjs:3233:45)
          at DescriptionProvider 
(E:\repos\blulok-cloud\frontend\node_modules\@headlessui\react\dist\headlessui.dev.cjs:4091:24)
          at ForcePortalRoot 
(E:\repos\blulok-cloud\frontend\node_modules\@headlessui\react\dist\headlessui.dev.cjs:3464:111)
          at GroupFn 
(E:\repos\blulok-cloud\frontend\node_modules\@headlessui\react\dist\headlessui.dev.cjs:3564:9)
          at PortalFn 
(E:\repos\blulok-cloud\frontend\node_modules\@headlessui\react\dist\headlessui.dev.cjs:3505:57)
          at ForcePortalRoot 
(E:\repos\blulok-cloud\frontend\node_modules\@headlessui\react\dist\headlessui.dev.cjs:3464:111)
          at StackProvider 
(E:\repos\blulok-cloud\frontend\node_modules\@headlessui\react\dist\headlessui.dev.cjs:4047:3)
          at DialogFn 
(E:\repos\blulok-cloud\frontend\node_modules\@headlessui\react\dist\headlessui.dev.cjs:4165:20)
          at OpenClosedProvider 
(E:\repos\blulok-cloud\frontend\node_modules\@headlessui\react\dist\headlessui.dev.cjs:1780:31)
          at TransitionChildFn 
(E:\repos\blulok-cloud\frontend\node_modules\@headlessui\react\dist\headlessui.dev.cjs:8106:5)
          at TransitionRootFn 
(E:\repos\blulok-cloud\frontend\node_modules\@headlessui\react\dist\headlessui.dev.cjs:8258:9)
          at FMSChangeReviewModal 
(E:\repos\blulok-cloud\frontend\src\components\FMS\FMSChangeReviewModal.tsx:73:3)
          at FMSSyncProvider (E:\repos\blulok-cloud\frontend\src\contexts\FMSSyncContext.tsx:52:35)
          at WebSocketProvider 
(E:\repos\blulok-cloud\frontend\src\contexts\WebSocketContext.tsx:24:71)
          at ToastProvider (E:\repos\blulok-cloud\frontend\src\contexts\ToastContext.tsx:10:63)
          at ThemeProvider (E:\repos\blulok-cloud\frontend\src\contexts\ThemeContext.tsx:18:63)

    [0m [90m 71 |[39m     [36mconst[39m message [33m=[39m 
args[[35m0[39m][33m?[39m[33m.[39mtoString() [33m||[39m [32m''[39m[33m;[39m
     [90m 72 |[39m     [36mif[39m (message[33m.[39mincludes([32m'Warning:'[39m) [33m||[39m 
(message[33m.[39mincludes([32m'Error:'[39m) [33m&&[39m 
[33m![39mmessage[33m.[39mincludes([32m'Failed to'[39m))) {
    [31m[1m>[22m[39m[90m 73 |[39m       originalError([33m...[39margs)[33m;[39m
     [90m    |[39m       [31m[1m^[22m[39m
     [90m 74 |[39m     }
     [90m 75 |[39m   })[33m;[39m
     [90m 76 |[39m   [0m

      at console.<anonymous> (src/test/setup.ts:73:7)
      at printWarning (node_modules/react-dom/cjs/react-dom.development.js:86:30)
      at error (node_modules/react-dom/cjs/react-dom.development.js:60:7)
      at warnIfUpdatesNotWrappedWithActDEV 
(node_modules/react-dom/cjs/react-dom.development.js:27628:9)
      at scheduleUpdateOnFiber (node_modules/react-dom/cjs/react-dom.development.js:25547:5)
      at dispatchSetState (node_modules/react-dom/cjs/react-dom.development.js:16708:7)
      at Object.addFlag (node_modules/@headlessui/react/dist/headlessui.dev.cjs:6852:7)
      at enter (node_modules/@headlessui/react/dist/headlessui.dev.cjs:8178:30)
      at match (node_modules/@headlessui/react/dist/headlessui.dev.cjs:1013:48)
      at Object.current (node_modules/@headlessui/react/dist/headlessui.dev.cjs:8176:12)
      at node_modules/@headlessui/react/dist/headlessui.dev.cjs:829:65
      at node_modules/@headlessui/react/dist/headlessui.dev.cjs:8055:106

    console.error
      Warning: An update to TransitionChildFn inside a test was not wrapped in act(...).
      
      When testing, code that causes React state updates should be wrapped into act(...):
      
      act(() => {
        /* fire events that update state */
      });
      /* assert on the output */
      
      This ensures that you're testing the behavior the user would see in the browser. Learn more at 
https://reactjs.org/link/wrap-tests-with-act
          at TransitionChildFn 
(E:\repos\blulok-cloud\frontend\node_modules\@headlessui\react\dist\headlessui.dev.cjs:8106:5)
          at TransitionRootFn 
(E:\repos\blulok-cloud\frontend\node_modules\@headlessui\react\dist\headlessui.dev.cjs:8258:9)
          at FMSChangeReviewModal 
(E:\repos\blulok-cloud\frontend\src\components\FMS\FMSChangeReviewModal.tsx:73:3)
          at FMSSyncProvider (E:\repos\blulok-cloud\frontend\src\contexts\FMSSyncContext.tsx:52:35)
          at WebSocketProvider 
(E:\repos\blulok-cloud\frontend\src\contexts\WebSocketContext.tsx:24:71)
          at ToastProvider (E:\repos\blulok-cloud\frontend\src\contexts\ToastContext.tsx:10:63)
          at ThemeProvider (E:\repos\blulok-cloud\frontend\src\contexts\ThemeContext.tsx:18:63)

    [0m [90m 71 |[39m     [36mconst[39m message [33m=[39m 
args[[35m0[39m][33m?[39m[33m.[39mtoString() [33m||[39m [32m''[39m[33m;[39m
     [90m 72 |[39m     [36mif[39m (message[33m.[39mincludes([32m'Warning:'[39m) [33m||[39m 
(message[33m.[39mincludes([32m'Error:'[39m) [33m&&[39m 
[33m![39mmessage[33m.[39mincludes([32m'Failed to'[39m))) {
    [31m[1m>[22m[39m[90m 73 |[39m       originalError([33m...[39margs)[33m;[39m
     [90m    |[39m       [31m[1m^[22m[39m
     [90m 74 |[39m     }
     [90m 75 |[39m   })[33m;[39m
     [90m 76 |[39m   [0m

      at console.<anonymous> (src/test/setup.ts:73:7)
      at printWarning (node_modules/react-dom/cjs/react-dom.development.js:86:30)
      at error (node_modules/react-dom/cjs/react-dom.development.js:60:7)
      at warnIfUpdatesNotWrappedWithActDEV 
(node_modules/react-dom/cjs/react-dom.development.js:27628:9)
      at scheduleUpdateOnFiber (node_modules/react-dom/cjs/react-dom.development.js:25547:5)
      at dispatchSetState (node_modules/react-dom/cjs/react-dom.development.js:16708:7)
      at Object.addFlag (node_modules/@headlessui/react/dist/headlessui.dev.cjs:6852:7)
      at enter (node_modules/@headlessui/react/dist/headlessui.dev.cjs:8178:30)
      at match (node_modules/@headlessui/react/dist/headlessui.dev.cjs:1013:48)
      at Object.current (node_modules/@headlessui/react/dist/headlessui.dev.cjs:8176:12)
      at node_modules/@headlessui/react/dist/headlessui.dev.cjs:829:65
      at node_modules/@headlessui/react/dist/headlessui.dev.cjs:8055:106

    console.error
      Warning: An update to TransitionRootFn inside a test was not wrapped in act(...).
      
      When testing, code that causes React state updates should be wrapped into act(...):
      
      act(() => {
        /* fire events that update state */
      });
      /* assert on the output */
      
      This ensures that you're testing the behavior the user would see in the browser. Learn more at 
https://reactjs.org/link/wrap-tests-with-act
          at TransitionRootFn 
(E:\repos\blulok-cloud\frontend\node_modules\@headlessui\react\dist\headlessui.dev.cjs:8258:9)
          at FMSChangeReviewModal 
(E:\repos\blulok-cloud\frontend\src\components\FMS\FMSChangeReviewModal.tsx:73:3)
          at FMSSyncProvider (E:\repos\blulok-cloud\frontend\src\contexts\FMSSyncContext.tsx:52:35)
          at WebSocketProvider 
(E:\repos\blulok-cloud\frontend\src\contexts\WebSocketContext.tsx:24:71)
          at ToastProvider (E:\repos\blulok-cloud\frontend\src\contexts\ToastContext.tsx:10:63)
          at ThemeProvider (E:\repos\blulok-cloud\frontend\src\contexts\ThemeContext.tsx:18:63)

    [0m [90m 71 |[39m     [36mconst[39m message [33m=[39m 
args[[35m0[39m][33m?[39m[33m.[39mtoString() [33m||[39m [32m''[39m[33m;[39m
     [90m 72 |[39m     [36mif[39m (message[33m.[39mincludes([32m'Warning:'[39m) [33m||[39m 
(message[33m.[39mincludes([32m'Error:'[39m) [33m&&[39m 
[33m![39mmessage[33m.[39mincludes([32m'Failed to'[39m))) {
    [31m[1m>[22m[39m[90m 73 |[39m       originalError([33m...[39margs)[33m;[39m
     [90m    |[39m       [31m[1m^[22m[39m
     [90m 74 |[39m     }
     [90m 75 |[39m   })[33m;[39m
     [90m 76 |[39m   [0m

      at console.<anonymous> (src/test/setup.ts:73:7)
      at printWarning (node_modules/react-dom/cjs/react-dom.development.js:86:30)
      at error (node_modules/react-dom/cjs/react-dom.development.js:60:7)
      at warnIfUpdatesNotWrappedWithActDEV 
(node_modules/react-dom/cjs/react-dom.development.js:27628:9)
      at scheduleUpdateOnFiber (node_modules/react-dom/cjs/react-dom.development.js:25547:5)
      at dispatchSetState (node_modules/react-dom/cjs/react-dom.development.js:16708:7)
      at Object.current (node_modules/@headlessui/react/dist/headlessui.dev.cjs:8307:7)
      at Object.beforeEnter (node_modules/@headlessui/react/dist/headlessui.dev.cjs:829:65)
      at enter (node_modules/@headlessui/react/dist/headlessui.dev.cjs:8179:24)
      at match (node_modules/@headlessui/react/dist/headlessui.dev.cjs:1013:48)
      at Object.current (node_modules/@headlessui/react/dist/headlessui.dev.cjs:8176:12)
      at node_modules/@headlessui/react/dist/headlessui.dev.cjs:829:65
      at node_modules/@headlessui/react/dist/headlessui.dev.cjs:8055:106

    console.error
      Warning: An update to TransitionChildFn inside a test was not wrapped in act(...).
      
      When testing, code that causes React state updates should be wrapped into act(...):
      
      act(() => {
        /* fire events that update state */
      });
      /* assert on the output */
      
      This ensures that you're testing the behavior the user would see in the browser. Learn more at 
https://reactjs.org/link/wrap-tests-with-act
          at TransitionChildFn 
(E:\repos\blulok-cloud\frontend\node_modules\@headlessui\react\dist\headlessui.dev.cjs:8106:5)
          at ChildFn 
(E:\repos\blulok-cloud\frontend\node_modules\@headlessui\react\dist\headlessui.dev.cjs:8339:60)
          at div
          at PortalWrapper 
(E:\repos\blulok-cloud\frontend\node_modules\@headlessui\react\dist\headlessui.dev.cjs:3598:39)
          at div
          at FocusTrapFn 
(E:\repos\blulok-cloud\frontend\node_modules\@headlessui\react\dist\headlessui.dev.cjs:3233:45)
          at DescriptionProvider 
(E:\repos\blulok-cloud\frontend\node_modules\@headlessui\react\dist\headlessui.dev.cjs:4091:24)
          at ForcePortalRoot 
(E:\repos\blulok-cloud\frontend\node_modules\@headlessui\react\dist\headlessui.dev.cjs:3464:111)
          at GroupFn 
(E:\repos\blulok-cloud\frontend\node_modules\@headlessui\react\dist\headlessui.dev.cjs:3564:9)
          at PortalFn 
(E:\repos\blulok-cloud\frontend\node_modules\@headlessui\react\dist\headlessui.dev.cjs:3505:57)
          at ForcePortalRoot 
(E:\repos\blulok-cloud\frontend\node_modules\@headlessui\react\dist\headlessui.dev.cjs:3464:111)
          at StackProvider 
(E:\repos\blulok-cloud\frontend\node_modules\@headlessui\react\dist\headlessui.dev.cjs:4047:3)
          at DialogFn 
(E:\repos\blulok-cloud\frontend\node_modules\@headlessui\react\dist\headlessui.dev.cjs:4165:20)
          at OpenClosedProvider 
(E:\repos\blulok-cloud\frontend\node_modules\@headlessui\react\dist\headlessui.dev.cjs:1780:31)
          at TransitionChildFn 
(E:\repos\blulok-cloud\frontend\node_modules\@headlessui\react\dist\headlessui.dev.cjs:8106:5)
          at TransitionRootFn 
(E:\repos\blulok-cloud\frontend\node_modules\@headlessui\react\dist\headlessui.dev.cjs:8258:9)
          at FMSChangeReviewModal 
(E:\repos\blulok-cloud\frontend\src\components\FMS\FMSChangeReviewModal.tsx:73:3)
          at FMSSyncProvider (E:\repos\blulok-cloud\frontend\src\contexts\FMSSyncContext.tsx:52:35)
          at WebSocketProvider 
(E:\repos\blulok-cloud\frontend\src\contexts\WebSocketContext.tsx:24:71)
          at ToastProvider (E:\repos\blulok-cloud\frontend\src\contexts\ToastContext.tsx:10:63)
          at ThemeProvider (E:\repos\blulok-cloud\frontend\src\contexts\ThemeContext.tsx:18:63)

    [0m [90m 71 |[39m     [36mconst[39m message [33m=[39m 
args[[35m0[39m][33m?[39m[33m.[39mtoString() [33m||[39m [32m''[39m[33m;[39m
     [90m 72 |[39m     [36mif[39m (message[33m.[39mincludes([32m'Warning:'[39m) [33m||[39m 
(message[33m.[39mincludes([32m'Error:'[39m) [33m&&[39m 
[33m![39mmessage[33m.[39mincludes([32m'Failed to'[39m))) {
    [31m[1m>[22m[39m[90m 73 |[39m       originalError([33m...[39margs)[33m;[39m
     [90m    |[39m       [31m[1m^[22m[39m
     [90m 74 |[39m     }
     [90m 75 |[39m   })[33m;[39m
     [90m 76 |[39m   [0m

      at console.<anonymous> (src/test/setup.ts:73:7)
      at printWarning (node_modules/react-dom/cjs/react-dom.development.js:86:30)
      at error (node_modules/react-dom/cjs/react-dom.development.js:60:7)
      at warnIfUpdatesNotWrappedWithActDEV 
(node_modules/react-dom/cjs/react-dom.development.js:27628:9)
      at scheduleUpdateOnFiber (node_modules/react-dom/cjs/react-dom.development.js:25547:5)
      at dispatchSetState (node_modules/react-dom/cjs/react-dom.development.js:16708:7)
      at Object.addFlag (node_modules/@headlessui/react/dist/headlessui.dev.cjs:6852:7)
      at enter (node_modules/@headlessui/react/dist/headlessui.dev.cjs:8178:30)
      at match (node_modules/@headlessui/react/dist/headlessui.dev.cjs:1013:48)
      at Object.current (node_modules/@headlessui/react/dist/headlessui.dev.cjs:8176:12)
      at node_modules/@headlessui/react/dist/headlessui.dev.cjs:829:65
      at node_modules/@headlessui/react/dist/headlessui.dev.cjs:8055:106

    console.error
      Warning: An update to TransitionChildFn inside a test was not wrapped in act(...).
      
      When testing, code that causes React state updates should be wrapped into act(...):
      
      act(() => {
        /* fire events that update state */
      });
      /* assert on the output */
      
      This ensures that you're testing the behavior the user would see in the browser. Learn more at 
https://reactjs.org/link/wrap-tests-with-act
          at TransitionChildFn 
(E:\repos\blulok-cloud\frontend\node_modules\@headlessui\react\dist\headlessui.dev.cjs:8106:5)
          at ChildFn 
(E:\repos\blulok-cloud\frontend\node_modules\@headlessui\react\dist\headlessui.dev.cjs:8339:60)
          at div
          at div
          at div
          at PortalWrapper 
(E:\repos\blulok-cloud\frontend\node_modules\@headlessui\react\dist\headlessui.dev.cjs:3598:39)
          at div
          at FocusTrapFn 
(E:\repos\blulok-cloud\frontend\node_modules\@headlessui\react\dist\headlessui.dev.cjs:3233:45)
          at DescriptionProvider 
(E:\repos\blulok-cloud\frontend\node_modules\@headlessui\react\dist\headlessui.dev.cjs:4091:24)
          at ForcePortalRoot 
(E:\repos\blulok-cloud\frontend\node_modules\@headlessui\react\dist\headlessui.dev.cjs:3464:111)
          at GroupFn 
(E:\repos\blulok-cloud\frontend\node_modules\@headlessui\react\dist\headlessui.dev.cjs:3564:9)
          at PortalFn 
(E:\repos\blulok-cloud\frontend\node_modules\@headlessui\react\dist\headlessui.dev.cjs:3505:57)
          at ForcePortalRoot 
(E:\repos\blulok-cloud\frontend\node_modules\@headlessui\react\dist\headlessui.dev.cjs:3464:111)
          at StackProvider 
(E:\repos\blulok-cloud\frontend\node_modules\@headlessui\react\dist\headlessui.dev.cjs:4047:3)
          at DialogFn 
(E:\repos\blulok-cloud\frontend\node_modules\@headlessui\react\dist\headlessui.dev.cjs:4165:20)
          at OpenClosedProvider 
(E:\repos\blulok-cloud\frontend\node_modules\@headlessui\react\dist\headlessui.dev.cjs:1780:31)
          at TransitionChildFn 
(E:\repos\blulok-cloud\frontend\node_modules\@headlessui\react\dist\headlessui.dev.cjs:8106:5)
          at TransitionRootFn 
(E:\repos\blulok-cloud\frontend\node_modules\@headlessui\react\dist\headlessui.dev.cjs:8258:9)
          at FMSChangeReviewModal 
(E:\repos\blulok-cloud\frontend\src\components\FMS\FMSChangeReviewModal.tsx:73:3)
          at FMSSyncProvider (E:\repos\blulok-cloud\frontend\src\contexts\FMSSyncContext.tsx:52:35)
          at WebSocketProvider 
(E:\repos\blulok-cloud\frontend\src\contexts\WebSocketContext.tsx:24:71)
          at ToastProvider (E:\repos\blulok-cloud\frontend\src\contexts\ToastContext.tsx:10:63)
          at ThemeProvider (E:\repos\blulok-cloud\frontend\src\contexts\ThemeContext.tsx:18:63)

    [0m [90m 71 |[39m     [36mconst[39m message [33m=[39m 
args[[35m0[39m][33m?[39m[33m.[39mtoString() [33m||[39m [32m''[39m[33m;[39m
     [90m 72 |[39m     [36mif[39m (message[33m.[39mincludes([32m'Warning:'[39m) [33m||[39m 
(message[33m.[39mincludes([32m'Error:'[39m) [33m&&[39m 
[33m![39mmessage[33m.[39mincludes([32m'Failed to'[39m))) {
    [31m[1m>[22m[39m[90m 73 |[39m       originalError([33m...[39margs)[33m;[39m
     [90m    |[39m       [31m[1m^[22m[39m
     [90m 74 |[39m     }
     [90m 75 |[39m   })[33m;[39m
     [90m 76 |[39m   [0m

      at console.<anonymous> (src/test/setup.ts:73:7)
      at printWarning (node_modules/react-dom/cjs/react-dom.development.js:86:30)
      at error (node_modules/react-dom/cjs/react-dom.development.js:60:7)
      at warnIfUpdatesNotWrappedWithActDEV 
(node_modules/react-dom/cjs/react-dom.development.js:27628:9)
      at scheduleUpdateOnFiber (node_modules/react-dom/cjs/react-dom.development.js:25547:5)
      at dispatchSetState (node_modules/react-dom/cjs/react-dom.development.js:16708:7)
      at Object.addFlag (node_modules/@headlessui/react/dist/headlessui.dev.cjs:6852:7)
      at enter (node_modules/@headlessui/react/dist/headlessui.dev.cjs:8178:30)
      at match (node_modules/@headlessui/react/dist/headlessui.dev.cjs:1013:48)
      at Object.current (node_modules/@headlessui/react/dist/headlessui.dev.cjs:8176:12)
      at node_modules/@headlessui/react/dist/headlessui.dev.cjs:829:65
      at node_modules/@headlessui/react/dist/headlessui.dev.cjs:8055:106

    console.error
      Warning: An update to TransitionChildFn inside a test was not wrapped in act(...).
      
      When testing, code that causes React state updates should be wrapped into act(...):
      
      act(() => {
        /* fire events that update state */
      });
      /* assert on the output */
      
      This ensures that you're testing the behavior the user would see in the browser. Learn more at 
https://reactjs.org/link/wrap-tests-with-act
          at TransitionChildFn 
(E:\repos\blulok-cloud\frontend\node_modules\@headlessui\react\dist\headlessui.dev.cjs:8106:5)
          at TransitionRootFn 
(E:\repos\blulok-cloud\frontend\node_modules\@headlessui\react\dist\headlessui.dev.cjs:8258:9)
          at FMSChangeReviewModal 
(E:\repos\blulok-cloud\frontend\src\components\FMS\FMSChangeReviewModal.tsx:73:3)
          at FMSSyncProvider (E:\repos\blulok-cloud\frontend\src\contexts\FMSSyncContext.tsx:52:35)
          at WebSocketProvider 
(E:\repos\blulok-cloud\frontend\src\contexts\WebSocketContext.tsx:24:71)
          at ToastProvider (E:\repos\blulok-cloud\frontend\src\contexts\ToastContext.tsx:10:63)
          at ThemeProvider (E:\repos\blulok-cloud\frontend\src\contexts\ThemeContext.tsx:18:63)

    [0m [90m 71 |[39m     [36mconst[39m message [33m=[39m 
args[[35m0[39m][33m?[39m[33m.[39mtoString() [33m||[39m [32m''[39m[33m;[39m
     [90m 72 |[39m     [36mif[39m (message[33m.[39mincludes([32m'Warning:'[39m) [33m||[39m 
(message[33m.[39mincludes([32m'Error:'[39m) [33m&&[39m 
[33m![39mmessage[33m.[39mincludes([32m'Failed to'[39m))) {
    [31m[1m>[22m[39m[90m 73 |[39m       originalError([33m...[39margs)[33m;[39m
     [90m    |[39m       [31m[1m^[22m[39m
     [90m 74 |[39m     }
     [90m 75 |[39m   })[33m;[39m
     [90m 76 |[39m   [0m

      at console.<anonymous> (src/test/setup.ts:73:7)
      at printWarning (node_modules/react-dom/cjs/react-dom.development.js:86:30)
      at error (node_modules/react-dom/cjs/react-dom.development.js:60:7)
      at warnIfUpdatesNotWrappedWithActDEV 
(node_modules/react-dom/cjs/react-dom.development.js:27628:9)
      at scheduleUpdateOnFiber (node_modules/react-dom/cjs/react-dom.development.js:25547:5)
      at dispatchSetState (node_modules/react-dom/cjs/react-dom.development.js:16708:7)
      at Object.addFlag (node_modules/@headlessui/react/dist/headlessui.dev.cjs:6852:7)
      at enter (node_modules/@headlessui/react/dist/headlessui.dev.cjs:8178:30)
      at match (node_modules/@headlessui/react/dist/headlessui.dev.cjs:1013:48)
      at Object.current (node_modules/@headlessui/react/dist/headlessui.dev.cjs:8176:12)
      at node_modules/@headlessui/react/dist/headlessui.dev.cjs:829:65
      at node_modules/@headlessui/react/dist/headlessui.dev.cjs:8055:106

    console.error
      Warning: An update to TransitionRootFn inside a test was not wrapped in act(...).
      
      When testing, code that causes React state updates should be wrapped into act(...):
      
      act(() => {
        /* fire events that update state */
      });
      /* assert on the output */
      
      This ensures that you're testing the behavior the user would see in the browser. Learn more at 
https://reactjs.org/link/wrap-tests-with-act
          at TransitionRootFn 
(E:\repos\blulok-cloud\frontend\node_modules\@headlessui\react\dist\headlessui.dev.cjs:8258:9)
          at FMSChangeReviewModal 
(E:\repos\blulok-cloud\frontend\src\components\FMS\FMSChangeReviewModal.tsx:73:3)
          at FMSSyncProvider (E:\repos\blulok-cloud\frontend\src\contexts\FMSSyncContext.tsx:52:35)
          at WebSocketProvider 
(E:\repos\blulok-cloud\frontend\src\contexts\WebSocketContext.tsx:24:71)
          at ToastProvider (E:\repos\blulok-cloud\frontend\src\contexts\ToastContext.tsx:10:63)
          at ThemeProvider (E:\repos\blulok-cloud\frontend\src\contexts\ThemeContext.tsx:18:63)

    [0m [90m 71 |[39m     [36mconst[39m message [33m=[39m 
args[[35m0[39m][33m?[39m[33m.[39mtoString() [33m||[39m [32m''[39m[33m;[39m
     [90m 72 |[39m     [36mif[39m (message[33m.[39mincludes([32m'Warning:'[39m) [33m||[39m 
(message[33m.[39mincludes([32m'Error:'[39m) [33m&&[39m 
[33m![39mmessage[33m.[39mincludes([32m'Failed to'[39m))) {
    [31m[1m>[22m[39m[90m 73 |[39m       originalError([33m...[39margs)[33m;[39m
     [90m    |[39m       [31m[1m^[22m[39m
     [90m 74 |[39m     }
     [90m 75 |[39m   })[33m;[39m
     [90m 76 |[39m   [0m

      at console.<anonymous> (src/test/setup.ts:73:7)
      at printWarning (node_modules/react-dom/cjs/react-dom.development.js:86:30)
      at error (node_modules/react-dom/cjs/react-dom.development.js:60:7)
      at warnIfUpdatesNotWrappedWithActDEV 
(node_modules/react-dom/cjs/react-dom.development.js:27628:9)
      at scheduleUpdateOnFiber (node_modules/react-dom/cjs/react-dom.development.js:25547:5)
      at dispatchSetState (node_modules/react-dom/cjs/react-dom.development.js:16708:7)
      at Object.current (node_modules/@headlessui/react/dist/headlessui.dev.cjs:8307:7)
      at Object.beforeEnter (node_modules/@headlessui/react/dist/headlessui.dev.cjs:829:65)
      at enter (node_modules/@headlessui/react/dist/headlessui.dev.cjs:8179:24)
      at match (node_modules/@headlessui/react/dist/headlessui.dev.cjs:1013:48)
      at Object.current (node_modules/@headlessui/react/dist/headlessui.dev.cjs:8176:12)
      at node_modules/@headlessui/react/dist/headlessui.dev.cjs:829:65
      at node_modules/@headlessui/react/dist/headlessui.dev.cjs:8055:106

    console.error
      Warning: An update to TransitionChildFn inside a test was not wrapped in act(...).
      
      When testing, code that causes React state updates should be wrapped into act(...):
      
      act(() => {
        /* fire events that update state */
      });
      /* assert on the output */
      
      This ensures that you're testing the behavior the user would see in the browser. Learn more at 
https://reactjs.org/link/wrap-tests-with-act
          at TransitionChildFn 
(E:\repos\blulok-cloud\frontend\node_modules\@headlessui\react\dist\headlessui.dev.cjs:8106:5)
          at ChildFn 
(E:\repos\blulok-cloud\frontend\node_modules\@headlessui\react\dist\headlessui.dev.cjs:8339:60)
          at div
          at PortalWrapper 
(E:\repos\blulok-cloud\frontend\node_modules\@headlessui\react\dist\headlessui.dev.cjs:3598:39)
          at div
          at FocusTrapFn 
(E:\repos\blulok-cloud\frontend\node_modules\@headlessui\react\dist\headlessui.dev.cjs:3233:45)
          at DescriptionProvider 
(E:\repos\blulok-cloud\frontend\node_modules\@headlessui\react\dist\headlessui.dev.cjs:4091:24)
          at ForcePortalRoot 
(E:\repos\blulok-cloud\frontend\node_modules\@headlessui\react\dist\headlessui.dev.cjs:3464:111)
          at GroupFn 
(E:\repos\blulok-cloud\frontend\node_modules\@headlessui\react\dist\headlessui.dev.cjs:3564:9)
          at PortalFn 
(E:\repos\blulok-cloud\frontend\node_modules\@headlessui\react\dist\headlessui.dev.cjs:3505:57)
          at ForcePortalRoot 
(E:\repos\blulok-cloud\frontend\node_modules\@headlessui\react\dist\headlessui.dev.cjs:3464:111)
          at StackProvider 
(E:\repos\blulok-cloud\frontend\node_modules\@headlessui\react\dist\headlessui.dev.cjs:4047:3)
          at DialogFn 
(E:\repos\blulok-cloud\frontend\node_modules\@headlessui\react\dist\headlessui.dev.cjs:4165:20)
          at OpenClosedProvider 
(E:\repos\blulok-cloud\frontend\node_modules\@headlessui\react\dist\headlessui.dev.cjs:1780:31)
          at TransitionChildFn 
(E:\repos\blulok-cloud\frontend\node_modules\@headlessui\react\dist\headlessui.dev.cjs:8106:5)
          at TransitionRootFn 
(E:\repos\blulok-cloud\frontend\node_modules\@headlessui\react\dist\headlessui.dev.cjs:8258:9)
          at FMSChangeReviewModal 
(E:\repos\blulok-cloud\frontend\src\components\FMS\FMSChangeReviewModal.tsx:73:3)
          at FMSSyncProvider (E:\repos\blulok-cloud\frontend\src\contexts\FMSSyncContext.tsx:52:35)
          at WebSocketProvider 
(E:\repos\blulok-cloud\frontend\src\contexts\WebSocketContext.tsx:24:71)
          at ToastProvider (E:\repos\blulok-cloud\frontend\src\contexts\ToastContext.tsx:10:63)
          at ThemeProvider (E:\repos\blulok-cloud\frontend\src\contexts\ThemeContext.tsx:18:63)

    [0m [90m 71 |[39m     [36mconst[39m message [33m=[39m 
args[[35m0[39m][33m?[39m[33m.[39mtoString() [33m||[39m [32m''[39m[33m;[39m
     [90m 72 |[39m     [36mif[39m (message[33m.[39mincludes([32m'Warning:'[39m) [33m||[39m 
(message[33m.[39mincludes([32m'Error:'[39m) [33m&&[39m 
[33m![39mmessage[33m.[39mincludes([32m'Failed to'[39m))) {
    [31m[1m>[22m[39m[90m 73 |[39m       originalError([33m...[39margs)[33m;[39m
     [90m    |[39m       [31m[1m^[22m[39m
     [90m 74 |[39m     }
     [90m 75 |[39m   })[33m;[39m
     [90m 76 |[39m   [0m

      at console.<anonymous> (src/test/setup.ts:73:7)
      at printWarning (node_modules/react-dom/cjs/react-dom.development.js:86:30)
      at error (node_modules/react-dom/cjs/react-dom.development.js:60:7)
      at warnIfUpdatesNotWrappedWithActDEV 
(node_modules/react-dom/cjs/react-dom.development.js:27628:9)
      at scheduleUpdateOnFiber (node_modules/react-dom/cjs/react-dom.development.js:25547:5)
      at dispatchSetState (node_modules/react-dom/cjs/react-dom.development.js:16708:7)
      at Object.addFlag (node_modules/@headlessui/react/dist/headlessui.dev.cjs:6852:7)
      at enter (node_modules/@headlessui/react/dist/headlessui.dev.cjs:8178:30)
      at match (node_modules/@headlessui/react/dist/headlessui.dev.cjs:1013:48)
      at Object.current (node_modules/@headlessui/react/dist/headlessui.dev.cjs:8176:12)
      at node_modules/@headlessui/react/dist/headlessui.dev.cjs:829:65
      at node_modules/@headlessui/react/dist/headlessui.dev.cjs:8055:106

    console.error
      Warning: An update to TransitionChildFn inside a test was not wrapped in act(...).
      
      When testing, code that causes React state updates should be wrapped into act(...):
      
      act(() => {
        /* fire events that update state */
      });
      /* assert on the output */
      
      This ensures that you're testing the behavior the user would see in the browser. Learn more at 
https://reactjs.org/link/wrap-tests-with-act
          at TransitionChildFn 
(E:\repos\blulok-cloud\frontend\node_modules\@headlessui\react\dist\headlessui.dev.cjs:8106:5)
          at ChildFn 
(E:\repos\blulok-cloud\frontend\node_modules\@headlessui\react\dist\headlessui.dev.cjs:8339:60)
          at div
          at div
          at div
          at PortalWrapper 
(E:\repos\blulok-cloud\frontend\node_modules\@headlessui\react\dist\headlessui.dev.cjs:3598:39)
          at div
          at FocusTrapFn 
(E:\repos\blulok-cloud\frontend\node_modules\@headlessui\react\dist\headlessui.dev.cjs:3233:45)
          at DescriptionProvider 
(E:\repos\blulok-cloud\frontend\node_modules\@headlessui\react\dist\headlessui.dev.cjs:4091:24)
          at ForcePortalRoot 
(E:\repos\blulok-cloud\frontend\node_modules\@headlessui\react\dist\headlessui.dev.cjs:3464:111)
          at GroupFn 
(E:\repos\blulok-cloud\frontend\node_modules\@headlessui\react\dist\headlessui.dev.cjs:3564:9)
          at PortalFn 
(E:\repos\blulok-cloud\frontend\node_modules\@headlessui\react\dist\headlessui.dev.cjs:3505:57)
          at ForcePortalRoot 
(E:\repos\blulok-cloud\frontend\node_modules\@headlessui\react\dist\headlessui.dev.cjs:3464:111)
          at StackProvider 
(E:\repos\blulok-cloud\frontend\node_modules\@headlessui\react\dist\headlessui.dev.cjs:4047:3)
          at DialogFn 
(E:\repos\blulok-cloud\frontend\node_modules\@headlessui\react\dist\headlessui.dev.cjs:4165:20)
          at OpenClosedProvider 
(E:\repos\blulok-cloud\frontend\node_modules\@headlessui\react\dist\headlessui.dev.cjs:1780:31)
          at TransitionChildFn 
(E:\repos\blulok-cloud\frontend\node_modules\@headlessui\react\dist\headlessui.dev.cjs:8106:5)
          at TransitionRootFn 
(E:\repos\blulok-cloud\frontend\node_modules\@headlessui\react\dist\headlessui.dev.cjs:8258:9)
          at FMSChangeReviewModal 
(E:\repos\blulok-cloud\frontend\src\components\FMS\FMSChangeReviewModal.tsx:73:3)
          at FMSSyncProvider (E:\repos\blulok-cloud\frontend\src\contexts\FMSSyncContext.tsx:52:35)
          at WebSocketProvider 
(E:\repos\blulok-cloud\frontend\src\contexts\WebSocketContext.tsx:24:71)
          at ToastProvider (E:\repos\blulok-cloud\frontend\src\contexts\ToastContext.tsx:10:63)
          at ThemeProvider (E:\repos\blulok-cloud\frontend\src\contexts\ThemeContext.tsx:18:63)

    [0m [90m 71 |[39m     [36mconst[39m message [33m=[39m 
args[[35m0[39m][33m?[39m[33m.[39mtoString() [33m||[39m [32m''[39m[33m;[39m
     [90m 72 |[39m     [36mif[39m (message[33m.[39mincludes([32m'Warning:'[39m) [33m||[39m 
(message[33m.[39mincludes([32m'Error:'[39m) [33m&&[39m 
[33m![39mmessage[33m.[39mincludes([32m'Failed to'[39m))) {
    [31m[1m>[22m[39m[90m 73 |[39m       originalError([33m...[39margs)[33m;[39m
     [90m    |[39m       [31m[1m^[22m[39m
     [90m 74 |[39m     }
     [90m 75 |[39m   })[33m;[39m
     [90m 76 |[39m   [0m

      at console.<anonymous> (src/test/setup.ts:73:7)
      at printWarning (node_modules/react-dom/cjs/react-dom.development.js:86:30)
      at error (node_modules/react-dom/cjs/react-dom.development.js:60:7)
      at warnIfUpdatesNotWrappedWithActDEV 
(node_modules/react-dom/cjs/react-dom.development.js:27628:9)
      at scheduleUpdateOnFiber (node_modules/react-dom/cjs/react-dom.development.js:25547:5)
      at dispatchSetState (node_modules/react-dom/cjs/react-dom.development.js:16708:7)
      at Object.addFlag (node_modules/@headlessui/react/dist/headlessui.dev.cjs:6852:7)
      at enter (node_modules/@headlessui/react/dist/headlessui.dev.cjs:8178:30)
      at match (node_modules/@headlessui/react/dist/headlessui.dev.cjs:1013:48)
      at Object.current (node_modules/@headlessui/react/dist/headlessui.dev.cjs:8176:12)
      at node_modules/@headlessui/react/dist/headlessui.dev.cjs:829:65
      at node_modules/@headlessui/react/dist/headlessui.dev.cjs:8055:106

    console.error
      Warning: An update to TransitionChildFn inside a test was not wrapped in act(...).
      
      When testing, code that causes React state updates should be wrapped into act(...):
      
      act(() => {
        /* fire events that update state */
      });
      /* assert on the output */
      
      This ensures that you're testing the behavior the user would see in the browser. Learn more at 
https://reactjs.org/link/wrap-tests-with-act
          at TransitionChildFn 
(E:\repos\blulok-cloud\frontend\node_modules\@headlessui\react\dist\headlessui.dev.cjs:8106:5)
          at TransitionRootFn 
(E:\repos\blulok-cloud\frontend\node_modules\@headlessui\react\dist\headlessui.dev.cjs:8258:9)
          at FMSChangeReviewModal 
(E:\repos\blulok-cloud\frontend\src\components\FMS\FMSChangeReviewModal.tsx:73:3)
          at FMSSyncProvider (E:\repos\blulok-cloud\frontend\src\contexts\FMSSyncContext.tsx:52:35)
          at WebSocketProvider 
(E:\repos\blulok-cloud\frontend\src\contexts\WebSocketContext.tsx:24:71)
          at ToastProvider (E:\repos\blulok-cloud\frontend\src\contexts\ToastContext.tsx:10:63)
          at ThemeProvider (E:\repos\blulok-cloud\frontend\src\contexts\ThemeContext.tsx:18:63)

    [0m [90m 71 |[39m     [36mconst[39m message [33m=[39m 
args[[35m0[39m][33m?[39m[33m.[39mtoString() [33m||[39m [32m''[39m[33m;[39m
     [90m 72 |[39m     [36mif[39m (message[33m.[39mincludes([32m'Warning:'[39m) [33m||[39m 
(message[33m.[39mincludes([32m'Error:'[39m) [33m&&[39m 
[33m![39mmessage[33m.[39mincludes([32m'Failed to'[39m))) {
    [31m[1m>[22m[39m[90m 73 |[39m       originalError([33m...[39margs)[33m;[39m
     [90m    |[39m       [31m[1m^[22m[39m
     [90m 74 |[39m     }
     [90m 75 |[39m   })[33m;[39m
     [90m 76 |[39m   [0m

      at console.<anonymous> (src/test/setup.ts:73:7)
      at printWarning (node_modules/react-dom/cjs/react-dom.development.js:86:30)
      at error (node_modules/react-dom/cjs/react-dom.development.js:60:7)
      at warnIfUpdatesNotWrappedWithActDEV 
(node_modules/react-dom/cjs/react-dom.development.js:27628:9)
      at scheduleUpdateOnFiber (node_modules/react-dom/cjs/react-dom.development.js:25547:5)
      at dispatchSetState (node_modules/react-dom/cjs/react-dom.development.js:16708:7)
      at Object.addFlag (node_modules/@headlessui/react/dist/headlessui.dev.cjs:6852:7)
      at enter (node_modules/@headlessui/react/dist/headlessui.dev.cjs:8178:30)
      at match (node_modules/@headlessui/react/dist/headlessui.dev.cjs:1013:48)
      at Object.current (node_modules/@headlessui/react/dist/headlessui.dev.cjs:8176:12)
      at node_modules/@headlessui/react/dist/headlessui.dev.cjs:829:65
      at node_modules/@headlessui/react/dist/headlessui.dev.cjs:8055:106

    console.error
      Warning: An update to TransitionRootFn inside a test was not wrapped in act(...).
      
      When testing, code that causes React state updates should be wrapped into act(...):
      
      act(() => {
        /* fire events that update state */
      });
      /* assert on the output */
      
      This ensures that you're testing the behavior the user would see in the browser. Learn more at 
https://reactjs.org/link/wrap-tests-with-act
          at TransitionRootFn 
(E:\repos\blulok-cloud\frontend\node_modules\@headlessui\react\dist\headlessui.dev.cjs:8258:9)
          at FMSChangeReviewModal 
(E:\repos\blulok-cloud\frontend\src\components\FMS\FMSChangeReviewModal.tsx:73:3)
          at FMSSyncProvider (E:\repos\blulok-cloud\frontend\src\contexts\FMSSyncContext.tsx:52:35)
          at WebSocketProvider 
(E:\repos\blulok-cloud\frontend\src\contexts\WebSocketContext.tsx:24:71)
          at ToastProvider (E:\repos\blulok-cloud\frontend\src\contexts\ToastContext.tsx:10:63)
          at ThemeProvider (E:\repos\blulok-cloud\frontend\src\contexts\ThemeContext.tsx:18:63)

    [0m [90m 71 |[39m     [36mconst[39m message [33m=[39m 
args[[35m0[39m][33m?[39m[33m.[39mtoString() [33m||[39m [32m''[39m[33m;[39m
     [90m 72 |[39m     [36mif[39m (message[33m.[39mincludes([32m'Warning:'[39m) [33m||[39m 
(message[33m.[39mincludes([32m'Error:'[39m) [33m&&[39m 
[33m![39mmessage[33m.[39mincludes([32m'Failed to'[39m))) {
    [31m[1m>[22m[39m[90m 73 |[39m       originalError([33m...[39margs)[33m;[39m
     [90m    |[39m       [31m[1m^[22m[39m
     [90m 74 |[39m     }
     [90m 75 |[39m   })[33m;[39m
     [90m 76 |[39m   [0m

      at console.<anonymous> (src/test/setup.ts:73:7)
      at printWarning (node_modules/react-dom/cjs/react-dom.development.js:86:30)
      at error (node_modules/react-dom/cjs/react-dom.development.js:60:7)
      at warnIfUpdatesNotWrappedWithActDEV 
(node_modules/react-dom/cjs/react-dom.development.js:27628:9)
      at scheduleUpdateOnFiber (node_modules/react-dom/cjs/react-dom.development.js:25547:5)
      at dispatchSetState (node_modules/react-dom/cjs/react-dom.development.js:16708:7)
      at Object.current (node_modules/@headlessui/react/dist/headlessui.dev.cjs:8307:7)
      at Object.beforeEnter (node_modules/@headlessui/react/dist/headlessui.dev.cjs:829:65)
      at enter (node_modules/@headlessui/react/dist/headlessui.dev.cjs:8179:24)
      at match (node_modules/@headlessui/react/dist/headlessui.dev.cjs:1013:48)
      at Object.current (node_modules/@headlessui/react/dist/headlessui.dev.cjs:8176:12)
      at node_modules/@headlessui/react/dist/headlessui.dev.cjs:829:65
      at node_modules/@headlessui/react/dist/headlessui.dev.cjs:8055:106

    console.error
      Warning: An update to TransitionChildFn inside a test was not wrapped in act(...).
      
      When testing, code that causes React state updates should be wrapped into act(...):
      
      act(() => {
        /* fire events that update state */
      });
      /* assert on the output */
      
      This ensures that you're testing the behavior the user would see in the browser. Learn more at 
https://reactjs.org/link/wrap-tests-with-act
          at TransitionChildFn 
(E:\repos\blulok-cloud\frontend\node_modules\@headlessui\react\dist\headlessui.dev.cjs:8106:5)
          at ChildFn 
(E:\repos\blulok-cloud\frontend\node_modules\@headlessui\react\dist\headlessui.dev.cjs:8339:60)
          at div
          at PortalWrapper 
(E:\repos\blulok-cloud\frontend\node_modules\@headlessui\react\dist\headlessui.dev.cjs:3598:39)
          at div
          at FocusTrapFn 
(E:\repos\blulok-cloud\frontend\node_modules\@headlessui\react\dist\headlessui.dev.cjs:3233:45)
          at DescriptionProvider 
(E:\repos\blulok-cloud\frontend\node_modules\@headlessui\react\dist\headlessui.dev.cjs:4091:24)
          at ForcePortalRoot 
(E:\repos\blulok-cloud\frontend\node_modules\@headlessui\react\dist\headlessui.dev.cjs:3464:111)
          at GroupFn 
(E:\repos\blulok-cloud\frontend\node_modules\@headlessui\react\dist\headlessui.dev.cjs:3564:9)
          at PortalFn 
(E:\repos\blulok-cloud\frontend\node_modules\@headlessui\react\dist\headlessui.dev.cjs:3505:57)
          at ForcePortalRoot 
(E:\repos\blulok-cloud\frontend\node_modules\@headlessui\react\dist\headlessui.dev.cjs:3464:111)
          at StackProvider 
(E:\repos\blulok-cloud\frontend\node_modules\@headlessui\react\dist\headlessui.dev.cjs:4047:3)
          at DialogFn 
(E:\repos\blulok-cloud\frontend\node_modules\@headlessui\react\dist\headlessui.dev.cjs:4165:20)
          at OpenClosedProvider 
(E:\repos\blulok-cloud\frontend\node_modules\@headlessui\react\dist\headlessui.dev.cjs:1780:31)
          at TransitionChildFn 
(E:\repos\blulok-cloud\frontend\node_modules\@headlessui\react\dist\headlessui.dev.cjs:8106:5)
          at TransitionRootFn 
(E:\repos\blulok-cloud\frontend\node_modules\@headlessui\react\dist\headlessui.dev.cjs:8258:9)
          at FMSChangeReviewModal 
(E:\repos\blulok-cloud\frontend\src\components\FMS\FMSChangeReviewModal.tsx:73:3)
          at FMSSyncProvider (E:\repos\blulok-cloud\frontend\src\contexts\FMSSyncContext.tsx:52:35)
          at WebSocketProvider 
(E:\repos\blulok-cloud\frontend\src\contexts\WebSocketContext.tsx:24:71)
          at ToastProvider (E:\repos\blulok-cloud\frontend\src\contexts\ToastContext.tsx:10:63)
          at ThemeProvider (E:\repos\blulok-cloud\frontend\src\contexts\ThemeContext.tsx:18:63)

    [0m [90m 71 |[39m     [36mconst[39m message [33m=[39m 
args[[35m0[39m][33m?[39m[33m.[39mtoString() [33m||[39m [32m''[39m[33m;[39m
     [90m 72 |[39m     [36mif[39m (message[33m.[39mincludes([32m'Warning:'[39m) [33m||[39m 
(message[33m.[39mincludes([32m'Error:'[39m) [33m&&[39m 
[33m![39mmessage[33m.[39mincludes([32m'Failed to'[39m))) {
    [31m[1m>[22m[39m[90m 73 |[39m       originalError([33m...[39margs)[33m;[39m
     [90m    |[39m       [31m[1m^[22m[39m
     [90m 74 |[39m     }
     [90m 75 |[39m   })[33m;[39m
     [90m 76 |[39m   [0m

      at console.<anonymous> (src/test/setup.ts:73:7)
      at printWarning (node_modules/react-dom/cjs/react-dom.development.js:86:30)
      at error (node_modules/react-dom/cjs/react-dom.development.js:60:7)
      at warnIfUpdatesNotWrappedWithActDEV 
(node_modules/react-dom/cjs/react-dom.development.js:27628:9)
      at scheduleUpdateOnFiber (node_modules/react-dom/cjs/react-dom.development.js:25547:5)
      at dispatchSetState (node_modules/react-dom/cjs/react-dom.development.js:16708:7)
      at Object.addFlag (node_modules/@headlessui/react/dist/headlessui.dev.cjs:6852:7)
      at enter (node_modules/@headlessui/react/dist/headlessui.dev.cjs:8178:30)
      at match (node_modules/@headlessui/react/dist/headlessui.dev.cjs:1013:48)
      at Object.current (node_modules/@headlessui/react/dist/headlessui.dev.cjs:8176:12)
      at node_modules/@headlessui/react/dist/headlessui.dev.cjs:829:65
      at node_modules/@headlessui/react/dist/headlessui.dev.cjs:8055:106

    console.error
      Warning: An update to TransitionChildFn inside a test was not wrapped in act(...).
      
      When testing, code that causes React state updates should be wrapped into act(...):
      
      act(() => {
        /* fire events that update state */
      });
      /* assert on the output */
      
      This ensures that you're testing the behavior the user would see in the browser. Learn more at 
https://reactjs.org/link/wrap-tests-with-act
          at TransitionChildFn 
(E:\repos\blulok-cloud\frontend\node_modules\@headlessui\react\dist\headlessui.dev.cjs:8106:5)
          at ChildFn 
(E:\repos\blulok-cloud\frontend\node_modules\@headlessui\react\dist\headlessui.dev.cjs:8339:60)
          at div
          at div
          at div
          at PortalWrapper 
(E:\repos\blulok-cloud\frontend\node_modules\@headlessui\react\dist\headlessui.dev.cjs:3598:39)
          at div
          at FocusTrapFn 
(E:\repos\blulok-cloud\frontend\node_modules\@headlessui\react\dist\headlessui.dev.cjs:3233:45)
          at DescriptionProvider 
(E:\repos\blulok-cloud\frontend\node_modules\@headlessui\react\dist\headlessui.dev.cjs:4091:24)
          at ForcePortalRoot 
(E:\repos\blulok-cloud\frontend\node_modules\@headlessui\react\dist\headlessui.dev.cjs:3464:111)
          at GroupFn 
(E:\repos\blulok-cloud\frontend\node_modules\@headlessui\react\dist\headlessui.dev.cjs:3564:9)
          at PortalFn 
(E:\repos\blulok-cloud\frontend\node_modules\@headlessui\react\dist\headlessui.dev.cjs:3505:57)
          at ForcePortalRoot 
(E:\repos\blulok-cloud\frontend\node_modules\@headlessui\react\dist\headlessui.dev.cjs:3464:111)
          at StackProvider 
(E:\repos\blulok-cloud\frontend\node_modules\@headlessui\react\dist\headlessui.dev.cjs:4047:3)
          at DialogFn 
(E:\repos\blulok-cloud\frontend\node_modules\@headlessui\react\dist\headlessui.dev.cjs:4165:20)
          at OpenClosedProvider 
(E:\repos\blulok-cloud\frontend\node_modules\@headlessui\react\dist\headlessui.dev.cjs:1780:31)
          at TransitionChildFn 
(E:\repos\blulok-cloud\frontend\node_modules\@headlessui\react\dist\headlessui.dev.cjs:8106:5)
          at TransitionRootFn 
(E:\repos\blulok-cloud\frontend\node_modules\@headlessui\react\dist\headlessui.dev.cjs:8258:9)
          at FMSChangeReviewModal 
(E:\repos\blulok-cloud\frontend\src\components\FMS\FMSChangeReviewModal.tsx:73:3)
          at FMSSyncProvider (E:\repos\blulok-cloud\frontend\src\contexts\FMSSyncContext.tsx:52:35)
          at WebSocketProvider 
(E:\repos\blulok-cloud\frontend\src\contexts\WebSocketContext.tsx:24:71)
          at ToastProvider (E:\repos\blulok-cloud\frontend\src\contexts\ToastContext.tsx:10:63)
          at ThemeProvider (E:\repos\blulok-cloud\frontend\src\contexts\ThemeContext.tsx:18:63)

    [0m [90m 71 |[39m     [36mconst[39m message [33m=[39m 
args[[35m0[39m][33m?[39m[33m.[39mtoString() [33m||[39m [32m''[39m[33m;[39m
     [90m 72 |[39m     [36mif[39m (message[33m.[39mincludes([32m'Warning:'[39m) [33m||[39m 
(message[33m.[39mincludes([32m'Error:'[39m) [33m&&[39m 
[33m![39mmessage[33m.[39mincludes([32m'Failed to'[39m))) {
    [31m[1m>[22m[39m[90m 73 |[39m       originalError([33m...[39margs)[33m;[39m
     [90m    |[39m       [31m[1m^[22m[39m
     [90m 74 |[39m     }
     [90m 75 |[39m   })[33m;[39m
     [90m 76 |[39m   [0m

      at console.<anonymous> (src/test/setup.ts:73:7)
      at printWarning (node_modules/react-dom/cjs/react-dom.development.js:86:30)
      at error (node_modules/react-dom/cjs/react-dom.development.js:60:7)
      at warnIfUpdatesNotWrappedWithActDEV 
(node_modules/react-dom/cjs/react-dom.development.js:27628:9)
      at scheduleUpdateOnFiber (node_modules/react-dom/cjs/react-dom.development.js:25547:5)
      at dispatchSetState (node_modules/react-dom/cjs/react-dom.development.js:16708:7)
      at Object.addFlag (node_modules/@headlessui/react/dist/headlessui.dev.cjs:6852:7)
      at enter (node_modules/@headlessui/react/dist/headlessui.dev.cjs:8178:30)
      at match (node_modules/@headlessui/react/dist/headlessui.dev.cjs:1013:48)
      at Object.current (node_modules/@headlessui/react/dist/headlessui.dev.cjs:8176:12)
      at node_modules/@headlessui/react/dist/headlessui.dev.cjs:829:65
      at node_modules/@headlessui/react/dist/headlessui.dev.cjs:8055:106

    console.error
      Warning: An update to TransitionChildFn inside a test was not wrapped in act(...).
      
      When testing, code that causes React state updates should be wrapped into act(...):
      
      act(() => {
        /* fire events that update state */
      });
      /* assert on the output */
      
      This ensures that you're testing the behavior the user would see in the browser. Learn more at 
https://reactjs.org/link/wrap-tests-with-act
          at TransitionChildFn 
(E:\repos\blulok-cloud\frontend\node_modules\@headlessui\react\dist\headlessui.dev.cjs:8106:5)
          at TransitionRootFn 
(E:\repos\blulok-cloud\frontend\node_modules\@headlessui\react\dist\headlessui.dev.cjs:8258:9)
          at FMSChangeReviewModal 
(E:\repos\blulok-cloud\frontend\src\components\FMS\FMSChangeReviewModal.tsx:73:3)
          at FMSSyncProvider (E:\repos\blulok-cloud\frontend\src\contexts\FMSSyncContext.tsx:52:35)
          at WebSocketProvider 
(E:\repos\blulok-cloud\frontend\src\contexts\WebSocketContext.tsx:24:71)
          at ToastProvider (E:\repos\blulok-cloud\frontend\src\contexts\ToastContext.tsx:10:63)
          at ThemeProvider (E:\repos\blulok-cloud\frontend\src\contexts\ThemeContext.tsx:18:63)

    [0m [90m 71 |[39m     [36mconst[39m message [33m=[39m 
args[[35m0[39m][33m?[39m[33m.[39mtoString() [33m||[39m [32m''[39m[33m;[39m
     [90m 72 |[39m     [36mif[39m (message[33m.[39mincludes([32m'Warning:'[39m) [33m||[39m 
(message[33m.[39mincludes([32m'Error:'[39m) [33m&&[39m 
[33m![39mmessage[33m.[39mincludes([32m'Failed to'[39m))) {
    [31m[1m>[22m[39m[90m 73 |[39m       originalError([33m...[39margs)[33m;[39m
     [90m    |[39m       [31m[1m^[22m[39m
     [90m 74 |[39m     }
     [90m 75 |[39m   })[33m;[39m
     [90m 76 |[39m   [0m

      at console.<anonymous> (src/test/setup.ts:73:7)
      at printWarning (node_modules/react-dom/cjs/react-dom.development.js:86:30)
      at error (node_modules/react-dom/cjs/react-dom.development.js:60:7)
      at warnIfUpdatesNotWrappedWithActDEV 
(node_modules/react-dom/cjs/react-dom.development.js:27628:9)
      at scheduleUpdateOnFiber (node_modules/react-dom/cjs/react-dom.development.js:25547:5)
      at dispatchSetState (node_modules/react-dom/cjs/react-dom.development.js:16708:7)
      at Object.addFlag (node_modules/@headlessui/react/dist/headlessui.dev.cjs:6852:7)
      at enter (node_modules/@headlessui/react/dist/headlessui.dev.cjs:8178:30)
      at match (node_modules/@headlessui/react/dist/headlessui.dev.cjs:1013:48)
      at Object.current (node_modules/@headlessui/react/dist/headlessui.dev.cjs:8176:12)
      at node_modules/@headlessui/react/dist/headlessui.dev.cjs:829:65
      at node_modules/@headlessui/react/dist/headlessui.dev.cjs:8055:106

    console.error
      Warning: An update to TransitionRootFn inside a test was not wrapped in act(...).
      
      When testing, code that causes React state updates should be wrapped into act(...):
      
      act(() => {
        /* fire events that update state */
      });
      /* assert on the output */
      
      This ensures that you're testing the behavior the user would see in the browser. Learn more at 
https://reactjs.org/link/wrap-tests-with-act
          at TransitionRootFn 
(E:\repos\blulok-cloud\frontend\node_modules\@headlessui\react\dist\headlessui.dev.cjs:8258:9)
          at FMSChangeReviewModal 
(E:\repos\blulok-cloud\frontend\src\components\FMS\FMSChangeReviewModal.tsx:73:3)
          at FMSSyncProvider (E:\repos\blulok-cloud\frontend\src\contexts\FMSSyncContext.tsx:52:35)
          at WebSocketProvider 
(E:\repos\blulok-cloud\frontend\src\contexts\WebSocketContext.tsx:24:71)
          at ToastProvider (E:\repos\blulok-cloud\frontend\src\contexts\ToastContext.tsx:10:63)
          at ThemeProvider (E:\repos\blulok-cloud\frontend\src\contexts\ThemeContext.tsx:18:63)

    [0m [90m 71 |[39m     [36mconst[39m message [33m=[39m 
args[[35m0[39m][33m?[39m[33m.[39mtoString() [33m||[39m [32m''[39m[33m;[39m
     [90m 72 |[39m     [36mif[39m (message[33m.[39mincludes([32m'Warning:'[39m) [33m||[39m 
(message[33m.[39mincludes([32m'Error:'[39m) [33m&&[39m 
[33m![39mmessage[33m.[39mincludes([32m'Failed to'[39m))) {
    [31m[1m>[22m[39m[90m 73 |[39m       originalError([33m...[39margs)[33m;[39m
     [90m    |[39m       [31m[1m^[22m[39m
     [90m 74 |[39m     }
     [90m 75 |[39m   })[33m;[39m
     [90m 76 |[39m   [0m

      at console.<anonymous> (src/test/setup.ts:73:7)
      at printWarning (node_modules/react-dom/cjs/react-dom.development.js:86:30)
      at error (node_modules/react-dom/cjs/react-dom.development.js:60:7)
      at warnIfUpdatesNotWrappedWithActDEV 
(node_modules/react-dom/cjs/react-dom.development.js:27628:9)
      at scheduleUpdateOnFiber (node_modules/react-dom/cjs/react-dom.development.js:25547:5)
      at dispatchSetState (node_modules/react-dom/cjs/react-dom.development.js:16708:7)
      at Object.current (node_modules/@headlessui/react/dist/headlessui.dev.cjs:8307:7)
      at Object.beforeEnter (node_modules/@headlessui/react/dist/headlessui.dev.cjs:829:65)
      at enter (node_modules/@headlessui/react/dist/headlessui.dev.cjs:8179:24)
      at match (node_modules/@headlessui/react/dist/headlessui.dev.cjs:1013:48)
      at Object.current (node_modules/@headlessui/react/dist/headlessui.dev.cjs:8176:12)
      at node_modules/@headlessui/react/dist/headlessui.dev.cjs:829:65
      at node_modules/@headlessui/react/dist/headlessui.dev.cjs:8055:106

    console.error
      Warning: An update to TransitionChildFn inside a test was not wrapped in act(...).
      
      When testing, code that causes React state updates should be wrapped into act(...):
      
      act(() => {
        /* fire events that update state */
      });
      /* assert on the output */
      
      This ensures that you're testing the behavior the user would see in the browser. Learn more at 
https://reactjs.org/link/wrap-tests-with-act
          at TransitionChildFn 
(E:\repos\blulok-cloud\frontend\node_modules\@headlessui\react\dist\headlessui.dev.cjs:8106:5)
          at ChildFn 
(E:\repos\blulok-cloud\frontend\node_modules\@headlessui\react\dist\headlessui.dev.cjs:8339:60)
          at div
          at PortalWrapper 
(E:\repos\blulok-cloud\frontend\node_modules\@headlessui\react\dist\headlessui.dev.cjs:3598:39)
          at div
          at FocusTrapFn 
(E:\repos\blulok-cloud\frontend\node_modules\@headlessui\react\dist\headlessui.dev.cjs:3233:45)
          at DescriptionProvider 
(E:\repos\blulok-cloud\frontend\node_modules\@headlessui\react\dist\headlessui.dev.cjs:4091:24)
          at ForcePortalRoot 
(E:\repos\blulok-cloud\frontend\node_modules\@headlessui\react\dist\headlessui.dev.cjs:3464:111)
          at GroupFn 
(E:\repos\blulok-cloud\frontend\node_modules\@headlessui\react\dist\headlessui.dev.cjs:3564:9)
          at PortalFn 
(E:\repos\blulok-cloud\frontend\node_modules\@headlessui\react\dist\headlessui.dev.cjs:3505:57)
          at ForcePortalRoot 
(E:\repos\blulok-cloud\frontend\node_modules\@headlessui\react\dist\headlessui.dev.cjs:3464:111)
          at StackProvider 
(E:\repos\blulok-cloud\frontend\node_modules\@headlessui\react\dist\headlessui.dev.cjs:4047:3)
          at DialogFn 
(E:\repos\blulok-cloud\frontend\node_modules\@headlessui\react\dist\headlessui.dev.cjs:4165:20)
          at OpenClosedProvider 
(E:\repos\blulok-cloud\frontend\node_modules\@headlessui\react\dist\headlessui.dev.cjs:1780:31)
          at TransitionChildFn 
(E:\repos\blulok-cloud\frontend\node_modules\@headlessui\react\dist\headlessui.dev.cjs:8106:5)
          at TransitionRootFn 
(E:\repos\blulok-cloud\frontend\node_modules\@headlessui\react\dist\headlessui.dev.cjs:8258:9)
          at FMSChangeReviewModal 
(E:\repos\blulok-cloud\frontend\src\components\FMS\FMSChangeReviewModal.tsx:73:3)
          at FMSSyncProvider (E:\repos\blulok-cloud\frontend\src\contexts\FMSSyncContext.tsx:52:35)
          at WebSocketProvider 
(E:\repos\blulok-cloud\frontend\src\contexts\WebSocketContext.tsx:24:71)
          at ToastProvider (E:\repos\blulok-cloud\frontend\src\contexts\ToastContext.tsx:10:63)
          at ThemeProvider (E:\repos\blulok-cloud\frontend\src\contexts\ThemeContext.tsx:18:63)

    [0m [90m 71 |[39m     [36mconst[39m message [33m=[39m 
args[[35m0[39m][33m?[39m[33m.[39mtoString() [33m||[39m [32m''[39m[33m;[39m
     [90m 72 |[39m     [36mif[39m (message[33m.[39mincludes([32m'Warning:'[39m) [33m||[39m 
(message[33m.[39mincludes([32m'Error:'[39m) [33m&&[39m 
[33m![39mmessage[33m.[39mincludes([32m'Failed to'[39m))) {
    [31m[1m>[22m[39m[90m 73 |[39m       originalError([33m...[39margs)[33m;[39m
     [90m    |[39m       [31m[1m^[22m[39m
     [90m 74 |[39m     }
     [90m 75 |[39m   })[33m;[39m
     [90m 76 |[39m   [0m

      at console.<anonymous> (src/test/setup.ts:73:7)
      at printWarning (node_modules/react-dom/cjs/react-dom.development.js:86:30)
      at error (node_modules/react-dom/cjs/react-dom.development.js:60:7)
      at warnIfUpdatesNotWrappedWithActDEV 
(node_modules/react-dom/cjs/react-dom.development.js:27628:9)
      at scheduleUpdateOnFiber (node_modules/react-dom/cjs/react-dom.development.js:25547:5)
      at dispatchSetState (node_modules/react-dom/cjs/react-dom.development.js:16708:7)
      at Object.addFlag (node_modules/@headlessui/react/dist/headlessui.dev.cjs:6852:7)
      at enter (node_modules/@headlessui/react/dist/headlessui.dev.cjs:8178:30)
      at match (node_modules/@headlessui/react/dist/headlessui.dev.cjs:1013:48)
      at Object.current (node_modules/@headlessui/react/dist/headlessui.dev.cjs:8176:12)
      at node_modules/@headlessui/react/dist/headlessui.dev.cjs:829:65
      at node_modules/@headlessui/react/dist/headlessui.dev.cjs:8055:106

    console.error
      Warning: An update to TransitionChildFn inside a test was not wrapped in act(...).
      
      When testing, code that causes React state updates should be wrapped into act(...):
      
      act(() => {
        /* fire events that update state */
      });
      /* assert on the output */
      
      This ensures that you're testing the behavior the user would see in the browser. Learn more at 
https://reactjs.org/link/wrap-tests-with-act
          at TransitionChildFn 
(E:\repos\blulok-cloud\frontend\node_modules\@headlessui\react\dist\headlessui.dev.cjs:8106:5)
          at ChildFn 
(E:\repos\blulok-cloud\frontend\node_modules\@headlessui\react\dist\headlessui.dev.cjs:8339:60)
          at div
          at div
          at div
          at PortalWrapper 
(E:\repos\blulok-cloud\frontend\node_modules\@headlessui\react\dist\headlessui.dev.cjs:3598:39)
          at div
          at FocusTrapFn 
(E:\repos\blulok-cloud\frontend\node_modules\@headlessui\react\dist\headlessui.dev.cjs:3233:45)
          at DescriptionProvider 
(E:\repos\blulok-cloud\frontend\node_modules\@headlessui\react\dist\headlessui.dev.cjs:4091:24)
          at ForcePortalRoot 
(E:\repos\blulok-cloud\frontend\node_modules\@headlessui\react\dist\headlessui.dev.cjs:3464:111)
          at GroupFn 
(E:\repos\blulok-cloud\frontend\node_modules\@headlessui\react\dist\headlessui.dev.cjs:3564:9)
          at PortalFn 
(E:\repos\blulok-cloud\frontend\node_modules\@headlessui\react\dist\headlessui.dev.cjs:3505:57)
          at ForcePortalRoot 
(E:\repos\blulok-cloud\frontend\node_modules\@headlessui\react\dist\headlessui.dev.cjs:3464:111)
          at StackProvider 
(E:\repos\blulok-cloud\frontend\node_modules\@headlessui\react\dist\headlessui.dev.cjs:4047:3)
          at DialogFn 
(E:\repos\blulok-cloud\frontend\node_modules\@headlessui\react\dist\headlessui.dev.cjs:4165:20)
          at OpenClosedProvider 
(E:\repos\blulok-cloud\frontend\node_modules\@headlessui\react\dist\headlessui.dev.cjs:1780:31)
          at TransitionChildFn 
(E:\repos\blulok-cloud\frontend\node_modules\@headlessui\react\dist\headlessui.dev.cjs:8106:5)
          at TransitionRootFn 
(E:\repos\blulok-cloud\frontend\node_modules\@headlessui\react\dist\headlessui.dev.cjs:8258:9)
          at FMSChangeReviewModal 
(E:\repos\blulok-cloud\frontend\src\components\FMS\FMSChangeReviewModal.tsx:73:3)
          at FMSSyncProvider (E:\repos\blulok-cloud\frontend\src\contexts\FMSSyncContext.tsx:52:35)
          at WebSocketProvider 
(E:\repos\blulok-cloud\frontend\src\contexts\WebSocketContext.tsx:24:71)
          at ToastProvider (E:\repos\blulok-cloud\frontend\src\contexts\ToastContext.tsx:10:63)
          at ThemeProvider (E:\repos\blulok-cloud\frontend\src\contexts\ThemeContext.tsx:18:63)

    [0m [90m 71 |[39m     [36mconst[39m message [33m=[39m 
args[[35m0[39m][33m?[39m[33m.[39mtoString() [33m||[39m [32m''[39m[33m;[39m
     [90m 72 |[39m     [36mif[39m (message[33m.[39mincludes([32m'Warning:'[39m) [33m||[39m 
(message[33m.[39mincludes([32m'Error:'[39m) [33m&&[39m 
[33m![39mmessage[33m.[39mincludes([32m'Failed to'[39m))) {
    [31m[1m>[22m[39m[90m 73 |[39m       originalError([33m...[39margs)[33m;[39m
     [90m    |[39m       [31m[1m^[22m[39m
     [90m 74 |[39m     }
     [90m 75 |[39m   })[33m;[39m
     [90m 76 |[39m   [0m

      at console.<anonymous> (src/test/setup.ts:73:7)
      at printWarning (node_modules/react-dom/cjs/react-dom.development.js:86:30)
      at error (node_modules/react-dom/cjs/react-dom.development.js:60:7)
      at warnIfUpdatesNotWrappedWithActDEV 
(node_modules/react-dom/cjs/react-dom.development.js:27628:9)
      at scheduleUpdateOnFiber (node_modules/react-dom/cjs/react-dom.development.js:25547:5)
      at dispatchSetState (node_modules/react-dom/cjs/react-dom.development.js:16708:7)
      at Object.addFlag (node_modules/@headlessui/react/dist/headlessui.dev.cjs:6852:7)
      at enter (node_modules/@headlessui/react/dist/headlessui.dev.cjs:8178:30)
      at match (node_modules/@headlessui/react/dist/headlessui.dev.cjs:1013:48)
      at Object.current (node_modules/@headlessui/react/dist/headlessui.dev.cjs:8176:12)
      at node_modules/@headlessui/react/dist/headlessui.dev.cjs:829:65
      at node_modules/@headlessui/react/dist/headlessui.dev.cjs:8055:106

    console.error
      Warning: An update to TransitionChildFn inside a test was not wrapped in act(...).
      
      When testing, code that causes React state updates should be wrapped into act(...):
      
      act(() => {
        /* fire events that update state */
      });
      /* assert on the output */
      
      This ensures that you're testing the behavior the user would see in the browser. Learn more at 
https://reactjs.org/link/wrap-tests-with-act
          at TransitionChildFn 
(E:\repos\blulok-cloud\frontend\node_modules\@headlessui\react\dist\headlessui.dev.cjs:8106:5)
          at TransitionRootFn 
(E:\repos\blulok-cloud\frontend\node_modules\@headlessui\react\dist\headlessui.dev.cjs:8258:9)
          at FMSChangeReviewModal 
(E:\repos\blulok-cloud\frontend\src\components\FMS\FMSChangeReviewModal.tsx:73:3)
          at FMSSyncProvider (E:\repos\blulok-cloud\frontend\src\contexts\FMSSyncContext.tsx:52:35)
          at WebSocketProvider 
(E:\repos\blulok-cloud\frontend\src\contexts\WebSocketContext.tsx:24:71)
          at ToastProvider (E:\repos\blulok-cloud\frontend\src\contexts\ToastContext.tsx:10:63)
          at ThemeProvider (E:\repos\blulok-cloud\frontend\src\contexts\ThemeContext.tsx:18:63)

    [0m [90m 71 |[39m     [36mconst[39m message [33m=[39m 
args[[35m0[39m][33m?[39m[33m.[39mtoString() [33m||[39m [32m''[39m[33m;[39m
     [90m 72 |[39m     [36mif[39m (message[33m.[39mincludes([32m'Warning:'[39m) [33m||[39m 
(message[33m.[39mincludes([32m'Error:'[39m) [33m&&[39m 
[33m![39mmessage[33m.[39mincludes([32m'Failed to'[39m))) {
    [31m[1m>[22m[39m[90m 73 |[39m       originalError([33m...[39margs)[33m;[39m
     [90m    |[39m       [31m[1m^[22m[39m
     [90m 74 |[39m     }
     [90m 75 |[39m   })[33m;[39m
     [90m 76 |[39m   [0m

      at console.<anonymous> (src/test/setup.ts:73:7)
      at printWarning (node_modules/react-dom/cjs/react-dom.development.js:86:30)
      at error (node_modules/react-dom/cjs/react-dom.development.js:60:7)
      at warnIfUpdatesNotWrappedWithActDEV 
(node_modules/react-dom/cjs/react-dom.development.js:27628:9)
      at scheduleUpdateOnFiber (node_modules/react-dom/cjs/react-dom.development.js:25547:5)
      at dispatchSetState (node_modules/react-dom/cjs/react-dom.development.js:16708:7)
      at Object.addFlag (node_modules/@headlessui/react/dist/headlessui.dev.cjs:6852:7)
      at enter (node_modules/@headlessui/react/dist/headlessui.dev.cjs:8178:30)
      at match (node_modules/@headlessui/react/dist/headlessui.dev.cjs:1013:48)
      at Object.current (node_modules/@headlessui/react/dist/headlessui.dev.cjs:8176:12)
      at node_modules/@headlessui/react/dist/headlessui.dev.cjs:829:65
      at node_modules/@headlessui/react/dist/headlessui.dev.cjs:8055:106

    console.error
      Warning: An update to TransitionRootFn inside a test was not wrapped in act(...).
      
      When testing, code that causes React state updates should be wrapped into act(...):
      
      act(() => {
        /* fire events that update state */
      });
      /* assert on the output */
      
      This ensures that you're testing the behavior the user would see in the browser. Learn more at 
https://reactjs.org/link/wrap-tests-with-act
          at TransitionRootFn 
(E:\repos\blulok-cloud\frontend\node_modules\@headlessui\react\dist\headlessui.dev.cjs:8258:9)
          at FMSChangeReviewModal 
(E:\repos\blulok-cloud\frontend\src\components\FMS\FMSChangeReviewModal.tsx:73:3)
          at FMSSyncProvider (E:\repos\blulok-cloud\frontend\src\contexts\FMSSyncContext.tsx:52:35)
          at WebSocketProvider 
(E:\repos\blulok-cloud\frontend\src\contexts\WebSocketContext.tsx:24:71)
          at ToastProvider (E:\repos\blulok-cloud\frontend\src\contexts\ToastContext.tsx:10:63)
          at ThemeProvider (E:\repos\blulok-cloud\frontend\src\contexts\ThemeContext.tsx:18:63)

    [0m [90m 71 |[39m     [36mconst[39m message [33m=[39m 
args[[35m0[39m][33m?[39m[33m.[39mtoString() [33m||[39m [32m''[39m[33m;[39m
     [90m 72 |[39m     [36mif[39m (message[33m.[39mincludes([32m'Warning:'[39m) [33m||[39m 
(message[33m.[39mincludes([32m'Error:'[39m) [33m&&[39m 
[33m![39mmessage[33m.[39mincludes([32m'Failed to'[39m))) {
    [31m[1m>[22m[39m[90m 73 |[39m       originalError([33m...[39margs)[33m;[39m
     [90m    |[39m       [31m[1m^[22m[39m
     [90m 74 |[39m     }
     [90m 75 |[39m   })[33m;[39m
     [90m 76 |[39m   [0m

      at console.<anonymous> (src/test/setup.ts:73:7)
      at printWarning (node_modules/react-dom/cjs/react-dom.development.js:86:30)
      at error (node_modules/react-dom/cjs/react-dom.development.js:60:7)
      at warnIfUpdatesNotWrappedWithActDEV 
(node_modules/react-dom/cjs/react-dom.development.js:27628:9)
      at scheduleUpdateOnFiber (node_modules/react-dom/cjs/react-dom.development.js:25547:5)
      at dispatchSetState (node_modules/react-dom/cjs/react-dom.development.js:16708:7)
      at Object.current (node_modules/@headlessui/react/dist/headlessui.dev.cjs:8307:7)
      at Object.beforeEnter (node_modules/@headlessui/react/dist/headlessui.dev.cjs:829:65)
      at enter (node_modules/@headlessui/react/dist/headlessui.dev.cjs:8179:24)
      at match (node_modules/@headlessui/react/dist/headlessui.dev.cjs:1013:48)
      at Object.current (node_modules/@headlessui/react/dist/headlessui.dev.cjs:8176:12)
      at node_modules/@headlessui/react/dist/headlessui.dev.cjs:829:65
      at node_modules/@headlessui/react/dist/headlessui.dev.cjs:8055:106

    console.error
      Warning: An update to TransitionChildFn inside a test was not wrapped in act(...).
      
      When testing, code that causes React state updates should be wrapped into act(...):
      
      act(() => {
        /* fire events that update state */
      });
      /* assert on the output */
      
      This ensures that you're testing the behavior the user would see in the browser. Learn more at 
https://reactjs.org/link/wrap-tests-with-act
          at TransitionChildFn 
(E:\repos\blulok-cloud\frontend\node_modules\@headlessui\react\dist\headlessui.dev.cjs:8106:5)
          at ChildFn 
(E:\repos\blulok-cloud\frontend\node_modules\@headlessui\react\dist\headlessui.dev.cjs:8339:60)
          at div
          at PortalWrapper 
(E:\repos\blulok-cloud\frontend\node_modules\@headlessui\react\dist\headlessui.dev.cjs:3598:39)
          at div
          at FocusTrapFn 
(E:\repos\blulok-cloud\frontend\node_modules\@headlessui\react\dist\headlessui.dev.cjs:3233:45)
          at DescriptionProvider 
(E:\repos\blulok-cloud\frontend\node_modules\@headlessui\react\dist\headlessui.dev.cjs:4091:24)
          at ForcePortalRoot 
(E:\repos\blulok-cloud\frontend\node_modules\@headlessui\react\dist\headlessui.dev.cjs:3464:111)
          at GroupFn 
(E:\repos\blulok-cloud\frontend\node_modules\@headlessui\react\dist\headlessui.dev.cjs:3564:9)
          at PortalFn 
(E:\repos\blulok-cloud\frontend\node_modules\@headlessui\react\dist\headlessui.dev.cjs:3505:57)
          at ForcePortalRoot 
(E:\repos\blulok-cloud\frontend\node_modules\@headlessui\react\dist\headlessui.dev.cjs:3464:111)
          at StackProvider 
(E:\repos\blulok-cloud\frontend\node_modules\@headlessui\react\dist\headlessui.dev.cjs:4047:3)
          at DialogFn 
(E:\repos\blulok-cloud\frontend\node_modules\@headlessui\react\dist\headlessui.dev.cjs:4165:20)
          at OpenClosedProvider 
(E:\repos\blulok-cloud\frontend\node_modules\@headlessui\react\dist\headlessui.dev.cjs:1780:31)
          at TransitionChildFn 
(E:\repos\blulok-cloud\frontend\node_modules\@headlessui\react\dist\headlessui.dev.cjs:8106:5)
          at TransitionRootFn 
(E:\repos\blulok-cloud\frontend\node_modules\@headlessui\react\dist\headlessui.dev.cjs:8258:9)
          at FMSChangeReviewModal 
(E:\repos\blulok-cloud\frontend\src\components\FMS\FMSChangeReviewModal.tsx:73:3)
          at FMSSyncProvider (E:\repos\blulok-cloud\frontend\src\contexts\FMSSyncContext.tsx:52:35)
          at WebSocketProvider 
(E:\repos\blulok-cloud\frontend\src\contexts\WebSocketContext.tsx:24:71)
          at ToastProvider (E:\repos\blulok-cloud\frontend\src\contexts\ToastContext.tsx:10:63)
          at ThemeProvider (E:\repos\blulok-cloud\frontend\src\contexts\ThemeContext.tsx:18:63)

    [0m [90m 71 |[39m     [36mconst[39m message [33m=[39m 
args[[35m0[39m][33m?[39m[33m.[39mtoString() [33m||[39m [32m''[39m[33m;[39m
     [90m 72 |[39m     [36mif[39m (message[33m.[39mincludes([32m'Warning:'[39m) [33m||[39m 
(message[33m.[39mincludes([32m'Error:'[39m) [33m&&[39m 
[33m![39mmessage[33m.[39mincludes([32m'Failed to'[39m))) {
    [31m[1m>[22m[39m[90m 73 |[39m       originalError([33m...[39margs)[33m;[39m
     [90m    |[39m       [31m[1m^[22m[39m
     [90m 74 |[39m     }
     [90m 75 |[39m   })[33m;[39m
     [90m 76 |[39m   [0m

      at console.<anonymous> (src/test/setup.ts:73:7)
      at printWarning (node_modules/react-dom/cjs/react-dom.development.js:86:30)
      at error (node_modules/react-dom/cjs/react-dom.development.js:60:7)
      at warnIfUpdatesNotWrappedWithActDEV 
(node_modules/react-dom/cjs/react-dom.development.js:27628:9)
      at scheduleUpdateOnFiber (node_modules/react-dom/cjs/react-dom.development.js:25547:5)
      at dispatchSetState (node_modules/react-dom/cjs/react-dom.development.js:16708:7)
      at Object.addFlag (node_modules/@headlessui/react/dist/headlessui.dev.cjs:6852:7)
      at enter (node_modules/@headlessui/react/dist/headlessui.dev.cjs:8178:30)
      at match (node_modules/@headlessui/react/dist/headlessui.dev.cjs:1013:48)
      at Object.current (node_modules/@headlessui/react/dist/headlessui.dev.cjs:8176:12)
      at node_modules/@headlessui/react/dist/headlessui.dev.cjs:829:65
      at node_modules/@headlessui/react/dist/headlessui.dev.cjs:8055:106

    console.error
      Warning: An update to TransitionChildFn inside a test was not wrapped in act(...).
      
      When testing, code that causes React state updates should be wrapped into act(...):
      
      act(() => {
        /* fire events that update state */
      });
      /* assert on the output */
      
      This ensures that you're testing the behavior the user would see in the browser. Learn more at 
https://reactjs.org/link/wrap-tests-with-act
          at TransitionChildFn 
(E:\repos\blulok-cloud\frontend\node_modules\@headlessui\react\dist\headlessui.dev.cjs:8106:5)
          at ChildFn 
(E:\repos\blulok-cloud\frontend\node_modules\@headlessui\react\dist\headlessui.dev.cjs:8339:60)
          at div
          at div
          at div
          at PortalWrapper 
(E:\repos\blulok-cloud\frontend\node_modules\@headlessui\react\dist\headlessui.dev.cjs:3598:39)
          at div
          at FocusTrapFn 
(E:\repos\blulok-cloud\frontend\node_modules\@headlessui\react\dist\headlessui.dev.cjs:3233:45)
          at DescriptionProvider 
(E:\repos\blulok-cloud\frontend\node_modules\@headlessui\react\dist\headlessui.dev.cjs:4091:24)
          at ForcePortalRoot 
(E:\repos\blulok-cloud\frontend\node_modules\@headlessui\react\dist\headlessui.dev.cjs:3464:111)
          at GroupFn 
(E:\repos\blulok-cloud\frontend\node_modules\@headlessui\react\dist\headlessui.dev.cjs:3564:9)
          at PortalFn 
(E:\repos\blulok-cloud\frontend\node_modules\@headlessui\react\dist\headlessui.dev.cjs:3505:57)
          at ForcePortalRoot 
(E:\repos\blulok-cloud\frontend\node_modules\@headlessui\react\dist\headlessui.dev.cjs:3464:111)
          at StackProvider 
(E:\repos\blulok-cloud\frontend\node_modules\@headlessui\react\dist\headlessui.dev.cjs:4047:3)
          at DialogFn 
(E:\repos\blulok-cloud\frontend\node_modules\@headlessui\react\dist\headlessui.dev.cjs:4165:20)
          at OpenClosedProvider 
(E:\repos\blulok-cloud\frontend\node_modules\@headlessui\react\dist\headlessui.dev.cjs:1780:31)
          at TransitionChildFn 
(E:\repos\blulok-cloud\frontend\node_modules\@headlessui\react\dist\headlessui.dev.cjs:8106:5)
          at TransitionRootFn 
(E:\repos\blulok-cloud\frontend\node_modules\@headlessui\react\dist\headlessui.dev.cjs:8258:9)
          at FMSChangeReviewModal 
(E:\repos\blulok-cloud\frontend\src\components\FMS\FMSChangeReviewModal.tsx:73:3)
          at FMSSyncProvider (E:\repos\blulok-cloud\frontend\src\contexts\FMSSyncContext.tsx:52:35)
          at WebSocketProvider 
(E:\repos\blulok-cloud\frontend\src\contexts\WebSocketContext.tsx:24:71)
          at ToastProvider (E:\repos\blulok-cloud\frontend\src\contexts\ToastContext.tsx:10:63)
          at ThemeProvider (E:\repos\blulok-cloud\frontend\src\contexts\ThemeContext.tsx:18:63)

    [0m [90m 71 |[39m     [36mconst[39m message [33m=[39m 
args[[35m0[39m][33m?[39m[33m.[39mtoString() [33m||[39m [32m''[39m[33m;[39m
     [90m 72 |[39m     [36mif[39m (message[33m.[39mincludes([32m'Warning:'[39m) [33m||[39m 
(message[33m.[39mincludes([32m'Error:'[39m) [33m&&[39m 
[33m![39mmessage[33m.[39mincludes([32m'Failed to'[39m))) {
    [31m[1m>[22m[39m[90m 73 |[39m       originalError([33m...[39margs)[33m;[39m
     [90m    |[39m       [31m[1m^[22m[39m
     [90m 74 |[39m     }
     [90m 75 |[39m   })[33m;[39m
     [90m 76 |[39m   [0m

      at console.<anonymous> (src/test/setup.ts:73:7)
      at printWarning (node_modules/react-dom/cjs/react-dom.development.js:86:30)
      at error (node_modules/react-dom/cjs/react-dom.development.js:60:7)
      at warnIfUpdatesNotWrappedWithActDEV 
(node_modules/react-dom/cjs/react-dom.development.js:27628:9)
      at scheduleUpdateOnFiber (node_modules/react-dom/cjs/react-dom.development.js:25547:5)
      at dispatchSetState (node_modules/react-dom/cjs/react-dom.development.js:16708:7)
      at Object.addFlag (node_modules/@headlessui/react/dist/headlessui.dev.cjs:6852:7)
      at enter (node_modules/@headlessui/react/dist/headlessui.dev.cjs:8178:30)
      at match (node_modules/@headlessui/react/dist/headlessui.dev.cjs:1013:48)
      at Object.current (node_modules/@headlessui/react/dist/headlessui.dev.cjs:8176:12)
      at node_modules/@headlessui/react/dist/headlessui.dev.cjs:829:65
      at node_modules/@headlessui/react/dist/headlessui.dev.cjs:8055:106

    console.error
      Warning: An update to TransitionChildFn inside a test was not wrapped in act(...).
      
      When testing, code that causes React state updates should be wrapped into act(...):
      
      act(() => {
        /* fire events that update state */
      });
      /* assert on the output */
      
      This ensures that you're testing the behavior the user would see in the browser. Learn more at 
https://reactjs.org/link/wrap-tests-with-act
          at TransitionChildFn 
(E:\repos\blulok-cloud\frontend\node_modules\@headlessui\react\dist\headlessui.dev.cjs:8106:5)
          at TransitionRootFn 
(E:\repos\blulok-cloud\frontend\node_modules\@headlessui\react\dist\headlessui.dev.cjs:8258:9)
          at FMSChangeReviewModal 
(E:\repos\blulok-cloud\frontend\src\components\FMS\FMSChangeReviewModal.tsx:73:3)
          at FMSSyncProvider (E:\repos\blulok-cloud\frontend\src\contexts\FMSSyncContext.tsx:52:35)
          at WebSocketProvider 
(E:\repos\blulok-cloud\frontend\src\contexts\WebSocketContext.tsx:24:71)
          at ToastProvider (E:\repos\blulok-cloud\frontend\src\contexts\ToastContext.tsx:10:63)
          at ThemeProvider (E:\repos\blulok-cloud\frontend\src\contexts\ThemeContext.tsx:18:63)

    [0m [90m 71 |[39m     [36mconst[39m message [33m=[39m 
args[[35m0[39m][33m?[39m[33m.[39mtoString() [33m||[39m [32m''[39m[33m;[39m
     [90m 72 |[39m     [36mif[39m (message[33m.[39mincludes([32m'Warning:'[39m) [33m||[39m 
(message[33m.[39mincludes([32m'Error:'[39m) [33m&&[39m 
[33m![39mmessage[33m.[39mincludes([32m'Failed to'[39m))) {
    [31m[1m>[22m[39m[90m 73 |[39m       originalError([33m...[39margs)[33m;[39m
     [90m    |[39m       [31m[1m^[22m[39m
     [90m 74 |[39m     }
     [90m 75 |[39m   })[33m;[39m
     [90m 76 |[39m   [0m

      at console.<anonymous> (src/test/setup.ts:73:7)
      at printWarning (node_modules/react-dom/cjs/react-dom.development.js:86:30)
      at error (node_modules/react-dom/cjs/react-dom.development.js:60:7)
      at warnIfUpdatesNotWrappedWithActDEV 
(node_modules/react-dom/cjs/react-dom.development.js:27628:9)
      at scheduleUpdateOnFiber (node_modules/react-dom/cjs/react-dom.development.js:25547:5)
      at dispatchSetState (node_modules/react-dom/cjs/react-dom.development.js:16708:7)
      at Object.addFlag (node_modules/@headlessui/react/dist/headlessui.dev.cjs:6852:7)
      at enter (node_modules/@headlessui/react/dist/headlessui.dev.cjs:8178:30)
      at match (node_modules/@headlessui/react/dist/headlessui.dev.cjs:1013:48)
      at Object.current (node_modules/@headlessui/react/dist/headlessui.dev.cjs:8176:12)
      at node_modules/@headlessui/react/dist/headlessui.dev.cjs:829:65
      at node_modules/@headlessui/react/dist/headlessui.dev.cjs:8055:106

    console.error
      Warning: An update to TransitionRootFn inside a test was not wrapped in act(...).
      
      When testing, code that causes React state updates should be wrapped into act(...):
      
      act(() => {
        /* fire events that update state */
      });
      /* assert on the output */
      
      This ensures that you're testing the behavior the user would see in the browser. Learn more at 
https://reactjs.org/link/wrap-tests-with-act
          at TransitionRootFn 
(E:\repos\blulok-cloud\frontend\node_modules\@headlessui\react\dist\headlessui.dev.cjs:8258:9)
          at FMSChangeReviewModal 
(E:\repos\blulok-cloud\frontend\src\components\FMS\FMSChangeReviewModal.tsx:73:3)
          at FMSSyncProvider (E:\repos\blulok-cloud\frontend\src\contexts\FMSSyncContext.tsx:52:35)
          at WebSocketProvider 
(E:\repos\blulok-cloud\frontend\src\contexts\WebSocketContext.tsx:24:71)
          at ToastProvider (E:\repos\blulok-cloud\frontend\src\contexts\ToastContext.tsx:10:63)
          at ThemeProvider (E:\repos\blulok-cloud\frontend\src\contexts\ThemeContext.tsx:18:63)

    [0m [90m 71 |[39m     [36mconst[39m message [33m=[39m 
args[[35m0[39m][33m?[39m[33m.[39mtoString() [33m||[39m [32m''[39m[33m;[39m
     [90m 72 |[39m     [36mif[39m (message[33m.[39mincludes([32m'Warning:'[39m) [33m||[39m 
(message[33m.[39mincludes([32m'Error:'[39m) [33m&&[39m 
[33m![39mmessage[33m.[39mincludes([32m'Failed to'[39m))) {
    [31m[1m>[22m[39m[90m 73 |[39m       originalError([33m...[39margs)[33m;[39m
     [90m    |[39m       [31m[1m^[22m[39m
     [90m 74 |[39m     }
     [90m 75 |[39m   })[33m;[39m
     [90m 76 |[39m   [0m

      at console.<anonymous> (src/test/setup.ts:73:7)
      at printWarning (node_modules/react-dom/cjs/react-dom.development.js:86:30)
      at error (node_modules/react-dom/cjs/react-dom.development.js:60:7)
      at warnIfUpdatesNotWrappedWithActDEV 
(node_modules/react-dom/cjs/react-dom.development.js:27628:9)
      at scheduleUpdateOnFiber (node_modules/react-dom/cjs/react-dom.development.js:25547:5)
      at dispatchSetState (node_modules/react-dom/cjs/react-dom.development.js:16708:7)
      at Object.current (node_modules/@headlessui/react/dist/headlessui.dev.cjs:8307:7)
      at Object.beforeEnter (node_modules/@headlessui/react/dist/headlessui.dev.cjs:829:65)
      at enter (node_modules/@headlessui/react/dist/headlessui.dev.cjs:8179:24)
      at match (node_modules/@headlessui/react/dist/headlessui.dev.cjs:1013:48)
      at Object.current (node_modules/@headlessui/react/dist/headlessui.dev.cjs:8176:12)
      at node_modules/@headlessui/react/dist/headlessui.dev.cjs:829:65
      at node_modules/@headlessui/react/dist/headlessui.dev.cjs:8055:106

    console.error
      Warning: An update to TransitionChildFn inside a test was not wrapped in act(...).
      
      When testing, code that causes React state updates should be wrapped into act(...):
      
      act(() => {
        /* fire events that update state */
      });
      /* assert on the output */
      
      This ensures that you're testing the behavior the user would see in the browser. Learn more at 
https://reactjs.org/link/wrap-tests-with-act
          at TransitionChildFn 
(E:\repos\blulok-cloud\frontend\node_modules\@headlessui\react\dist\headlessui.dev.cjs:8106:5)
          at ChildFn 
(E:\repos\blulok-cloud\frontend\node_modules\@headlessui\react\dist\headlessui.dev.cjs:8339:60)
          at div
          at PortalWrapper 
(E:\repos\blulok-cloud\frontend\node_modules\@headlessui\react\dist\headlessui.dev.cjs:3598:39)
          at div
          at FocusTrapFn 
(E:\repos\blulok-cloud\frontend\node_modules\@headlessui\react\dist\headlessui.dev.cjs:3233:45)
          at DescriptionProvider 
(E:\repos\blulok-cloud\frontend\node_modules\@headlessui\react\dist\headlessui.dev.cjs:4091:24)
          at ForcePortalRoot 
(E:\repos\blulok-cloud\frontend\node_modules\@headlessui\react\dist\headlessui.dev.cjs:3464:111)
          at GroupFn 
(E:\repos\blulok-cloud\frontend\node_modules\@headlessui\react\dist\headlessui.dev.cjs:3564:9)
          at PortalFn 
(E:\repos\blulok-cloud\frontend\node_modules\@headlessui\react\dist\headlessui.dev.cjs:3505:57)
          at ForcePortalRoot 
(E:\repos\blulok-cloud\frontend\node_modules\@headlessui\react\dist\headlessui.dev.cjs:3464:111)
          at StackProvider 
(E:\repos\blulok-cloud\frontend\node_modules\@headlessui\react\dist\headlessui.dev.cjs:4047:3)
          at DialogFn 
(E:\repos\blulok-cloud\frontend\node_modules\@headlessui\react\dist\headlessui.dev.cjs:4165:20)
          at OpenClosedProvider 
(E:\repos\blulok-cloud\frontend\node_modules\@headlessui\react\dist\headlessui.dev.cjs:1780:31)
          at TransitionChildFn 
(E:\repos\blulok-cloud\frontend\node_modules\@headlessui\react\dist\headlessui.dev.cjs:8106:5)
          at TransitionRootFn 
(E:\repos\blulok-cloud\frontend\node_modules\@headlessui\react\dist\headlessui.dev.cjs:8258:9)
          at FMSChangeReviewModal 
(E:\repos\blulok-cloud\frontend\src\components\FMS\FMSChangeReviewModal.tsx:73:3)
          at FMSSyncProvider (E:\repos\blulok-cloud\frontend\src\contexts\FMSSyncContext.tsx:52:35)
          at WebSocketProvider 
(E:\repos\blulok-cloud\frontend\src\contexts\WebSocketContext.tsx:24:71)
          at ToastProvider (E:\repos\blulok-cloud\frontend\src\contexts\ToastContext.tsx:10:63)
          at ThemeProvider (E:\repos\blulok-cloud\frontend\src\contexts\ThemeContext.tsx:18:63)

    [0m [90m 71 |[39m     [36mconst[39m message [33m=[39m 
args[[35m0[39m][33m?[39m[33m.[39mtoString() [33m||[39m [32m''[39m[33m;[39m
     [90m 72 |[39m     [36mif[39m (message[33m.[39mincludes([32m'Warning:'[39m) [33m||[39m 
(message[33m.[39mincludes([32m'Error:'[39m) [33m&&[39m 
[33m![39mmessage[33m.[39mincludes([32m'Failed to'[39m))) {
    [31m[1m>[22m[39m[90m 73 |[39m       originalError([33m...[39margs)[33m;[39m
     [90m    |[39m       [31m[1m^[22m[39m
     [90m 74 |[39m     }
     [90m 75 |[39m   })[33m;[39m
     [90m 76 |[39m   [0m

      at console.<anonymous> (src/test/setup.ts:73:7)
      at printWarning (node_modules/react-dom/cjs/react-dom.development.js:86:30)
      at error (node_modules/react-dom/cjs/react-dom.development.js:60:7)
      at warnIfUpdatesNotWrappedWithActDEV 
(node_modules/react-dom/cjs/react-dom.development.js:27628:9)
      at scheduleUpdateOnFiber (node_modules/react-dom/cjs/react-dom.development.js:25547:5)
      at dispatchSetState (node_modules/react-dom/cjs/react-dom.development.js:16708:7)
      at Object.addFlag (node_modules/@headlessui/react/dist/headlessui.dev.cjs:6852:7)
      at enter (node_modules/@headlessui/react/dist/headlessui.dev.cjs:8178:30)
      at match (node_modules/@headlessui/react/dist/headlessui.dev.cjs:1013:48)
      at Object.current (node_modules/@headlessui/react/dist/headlessui.dev.cjs:8176:12)
      at node_modules/@headlessui/react/dist/headlessui.dev.cjs:829:65
      at node_modules/@headlessui/react/dist/headlessui.dev.cjs:8055:106

    console.error
      Warning: An update to TransitionChildFn inside a test was not wrapped in act(...).
      
      When testing, code that causes React state updates should be wrapped into act(...):
      
      act(() => {
        /* fire events that update state */
      });
      /* assert on the output */
      
      This ensures that you're testing the behavior the user would see in the browser. Learn more at 
https://reactjs.org/link/wrap-tests-with-act
          at TransitionChildFn 
(E:\repos\blulok-cloud\frontend\node_modules\@headlessui\react\dist\headlessui.dev.cjs:8106:5)
          at ChildFn 
(E:\repos\blulok-cloud\frontend\node_modules\@headlessui\react\dist\headlessui.dev.cjs:8339:60)
          at div
          at div
          at div
          at PortalWrapper 
(E:\repos\blulok-cloud\frontend\node_modules\@headlessui\react\dist\headlessui.dev.cjs:3598:39)
          at div
          at FocusTrapFn 
(E:\repos\blulok-cloud\frontend\node_modules\@headlessui\react\dist\headlessui.dev.cjs:3233:45)
          at DescriptionProvider 
(E:\repos\blulok-cloud\frontend\node_modules\@headlessui\react\dist\headlessui.dev.cjs:4091:24)
          at ForcePortalRoot 
(E:\repos\blulok-cloud\frontend\node_modules\@headlessui\react\dist\headlessui.dev.cjs:3464:111)
          at GroupFn 
(E:\repos\blulok-cloud\frontend\node_modules\@headlessui\react\dist\headlessui.dev.cjs:3564:9)
          at PortalFn 
(E:\repos\blulok-cloud\frontend\node_modules\@headlessui\react\dist\headlessui.dev.cjs:3505:57)
          at ForcePortalRoot 
(E:\repos\blulok-cloud\frontend\node_modules\@headlessui\react\dist\headlessui.dev.cjs:3464:111)
          at StackProvider 
(E:\repos\blulok-cloud\frontend\node_modules\@headlessui\react\dist\headlessui.dev.cjs:4047:3)
          at DialogFn 
(E:\repos\blulok-cloud\frontend\node_modules\@headlessui\react\dist\headlessui.dev.cjs:4165:20)
          at OpenClosedProvider 
(E:\repos\blulok-cloud\frontend\node_modules\@headlessui\react\dist\headlessui.dev.cjs:1780:31)
          at TransitionChildFn 
(E:\repos\blulok-cloud\frontend\node_modules\@headlessui\react\dist\headlessui.dev.cjs:8106:5)
          at TransitionRootFn 
(E:\repos\blulok-cloud\frontend\node_modules\@headlessui\react\dist\headlessui.dev.cjs:8258:9)
          at FMSChangeReviewModal 
(E:\repos\blulok-cloud\frontend\src\components\FMS\FMSChangeReviewModal.tsx:73:3)
          at FMSSyncProvider (E:\repos\blulok-cloud\frontend\src\contexts\FMSSyncContext.tsx:52:35)
          at WebSocketProvider 
(E:\repos\blulok-cloud\frontend\src\contexts\WebSocketContext.tsx:24:71)
          at ToastProvider (E:\repos\blulok-cloud\frontend\src\contexts\ToastContext.tsx:10:63)
          at ThemeProvider (E:\repos\blulok-cloud\frontend\src\contexts\ThemeContext.tsx:18:63)

    [0m [90m 71 |[39m     [36mconst[39m message [33m=[39m 
args[[35m0[39m][33m?[39m[33m.[39mtoString() [33m||[39m [32m''[39m[33m;[39m
     [90m 72 |[39m     [36mif[39m (message[33m.[39mincludes([32m'Warning:'[39m) [33m||[39m 
(message[33m.[39mincludes([32m'Error:'[39m) [33m&&[39m 
[33m![39mmessage[33m.[39mincludes([32m'Failed to'[39m))) {
    [31m[1m>[22m[39m[90m 73 |[39m       originalError([33m...[39margs)[33m;[39m
     [90m    |[39m       [31m[1m^[22m[39m
     [90m 74 |[39m     }
     [90m 75 |[39m   })[33m;[39m
     [90m 76 |[39m   [0m

      at console.<anonymous> (src/test/setup.ts:73:7)
      at printWarning (node_modules/react-dom/cjs/react-dom.development.js:86:30)
      at error (node_modules/react-dom/cjs/react-dom.development.js:60:7)
      at warnIfUpdatesNotWrappedWithActDEV 
(node_modules/react-dom/cjs/react-dom.development.js:27628:9)
      at scheduleUpdateOnFiber (node_modules/react-dom/cjs/react-dom.development.js:25547:5)
      at dispatchSetState (node_modules/react-dom/cjs/react-dom.development.js:16708:7)
      at Object.addFlag (node_modules/@headlessui/react/dist/headlessui.dev.cjs:6852:7)
      at enter (node_modules/@headlessui/react/dist/headlessui.dev.cjs:8178:30)
      at match (node_modules/@headlessui/react/dist/headlessui.dev.cjs:1013:48)
      at Object.current (node_modules/@headlessui/react/dist/headlessui.dev.cjs:8176:12)
      at node_modules/@headlessui/react/dist/headlessui.dev.cjs:829:65
      at node_modules/@headlessui/react/dist/headlessui.dev.cjs:8055:106

    console.error
      Warning: An update to TransitionChildFn inside a test was not wrapped in act(...).
      
      When testing, code that causes React state updates should be wrapped into act(...):
      
      act(() => {
        /* fire events that update state */
      });
      /* assert on the output */
      
      This ensures that you're testing the behavior the user would see in the browser. Learn more at 
https://reactjs.org/link/wrap-tests-with-act
          at TransitionChildFn 
(E:\repos\blulok-cloud\frontend\node_modules\@headlessui\react\dist\headlessui.dev.cjs:8106:5)
          at TransitionRootFn 
(E:\repos\blulok-cloud\frontend\node_modules\@headlessui\react\dist\headlessui.dev.cjs:8258:9)
          at FMSChangeReviewModal 
(E:\repos\blulok-cloud\frontend\src\components\FMS\FMSChangeReviewModal.tsx:73:3)
          at FMSSyncProvider (E:\repos\blulok-cloud\frontend\src\contexts\FMSSyncContext.tsx:52:35)
          at WebSocketProvider 
(E:\repos\blulok-cloud\frontend\src\contexts\WebSocketContext.tsx:24:71)
          at ToastProvider (E:\repos\blulok-cloud\frontend\src\contexts\ToastContext.tsx:10:63)
          at ThemeProvider (E:\repos\blulok-cloud\frontend\src\contexts\ThemeContext.tsx:18:63)

    [0m [90m 71 |[39m     [36mconst[39m message [33m=[39m 
args[[35m0[39m][33m?[39m[33m.[39mtoString() [33m||[39m [32m''[39m[33m;[39m
     [90m 72 |[39m     [36mif[39m (message[33m.[39mincludes([32m'Warning:'[39m) [33m||[39m 
(message[33m.[39mincludes([32m'Error:'[39m) [33m&&[39m 
[33m![39mmessage[33m.[39mincludes([32m'Failed to'[39m))) {
    [31m[1m>[22m[39m[90m 73 |[39m       originalError([33m...[39margs)[33m;[39m
     [90m    |[39m       [31m[1m^[22m[39m
     [90m 74 |[39m     }
     [90m 75 |[39m   })[33m;[39m
     [90m 76 |[39m   [0m

      at console.<anonymous> (src/test/setup.ts:73:7)
      at printWarning (node_modules/react-dom/cjs/react-dom.development.js:86:30)
      at error (node_modules/react-dom/cjs/react-dom.development.js:60:7)
      at warnIfUpdatesNotWrappedWithActDEV 
(node_modules/react-dom/cjs/react-dom.development.js:27628:9)
      at scheduleUpdateOnFiber (node_modules/react-dom/cjs/react-dom.development.js:25547:5)
      at dispatchSetState (node_modules/react-dom/cjs/react-dom.development.js:16708:7)
      at Object.addFlag (node_modules/@headlessui/react/dist/headlessui.dev.cjs:6852:7)
      at enter (node_modules/@headlessui/react/dist/headlessui.dev.cjs:8178:30)
      at match (node_modules/@headlessui/react/dist/headlessui.dev.cjs:1013:48)
      at Object.current (node_modules/@headlessui/react/dist/headlessui.dev.cjs:8176:12)
      at node_modules/@headlessui/react/dist/headlessui.dev.cjs:829:65
      at node_modules/@headlessui/react/dist/headlessui.dev.cjs:8055:106

    console.error
      Warning: An update to TransitionRootFn inside a test was not wrapped in act(...).
      
      When testing, code that causes React state updates should be wrapped into act(...):
      
      act(() => {
        /* fire events that update state */
      });
      /* assert on the output */
      
      This ensures that you're testing the behavior the user would see in the browser. Learn more at 
https://reactjs.org/link/wrap-tests-with-act
          at TransitionRootFn 
(E:\repos\blulok-cloud\frontend\node_modules\@headlessui\react\dist\headlessui.dev.cjs:8258:9)
          at FMSChangeReviewModal 
(E:\repos\blulok-cloud\frontend\src\components\FMS\FMSChangeReviewModal.tsx:73:3)
          at FMSSyncProvider (E:\repos\blulok-cloud\frontend\src\contexts\FMSSyncContext.tsx:52:35)
          at WebSocketProvider 
(E:\repos\blulok-cloud\frontend\src\contexts\WebSocketContext.tsx:24:71)
          at ToastProvider (E:\repos\blulok-cloud\frontend\src\contexts\ToastContext.tsx:10:63)
          at ThemeProvider (E:\repos\blulok-cloud\frontend\src\contexts\ThemeContext.tsx:18:63)

    [0m [90m 71 |[39m     [36mconst[39m message [33m=[39m 
args[[35m0[39m][33m?[39m[33m.[39mtoString() [33m||[39m [32m''[39m[33m;[39m
     [90m 72 |[39m     [36mif[39m (message[33m.[39mincludes([32m'Warning:'[39m) [33m||[39m 
(message[33m.[39mincludes([32m'Error:'[39m) [33m&&[39m 
[33m![39mmessage[33m.[39mincludes([32m'Failed to'[39m))) {
    [31m[1m>[22m[39m[90m 73 |[39m       originalError([33m...[39margs)[33m;[39m
     [90m    |[39m       [31m[1m^[22m[39m
     [90m 74 |[39m     }
     [90m 75 |[39m   })[33m;[39m
     [90m 76 |[39m   [0m

      at console.<anonymous> (src/test/setup.ts:73:7)
      at printWarning (node_modules/react-dom/cjs/react-dom.development.js:86:30)
      at error (node_modules/react-dom/cjs/react-dom.development.js:60:7)
      at warnIfUpdatesNotWrappedWithActDEV 
(node_modules/react-dom/cjs/react-dom.development.js:27628:9)
      at scheduleUpdateOnFiber (node_modules/react-dom/cjs/react-dom.development.js:25547:5)
      at dispatchSetState (node_modules/react-dom/cjs/react-dom.development.js:16708:7)
      at Object.current (node_modules/@headlessui/react/dist/headlessui.dev.cjs:8307:7)
      at Object.beforeEnter (node_modules/@headlessui/react/dist/headlessui.dev.cjs:829:65)
      at enter (node_modules/@headlessui/react/dist/headlessui.dev.cjs:8179:24)
      at match (node_modules/@headlessui/react/dist/headlessui.dev.cjs:1013:48)
      at Object.current (node_modules/@headlessui/react/dist/headlessui.dev.cjs:8176:12)
      at node_modules/@headlessui/react/dist/headlessui.dev.cjs:829:65
      at node_modules/@headlessui/react/dist/headlessui.dev.cjs:8055:106

    console.error
      Warning: An update to TransitionChildFn inside a test was not wrapped in act(...).
      
      When testing, code that causes React state updates should be wrapped into act(...):
      
      act(() => {
        /* fire events that update state */
      });
      /* assert on the output */
      
      This ensures that you're testing the behavior the user would see in the browser. Learn more at 
https://reactjs.org/link/wrap-tests-with-act
          at TransitionChildFn 
(E:\repos\blulok-cloud\frontend\node_modules\@headlessui\react\dist\headlessui.dev.cjs:8106:5)
          at ChildFn 
(E:\repos\blulok-cloud\frontend\node_modules\@headlessui\react\dist\headlessui.dev.cjs:8339:60)
          at div
          at PortalWrapper 
(E:\repos\blulok-cloud\frontend\node_modules\@headlessui\react\dist\headlessui.dev.cjs:3598:39)
          at div
          at FocusTrapFn 
(E:\repos\blulok-cloud\frontend\node_modules\@headlessui\react\dist\headlessui.dev.cjs:3233:45)
          at DescriptionProvider 
(E:\repos\blulok-cloud\frontend\node_modules\@headlessui\react\dist\headlessui.dev.cjs:4091:24)
          at ForcePortalRoot 
(E:\repos\blulok-cloud\frontend\node_modules\@headlessui\react\dist\headlessui.dev.cjs:3464:111)
          at GroupFn 
(E:\repos\blulok-cloud\frontend\node_modules\@headlessui\react\dist\headlessui.dev.cjs:3564:9)
          at PortalFn 
(E:\repos\blulok-cloud\frontend\node_modules\@headlessui\react\dist\headlessui.dev.cjs:3505:57)
          at ForcePortalRoot 
(E:\repos\blulok-cloud\frontend\node_modules\@headlessui\react\dist\headlessui.dev.cjs:3464:111)
          at StackProvider 
(E:\repos\blulok-cloud\frontend\node_modules\@headlessui\react\dist\headlessui.dev.cjs:4047:3)
          at DialogFn 
(E:\repos\blulok-cloud\frontend\node_modules\@headlessui\react\dist\headlessui.dev.cjs:4165:20)
          at OpenClosedProvider 
(E:\repos\blulok-cloud\frontend\node_modules\@headlessui\react\dist\headlessui.dev.cjs:1780:31)
          at TransitionChildFn 
(E:\repos\blulok-cloud\frontend\node_modules\@headlessui\react\dist\headlessui.dev.cjs:8106:5)
          at TransitionRootFn 
(E:\repos\blulok-cloud\frontend\node_modules\@headlessui\react\dist\headlessui.dev.cjs:8258:9)
          at FMSChangeReviewModal 
(E:\repos\blulok-cloud\frontend\src\components\FMS\FMSChangeReviewModal.tsx:73:3)
          at FMSSyncProvider (E:\repos\blulok-cloud\frontend\src\contexts\FMSSyncContext.tsx:52:35)
          at WebSocketProvider 
(E:\repos\blulok-cloud\frontend\src\contexts\WebSocketContext.tsx:24:71)
          at ToastProvider (E:\repos\blulok-cloud\frontend\src\contexts\ToastContext.tsx:10:63)
          at ThemeProvider (E:\repos\blulok-cloud\frontend\src\contexts\ThemeContext.tsx:18:63)

    [0m [90m 71 |[39m     [36mconst[39m message [33m=[39m 
args[[35m0[39m][33m?[39m[33m.[39mtoString() [33m||[39m [32m''[39m[33m;[39m
     [90m 72 |[39m     [36mif[39m (message[33m.[39mincludes([32m'Warning:'[39m) [33m||[39m 
(message[33m.[39mincludes([32m'Error:'[39m) [33m&&[39m 
[33m![39mmessage[33m.[39mincludes([32m'Failed to'[39m))) {
    [31m[1m>[22m[39m[90m 73 |[39m       originalError([33m...[39margs)[33m;[39m
     [90m    |[39m       [31m[1m^[22m[39m
     [90m 74 |[39m     }
     [90m 75 |[39m   })[33m;[39m
     [90m 76 |[39m   [0m

      at console.<anonymous> (src/test/setup.ts:73:7)
      at printWarning (node_modules/react-dom/cjs/react-dom.development.js:86:30)
      at error (node_modules/react-dom/cjs/react-dom.development.js:60:7)
      at warnIfUpdatesNotWrappedWithActDEV 
(node_modules/react-dom/cjs/react-dom.development.js:27628:9)
      at scheduleUpdateOnFiber (node_modules/react-dom/cjs/react-dom.development.js:25547:5)
      at dispatchSetState (node_modules/react-dom/cjs/react-dom.development.js:16708:7)
      at Object.addFlag (node_modules/@headlessui/react/dist/headlessui.dev.cjs:6852:7)
      at enter (node_modules/@headlessui/react/dist/headlessui.dev.cjs:8178:30)
      at match (node_modules/@headlessui/react/dist/headlessui.dev.cjs:1013:48)
      at Object.current (node_modules/@headlessui/react/dist/headlessui.dev.cjs:8176:12)
      at node_modules/@headlessui/react/dist/headlessui.dev.cjs:829:65
      at node_modules/@headlessui/react/dist/headlessui.dev.cjs:8055:106

    console.error
      Warning: An update to TransitionChildFn inside a test was not wrapped in act(...).
      
      When testing, code that causes React state updates should be wrapped into act(...):
      
      act(() => {
        /* fire events that update state */
      });
      /* assert on the output */
      
      This ensures that you're testing the behavior the user would see in the browser. Learn more at 
https://reactjs.org/link/wrap-tests-with-act
          at TransitionChildFn 
(E:\repos\blulok-cloud\frontend\node_modules\@headlessui\react\dist\headlessui.dev.cjs:8106:5)
          at ChildFn 
(E:\repos\blulok-cloud\frontend\node_modules\@headlessui\react\dist\headlessui.dev.cjs:8339:60)
          at div
          at div
          at div
          at PortalWrapper 
(E:\repos\blulok-cloud\frontend\node_modules\@headlessui\react\dist\headlessui.dev.cjs:3598:39)
          at div
          at FocusTrapFn 
(E:\repos\blulok-cloud\frontend\node_modules\@headlessui\react\dist\headlessui.dev.cjs:3233:45)
          at DescriptionProvider 
(E:\repos\blulok-cloud\frontend\node_modules\@headlessui\react\dist\headlessui.dev.cjs:4091:24)
          at ForcePortalRoot 
(E:\repos\blulok-cloud\frontend\node_modules\@headlessui\react\dist\headlessui.dev.cjs:3464:111)
          at GroupFn 
(E:\repos\blulok-cloud\frontend\node_modules\@headlessui\react\dist\headlessui.dev.cjs:3564:9)
          at PortalFn 
(E:\repos\blulok-cloud\frontend\node_modules\@headlessui\react\dist\headlessui.dev.cjs:3505:57)
          at ForcePortalRoot 
(E:\repos\blulok-cloud\frontend\node_modules\@headlessui\react\dist\headlessui.dev.cjs:3464:111)
          at StackProvider 
(E:\repos\blulok-cloud\frontend\node_modules\@headlessui\react\dist\headlessui.dev.cjs:4047:3)
          at DialogFn 
(E:\repos\blulok-cloud\frontend\node_modules\@headlessui\react\dist\headlessui.dev.cjs:4165:20)
          at OpenClosedProvider 
(E:\repos\blulok-cloud\frontend\node_modules\@headlessui\react\dist\headlessui.dev.cjs:1780:31)
          at TransitionChildFn 
(E:\repos\blulok-cloud\frontend\node_modules\@headlessui\react\dist\headlessui.dev.cjs:8106:5)
          at TransitionRootFn 
(E:\repos\blulok-cloud\frontend\node_modules\@headlessui\react\dist\headlessui.dev.cjs:8258:9)
          at FMSChangeReviewModal 
(E:\repos\blulok-cloud\frontend\src\components\FMS\FMSChangeReviewModal.tsx:73:3)
          at FMSSyncProvider (E:\repos\blulok-cloud\frontend\src\contexts\FMSSyncContext.tsx:52:35)
          at WebSocketProvider 
(E:\repos\blulok-cloud\frontend\src\contexts\WebSocketContext.tsx:24:71)
          at ToastProvider (E:\repos\blulok-cloud\frontend\src\contexts\ToastContext.tsx:10:63)
          at ThemeProvider (E:\repos\blulok-cloud\frontend\src\contexts\ThemeContext.tsx:18:63)

    [0m [90m 71 |[39m     [36mconst[39m message [33m=[39m 
args[[35m0[39m][33m?[39m[33m.[39mtoString() [33m||[39m [32m''[39m[33m;[39m
     [90m 72 |[39m     [36mif[39m (message[33m.[39mincludes([32m'Warning:'[39m) [33m||[39m 
(message[33m.[39mincludes([32m'Error:'[39m) [33m&&[39m 
[33m![39mmessage[33m.[39mincludes([32m'Failed to'[39m))) {
    [31m[1m>[22m[39m[90m 73 |[39m       originalError([33m...[39margs)[33m;[39m
     [90m    |[39m       [31m[1m^[22m[39m
     [90m 74 |[39m     }
     [90m 75 |[39m   })[33m;[39m
     [90m 76 |[39m   [0m

      at console.<anonymous> (src/test/setup.ts:73:7)
      at printWarning (node_modules/react-dom/cjs/react-dom.development.js:86:30)
      at error (node_modules/react-dom/cjs/react-dom.development.js:60:7)
      at warnIfUpdatesNotWrappedWithActDEV 
(node_modules/react-dom/cjs/react-dom.development.js:27628:9)
      at scheduleUpdateOnFiber (node_modules/react-dom/cjs/react-dom.development.js:25547:5)
      at dispatchSetState (node_modules/react-dom/cjs/react-dom.development.js:16708:7)
      at Object.addFlag (node_modules/@headlessui/react/dist/headlessui.dev.cjs:6852:7)
      at enter (node_modules/@headlessui/react/dist/headlessui.dev.cjs:8178:30)
      at match (node_modules/@headlessui/react/dist/headlessui.dev.cjs:1013:48)
      at Object.current (node_modules/@headlessui/react/dist/headlessui.dev.cjs:8176:12)
      at node_modules/@headlessui/react/dist/headlessui.dev.cjs:829:65
      at node_modules/@headlessui/react/dist/headlessui.dev.cjs:8055:106

    console.error
      Warning: An update to TransitionChildFn inside a test was not wrapped in act(...).
      
      When testing, code that causes React state updates should be wrapped into act(...):
      
      act(() => {
        /* fire events that update state */
      });
      /* assert on the output */
      
      This ensures that you're testing the behavior the user would see in the browser. Learn more at 
https://reactjs.org/link/wrap-tests-with-act
          at TransitionChildFn 
(E:\repos\blulok-cloud\frontend\node_modules\@headlessui\react\dist\headlessui.dev.cjs:8106:5)
          at TransitionRootFn 
(E:\repos\blulok-cloud\frontend\node_modules\@headlessui\react\dist\headlessui.dev.cjs:8258:9)
          at FMSChangeReviewModal 
(E:\repos\blulok-cloud\frontend\src\components\FMS\FMSChangeReviewModal.tsx:73:3)
          at FMSSyncProvider (E:\repos\blulok-cloud\frontend\src\contexts\FMSSyncContext.tsx:52:35)
          at WebSocketProvider 
(E:\repos\blulok-cloud\frontend\src\contexts\WebSocketContext.tsx:24:71)
          at ToastProvider (E:\repos\blulok-cloud\frontend\src\contexts\ToastContext.tsx:10:63)
          at ThemeProvider (E:\repos\blulok-cloud\frontend\src\contexts\ThemeContext.tsx:18:63)

    [0m [90m 71 |[39m     [36mconst[39m message [33m=[39m 
args[[35m0[39m][33m?[39m[33m.[39mtoString() [33m||[39m [32m''[39m[33m;[39m
     [90m 72 |[39m     [36mif[39m (message[33m.[39mincludes([32m'Warning:'[39m) [33m||[39m 
(message[33m.[39mincludes([32m'Error:'[39m) [33m&&[39m 
[33m![39mmessage[33m.[39mincludes([32m'Failed to'[39m))) {
    [31m[1m>[22m[39m[90m 73 |[39m       originalError([33m...[39margs)[33m;[39m
     [90m    |[39m       [31m[1m^[22m[39m
     [90m 74 |[39m     }
     [90m 75 |[39m   })[33m;[39m
     [90m 76 |[39m   [0m

      at console.<anonymous> (src/test/setup.ts:73:7)
      at printWarning (node_modules/react-dom/cjs/react-dom.development.js:86:30)
      at error (node_modules/react-dom/cjs/react-dom.development.js:60:7)
      at warnIfUpdatesNotWrappedWithActDEV 
(node_modules/react-dom/cjs/react-dom.development.js:27628:9)
      at scheduleUpdateOnFiber (node_modules/react-dom/cjs/react-dom.development.js:25547:5)
      at dispatchSetState (node_modules/react-dom/cjs/react-dom.development.js:16708:7)
      at Object.addFlag (node_modules/@headlessui/react/dist/headlessui.dev.cjs:6852:7)
      at enter (node_modules/@headlessui/react/dist/headlessui.dev.cjs:8178:30)
      at match (node_modules/@headlessui/react/dist/headlessui.dev.cjs:1013:48)
      at Object.current (node_modules/@headlessui/react/dist/headlessui.dev.cjs:8176:12)
      at node_modules/@headlessui/react/dist/headlessui.dev.cjs:829:65
      at node_modules/@headlessui/react/dist/headlessui.dev.cjs:8055:106

    console.error
      Warning: An update to TransitionRootFn inside a test was not wrapped in act(...).
      
      When testing, code that causes React state updates should be wrapped into act(...):
      
      act(() => {
        /* fire events that update state */
      });
      /* assert on the output */
      
      This ensures that you're testing the behavior the user would see in the browser. Learn more at 
https://reactjs.org/link/wrap-tests-with-act
          at TransitionRootFn 
(E:\repos\blulok-cloud\frontend\node_modules\@headlessui\react\dist\headlessui.dev.cjs:8258:9)
          at FMSChangeReviewModal 
(E:\repos\blulok-cloud\frontend\src\components\FMS\FMSChangeReviewModal.tsx:73:3)
          at FMSSyncProvider (E:\repos\blulok-cloud\frontend\src\contexts\FMSSyncContext.tsx:52:35)
          at WebSocketProvider 
(E:\repos\blulok-cloud\frontend\src\contexts\WebSocketContext.tsx:24:71)
          at ToastProvider (E:\repos\blulok-cloud\frontend\src\contexts\ToastContext.tsx:10:63)
          at ThemeProvider (E:\repos\blulok-cloud\frontend\src\contexts\ThemeContext.tsx:18:63)

    [0m [90m 71 |[39m     [36mconst[39m message [33m=[39m 
args[[35m0[39m][33m?[39m[33m.[39mtoString() [33m||[39m [32m''[39m[33m;[39m
     [90m 72 |[39m     [36mif[39m (message[33m.[39mincludes([32m'Warning:'[39m) [33m||[39m 
(message[33m.[39mincludes([32m'Error:'[39m) [33m&&[39m 
[33m![39mmessage[33m.[39mincludes([32m'Failed to'[39m))) {
    [31m[1m>[22m[39m[90m 73 |[39m       originalError([33m...[39margs)[33m;[39m
     [90m    |[39m       [31m[1m^[22m[39m
     [90m 74 |[39m     }
     [90m 75 |[39m   })[33m;[39m
     [90m 76 |[39m   [0m

      at console.<anonymous> (src/test/setup.ts:73:7)
      at printWarning (node_modules/react-dom/cjs/react-dom.development.js:86:30)
      at error (node_modules/react-dom/cjs/react-dom.development.js:60:7)
      at warnIfUpdatesNotWrappedWithActDEV 
(node_modules/react-dom/cjs/react-dom.development.js:27628:9)
      at scheduleUpdateOnFiber (node_modules/react-dom/cjs/react-dom.development.js:25547:5)
      at dispatchSetState (node_modules/react-dom/cjs/react-dom.development.js:16708:7)
      at Object.current (node_modules/@headlessui/react/dist/headlessui.dev.cjs:8307:7)
      at Object.beforeEnter (node_modules/@headlessui/react/dist/headlessui.dev.cjs:829:65)
      at enter (node_modules/@headlessui/react/dist/headlessui.dev.cjs:8179:24)
      at match (node_modules/@headlessui/react/dist/headlessui.dev.cjs:1013:48)
      at Object.current (node_modules/@headlessui/react/dist/headlessui.dev.cjs:8176:12)
      at node_modules/@headlessui/react/dist/headlessui.dev.cjs:829:65
      at node_modules/@headlessui/react/dist/headlessui.dev.cjs:8055:106

    console.error
      Warning: An update to TransitionChildFn inside a test was not wrapped in act(...).
      
      When testing, code that causes React state updates should be wrapped into act(...):
      
      act(() => {
        /* fire events that update state */
      });
      /* assert on the output */
      
      This ensures that you're testing the behavior the user would see in the browser. Learn more at 
https://reactjs.org/link/wrap-tests-with-act
          at TransitionChildFn 
(E:\repos\blulok-cloud\frontend\node_modules\@headlessui\react\dist\headlessui.dev.cjs:8106:5)
          at ChildFn 
(E:\repos\blulok-cloud\frontend\node_modules\@headlessui\react\dist\headlessui.dev.cjs:8339:60)
          at div
          at PortalWrapper 
(E:\repos\blulok-cloud\frontend\node_modules\@headlessui\react\dist\headlessui.dev.cjs:3598:39)
          at div
          at FocusTrapFn 
(E:\repos\blulok-cloud\frontend\node_modules\@headlessui\react\dist\headlessui.dev.cjs:3233:45)
          at DescriptionProvider 
(E:\repos\blulok-cloud\frontend\node_modules\@headlessui\react\dist\headlessui.dev.cjs:4091:24)
          at ForcePortalRoot 
(E:\repos\blulok-cloud\frontend\node_modules\@headlessui\react\dist\headlessui.dev.cjs:3464:111)
          at GroupFn 
(E:\repos\blulok-cloud\frontend\node_modules\@headlessui\react\dist\headlessui.dev.cjs:3564:9)
          at PortalFn 
(E:\repos\blulok-cloud\frontend\node_modules\@headlessui\react\dist\headlessui.dev.cjs:3505:57)
          at ForcePortalRoot 
(E:\repos\blulok-cloud\frontend\node_modules\@headlessui\react\dist\headlessui.dev.cjs:3464:111)
          at StackProvider 
(E:\repos\blulok-cloud\frontend\node_modules\@headlessui\react\dist\headlessui.dev.cjs:4047:3)
          at DialogFn 
(E:\repos\blulok-cloud\frontend\node_modules\@headlessui\react\dist\headlessui.dev.cjs:4165:20)
          at OpenClosedProvider 
(E:\repos\blulok-cloud\frontend\node_modules\@headlessui\react\dist\headlessui.dev.cjs:1780:31)
          at TransitionChildFn 
(E:\repos\blulok-cloud\frontend\node_modules\@headlessui\react\dist\headlessui.dev.cjs:8106:5)
          at TransitionRootFn 
(E:\repos\blulok-cloud\frontend\node_modules\@headlessui\react\dist\headlessui.dev.cjs:8258:9)
          at FMSChangeReviewModal 
(E:\repos\blulok-cloud\frontend\src\components\FMS\FMSChangeReviewModal.tsx:73:3)
          at FMSSyncProvider (E:\repos\blulok-cloud\frontend\src\contexts\FMSSyncContext.tsx:52:35)
          at WebSocketProvider 
(E:\repos\blulok-cloud\frontend\src\contexts\WebSocketContext.tsx:24:71)
          at ToastProvider (E:\repos\blulok-cloud\frontend\src\contexts\ToastContext.tsx:10:63)
          at ThemeProvider (E:\repos\blulok-cloud\frontend\src\contexts\ThemeContext.tsx:18:63)

    [0m [90m 71 |[39m     [36mconst[39m message [33m=[39m 
args[[35m0[39m][33m?[39m[33m.[39mtoString() [33m||[39m [32m''[39m[33m;[39m
     [90m 72 |[39m     [36mif[39m (message[33m.[39mincludes([32m'Warning:'[39m) [33m||[39m 
(message[33m.[39mincludes([32m'Error:'[39m) [33m&&[39m 
[33m![39mmessage[33m.[39mincludes([32m'Failed to'[39m))) {
    [31m[1m>[22m[39m[90m 73 |[39m       originalError([33m...[39margs)[33m;[39m
     [90m    |[39m       [31m[1m^[22m[39m
     [90m 74 |[39m     }
     [90m 75 |[39m   })[33m;[39m
     [90m 76 |[39m   [0m

      at console.<anonymous> (src/test/setup.ts:73:7)
      at printWarning (node_modules/react-dom/cjs/react-dom.development.js:86:30)
      at error (node_modules/react-dom/cjs/react-dom.development.js:60:7)
      at warnIfUpdatesNotWrappedWithActDEV 
(node_modules/react-dom/cjs/react-dom.development.js:27628:9)
      at scheduleUpdateOnFiber (node_modules/react-dom/cjs/react-dom.development.js:25547:5)
      at dispatchSetState (node_modules/react-dom/cjs/react-dom.development.js:16708:7)
      at Object.addFlag (node_modules/@headlessui/react/dist/headlessui.dev.cjs:6852:7)
      at enter (node_modules/@headlessui/react/dist/headlessui.dev.cjs:8178:30)
      at match (node_modules/@headlessui/react/dist/headlessui.dev.cjs:1013:48)
      at Object.current (node_modules/@headlessui/react/dist/headlessui.dev.cjs:8176:12)
      at node_modules/@headlessui/react/dist/headlessui.dev.cjs:829:65
      at node_modules/@headlessui/react/dist/headlessui.dev.cjs:8055:106

    console.error
      Warning: An update to TransitionChildFn inside a test was not wrapped in act(...).
      
      When testing, code that causes React state updates should be wrapped into act(...):
      
      act(() => {
        /* fire events that update state */
      });
      /* assert on the output */
      
      This ensures that you're testing the behavior the user would see in the browser. Learn more at 
https://reactjs.org/link/wrap-tests-with-act
          at TransitionChildFn 
(E:\repos\blulok-cloud\frontend\node_modules\@headlessui\react\dist\headlessui.dev.cjs:8106:5)
          at ChildFn 
(E:\repos\blulok-cloud\frontend\node_modules\@headlessui\react\dist\headlessui.dev.cjs:8339:60)
          at div
          at div
          at div
          at PortalWrapper 
(E:\repos\blulok-cloud\frontend\node_modules\@headlessui\react\dist\headlessui.dev.cjs:3598:39)
          at div
          at FocusTrapFn 
(E:\repos\blulok-cloud\frontend\node_modules\@headlessui\react\dist\headlessui.dev.cjs:3233:45)
          at DescriptionProvider 
(E:\repos\blulok-cloud\frontend\node_modules\@headlessui\react\dist\headlessui.dev.cjs:4091:24)
          at ForcePortalRoot 
(E:\repos\blulok-cloud\frontend\node_modules\@headlessui\react\dist\headlessui.dev.cjs:3464:111)
          at GroupFn 
(E:\repos\blulok-cloud\frontend\node_modules\@headlessui\react\dist\headlessui.dev.cjs:3564:9)
          at PortalFn 
(E:\repos\blulok-cloud\frontend\node_modules\@headlessui\react\dist\headlessui.dev.cjs:3505:57)
          at ForcePortalRoot 
(E:\repos\blulok-cloud\frontend\node_modules\@headlessui\react\dist\headlessui.dev.cjs:3464:111)
          at StackProvider 
(E:\repos\blulok-cloud\frontend\node_modules\@headlessui\react\dist\headlessui.dev.cjs:4047:3)
          at DialogFn 
(E:\repos\blulok-cloud\frontend\node_modules\@headlessui\react\dist\headlessui.dev.cjs:4165:20)
          at OpenClosedProvider 
(E:\repos\blulok-cloud\frontend\node_modules\@headlessui\react\dist\headlessui.dev.cjs:1780:31)
          at TransitionChildFn 
(E:\repos\blulok-cloud\frontend\node_modules\@headlessui\react\dist\headlessui.dev.cjs:8106:5)
          at TransitionRootFn 
(E:\repos\blulok-cloud\frontend\node_modules\@headlessui\react\dist\headlessui.dev.cjs:8258:9)
          at FMSChangeReviewModal 
(E:\repos\blulok-cloud\frontend\src\components\FMS\FMSChangeReviewModal.tsx:73:3)
          at FMSSyncProvider (E:\repos\blulok-cloud\frontend\src\contexts\FMSSyncContext.tsx:52:35)
          at WebSocketProvider 
(E:\repos\blulok-cloud\frontend\src\contexts\WebSocketContext.tsx:24:71)
          at ToastProvider (E:\repos\blulok-cloud\frontend\src\contexts\ToastContext.tsx:10:63)
          at ThemeProvider (E:\repos\blulok-cloud\frontend\src\contexts\ThemeContext.tsx:18:63)

    [0m [90m 71 |[39m     [36mconst[39m message [33m=[39m 
args[[35m0[39m][33m?[39m[33m.[39mtoString() [33m||[39m [32m''[39m[33m;[39m
     [90m 72 |[39m     [36mif[39m (message[33m.[39mincludes([32m'Warning:'[39m) [33m||[39m 
(message[33m.[39mincludes([32m'Error:'[39m) [33m&&[39m 
[33m![39mmessage[33m.[39mincludes([32m'Failed to'[39m))) {
    [31m[1m>[22m[39m[90m 73 |[39m       originalError([33m...[39margs)[33m;[39m
     [90m    |[39m       [31m[1m^[22m[39m
     [90m 74 |[39m     }
     [90m 75 |[39m   })[33m;[39m
     [90m 76 |[39m   [0m

      at console.<anonymous> (src/test/setup.ts:73:7)
      at printWarning (node_modules/react-dom/cjs/react-dom.development.js:86:30)
      at error (node_modules/react-dom/cjs/react-dom.development.js:60:7)
      at warnIfUpdatesNotWrappedWithActDEV 
(node_modules/react-dom/cjs/react-dom.development.js:27628:9)
      at scheduleUpdateOnFiber (node_modules/react-dom/cjs/react-dom.development.js:25547:5)
      at dispatchSetState (node_modules/react-dom/cjs/react-dom.development.js:16708:7)
      at Object.addFlag (node_modules/@headlessui/react/dist/headlessui.dev.cjs:6852:7)
      at enter (node_modules/@headlessui/react/dist/headlessui.dev.cjs:8178:30)
      at match (node_modules/@headlessui/react/dist/headlessui.dev.cjs:1013:48)
      at Object.current (node_modules/@headlessui/react/dist/headlessui.dev.cjs:8176:12)
      at node_modules/@headlessui/react/dist/headlessui.dev.cjs:829:65
      at node_modules/@headlessui/react/dist/headlessui.dev.cjs:8055:106

    console.error
      Warning: An update to TransitionChildFn inside a test was not wrapped in act(...).
      
      When testing, code that causes React state updates should be wrapped into act(...):
      
      act(() => {
        /* fire events that update state */
      });
      /* assert on the output */
      
      This ensures that you're testing the behavior the user would see in the browser. Learn more at 
https://reactjs.org/link/wrap-tests-with-act
          at TransitionChildFn 
(E:\repos\blulok-cloud\frontend\node_modules\@headlessui\react\dist\headlessui.dev.cjs:8106:5)
          at TransitionRootFn 
(E:\repos\blulok-cloud\frontend\node_modules\@headlessui\react\dist\headlessui.dev.cjs:8258:9)
          at FMSChangeReviewModal 
(E:\repos\blulok-cloud\frontend\src\components\FMS\FMSChangeReviewModal.tsx:73:3)
          at FMSSyncProvider (E:\repos\blulok-cloud\frontend\src\contexts\FMSSyncContext.tsx:52:35)
          at WebSocketProvider 
(E:\repos\blulok-cloud\frontend\src\contexts\WebSocketContext.tsx:24:71)
          at ToastProvider (E:\repos\blulok-cloud\frontend\src\contexts\ToastContext.tsx:10:63)
          at ThemeProvider (E:\repos\blulok-cloud\frontend\src\contexts\ThemeContext.tsx:18:63)

    [0m [90m 71 |[39m     [36mconst[39m message [33m=[39m 
args[[35m0[39m][33m?[39m[33m.[39mtoString() [33m||[39m [32m''[39m[33m;[39m
     [90m 72 |[39m     [36mif[39m (message[33m.[39mincludes([32m'Warning:'[39m) [33m||[39m 
(message[33m.[39mincludes([32m'Error:'[39m) [33m&&[39m 
[33m![39mmessage[33m.[39mincludes([32m'Failed to'[39m))) {
    [31m[1m>[22m[39m[90m 73 |[39m       originalError([33m...[39margs)[33m;[39m
     [90m    |[39m       [31m[1m^[22m[39m
     [90m 74 |[39m     }
     [90m 75 |[39m   })[33m;[39m
     [90m 76 |[39m   [0m

      at console.<anonymous> (src/test/setup.ts:73:7)
      at printWarning (node_modules/react-dom/cjs/react-dom.development.js:86:30)
      at error (node_modules/react-dom/cjs/react-dom.development.js:60:7)
      at warnIfUpdatesNotWrappedWithActDEV 
(node_modules/react-dom/cjs/react-dom.development.js:27628:9)
      at scheduleUpdateOnFiber (node_modules/react-dom/cjs/react-dom.development.js:25547:5)
      at dispatchSetState (node_modules/react-dom/cjs/react-dom.development.js:16708:7)
      at Object.addFlag (node_modules/@headlessui/react/dist/headlessui.dev.cjs:6852:7)
      at enter (node_modules/@headlessui/react/dist/headlessui.dev.cjs:8178:30)
      at match (node_modules/@headlessui/react/dist/headlessui.dev.cjs:1013:48)
      at Object.current (node_modules/@headlessui/react/dist/headlessui.dev.cjs:8176:12)
      at node_modules/@headlessui/react/dist/headlessui.dev.cjs:829:65
      at node_modules/@headlessui/react/dist/headlessui.dev.cjs:8055:106

    console.error
      Warning: An update to TransitionRootFn inside a test was not wrapped in act(...).
      
      When testing, code that causes React state updates should be wrapped into act(...):
      
      act(() => {
        /* fire events that update state */
      });
      /* assert on the output */
      
      This ensures that you're testing the behavior the user would see in the browser. Learn more at 
https://reactjs.org/link/wrap-tests-with-act
          at TransitionRootFn 
(E:\repos\blulok-cloud\frontend\node_modules\@headlessui\react\dist\headlessui.dev.cjs:8258:9)
          at FMSChangeReviewModal 
(E:\repos\blulok-cloud\frontend\src\components\FMS\FMSChangeReviewModal.tsx:73:3)
          at FMSSyncProvider (E:\repos\blulok-cloud\frontend\src\contexts\FMSSyncContext.tsx:52:35)
          at WebSocketProvider 
(E:\repos\blulok-cloud\frontend\src\contexts\WebSocketContext.tsx:24:71)
          at ToastProvider (E:\repos\blulok-cloud\frontend\src\contexts\ToastContext.tsx:10:63)
          at ThemeProvider (E:\repos\blulok-cloud\frontend\src\contexts\ThemeContext.tsx:18:63)

    [0m [90m 71 |[39m     [36mconst[39m message [33m=[39m 
args[[35m0[39m][33m?[39m[33m.[39mtoString() [33m||[39m [32m''[39m[33m;[39m
     [90m 72 |[39m     [36mif[39m (message[33m.[39mincludes([32m'Warning:'[39m) [33m||[39m 
(message[33m.[39mincludes([32m'Error:'[39m) [33m&&[39m 
[33m![39mmessage[33m.[39mincludes([32m'Failed to'[39m))) {
    [31m[1m>[22m[39m[90m 73 |[39m       originalError([33m...[39margs)[33m;[39m
     [90m    |[39m       [31m[1m^[22m[39m
     [90m 74 |[39m     }
     [90m 75 |[39m   })[33m;[39m
     [90m 76 |[39m   [0m

      at console.<anonymous> (src/test/setup.ts:73:7)
      at printWarning (node_modules/react-dom/cjs/react-dom.development.js:86:30)
      at error (node_modules/react-dom/cjs/react-dom.development.js:60:7)
      at warnIfUpdatesNotWrappedWithActDEV 
(node_modules/react-dom/cjs/react-dom.development.js:27628:9)
      at scheduleUpdateOnFiber (node_modules/react-dom/cjs/react-dom.development.js:25547:5)
      at dispatchSetState (node_modules/react-dom/cjs/react-dom.development.js:16708:7)
      at Object.current (node_modules/@headlessui/react/dist/headlessui.dev.cjs:8307:7)
      at Object.beforeEnter (node_modules/@headlessui/react/dist/headlessui.dev.cjs:829:65)
      at enter (node_modules/@headlessui/react/dist/headlessui.dev.cjs:8179:24)
      at match (node_modules/@headlessui/react/dist/headlessui.dev.cjs:1013:48)
      at Object.current (node_modules/@headlessui/react/dist/headlessui.dev.cjs:8176:12)
      at node_modules/@headlessui/react/dist/headlessui.dev.cjs:829:65
      at node_modules/@headlessui/react/dist/headlessui.dev.cjs:8055:106

    console.error
      Warning: An update to TransitionChildFn inside a test was not wrapped in act(...).
      
      When testing, code that causes React state updates should be wrapped into act(...):
      
      act(() => {
        /* fire events that update state */
      });
      /* assert on the output */
      
      This ensures that you're testing the behavior the user would see in the browser. Learn more at 
https://reactjs.org/link/wrap-tests-with-act
          at TransitionChildFn 
(E:\repos\blulok-cloud\frontend\node_modules\@headlessui\react\dist\headlessui.dev.cjs:8106:5)
          at ChildFn 
(E:\repos\blulok-cloud\frontend\node_modules\@headlessui\react\dist\headlessui.dev.cjs:8339:60)
          at div
          at PortalWrapper 
(E:\repos\blulok-cloud\frontend\node_modules\@headlessui\react\dist\headlessui.dev.cjs:3598:39)
          at div
          at FocusTrapFn 
(E:\repos\blulok-cloud\frontend\node_modules\@headlessui\react\dist\headlessui.dev.cjs:3233:45)
          at DescriptionProvider 
(E:\repos\blulok-cloud\frontend\node_modules\@headlessui\react\dist\headlessui.dev.cjs:4091:24)
          at ForcePortalRoot 
(E:\repos\blulok-cloud\frontend\node_modules\@headlessui\react\dist\headlessui.dev.cjs:3464:111)
          at GroupFn 
(E:\repos\blulok-cloud\frontend\node_modules\@headlessui\react\dist\headlessui.dev.cjs:3564:9)
          at PortalFn 
(E:\repos\blulok-cloud\frontend\node_modules\@headlessui\react\dist\headlessui.dev.cjs:3505:57)
          at ForcePortalRoot 
(E:\repos\blulok-cloud\frontend\node_modules\@headlessui\react\dist\headlessui.dev.cjs:3464:111)
          at StackProvider 
(E:\repos\blulok-cloud\frontend\node_modules\@headlessui\react\dist\headlessui.dev.cjs:4047:3)
          at DialogFn 
(E:\repos\blulok-cloud\frontend\node_modules\@headlessui\react\dist\headlessui.dev.cjs:4165:20)
          at OpenClosedProvider 
(E:\repos\blulok-cloud\frontend\node_modules\@headlessui\react\dist\headlessui.dev.cjs:1780:31)
          at TransitionChildFn 
(E:\repos\blulok-cloud\frontend\node_modules\@headlessui\react\dist\headlessui.dev.cjs:8106:5)
          at TransitionRootFn 
(E:\repos\blulok-cloud\frontend\node_modules\@headlessui\react\dist\headlessui.dev.cjs:8258:9)
          at FMSChangeReviewModal 
(E:\repos\blulok-cloud\frontend\src\components\FMS\FMSChangeReviewModal.tsx:73:3)
          at FMSSyncProvider (E:\repos\blulok-cloud\frontend\src\contexts\FMSSyncContext.tsx:52:35)
          at WebSocketProvider 
(E:\repos\blulok-cloud\frontend\src\contexts\WebSocketContext.tsx:24:71)
          at ToastProvider (E:\repos\blulok-cloud\frontend\src\contexts\ToastContext.tsx:10:63)
          at ThemeProvider (E:\repos\blulok-cloud\frontend\src\contexts\ThemeContext.tsx:18:63)

    [0m [90m 71 |[39m     [36mconst[39m message [33m=[39m 
args[[35m0[39m][33m?[39m[33m.[39mtoString() [33m||[39m [32m''[39m[33m;[39m
     [90m 72 |[39m     [36mif[39m (message[33m.[39mincludes([32m'Warning:'[39m) [33m||[39m 
(message[33m.[39mincludes([32m'Error:'[39m) [33m&&[39m 
[33m![39mmessage[33m.[39mincludes([32m'Failed to'[39m))) {
    [31m[1m>[22m[39m[90m 73 |[39m       originalError([33m...[39margs)[33m;[39m
     [90m    |[39m       [31m[1m^[22m[39m
     [90m 74 |[39m     }
     [90m 75 |[39m   })[33m;[39m
     [90m 76 |[39m   [0m

      at console.<anonymous> (src/test/setup.ts:73:7)
      at printWarning (node_modules/react-dom/cjs/react-dom.development.js:86:30)
      at error (node_modules/react-dom/cjs/react-dom.development.js:60:7)
      at warnIfUpdatesNotWrappedWithActDEV 
(node_modules/react-dom/cjs/react-dom.development.js:27628:9)
      at scheduleUpdateOnFiber (node_modules/react-dom/cjs/react-dom.development.js:25547:5)
      at dispatchSetState (node_modules/react-dom/cjs/react-dom.development.js:16708:7)
      at Object.addFlag (node_modules/@headlessui/react/dist/headlessui.dev.cjs:6852:7)
      at enter (node_modules/@headlessui/react/dist/headlessui.dev.cjs:8178:30)
      at match (node_modules/@headlessui/react/dist/headlessui.dev.cjs:1013:48)
      at Object.current (node_modules/@headlessui/react/dist/headlessui.dev.cjs:8176:12)
      at node_modules/@headlessui/react/dist/headlessui.dev.cjs:829:65
      at node_modules/@headlessui/react/dist/headlessui.dev.cjs:8055:106

    console.error
      Warning: An update to TransitionChildFn inside a test was not wrapped in act(...).
      
      When testing, code that causes React state updates should be wrapped into act(...):
      
      act(() => {
        /* fire events that update state */
      });
      /* assert on the output */
      
      This ensures that you're testing the behavior the user would see in the browser. Learn more at 
https://reactjs.org/link/wrap-tests-with-act
          at TransitionChildFn 
(E:\repos\blulok-cloud\frontend\node_modules\@headlessui\react\dist\headlessui.dev.cjs:8106:5)
          at ChildFn 
(E:\repos\blulok-cloud\frontend\node_modules\@headlessui\react\dist\headlessui.dev.cjs:8339:60)
          at div
          at div
          at div
          at PortalWrapper 
(E:\repos\blulok-cloud\frontend\node_modules\@headlessui\react\dist\headlessui.dev.cjs:3598:39)
          at div
          at FocusTrapFn 
(E:\repos\blulok-cloud\frontend\node_modules\@headlessui\react\dist\headlessui.dev.cjs:3233:45)
          at DescriptionProvider 
(E:\repos\blulok-cloud\frontend\node_modules\@headlessui\react\dist\headlessui.dev.cjs:4091:24)
          at ForcePortalRoot 
(E:\repos\blulok-cloud\frontend\node_modules\@headlessui\react\dist\headlessui.dev.cjs:3464:111)
          at GroupFn 
(E:\repos\blulok-cloud\frontend\node_modules\@headlessui\react\dist\headlessui.dev.cjs:3564:9)
          at PortalFn 
(E:\repos\blulok-cloud\frontend\node_modules\@headlessui\react\dist\headlessui.dev.cjs:3505:57)
          at ForcePortalRoot 
(E:\repos\blulok-cloud\frontend\node_modules\@headlessui\react\dist\headlessui.dev.cjs:3464:111)
          at StackProvider 
(E:\repos\blulok-cloud\frontend\node_modules\@headlessui\react\dist\headlessui.dev.cjs:4047:3)
          at DialogFn 
(E:\repos\blulok-cloud\frontend\node_modules\@headlessui\react\dist\headlessui.dev.cjs:4165:20)
          at OpenClosedProvider 
(E:\repos\blulok-cloud\frontend\node_modules\@headlessui\react\dist\headlessui.dev.cjs:1780:31)
          at TransitionChildFn 
(E:\repos\blulok-cloud\frontend\node_modules\@headlessui\react\dist\headlessui.dev.cjs:8106:5)
          at TransitionRootFn 
(E:\repos\blulok-cloud\frontend\node_modules\@headlessui\react\dist\headlessui.dev.cjs:8258:9)
          at FMSChangeReviewModal 
(E:\repos\blulok-cloud\frontend\src\components\FMS\FMSChangeReviewModal.tsx:73:3)
          at FMSSyncProvider (E:\repos\blulok-cloud\frontend\src\contexts\FMSSyncContext.tsx:52:35)
          at WebSocketProvider 
(E:\repos\blulok-cloud\frontend\src\contexts\WebSocketContext.tsx:24:71)
          at ToastProvider (E:\repos\blulok-cloud\frontend\src\contexts\ToastContext.tsx:10:63)
          at ThemeProvider (E:\repos\blulok-cloud\frontend\src\contexts\ThemeContext.tsx:18:63)

    [0m [90m 71 |[39m     [36mconst[39m message [33m=[39m 
args[[35m0[39m][33m?[39m[33m.[39mtoString() [33m||[39m [32m''[39m[33m;[39m
     [90m 72 |[39m     [36mif[39m (message[33m.[39mincludes([32m'Warning:'[39m) [33m||[39m 
(message[33m.[39mincludes([32m'Error:'[39m) [33m&&[39m 
[33m![39mmessage[33m.[39mincludes([32m'Failed to'[39m))) {
    [31m[1m>[22m[39m[90m 73 |[39m       originalError([33m...[39margs)[33m;[39m
     [90m    |[39m       [31m[1m^[22m[39m
     [90m 74 |[39m     }
     [90m 75 |[39m   })[33m;[39m
     [90m 76 |[39m   [0m

      at console.<anonymous> (src/test/setup.ts:73:7)
      at printWarning (node_modules/react-dom/cjs/react-dom.development.js:86:30)
      at error (node_modules/react-dom/cjs/react-dom.development.js:60:7)
      at warnIfUpdatesNotWrappedWithActDEV 
(node_modules/react-dom/cjs/react-dom.development.js:27628:9)
      at scheduleUpdateOnFiber (node_modules/react-dom/cjs/react-dom.development.js:25547:5)
      at dispatchSetState (node_modules/react-dom/cjs/react-dom.development.js:16708:7)
      at Object.addFlag (node_modules/@headlessui/react/dist/headlessui.dev.cjs:6852:7)
      at enter (node_modules/@headlessui/react/dist/headlessui.dev.cjs:8178:30)
      at match (node_modules/@headlessui/react/dist/headlessui.dev.cjs:1013:48)
      at Object.current (node_modules/@headlessui/react/dist/headlessui.dev.cjs:8176:12)
      at node_modules/@headlessui/react/dist/headlessui.dev.cjs:829:65
      at node_modules/@headlessui/react/dist/headlessui.dev.cjs:8055:106

    console.error
      Warning: An update to TransitionChildFn inside a test was not wrapped in act(...).
      
      When testing, code that causes React state updates should be wrapped into act(...):
      
      act(() => {
        /* fire events that update state */
      });
      /* assert on the output */
      
      This ensures that you're testing the behavior the user would see in the browser. Learn more at 
https://reactjs.org/link/wrap-tests-with-act
          at TransitionChildFn 
(E:\repos\blulok-cloud\frontend\node_modules\@headlessui\react\dist\headlessui.dev.cjs:8106:5)
          at TransitionRootFn 
(E:\repos\blulok-cloud\frontend\node_modules\@headlessui\react\dist\headlessui.dev.cjs:8258:9)
          at FMSChangeReviewModal 
(E:\repos\blulok-cloud\frontend\src\components\FMS\FMSChangeReviewModal.tsx:73:3)
          at FMSSyncProvider (E:\repos\blulok-cloud\frontend\src\contexts\FMSSyncContext.tsx:52:35)
          at WebSocketProvider 
(E:\repos\blulok-cloud\frontend\src\contexts\WebSocketContext.tsx:24:71)
          at ToastProvider (E:\repos\blulok-cloud\frontend\src\contexts\ToastContext.tsx:10:63)
          at ThemeProvider (E:\repos\blulok-cloud\frontend\src\contexts\ThemeContext.tsx:18:63)

    [0m [90m 71 |[39m     [36mconst[39m message [33m=[39m 
args[[35m0[39m][33m?[39m[33m.[39mtoString() [33m||[39m [32m''[39m[33m;[39m
     [90m 72 |[39m     [36mif[39m (message[33m.[39mincludes([32m'Warning:'[39m) [33m||[39m 
(message[33m.[39mincludes([32m'Error:'[39m) [33m&&[39m 
[33m![39mmessage[33m.[39mincludes([32m'Failed to'[39m))) {
    [31m[1m>[22m[39m[90m 73 |[39m       originalError([33m...[39margs)[33m;[39m
     [90m    |[39m       [31m[1m^[22m[39m
     [90m 74 |[39m     }
     [90m 75 |[39m   })[33m;[39m
     [90m 76 |[39m   [0m

      at console.<anonymous> (src/test/setup.ts:73:7)
      at printWarning (node_modules/react-dom/cjs/react-dom.development.js:86:30)
      at error (node_modules/react-dom/cjs/react-dom.development.js:60:7)
      at warnIfUpdatesNotWrappedWithActDEV 
(node_modules/react-dom/cjs/react-dom.development.js:27628:9)
      at scheduleUpdateOnFiber (node_modules/react-dom/cjs/react-dom.development.js:25547:5)
      at dispatchSetState (node_modules/react-dom/cjs/react-dom.development.js:16708:7)
      at Object.addFlag (node_modules/@headlessui/react/dist/headlessui.dev.cjs:6852:7)
      at enter (node_modules/@headlessui/react/dist/headlessui.dev.cjs:8178:30)
      at match (node_modules/@headlessui/react/dist/headlessui.dev.cjs:1013:48)
      at Object.current (node_modules/@headlessui/react/dist/headlessui.dev.cjs:8176:12)
      at node_modules/@headlessui/react/dist/headlessui.dev.cjs:829:65
      at node_modules/@headlessui/react/dist/headlessui.dev.cjs:8055:106

    console.error
      Warning: An update to TransitionRootFn inside a test was not wrapped in act(...).
      
      When testing, code that causes React state updates should be wrapped into act(...):
      
      act(() => {
        /* fire events that update state */
      });
      /* assert on the output */
      
      This ensures that you're testing the behavior the user would see in the browser. Learn more at 
https://reactjs.org/link/wrap-tests-with-act
          at TransitionRootFn 
(E:\repos\blulok-cloud\frontend\node_modules\@headlessui\react\dist\headlessui.dev.cjs:8258:9)
          at FMSChangeReviewModal 
(E:\repos\blulok-cloud\frontend\src\components\FMS\FMSChangeReviewModal.tsx:73:3)
          at FMSSyncProvider (E:\repos\blulok-cloud\frontend\src\contexts\FMSSyncContext.tsx:52:35)
          at WebSocketProvider 
(E:\repos\blulok-cloud\frontend\src\contexts\WebSocketContext.tsx:24:71)
          at ToastProvider (E:\repos\blulok-cloud\frontend\src\contexts\ToastContext.tsx:10:63)
          at ThemeProvider (E:\repos\blulok-cloud\frontend\src\contexts\ThemeContext.tsx:18:63)

    [0m [90m 71 |[39m     [36mconst[39m message [33m=[39m 
args[[35m0[39m][33m?[39m[33m.[39mtoString() [33m||[39m [32m''[39m[33m;[39m
     [90m 72 |[39m     [36mif[39m (message[33m.[39mincludes([32m'Warning:'[39m) [33m||[39m 
(message[33m.[39mincludes([32m'Error:'[39m) [33m&&[39m 
[33m![39mmessage[33m.[39mincludes([32m'Failed to'[39m))) {
    [31m[1m>[22m[39m[90m 73 |[39m       originalError([33m...[39margs)[33m;[39m
     [90m    |[39m       [31m[1m^[22m[39m
     [90m 74 |[39m     }
     [90m 75 |[39m   })[33m;[39m
     [90m 76 |[39m   [0m

      at console.<anonymous> (src/test/setup.ts:73:7)
      at printWarning (node_modules/react-dom/cjs/react-dom.development.js:86:30)
      at error (node_modules/react-dom/cjs/react-dom.development.js:60:7)
      at warnIfUpdatesNotWrappedWithActDEV 
(node_modules/react-dom/cjs/react-dom.development.js:27628:9)
      at scheduleUpdateOnFiber (node_modules/react-dom/cjs/react-dom.development.js:25547:5)
      at dispatchSetState (node_modules/react-dom/cjs/react-dom.development.js:16708:7)
      at Object.current (node_modules/@headlessui/react/dist/headlessui.dev.cjs:8307:7)
      at Object.beforeEnter (node_modules/@headlessui/react/dist/headlessui.dev.cjs:829:65)
      at enter (node_modules/@headlessui/react/dist/headlessui.dev.cjs:8179:24)
      at match (node_modules/@headlessui/react/dist/headlessui.dev.cjs:1013:48)
      at Object.current (node_modules/@headlessui/react/dist/headlessui.dev.cjs:8176:12)
      at node_modules/@headlessui/react/dist/headlessui.dev.cjs:829:65
      at node_modules/@headlessui/react/dist/headlessui.dev.cjs:8055:106

    console.error
      Warning: An update to TransitionChildFn inside a test was not wrapped in act(...).
      
      When testing, code that causes React state updates should be wrapped into act(...):
      
      act(() => {
        /* fire events that update state */
      });
      /* assert on the output */
      
      This ensures that you're testing the behavior the user would see in the browser. Learn more at 
https://reactjs.org/link/wrap-tests-with-act
          at TransitionChildFn 
(E:\repos\blulok-cloud\frontend\node_modules\@headlessui\react\dist\headlessui.dev.cjs:8106:5)
          at ChildFn 
(E:\repos\blulok-cloud\frontend\node_modules\@headlessui\react\dist\headlessui.dev.cjs:8339:60)
          at div
          at PortalWrapper 
(E:\repos\blulok-cloud\frontend\node_modules\@headlessui\react\dist\headlessui.dev.cjs:3598:39)
          at div
          at FocusTrapFn 
(E:\repos\blulok-cloud\frontend\node_modules\@headlessui\react\dist\headlessui.dev.cjs:3233:45)
          at DescriptionProvider 
(E:\repos\blulok-cloud\frontend\node_modules\@headlessui\react\dist\headlessui.dev.cjs:4091:24)
          at ForcePortalRoot 
(E:\repos\blulok-cloud\frontend\node_modules\@headlessui\react\dist\headlessui.dev.cjs:3464:111)
          at GroupFn 
(E:\repos\blulok-cloud\frontend\node_modules\@headlessui\react\dist\headlessui.dev.cjs:3564:9)
          at PortalFn 
(E:\repos\blulok-cloud\frontend\node_modules\@headlessui\react\dist\headlessui.dev.cjs:3505:57)
          at ForcePortalRoot 
(E:\repos\blulok-cloud\frontend\node_modules\@headlessui\react\dist\headlessui.dev.cjs:3464:111)
          at StackProvider 
(E:\repos\blulok-cloud\frontend\node_modules\@headlessui\react\dist\headlessui.dev.cjs:4047:3)
          at DialogFn 
(E:\repos\blulok-cloud\frontend\node_modules\@headlessui\react\dist\headlessui.dev.cjs:4165:20)
          at OpenClosedProvider 
(E:\repos\blulok-cloud\frontend\node_modules\@headlessui\react\dist\headlessui.dev.cjs:1780:31)
          at TransitionChildFn 
(E:\repos\blulok-cloud\frontend\node_modules\@headlessui\react\dist\headlessui.dev.cjs:8106:5)
          at TransitionRootFn 
(E:\repos\blulok-cloud\frontend\node_modules\@headlessui\react\dist\headlessui.dev.cjs:8258:9)
          at FMSChangeReviewModal 
(E:\repos\blulok-cloud\frontend\src\components\FMS\FMSChangeReviewModal.tsx:73:3)
          at FMSSyncProvider (E:\repos\blulok-cloud\frontend\src\contexts\FMSSyncContext.tsx:52:35)
          at WebSocketProvider 
(E:\repos\blulok-cloud\frontend\src\contexts\WebSocketContext.tsx:24:71)
          at ToastProvider (E:\repos\blulok-cloud\frontend\src\contexts\ToastContext.tsx:10:63)
          at ThemeProvider (E:\repos\blulok-cloud\frontend\src\contexts\ThemeContext.tsx:18:63)

    [0m [90m 71 |[39m     [36mconst[39m message [33m=[39m 
args[[35m0[39m][33m?[39m[33m.[39mtoString() [33m||[39m [32m''[39m[33m;[39m
     [90m 72 |[39m     [36mif[39m (message[33m.[39mincludes([32m'Warning:'[39m) [33m||[39m 
(message[33m.[39mincludes([32m'Error:'[39m) [33m&&[39m 
[33m![39mmessage[33m.[39mincludes([32m'Failed to'[39m))) {
    [31m[1m>[22m[39m[90m 73 |[39m       originalError([33m...[39margs)[33m;[39m
     [90m    |[39m       [31m[1m^[22m[39m
     [90m 74 |[39m     }
     [90m 75 |[39m   })[33m;[39m
     [90m 76 |[39m   [0m

      at console.<anonymous> (src/test/setup.ts:73:7)
      at printWarning (node_modules/react-dom/cjs/react-dom.development.js:86:30)
      at error (node_modules/react-dom/cjs/react-dom.development.js:60:7)
      at warnIfUpdatesNotWrappedWithActDEV 
(node_modules/react-dom/cjs/react-dom.development.js:27628:9)
      at scheduleUpdateOnFiber (node_modules/react-dom/cjs/react-dom.development.js:25547:5)
      at dispatchSetState (node_modules/react-dom/cjs/react-dom.development.js:16708:7)
      at Object.addFlag (node_modules/@headlessui/react/dist/headlessui.dev.cjs:6852:7)
      at enter (node_modules/@headlessui/react/dist/headlessui.dev.cjs:8178:30)
      at match (node_modules/@headlessui/react/dist/headlessui.dev.cjs:1013:48)
      at Object.current (node_modules/@headlessui/react/dist/headlessui.dev.cjs:8176:12)
      at node_modules/@headlessui/react/dist/headlessui.dev.cjs:829:65
      at node_modules/@headlessui/react/dist/headlessui.dev.cjs:8055:106

    console.error
      Warning: An update to TransitionChildFn inside a test was not wrapped in act(...).
      
      When testing, code that causes React state updates should be wrapped into act(...):
      
      act(() => {
        /* fire events that update state */
      });
      /* assert on the output */
      
      This ensures that you're testing the behavior the user would see in the browser. Learn more at 
https://reactjs.org/link/wrap-tests-with-act
          at TransitionChildFn 
(E:\repos\blulok-cloud\frontend\node_modules\@headlessui\react\dist\headlessui.dev.cjs:8106:5)
          at ChildFn 
(E:\repos\blulok-cloud\frontend\node_modules\@headlessui\react\dist\headlessui.dev.cjs:8339:60)
          at div
          at div
          at div
          at PortalWrapper 
(E:\repos\blulok-cloud\frontend\node_modules\@headlessui\react\dist\headlessui.dev.cjs:3598:39)
          at div
          at FocusTrapFn 
(E:\repos\blulok-cloud\frontend\node_modules\@headlessui\react\dist\headlessui.dev.cjs:3233:45)
          at DescriptionProvider 
(E:\repos\blulok-cloud\frontend\node_modules\@headlessui\react\dist\headlessui.dev.cjs:4091:24)
          at ForcePortalRoot 
(E:\repos\blulok-cloud\frontend\node_modules\@headlessui\react\dist\headlessui.dev.cjs:3464:111)
          at GroupFn 
(E:\repos\blulok-cloud\frontend\node_modules\@headlessui\react\dist\headlessui.dev.cjs:3564:9)
          at PortalFn 
(E:\repos\blulok-cloud\frontend\node_modules\@headlessui\react\dist\headlessui.dev.cjs:3505:57)
          at ForcePortalRoot 
(E:\repos\blulok-cloud\frontend\node_modules\@headlessui\react\dist\headlessui.dev.cjs:3464:111)
          at StackProvider 
(E:\repos\blulok-cloud\frontend\node_modules\@headlessui\react\dist\headlessui.dev.cjs:4047:3)
          at DialogFn 
(E:\repos\blulok-cloud\frontend\node_modules\@headlessui\react\dist\headlessui.dev.cjs:4165:20)
          at OpenClosedProvider 
(E:\repos\blulok-cloud\frontend\node_modules\@headlessui\react\dist\headlessui.dev.cjs:1780:31)
          at TransitionChildFn 
(E:\repos\blulok-cloud\frontend\node_modules\@headlessui\react\dist\headlessui.dev.cjs:8106:5)
          at TransitionRootFn 
(E:\repos\blulok-cloud\frontend\node_modules\@headlessui\react\dist\headlessui.dev.cjs:8258:9)
          at FMSChangeReviewModal 
(E:\repos\blulok-cloud\frontend\src\components\FMS\FMSChangeReviewModal.tsx:73:3)
          at FMSSyncProvider (E:\repos\blulok-cloud\frontend\src\contexts\FMSSyncContext.tsx:52:35)
          at WebSocketProvider 
(E:\repos\blulok-cloud\frontend\src\contexts\WebSocketContext.tsx:24:71)
          at ToastProvider (E:\repos\blulok-cloud\frontend\src\contexts\ToastContext.tsx:10:63)
          at ThemeProvider (E:\repos\blulok-cloud\frontend\src\contexts\ThemeContext.tsx:18:63)

    [0m [90m 71 |[39m     [36mconst[39m message [33m=[39m 
args[[35m0[39m][33m?[39m[33m.[39mtoString() [33m||[39m [32m''[39m[33m;[39m
     [90m 72 |[39m     [36mif[39m (message[33m.[39mincludes([32m'Warning:'[39m) [33m||[39m 
(message[33m.[39mincludes([32m'Error:'[39m) [33m&&[39m 
[33m![39mmessage[33m.[39mincludes([32m'Failed to'[39m))) {
    [31m[1m>[22m[39m[90m 73 |[39m       originalError([33m...[39margs)[33m;[39m
     [90m    |[39m       [31m[1m^[22m[39m
     [90m 74 |[39m     }
     [90m 75 |[39m   })[33m;[39m
     [90m 76 |[39m   [0m

      at console.<anonymous> (src/test/setup.ts:73:7)
      at printWarning (node_modules/react-dom/cjs/react-dom.development.js:86:30)
      at error (node_modules/react-dom/cjs/react-dom.development.js:60:7)
      at warnIfUpdatesNotWrappedWithActDEV 
(node_modules/react-dom/cjs/react-dom.development.js:27628:9)
      at scheduleUpdateOnFiber (node_modules/react-dom/cjs/react-dom.development.js:25547:5)
      at dispatchSetState (node_modules/react-dom/cjs/react-dom.development.js:16708:7)
      at Object.addFlag (node_modules/@headlessui/react/dist/headlessui.dev.cjs:6852:7)
      at enter (node_modules/@headlessui/react/dist/headlessui.dev.cjs:8178:30)
      at match (node_modules/@headlessui/react/dist/headlessui.dev.cjs:1013:48)
      at Object.current (node_modules/@headlessui/react/dist/headlessui.dev.cjs:8176:12)
      at node_modules/@headlessui/react/dist/headlessui.dev.cjs:829:65
      at node_modules/@headlessui/react/dist/headlessui.dev.cjs:8055:106

    console.error
      Warning: An update to TransitionChildFn inside a test was not wrapped in act(...).
      
      When testing, code that causes React state updates should be wrapped into act(...):
      
      act(() => {
        /* fire events that update state */
      });
      /* assert on the output */
      
      This ensures that you're testing the behavior the user would see in the browser. Learn more at 
https://reactjs.org/link/wrap-tests-with-act
          at TransitionChildFn 
(E:\repos\blulok-cloud\frontend\node_modules\@headlessui\react\dist\headlessui.dev.cjs:8106:5)
          at TransitionRootFn 
(E:\repos\blulok-cloud\frontend\node_modules\@headlessui\react\dist\headlessui.dev.cjs:8258:9)
          at FMSChangeReviewModal 
(E:\repos\blulok-cloud\frontend\src\components\FMS\FMSChangeReviewModal.tsx:73:3)
          at FMSSyncProvider (E:\repos\blulok-cloud\frontend\src\contexts\FMSSyncContext.tsx:52:35)
          at WebSocketProvider 
(E:\repos\blulok-cloud\frontend\src\contexts\WebSocketContext.tsx:24:71)
          at ToastProvider (E:\repos\blulok-cloud\frontend\src\contexts\ToastContext.tsx:10:63)
          at ThemeProvider (E:\repos\blulok-cloud\frontend\src\contexts\ThemeContext.tsx:18:63)

    [0m [90m 71 |[39m     [36mconst[39m message [33m=[39m 
args[[35m0[39m][33m?[39m[33m.[39mtoString() [33m||[39m [32m''[39m[33m;[39m
     [90m 72 |[39m     [36mif[39m (message[33m.[39mincludes([32m'Warning:'[39m) [33m||[39m 
(message[33m.[39mincludes([32m'Error:'[39m) [33m&&[39m 
[33m![39mmessage[33m.[39mincludes([32m'Failed to'[39m))) {
    [31m[1m>[22m[39m[90m 73 |[39m       originalError([33m...[39margs)[33m;[39m
     [90m    |[39m       [31m[1m^[22m[39m
     [90m 74 |[39m     }
     [90m 75 |[39m   })[33m;[39m
     [90m 76 |[39m   [0m

      at console.<anonymous> (src/test/setup.ts:73:7)
      at printWarning (node_modules/react-dom/cjs/react-dom.development.js:86:30)
      at error (node_modules/react-dom/cjs/react-dom.development.js:60:7)
      at warnIfUpdatesNotWrappedWithActDEV 
(node_modules/react-dom/cjs/react-dom.development.js:27628:9)
      at scheduleUpdateOnFiber (node_modules/react-dom/cjs/react-dom.development.js:25547:5)
      at dispatchSetState (node_modules/react-dom/cjs/react-dom.development.js:16708:7)
      at Object.addFlag (node_modules/@headlessui/react/dist/headlessui.dev.cjs:6852:7)
      at enter (node_modules/@headlessui/react/dist/headlessui.dev.cjs:8178:30)
      at match (node_modules/@headlessui/react/dist/headlessui.dev.cjs:1013:48)
      at Object.current (node_modules/@headlessui/react/dist/headlessui.dev.cjs:8176:12)
      at node_modules/@headlessui/react/dist/headlessui.dev.cjs:829:65
      at node_modules/@headlessui/react/dist/headlessui.dev.cjs:8055:106

    console.error
      Warning: An update to TransitionRootFn inside a test was not wrapped in act(...).
      
      When testing, code that causes React state updates should be wrapped into act(...):
      
      act(() => {
        /* fire events that update state */
      });
      /* assert on the output */
      
      This ensures that you're testing the behavior the user would see in the browser. Learn more at 
https://reactjs.org/link/wrap-tests-with-act
          at TransitionRootFn 
(E:\repos\blulok-cloud\frontend\node_modules\@headlessui\react\dist\headlessui.dev.cjs:8258:9)
          at FMSChangeReviewModal 
(E:\repos\blulok-cloud\frontend\src\components\FMS\FMSChangeReviewModal.tsx:73:3)
          at FMSSyncProvider (E:\repos\blulok-cloud\frontend\src\contexts\FMSSyncContext.tsx:52:35)
          at WebSocketProvider 
(E:\repos\blulok-cloud\frontend\src\contexts\WebSocketContext.tsx:24:71)
          at ToastProvider (E:\repos\blulok-cloud\frontend\src\contexts\ToastContext.tsx:10:63)
          at ThemeProvider (E:\repos\blulok-cloud\frontend\src\contexts\ThemeContext.tsx:18:63)

    [0m [90m 71 |[39m     [36mconst[39m message [33m=[39m 
args[[35m0[39m][33m?[39m[33m.[39mtoString() [33m||[39m [32m''[39m[33m;[39m
     [90m 72 |[39m     [36mif[39m (message[33m.[39mincludes([32m'Warning:'[39m) [33m||[39m 
(message[33m.[39mincludes([32m'Error:'[39m) [33m&&[39m 
[33m![39mmessage[33m.[39mincludes([32m'Failed to'[39m))) {
    [31m[1m>[22m[39m[90m 73 |[39m       originalError([33m...[39margs)[33m;[39m
     [90m    |[39m       [31m[1m^[22m[39m
     [90m 74 |[39m     }
     [90m 75 |[39m   })[33m;[39m
     [90m 76 |[39m   [0m

      at console.<anonymous> (src/test/setup.ts:73:7)
      at printWarning (node_modules/react-dom/cjs/react-dom.development.js:86:30)
      at error (node_modules/react-dom/cjs/react-dom.development.js:60:7)
      at warnIfUpdatesNotWrappedWithActDEV 
(node_modules/react-dom/cjs/react-dom.development.js:27628:9)
      at scheduleUpdateOnFiber (node_modules/react-dom/cjs/react-dom.development.js:25547:5)
      at dispatchSetState (node_modules/react-dom/cjs/react-dom.development.js:16708:7)
      at Object.current (node_modules/@headlessui/react/dist/headlessui.dev.cjs:8307:7)
      at Object.beforeEnter (node_modules/@headlessui/react/dist/headlessui.dev.cjs:829:65)
      at enter (node_modules/@headlessui/react/dist/headlessui.dev.cjs:8179:24)
      at match (node_modules/@headlessui/react/dist/headlessui.dev.cjs:1013:48)
      at Object.current (node_modules/@headlessui/react/dist/headlessui.dev.cjs:8176:12)
      at node_modules/@headlessui/react/dist/headlessui.dev.cjs:829:65
      at node_modules/@headlessui/react/dist/headlessui.dev.cjs:8055:106

    console.error
      Warning: An update to TransitionChildFn inside a test was not wrapped in act(...).
      
      When testing, code that causes React state updates should be wrapped into act(...):
      
      act(() => {
        /* fire events that update state */
      });
      /* assert on the output */
      
      This ensures that you're testing the behavior the user would see in the browser. Learn more at 
https://reactjs.org/link/wrap-tests-with-act
          at TransitionChildFn 
(E:\repos\blulok-cloud\frontend\node_modules\@headlessui\react\dist\headlessui.dev.cjs:8106:5)
          at ChildFn 
(E:\repos\blulok-cloud\frontend\node_modules\@headlessui\react\dist\headlessui.dev.cjs:8339:60)
          at div
          at PortalWrapper 
(E:\repos\blulok-cloud\frontend\node_modules\@headlessui\react\dist\headlessui.dev.cjs:3598:39)
          at div
          at FocusTrapFn 
(E:\repos\blulok-cloud\frontend\node_modules\@headlessui\react\dist\headlessui.dev.cjs:3233:45)
          at DescriptionProvider 
(E:\repos\blulok-cloud\frontend\node_modules\@headlessui\react\dist\headlessui.dev.cjs:4091:24)
          at ForcePortalRoot 
(E:\repos\blulok-cloud\frontend\node_modules\@headlessui\react\dist\headlessui.dev.cjs:3464:111)
          at GroupFn 
(E:\repos\blulok-cloud\frontend\node_modules\@headlessui\react\dist\headlessui.dev.cjs:3564:9)
          at PortalFn 
(E:\repos\blulok-cloud\frontend\node_modules\@headlessui\react\dist\headlessui.dev.cjs:3505:57)
          at ForcePortalRoot 
(E:\repos\blulok-cloud\frontend\node_modules\@headlessui\react\dist\headlessui.dev.cjs:3464:111)
          at StackProvider 
(E:\repos\blulok-cloud\frontend\node_modules\@headlessui\react\dist\headlessui.dev.cjs:4047:3)
          at DialogFn 
(E:\repos\blulok-cloud\frontend\node_modules\@headlessui\react\dist\headlessui.dev.cjs:4165:20)
          at OpenClosedProvider 
(E:\repos\blulok-cloud\frontend\node_modules\@headlessui\react\dist\headlessui.dev.cjs:1780:31)
          at TransitionChildFn 
(E:\repos\blulok-cloud\frontend\node_modules\@headlessui\react\dist\headlessui.dev.cjs:8106:5)
          at TransitionRootFn 
(E:\repos\blulok-cloud\frontend\node_modules\@headlessui\react\dist\headlessui.dev.cjs:8258:9)
          at FMSChangeReviewModal 
(E:\repos\blulok-cloud\frontend\src\components\FMS\FMSChangeReviewModal.tsx:73:3)
          at FMSSyncProvider (E:\repos\blulok-cloud\frontend\src\contexts\FMSSyncContext.tsx:52:35)
          at WebSocketProvider 
(E:\repos\blulok-cloud\frontend\src\contexts\WebSocketContext.tsx:24:71)
          at ToastProvider (E:\repos\blulok-cloud\frontend\src\contexts\ToastContext.tsx:10:63)
          at ThemeProvider (E:\repos\blulok-cloud\frontend\src\contexts\ThemeContext.tsx:18:63)

    [0m [90m 71 |[39m     [36mconst[39m message [33m=[39m 
args[[35m0[39m][33m?[39m[33m.[39mtoString() [33m||[39m [32m''[39m[33m;[39m
     [90m 72 |[39m     [36mif[39m (message[33m.[39mincludes([32m'Warning:'[39m) [33m||[39m 
(message[33m.[39mincludes([32m'Error:'[39m) [33m&&[39m 
[33m![39mmessage[33m.[39mincludes([32m'Failed to'[39m))) {
    [31m[1m>[22m[39m[90m 73 |[39m       originalError([33m...[39margs)[33m;[39m
     [90m    |[39m       [31m[1m^[22m[39m
     [90m 74 |[39m     }
     [90m 75 |[39m   })[33m;[39m
     [90m 76 |[39m   [0m

      at console.<anonymous> (src/test/setup.ts:73:7)
      at printWarning (node_modules/react-dom/cjs/react-dom.development.js:86:30)
      at error (node_modules/react-dom/cjs/react-dom.development.js:60:7)
      at warnIfUpdatesNotWrappedWithActDEV 
(node_modules/react-dom/cjs/react-dom.development.js:27628:9)
      at scheduleUpdateOnFiber (node_modules/react-dom/cjs/react-dom.development.js:25547:5)
      at dispatchSetState (node_modules/react-dom/cjs/react-dom.development.js:16708:7)
      at Object.addFlag (node_modules/@headlessui/react/dist/headlessui.dev.cjs:6852:7)
      at enter (node_modules/@headlessui/react/dist/headlessui.dev.cjs:8178:30)
      at match (node_modules/@headlessui/react/dist/headlessui.dev.cjs:1013:48)
      at Object.current (node_modules/@headlessui/react/dist/headlessui.dev.cjs:8176:12)
      at node_modules/@headlessui/react/dist/headlessui.dev.cjs:829:65
      at node_modules/@headlessui/react/dist/headlessui.dev.cjs:8055:106

    console.error
      Warning: An update to TransitionChildFn inside a test was not wrapped in act(...).
      
      When testing, code that causes React state updates should be wrapped into act(...):
      
      act(() => {
        /* fire events that update state */
      });
      /* assert on the output */
      
      This ensures that you're testing the behavior the user would see in the browser. Learn more at 
https://reactjs.org/link/wrap-tests-with-act
          at TransitionChildFn 
(E:\repos\blulok-cloud\frontend\node_modules\@headlessui\react\dist\headlessui.dev.cjs:8106:5)
          at ChildFn 
(E:\repos\blulok-cloud\frontend\node_modules\@headlessui\react\dist\headlessui.dev.cjs:8339:60)
          at div
          at div
          at div
          at PortalWrapper 
(E:\repos\blulok-cloud\frontend\node_modules\@headlessui\react\dist\headlessui.dev.cjs:3598:39)
          at div
          at FocusTrapFn 
(E:\repos\blulok-cloud\frontend\node_modules\@headlessui\react\dist\headlessui.dev.cjs:3233:45)
          at DescriptionProvider 
(E:\repos\blulok-cloud\frontend\node_modules\@headlessui\react\dist\headlessui.dev.cjs:4091:24)
          at ForcePortalRoot 
(E:\repos\blulok-cloud\frontend\node_modules\@headlessui\react\dist\headlessui.dev.cjs:3464:111)
          at GroupFn 
(E:\repos\blulok-cloud\frontend\node_modules\@headlessui\react\dist\headlessui.dev.cjs:3564:9)
          at PortalFn 
(E:\repos\blulok-cloud\frontend\node_modules\@headlessui\react\dist\headlessui.dev.cjs:3505:57)
          at ForcePortalRoot 
(E:\repos\blulok-cloud\frontend\node_modules\@headlessui\react\dist\headlessui.dev.cjs:3464:111)
          at StackProvider 
(E:\repos\blulok-cloud\frontend\node_modules\@headlessui\react\dist\headlessui.dev.cjs:4047:3)
          at DialogFn 
(E:\repos\blulok-cloud\frontend\node_modules\@headlessui\react\dist\headlessui.dev.cjs:4165:20)
          at OpenClosedProvider 
(E:\repos\blulok-cloud\frontend\node_modules\@headlessui\react\dist\headlessui.dev.cjs:1780:31)
          at TransitionChildFn 
(E:\repos\blulok-cloud\frontend\node_modules\@headlessui\react\dist\headlessui.dev.cjs:8106:5)
          at TransitionRootFn 
(E:\repos\blulok-cloud\frontend\node_modules\@headlessui\react\dist\headlessui.dev.cjs:8258:9)
          at FMSChangeReviewModal 
(E:\repos\blulok-cloud\frontend\src\components\FMS\FMSChangeReviewModal.tsx:73:3)
          at FMSSyncProvider (E:\repos\blulok-cloud\frontend\src\contexts\FMSSyncContext.tsx:52:35)
          at WebSocketProvider 
(E:\repos\blulok-cloud\frontend\src\contexts\WebSocketContext.tsx:24:71)
          at ToastProvider (E:\repos\blulok-cloud\frontend\src\contexts\ToastContext.tsx:10:63)
          at ThemeProvider (E:\repos\blulok-cloud\frontend\src\contexts\ThemeContext.tsx:18:63)

    [0m [90m 71 |[39m     [36mconst[39m message [33m=[39m 
args[[35m0[39m][33m?[39m[33m.[39mtoString() [33m||[39m [32m''[39m[33m;[39m
     [90m 72 |[39m     [36mif[39m (message[33m.[39mincludes([32m'Warning:'[39m) [33m||[39m 
(message[33m.[39mincludes([32m'Error:'[39m) [33m&&[39m 
[33m![39mmessage[33m.[39mincludes([32m'Failed to'[39m))) {
    [31m[1m>[22m[39m[90m 73 |[39m       originalError([33m...[39margs)[33m;[39m
     [90m    |[39m       [31m[1m^[22m[39m
     [90m 74 |[39m     }
     [90m 75 |[39m   })[33m;[39m
     [90m 76 |[39m   [0m

      at console.<anonymous> (src/test/setup.ts:73:7)
      at printWarning (node_modules/react-dom/cjs/react-dom.development.js:86:30)
      at error (node_modules/react-dom/cjs/react-dom.development.js:60:7)
      at warnIfUpdatesNotWrappedWithActDEV 
(node_modules/react-dom/cjs/react-dom.development.js:27628:9)
      at scheduleUpdateOnFiber (node_modules/react-dom/cjs/react-dom.development.js:25547:5)
      at dispatchSetState (node_modules/react-dom/cjs/react-dom.development.js:16708:7)
      at Object.addFlag (node_modules/@headlessui/react/dist/headlessui.dev.cjs:6852:7)
      at enter (node_modules/@headlessui/react/dist/headlessui.dev.cjs:8178:30)
      at match (node_modules/@headlessui/react/dist/headlessui.dev.cjs:1013:48)
      at Object.current (node_modules/@headlessui/react/dist/headlessui.dev.cjs:8176:12)
      at node_modules/@headlessui/react/dist/headlessui.dev.cjs:829:65
      at node_modules/@headlessui/react/dist/headlessui.dev.cjs:8055:106

    console.error
      Warning: An update to TransitionChildFn inside a test was not wrapped in act(...).
      
      When testing, code that causes React state updates should be wrapped into act(...):
      
      act(() => {
        /* fire events that update state */
      });
      /* assert on the output */
      
      This ensures that you're testing the behavior the user would see in the browser. Learn more at 
https://reactjs.org/link/wrap-tests-with-act
          at TransitionChildFn 
(E:\repos\blulok-cloud\frontend\node_modules\@headlessui\react\dist\headlessui.dev.cjs:8106:5)
          at TransitionRootFn 
(E:\repos\blulok-cloud\frontend\node_modules\@headlessui\react\dist\headlessui.dev.cjs:8258:9)
          at FMSChangeReviewModal 
(E:\repos\blulok-cloud\frontend\src\components\FMS\FMSChangeReviewModal.tsx:73:3)
          at FMSSyncProvider (E:\repos\blulok-cloud\frontend\src\contexts\FMSSyncContext.tsx:52:35)
          at WebSocketProvider 
(E:\repos\blulok-cloud\frontend\src\contexts\WebSocketContext.tsx:24:71)
          at ToastProvider (E:\repos\blulok-cloud\frontend\src\contexts\ToastContext.tsx:10:63)
          at ThemeProvider (E:\repos\blulok-cloud\frontend\src\contexts\ThemeContext.tsx:18:63)

    [0m [90m 71 |[39m     [36mconst[39m message [33m=[39m 
args[[35m0[39m][33m?[39m[33m.[39mtoString() [33m||[39m [32m''[39m[33m;[39m
     [90m 72 |[39m     [36mif[39m (message[33m.[39mincludes([32m'Warning:'[39m) [33m||[39m 
(message[33m.[39mincludes([32m'Error:'[39m) [33m&&[39m 
[33m![39mmessage[33m.[39mincludes([32m'Failed to'[39m))) {
    [31m[1m>[22m[39m[90m 73 |[39m       originalError([33m...[39margs)[33m;[39m
     [90m    |[39m       [31m[1m^[22m[39m
     [90m 74 |[39m     }
     [90m 75 |[39m   })[33m;[39m
     [90m 76 |[39m   [0m

      at console.<anonymous> (src/test/setup.ts:73:7)
      at printWarning (node_modules/react-dom/cjs/react-dom.development.js:86:30)
      at error (node_modules/react-dom/cjs/react-dom.development.js:60:7)
      at warnIfUpdatesNotWrappedWithActDEV 
(node_modules/react-dom/cjs/react-dom.development.js:27628:9)
      at scheduleUpdateOnFiber (node_modules/react-dom/cjs/react-dom.development.js:25547:5)
      at dispatchSetState (node_modules/react-dom/cjs/react-dom.development.js:16708:7)
      at Object.addFlag (node_modules/@headlessui/react/dist/headlessui.dev.cjs:6852:7)
      at enter (node_modules/@headlessui/react/dist/headlessui.dev.cjs:8178:30)
      at match (node_modules/@headlessui/react/dist/headlessui.dev.cjs:1013:48)
      at Object.current (node_modules/@headlessui/react/dist/headlessui.dev.cjs:8176:12)
      at node_modules/@headlessui/react/dist/headlessui.dev.cjs:829:65
      at node_modules/@headlessui/react/dist/headlessui.dev.cjs:8055:106

    console.error
      Warning: An update to TransitionRootFn inside a test was not wrapped in act(...).
      
      When testing, code that causes React state updates should be wrapped into act(...):
      
      act(() => {
        /* fire events that update state */
      });
      /* assert on the output */
      
      This ensures that you're testing the behavior the user would see in the browser. Learn more at 
https://reactjs.org/link/wrap-tests-with-act
          at TransitionRootFn 
(E:\repos\blulok-cloud\frontend\node_modules\@headlessui\react\dist\headlessui.dev.cjs:8258:9)
          at FMSChangeReviewModal 
(E:\repos\blulok-cloud\frontend\src\components\FMS\FMSChangeReviewModal.tsx:73:3)
          at FMSSyncProvider (E:\repos\blulok-cloud\frontend\src\contexts\FMSSyncContext.tsx:52:35)
          at WebSocketProvider 
(E:\repos\blulok-cloud\frontend\src\contexts\WebSocketContext.tsx:24:71)
          at ToastProvider (E:\repos\blulok-cloud\frontend\src\contexts\ToastContext.tsx:10:63)
          at ThemeProvider (E:\repos\blulok-cloud\frontend\src\contexts\ThemeContext.tsx:18:63)

    [0m [90m 71 |[39m     [36mconst[39m message [33m=[39m 
args[[35m0[39m][33m?[39m[33m.[39mtoString() [33m||[39m [32m''[39m[33m;[39m
     [90m 72 |[39m     [36mif[39m (message[33m.[39mincludes([32m'Warning:'[39m) [33m||[39m 
(message[33m.[39mincludes([32m'Error:'[39m) [33m&&[39m 
[33m![39mmessage[33m.[39mincludes([32m'Failed to'[39m))) {
    [31m[1m>[22m[39m[90m 73 |[39m       originalError([33m...[39margs)[33m;[39m
     [90m    |[39m       [31m[1m^[22m[39m
     [90m 74 |[39m     }
     [90m 75 |[39m   })[33m;[39m
     [90m 76 |[39m   [0m

      at console.<anonymous> (src/test/setup.ts:73:7)
      at printWarning (node_modules/react-dom/cjs/react-dom.development.js:86:30)
      at error (node_modules/react-dom/cjs/react-dom.development.js:60:7)
      at warnIfUpdatesNotWrappedWithActDEV 
(node_modules/react-dom/cjs/react-dom.development.js:27628:9)
      at scheduleUpdateOnFiber (node_modules/react-dom/cjs/react-dom.development.js:25547:5)
      at dispatchSetState (node_modules/react-dom/cjs/react-dom.development.js:16708:7)
      at Object.current (node_modules/@headlessui/react/dist/headlessui.dev.cjs:8307:7)
      at Object.beforeEnter (node_modules/@headlessui/react/dist/headlessui.dev.cjs:829:65)
      at enter (node_modules/@headlessui/react/dist/headlessui.dev.cjs:8179:24)
      at match (node_modules/@headlessui/react/dist/headlessui.dev.cjs:1013:48)
      at Object.current (node_modules/@headlessui/react/dist/headlessui.dev.cjs:8176:12)
      at node_modules/@headlessui/react/dist/headlessui.dev.cjs:829:65
      at node_modules/@headlessui/react/dist/headlessui.dev.cjs:8055:106

    console.error
      Warning: An update to TransitionChildFn inside a test was not wrapped in act(...).
      
      When testing, code that causes React state updates should be wrapped into act(...):
      
      act(() => {
        /* fire events that update state */
      });
      /* assert on the output */
      
      This ensures that you're testing the behavior the user would see in the browser. Learn more at 
https://reactjs.org/link/wrap-tests-with-act
          at TransitionChildFn 
(E:\repos\blulok-cloud\frontend\node_modules\@headlessui\react\dist\headlessui.dev.cjs:8106:5)
          at ChildFn 
(E:\repos\blulok-cloud\frontend\node_modules\@headlessui\react\dist\headlessui.dev.cjs:8339:60)
          at div
          at PortalWrapper 
(E:\repos\blulok-cloud\frontend\node_modules\@headlessui\react\dist\headlessui.dev.cjs:3598:39)
          at div
          at FocusTrapFn 
(E:\repos\blulok-cloud\frontend\node_modules\@headlessui\react\dist\headlessui.dev.cjs:3233:45)
          at DescriptionProvider 
(E:\repos\blulok-cloud\frontend\node_modules\@headlessui\react\dist\headlessui.dev.cjs:4091:24)
          at ForcePortalRoot 
(E:\repos\blulok-cloud\frontend\node_modules\@headlessui\react\dist\headlessui.dev.cjs:3464:111)
          at GroupFn 
(E:\repos\blulok-cloud\frontend\node_modules\@headlessui\react\dist\headlessui.dev.cjs:3564:9)
          at PortalFn 
(E:\repos\blulok-cloud\frontend\node_modules\@headlessui\react\dist\headlessui.dev.cjs:3505:57)
          at ForcePortalRoot 
(E:\repos\blulok-cloud\frontend\node_modules\@headlessui\react\dist\headlessui.dev.cjs:3464:111)
          at StackProvider 
(E:\repos\blulok-cloud\frontend\node_modules\@headlessui\react\dist\headlessui.dev.cjs:4047:3)
          at DialogFn 
(E:\repos\blulok-cloud\frontend\node_modules\@headlessui\react\dist\headlessui.dev.cjs:4165:20)
          at OpenClosedProvider 
(E:\repos\blulok-cloud\frontend\node_modules\@headlessui\react\dist\headlessui.dev.cjs:1780:31)
          at TransitionChildFn 
(E:\repos\blulok-cloud\frontend\node_modules\@headlessui\react\dist\headlessui.dev.cjs:8106:5)
          at TransitionRootFn 
(E:\repos\blulok-cloud\frontend\node_modules\@headlessui\react\dist\headlessui.dev.cjs:8258:9)
          at FMSChangeReviewModal 
(E:\repos\blulok-cloud\frontend\src\components\FMS\FMSChangeReviewModal.tsx:73:3)
          at FMSSyncProvider (E:\repos\blulok-cloud\frontend\src\contexts\FMSSyncContext.tsx:52:35)
          at WebSocketProvider 
(E:\repos\blulok-cloud\frontend\src\contexts\WebSocketContext.tsx:24:71)
          at ToastProvider (E:\repos\blulok-cloud\frontend\src\contexts\ToastContext.tsx:10:63)
          at ThemeProvider (E:\repos\blulok-cloud\frontend\src\contexts\ThemeContext.tsx:18:63)

    [0m [90m 71 |[39m     [36mconst[39m message [33m=[39m 
args[[35m0[39m][33m?[39m[33m.[39mtoString() [33m||[39m [32m''[39m[33m;[39m
     [90m 72 |[39m     [36mif[39m (message[33m.[39mincludes([32m'Warning:'[39m) [33m||[39m 
(message[33m.[39mincludes([32m'Error:'[39m) [33m&&[39m 
[33m![39mmessage[33m.[39mincludes([32m'Failed to'[39m))) {
    [31m[1m>[22m[39m[90m 73 |[39m       originalError([33m...[39margs)[33m;[39m
     [90m    |[39m       [31m[1m^[22m[39m
     [90m 74 |[39m     }
     [90m 75 |[39m   })[33m;[39m
     [90m 76 |[39m   [0m

      at console.<anonymous> (src/test/setup.ts:73:7)
      at printWarning (node_modules/react-dom/cjs/react-dom.development.js:86:30)
      at error (node_modules/react-dom/cjs/react-dom.development.js:60:7)
      at warnIfUpdatesNotWrappedWithActDEV 
(node_modules/react-dom/cjs/react-dom.development.js:27628:9)
      at scheduleUpdateOnFiber (node_modules/react-dom/cjs/react-dom.development.js:25547:5)
      at dispatchSetState (node_modules/react-dom/cjs/react-dom.development.js:16708:7)
      at Object.addFlag (node_modules/@headlessui/react/dist/headlessui.dev.cjs:6852:7)
      at enter (node_modules/@headlessui/react/dist/headlessui.dev.cjs:8178:30)
      at match (node_modules/@headlessui/react/dist/headlessui.dev.cjs:1013:48)
      at Object.current (node_modules/@headlessui/react/dist/headlessui.dev.cjs:8176:12)
      at node_modules/@headlessui/react/dist/headlessui.dev.cjs:829:65
      at node_modules/@headlessui/react/dist/headlessui.dev.cjs:8055:106

    console.error
      Warning: An update to TransitionChildFn inside a test was not wrapped in act(...).
      
      When testing, code that causes React state updates should be wrapped into act(...):
      
      act(() => {
        /* fire events that update state */
      });
      /* assert on the output */
      
      This ensures that you're testing the behavior the user would see in the browser. Learn more at 
https://reactjs.org/link/wrap-tests-with-act
          at TransitionChildFn 
(E:\repos\blulok-cloud\frontend\node_modules\@headlessui\react\dist\headlessui.dev.cjs:8106:5)
          at ChildFn 
(E:\repos\blulok-cloud\frontend\node_modules\@headlessui\react\dist\headlessui.dev.cjs:8339:60)
          at div
          at div
          at div
          at PortalWrapper 
(E:\repos\blulok-cloud\frontend\node_modules\@headlessui\react\dist\headlessui.dev.cjs:3598:39)
          at div
          at FocusTrapFn 
(E:\repos\blulok-cloud\frontend\node_modules\@headlessui\react\dist\headlessui.dev.cjs:3233:45)
          at DescriptionProvider 
(E:\repos\blulok-cloud\frontend\node_modules\@headlessui\react\dist\headlessui.dev.cjs:4091:24)
          at ForcePortalRoot 
(E:\repos\blulok-cloud\frontend\node_modules\@headlessui\react\dist\headlessui.dev.cjs:3464:111)
          at GroupFn 
(E:\repos\blulok-cloud\frontend\node_modules\@headlessui\react\dist\headlessui.dev.cjs:3564:9)
          at PortalFn 
(E:\repos\blulok-cloud\frontend\node_modules\@headlessui\react\dist\headlessui.dev.cjs:3505:57)
          at ForcePortalRoot 
(E:\repos\blulok-cloud\frontend\node_modules\@headlessui\react\dist\headlessui.dev.cjs:3464:111)
          at StackProvider 
(E:\repos\blulok-cloud\frontend\node_modules\@headlessui\react\dist\headlessui.dev.cjs:4047:3)
          at DialogFn 
(E:\repos\blulok-cloud\frontend\node_modules\@headlessui\react\dist\headlessui.dev.cjs:4165:20)
          at OpenClosedProvider 
(E:\repos\blulok-cloud\frontend\node_modules\@headlessui\react\dist\headlessui.dev.cjs:1780:31)
          at TransitionChildFn 
(E:\repos\blulok-cloud\frontend\node_modules\@headlessui\react\dist\headlessui.dev.cjs:8106:5)
          at TransitionRootFn 
(E:\repos\blulok-cloud\frontend\node_modules\@headlessui\react\dist\headlessui.dev.cjs:8258:9)
          at FMSChangeReviewModal 
(E:\repos\blulok-cloud\frontend\src\components\FMS\FMSChangeReviewModal.tsx:73:3)
          at FMSSyncProvider (E:\repos\blulok-cloud\frontend\src\contexts\FMSSyncContext.tsx:52:35)
          at WebSocketProvider 
(E:\repos\blulok-cloud\frontend\src\contexts\WebSocketContext.tsx:24:71)
          at ToastProvider (E:\repos\blulok-cloud\frontend\src\contexts\ToastContext.tsx:10:63)
          at ThemeProvider (E:\repos\blulok-cloud\frontend\src\contexts\ThemeContext.tsx:18:63)

    [0m [90m 71 |[39m     [36mconst[39m message [33m=[39m 
args[[35m0[39m][33m?[39m[33m.[39mtoString() [33m||[39m [32m''[39m[33m;[39m
     [90m 72 |[39m     [36mif[39m (message[33m.[39mincludes([32m'Warning:'[39m) [33m||[39m 
(message[33m.[39mincludes([32m'Error:'[39m) [33m&&[39m 
[33m![39mmessage[33m.[39mincludes([32m'Failed to'[39m))) {
    [31m[1m>[22m[39m[90m 73 |[39m       originalError([33m...[39margs)[33m;[39m
     [90m    |[39m       [31m[1m^[22m[39m
     [90m 74 |[39m     }
     [90m 75 |[39m   })[33m;[39m
     [90m 76 |[39m   [0m

      at console.<anonymous> (src/test/setup.ts:73:7)
      at printWarning (node_modules/react-dom/cjs/react-dom.development.js:86:30)
      at error (node_modules/react-dom/cjs/react-dom.development.js:60:7)
      at warnIfUpdatesNotWrappedWithActDEV 
(node_modules/react-dom/cjs/react-dom.development.js:27628:9)
      at scheduleUpdateOnFiber (node_modules/react-dom/cjs/react-dom.development.js:25547:5)
      at dispatchSetState (node_modules/react-dom/cjs/react-dom.development.js:16708:7)
      at Object.addFlag (node_modules/@headlessui/react/dist/headlessui.dev.cjs:6852:7)
      at enter (node_modules/@headlessui/react/dist/headlessui.dev.cjs:8178:30)
      at match (node_modules/@headlessui/react/dist/headlessui.dev.cjs:1013:48)
      at Object.current (node_modules/@headlessui/react/dist/headlessui.dev.cjs:8176:12)
      at node_modules/@headlessui/react/dist/headlessui.dev.cjs:829:65
      at node_modules/@headlessui/react/dist/headlessui.dev.cjs:8055:106

    console.error
      Warning: An update to TransitionChildFn inside a test was not wrapped in act(...).
      
      When testing, code that causes React state updates should be wrapped into act(...):
      
      act(() => {
        /* fire events that update state */
      });
      /* assert on the output */
      
      This ensures that you're testing the behavior the user would see in the browser. Learn more at 
https://reactjs.org/link/wrap-tests-with-act
          at TransitionChildFn 
(E:\repos\blulok-cloud\frontend\node_modules\@headlessui\react\dist\headlessui.dev.cjs:8106:5)
          at TransitionRootFn 
(E:\repos\blulok-cloud\frontend\node_modules\@headlessui\react\dist\headlessui.dev.cjs:8258:9)
          at FMSChangeReviewModal 
(E:\repos\blulok-cloud\frontend\src\components\FMS\FMSChangeReviewModal.tsx:73:3)
          at FMSSyncProvider (E:\repos\blulok-cloud\frontend\src\contexts\FMSSyncContext.tsx:52:35)
          at WebSocketProvider 
(E:\repos\blulok-cloud\frontend\src\contexts\WebSocketContext.tsx:24:71)
          at ToastProvider (E:\repos\blulok-cloud\frontend\src\contexts\ToastContext.tsx:10:63)
          at ThemeProvider (E:\repos\blulok-cloud\frontend\src\contexts\ThemeContext.tsx:18:63)

    [0m [90m 71 |[39m     [36mconst[39m message [33m=[39m 
args[[35m0[39m][33m?[39m[33m.[39mtoString() [33m||[39m [32m''[39m[33m;[39m
     [90m 72 |[39m     [36mif[39m (message[33m.[39mincludes([32m'Warning:'[39m) [33m||[39m 
(message[33m.[39mincludes([32m'Error:'[39m) [33m&&[39m 
[33m![39mmessage[33m.[39mincludes([32m'Failed to'[39m))) {
    [31m[1m>[22m[39m[90m 73 |[39m       originalError([33m...[39margs)[33m;[39m
     [90m    |[39m       [31m[1m^[22m[39m
     [90m 74 |[39m     }
     [90m 75 |[39m   })[33m;[39m
     [90m 76 |[39m   [0m

      at console.<anonymous> (src/test/setup.ts:73:7)
      at printWarning (node_modules/react-dom/cjs/react-dom.development.js:86:30)
      at error (node_modules/react-dom/cjs/react-dom.development.js:60:7)
      at warnIfUpdatesNotWrappedWithActDEV 
(node_modules/react-dom/cjs/react-dom.development.js:27628:9)
      at scheduleUpdateOnFiber (node_modules/react-dom/cjs/react-dom.development.js:25547:5)
      at dispatchSetState (node_modules/react-dom/cjs/react-dom.development.js:16708:7)
      at Object.addFlag (node_modules/@headlessui/react/dist/headlessui.dev.cjs:6852:7)
      at enter (node_modules/@headlessui/react/dist/headlessui.dev.cjs:8178:30)
      at match (node_modules/@headlessui/react/dist/headlessui.dev.cjs:1013:48)
      at Object.current (node_modules/@headlessui/react/dist/headlessui.dev.cjs:8176:12)
      at node_modules/@headlessui/react/dist/headlessui.dev.cjs:829:65
      at node_modules/@headlessui/react/dist/headlessui.dev.cjs:8055:106

    console.error
      Warning: An update to TransitionRootFn inside a test was not wrapped in act(...).
      
      When testing, code that causes React state updates should be wrapped into act(...):
      
      act(() => {
        /* fire events that update state */
      });
      /* assert on the output */
      
      This ensures that you're testing the behavior the user would see in the browser. Learn more at 
https://reactjs.org/link/wrap-tests-with-act
          at TransitionRootFn 
(E:\repos\blulok-cloud\frontend\node_modules\@headlessui\react\dist\headlessui.dev.cjs:8258:9)
          at FMSChangeReviewModal 
(E:\repos\blulok-cloud\frontend\src\components\FMS\FMSChangeReviewModal.tsx:73:3)
          at FMSSyncProvider (E:\repos\blulok-cloud\frontend\src\contexts\FMSSyncContext.tsx:52:35)
          at WebSocketProvider 
(E:\repos\blulok-cloud\frontend\src\contexts\WebSocketContext.tsx:24:71)
          at ToastProvider (E:\repos\blulok-cloud\frontend\src\contexts\ToastContext.tsx:10:63)
          at ThemeProvider (E:\repos\blulok-cloud\frontend\src\contexts\ThemeContext.tsx:18:63)

    [0m [90m 71 |[39m     [36mconst[39m message [33m=[39m 
args[[35m0[39m][33m?[39m[33m.[39mtoString() [33m||[39m [32m''[39m[33m;[39m
     [90m 72 |[39m     [36mif[39m (message[33m.[39mincludes([32m'Warning:'[39m) [33m||[39m 
(message[33m.[39mincludes([32m'Error:'[39m) [33m&&[39m 
[33m![39mmessage[33m.[39mincludes([32m'Failed to'[39m))) {
    [31m[1m>[22m[39m[90m 73 |[39m       originalError([33m...[39margs)[33m;[39m
     [90m    |[39m       [31m[1m^[22m[39m
     [90m 74 |[39m     }
     [90m 75 |[39m   })[33m;[39m
     [90m 76 |[39m   [0m

      at console.<anonymous> (src/test/setup.ts:73:7)
      at printWarning (node_modules/react-dom/cjs/react-dom.development.js:86:30)
      at error (node_modules/react-dom/cjs/react-dom.development.js:60:7)
      at warnIfUpdatesNotWrappedWithActDEV 
(node_modules/react-dom/cjs/react-dom.development.js:27628:9)
      at scheduleUpdateOnFiber (node_modules/react-dom/cjs/react-dom.development.js:25547:5)
      at dispatchSetState (node_modules/react-dom/cjs/react-dom.development.js:16708:7)
      at Object.current (node_modules/@headlessui/react/dist/headlessui.dev.cjs:8307:7)
      at Object.beforeEnter (node_modules/@headlessui/react/dist/headlessui.dev.cjs:829:65)
      at enter (node_modules/@headlessui/react/dist/headlessui.dev.cjs:8179:24)
      at match (node_modules/@headlessui/react/dist/headlessui.dev.cjs:1013:48)
      at Object.current (node_modules/@headlessui/react/dist/headlessui.dev.cjs:8176:12)
      at node_modules/@headlessui/react/dist/headlessui.dev.cjs:829:65
      at node_modules/@headlessui/react/dist/headlessui.dev.cjs:8055:106

    console.error
      Warning: An update to TransitionChildFn inside a test was not wrapped in act(...).
      
      When testing, code that causes React state updates should be wrapped into act(...):
      
      act(() => {
        /* fire events that update state */
      });
      /* assert on the output */
      
      This ensures that you're testing the behavior the user would see in the browser. Learn more at 
https://reactjs.org/link/wrap-tests-with-act
          at TransitionChildFn 
(E:\repos\blulok-cloud\frontend\node_modules\@headlessui\react\dist\headlessui.dev.cjs:8106:5)
          at ChildFn 
(E:\repos\blulok-cloud\frontend\node_modules\@headlessui\react\dist\headlessui.dev.cjs:8339:60)
          at div
          at PortalWrapper 
(E:\repos\blulok-cloud\frontend\node_modules\@headlessui\react\dist\headlessui.dev.cjs:3598:39)
          at div
          at FocusTrapFn 
(E:\repos\blulok-cloud\frontend\node_modules\@headlessui\react\dist\headlessui.dev.cjs:3233:45)
          at DescriptionProvider 
(E:\repos\blulok-cloud\frontend\node_modules\@headlessui\react\dist\headlessui.dev.cjs:4091:24)
          at ForcePortalRoot 
(E:\repos\blulok-cloud\frontend\node_modules\@headlessui\react\dist\headlessui.dev.cjs:3464:111)
          at GroupFn 
(E:\repos\blulok-cloud\frontend\node_modules\@headlessui\react\dist\headlessui.dev.cjs:3564:9)
          at PortalFn 
(E:\repos\blulok-cloud\frontend\node_modules\@headlessui\react\dist\headlessui.dev.cjs:3505:57)
          at ForcePortalRoot 
(E:\repos\blulok-cloud\frontend\node_modules\@headlessui\react\dist\headlessui.dev.cjs:3464:111)
          at StackProvider 
(E:\repos\blulok-cloud\frontend\node_modules\@headlessui\react\dist\headlessui.dev.cjs:4047:3)
          at DialogFn 
(E:\repos\blulok-cloud\frontend\node_modules\@headlessui\react\dist\headlessui.dev.cjs:4165:20)
          at OpenClosedProvider 
(E:\repos\blulok-cloud\frontend\node_modules\@headlessui\react\dist\headlessui.dev.cjs:1780:31)
          at TransitionChildFn 
(E:\repos\blulok-cloud\frontend\node_modules\@headlessui\react\dist\headlessui.dev.cjs:8106:5)
          at TransitionRootFn 
(E:\repos\blulok-cloud\frontend\node_modules\@headlessui\react\dist\headlessui.dev.cjs:8258:9)
          at FMSChangeReviewModal 
(E:\repos\blulok-cloud\frontend\src\components\FMS\FMSChangeReviewModal.tsx:73:3)
          at FMSSyncProvider (E:\repos\blulok-cloud\frontend\src\contexts\FMSSyncContext.tsx:52:35)
          at WebSocketProvider 
(E:\repos\blulok-cloud\frontend\src\contexts\WebSocketContext.tsx:24:71)
          at ToastProvider (E:\repos\blulok-cloud\frontend\src\contexts\ToastContext.tsx:10:63)
          at ThemeProvider (E:\repos\blulok-cloud\frontend\src\contexts\ThemeContext.tsx:18:63)

    [0m [90m 71 |[39m     [36mconst[39m message [33m=[39m 
args[[35m0[39m][33m?[39m[33m.[39mtoString() [33m||[39m [32m''[39m[33m;[39m
     [90m 72 |[39m     [36mif[39m (message[33m.[39mincludes([32m'Warning:'[39m) [33m||[39m 
(message[33m.[39mincludes([32m'Error:'[39m) [33m&&[39m 
[33m![39mmessage[33m.[39mincludes([32m'Failed to'[39m))) {
    [31m[1m>[22m[39m[90m 73 |[39m       originalError([33m...[39margs)[33m;[39m
     [90m    |[39m       [31m[1m^[22m[39m
     [90m 74 |[39m     }
     [90m 75 |[39m   })[33m;[39m
     [90m 76 |[39m   [0m

      at console.<anonymous> (src/test/setup.ts:73:7)
      at printWarning (node_modules/react-dom/cjs/react-dom.development.js:86:30)
      at error (node_modules/react-dom/cjs/react-dom.development.js:60:7)
      at warnIfUpdatesNotWrappedWithActDEV 
(node_modules/react-dom/cjs/react-dom.development.js:27628:9)
      at scheduleUpdateOnFiber (node_modules/react-dom/cjs/react-dom.development.js:25547:5)
      at dispatchSetState (node_modules/react-dom/cjs/react-dom.development.js:16708:7)
      at Object.addFlag (node_modules/@headlessui/react/dist/headlessui.dev.cjs:6852:7)
      at enter (node_modules/@headlessui/react/dist/headlessui.dev.cjs:8178:30)
      at match (node_modules/@headlessui/react/dist/headlessui.dev.cjs:1013:48)
      at Object.current (node_modules/@headlessui/react/dist/headlessui.dev.cjs:8176:12)
      at node_modules/@headlessui/react/dist/headlessui.dev.cjs:829:65
      at node_modules/@headlessui/react/dist/headlessui.dev.cjs:8055:106

    console.error
      Warning: An update to TransitionChildFn inside a test was not wrapped in act(...).
      
      When testing, code that causes React state updates should be wrapped into act(...):
      
      act(() => {
        /* fire events that update state */
      });
      /* assert on the output */
      
      This ensures that you're testing the behavior the user would see in the browser. Learn more at 
https://reactjs.org/link/wrap-tests-with-act
          at TransitionChildFn 
(E:\repos\blulok-cloud\frontend\node_modules\@headlessui\react\dist\headlessui.dev.cjs:8106:5)
          at ChildFn 
(E:\repos\blulok-cloud\frontend\node_modules\@headlessui\react\dist\headlessui.dev.cjs:8339:60)
          at div
          at div
          at div
          at PortalWrapper 
(E:\repos\blulok-cloud\frontend\node_modules\@headlessui\react\dist\headlessui.dev.cjs:3598:39)
          at div
          at FocusTrapFn 
(E:\repos\blulok-cloud\frontend\node_modules\@headlessui\react\dist\headlessui.dev.cjs:3233:45)
          at DescriptionProvider 
(E:\repos\blulok-cloud\frontend\node_modules\@headlessui\react\dist\headlessui.dev.cjs:4091:24)
          at ForcePortalRoot 
(E:\repos\blulok-cloud\frontend\node_modules\@headlessui\react\dist\headlessui.dev.cjs:3464:111)
          at GroupFn 
(E:\repos\blulok-cloud\frontend\node_modules\@headlessui\react\dist\headlessui.dev.cjs:3564:9)
          at PortalFn 
(E:\repos\blulok-cloud\frontend\node_modules\@headlessui\react\dist\headlessui.dev.cjs:3505:57)
          at ForcePortalRoot 
(E:\repos\blulok-cloud\frontend\node_modules\@headlessui\react\dist\headlessui.dev.cjs:3464:111)
          at StackProvider 
(E:\repos\blulok-cloud\frontend\node_modules\@headlessui\react\dist\headlessui.dev.cjs:4047:3)
          at DialogFn 
(E:\repos\blulok-cloud\frontend\node_modules\@headlessui\react\dist\headlessui.dev.cjs:4165:20)
          at OpenClosedProvider 
(E:\repos\blulok-cloud\frontend\node_modules\@headlessui\react\dist\headlessui.dev.cjs:1780:31)
          at TransitionChildFn 
(E:\repos\blulok-cloud\frontend\node_modules\@headlessui\react\dist\headlessui.dev.cjs:8106:5)
          at TransitionRootFn 
(E:\repos\blulok-cloud\frontend\node_modules\@headlessui\react\dist\headlessui.dev.cjs:8258:9)
          at FMSChangeReviewModal 
(E:\repos\blulok-cloud\frontend\src\components\FMS\FMSChangeReviewModal.tsx:73:3)
          at FMSSyncProvider (E:\repos\blulok-cloud\frontend\src\contexts\FMSSyncContext.tsx:52:35)
          at WebSocketProvider 
(E:\repos\blulok-cloud\frontend\src\contexts\WebSocketContext.tsx:24:71)
          at ToastProvider (E:\repos\blulok-cloud\frontend\src\contexts\ToastContext.tsx:10:63)
          at ThemeProvider (E:\repos\blulok-cloud\frontend\src\contexts\ThemeContext.tsx:18:63)

    [0m [90m 71 |[39m     [36mconst[39m message [33m=[39m 
args[[35m0[39m][33m?[39m[33m.[39mtoString() [33m||[39m [32m''[39m[33m;[39m
     [90m 72 |[39m     [36mif[39m (message[33m.[39mincludes([32m'Warning:'[39m) [33m||[39m 
(message[33m.[39mincludes([32m'Error:'[39m) [33m&&[39m 
[33m![39mmessage[33m.[39mincludes([32m'Failed to'[39m))) {
    [31m[1m>[22m[39m[90m 73 |[39m       originalError([33m...[39margs)[33m;[39m
     [90m    |[39m       [31m[1m^[22m[39m
     [90m 74 |[39m     }
     [90m 75 |[39m   })[33m;[39m
     [90m 76 |[39m   [0m

      at console.<anonymous> (src/test/setup.ts:73:7)
      at printWarning (node_modules/react-dom/cjs/react-dom.development.js:86:30)
      at error (node_modules/react-dom/cjs/react-dom.development.js:60:7)
      at warnIfUpdatesNotWrappedWithActDEV 
(node_modules/react-dom/cjs/react-dom.development.js:27628:9)
      at scheduleUpdateOnFiber (node_modules/react-dom/cjs/react-dom.development.js:25547:5)
      at dispatchSetState (node_modules/react-dom/cjs/react-dom.development.js:16708:7)
      at Object.addFlag (node_modules/@headlessui/react/dist/headlessui.dev.cjs:6852:7)
      at enter (node_modules/@headlessui/react/dist/headlessui.dev.cjs:8178:30)
      at match (node_modules/@headlessui/react/dist/headlessui.dev.cjs:1013:48)
      at Object.current (node_modules/@headlessui/react/dist/headlessui.dev.cjs:8176:12)
      at node_modules/@headlessui/react/dist/headlessui.dev.cjs:829:65
      at node_modules/@headlessui/react/dist/headlessui.dev.cjs:8055:106

    console.error
      Warning: An update to TransitionChildFn inside a test was not wrapped in act(...).
      
      When testing, code that causes React state updates should be wrapped into act(...):
      
      act(() => {
        /* fire events that update state */
      });
      /* assert on the output */
      
      This ensures that you're testing the behavior the user would see in the browser. Learn more at 
https://reactjs.org/link/wrap-tests-with-act
          at TransitionChildFn 
(E:\repos\blulok-cloud\frontend\node_modules\@headlessui\react\dist\headlessui.dev.cjs:8106:5)
          at TransitionRootFn 
(E:\repos\blulok-cloud\frontend\node_modules\@headlessui\react\dist\headlessui.dev.cjs:8258:9)
          at FMSChangeReviewModal 
(E:\repos\blulok-cloud\frontend\src\components\FMS\FMSChangeReviewModal.tsx:73:3)
          at FMSSyncProvider (E:\repos\blulok-cloud\frontend\src\contexts\FMSSyncContext.tsx:52:35)
          at WebSocketProvider 
(E:\repos\blulok-cloud\frontend\src\contexts\WebSocketContext.tsx:24:71)
          at ToastProvider (E:\repos\blulok-cloud\frontend\src\contexts\ToastContext.tsx:10:63)
          at ThemeProvider (E:\repos\blulok-cloud\frontend\src\contexts\ThemeContext.tsx:18:63)

    [0m [90m 71 |[39m     [36mconst[39m message [33m=[39m 
args[[35m0[39m][33m?[39m[33m.[39mtoString() [33m||[39m [32m''[39m[33m;[39m
     [90m 72 |[39m     [36mif[39m (message[33m.[39mincludes([32m'Warning:'[39m) [33m||[39m 
(message[33m.[39mincludes([32m'Error:'[39m) [33m&&[39m 
[33m![39mmessage[33m.[39mincludes([32m'Failed to'[39m))) {
    [31m[1m>[22m[39m[90m 73 |[39m       originalError([33m...[39margs)[33m;[39m
     [90m    |[39m       [31m[1m^[22m[39m
     [90m 74 |[39m     }
     [90m 75 |[39m   })[33m;[39m
     [90m 76 |[39m   [0m

      at console.<anonymous> (src/test/setup.ts:73:7)
      at printWarning (node_modules/react-dom/cjs/react-dom.development.js:86:30)
      at error (node_modules/react-dom/cjs/react-dom.development.js:60:7)
      at warnIfUpdatesNotWrappedWithActDEV 
(node_modules/react-dom/cjs/react-dom.development.js:27628:9)
      at scheduleUpdateOnFiber (node_modules/react-dom/cjs/react-dom.development.js:25547:5)
      at dispatchSetState (node_modules/react-dom/cjs/react-dom.development.js:16708:7)
      at Object.addFlag (node_modules/@headlessui/react/dist/headlessui.dev.cjs:6852:7)
      at enter (node_modules/@headlessui/react/dist/headlessui.dev.cjs:8178:30)
      at match (node_modules/@headlessui/react/dist/headlessui.dev.cjs:1013:48)
      at Object.current (node_modules/@headlessui/react/dist/headlessui.dev.cjs:8176:12)
      at node_modules/@headlessui/react/dist/headlessui.dev.cjs:829:65
      at node_modules/@headlessui/react/dist/headlessui.dev.cjs:8055:106

    console.error
      Warning: An update to TransitionRootFn inside a test was not wrapped in act(...).
      
      When testing, code that causes React state updates should be wrapped into act(...):
      
      act(() => {
        /* fire events that update state */
      });
      /* assert on the output */
      
      This ensures that you're testing the behavior the user would see in the browser. Learn more at 
https://reactjs.org/link/wrap-tests-with-act
          at TransitionRootFn 
(E:\repos\blulok-cloud\frontend\node_modules\@headlessui\react\dist\headlessui.dev.cjs:8258:9)
          at FMSChangeReviewModal 
(E:\repos\blulok-cloud\frontend\src\components\FMS\FMSChangeReviewModal.tsx:73:3)
          at FMSSyncProvider (E:\repos\blulok-cloud\frontend\src\contexts\FMSSyncContext.tsx:52:35)
          at WebSocketProvider 
(E:\repos\blulok-cloud\frontend\src\contexts\WebSocketContext.tsx:24:71)
          at ToastProvider (E:\repos\blulok-cloud\frontend\src\contexts\ToastContext.tsx:10:63)
          at ThemeProvider (E:\repos\blulok-cloud\frontend\src\contexts\ThemeContext.tsx:18:63)

    [0m [90m 71 |[39m     [36mconst[39m message [33m=[39m 
args[[35m0[39m][33m?[39m[33m.[39mtoString() [33m||[39m [32m''[39m[33m;[39m
     [90m 72 |[39m     [36mif[39m (message[33m.[39mincludes([32m'Warning:'[39m) [33m||[39m 
(message[33m.[39mincludes([32m'Error:'[39m) [33m&&[39m 
[33m![39mmessage[33m.[39mincludes([32m'Failed to'[39m))) {
    [31m[1m>[22m[39m[90m 73 |[39m       originalError([33m...[39margs)[33m;[39m
     [90m    |[39m       [31m[1m^[22m[39m
     [90m 74 |[39m     }
     [90m 75 |[39m   })[33m;[39m
     [90m 76 |[39m   [0m

      at console.<anonymous> (src/test/setup.ts:73:7)
      at printWarning (node_modules/react-dom/cjs/react-dom.development.js:86:30)
      at error (node_modules/react-dom/cjs/react-dom.development.js:60:7)
      at warnIfUpdatesNotWrappedWithActDEV 
(node_modules/react-dom/cjs/react-dom.development.js:27628:9)
      at scheduleUpdateOnFiber (node_modules/react-dom/cjs/react-dom.development.js:25547:5)
      at dispatchSetState (node_modules/react-dom/cjs/react-dom.development.js:16708:7)
      at Object.current (node_modules/@headlessui/react/dist/headlessui.dev.cjs:8307:7)
      at Object.beforeEnter (node_modules/@headlessui/react/dist/headlessui.dev.cjs:829:65)
      at enter (node_modules/@headlessui/react/dist/headlessui.dev.cjs:8179:24)
      at match (node_modules/@headlessui/react/dist/headlessui.dev.cjs:1013:48)
      at Object.current (node_modules/@headlessui/react/dist/headlessui.dev.cjs:8176:12)
      at node_modules/@headlessui/react/dist/headlessui.dev.cjs:829:65
      at node_modules/@headlessui/react/dist/headlessui.dev.cjs:8055:106

    console.error
      Warning: An update to TransitionChildFn inside a test was not wrapped in act(...).
      
      When testing, code that causes React state updates should be wrapped into act(...):
      
      act(() => {
        /* fire events that update state */
      });
      /* assert on the output */
      
      This ensures that you're testing the behavior the user would see in the browser. Learn more at 
https://reactjs.org/link/wrap-tests-with-act
          at TransitionChildFn 
(E:\repos\blulok-cloud\frontend\node_modules\@headlessui\react\dist\headlessui.dev.cjs:8106:5)
          at ChildFn 
(E:\repos\blulok-cloud\frontend\node_modules\@headlessui\react\dist\headlessui.dev.cjs:8339:60)
          at div
          at PortalWrapper 
(E:\repos\blulok-cloud\frontend\node_modules\@headlessui\react\dist\headlessui.dev.cjs:3598:39)
          at div
          at FocusTrapFn 
(E:\repos\blulok-cloud\frontend\node_modules\@headlessui\react\dist\headlessui.dev.cjs:3233:45)
          at DescriptionProvider 
(E:\repos\blulok-cloud\frontend\node_modules\@headlessui\react\dist\headlessui.dev.cjs:4091:24)
          at ForcePortalRoot 
(E:\repos\blulok-cloud\frontend\node_modules\@headlessui\react\dist\headlessui.dev.cjs:3464:111)
          at GroupFn 
(E:\repos\blulok-cloud\frontend\node_modules\@headlessui\react\dist\headlessui.dev.cjs:3564:9)
          at PortalFn 
(E:\repos\blulok-cloud\frontend\node_modules\@headlessui\react\dist\headlessui.dev.cjs:3505:57)
          at ForcePortalRoot 
(E:\repos\blulok-cloud\frontend\node_modules\@headlessui\react\dist\headlessui.dev.cjs:3464:111)
          at StackProvider 
(E:\repos\blulok-cloud\frontend\node_modules\@headlessui\react\dist\headlessui.dev.cjs:4047:3)
          at DialogFn 
(E:\repos\blulok-cloud\frontend\node_modules\@headlessui\react\dist\headlessui.dev.cjs:4165:20)
          at OpenClosedProvider 
(E:\repos\blulok-cloud\frontend\node_modules\@headlessui\react\dist\headlessui.dev.cjs:1780:31)
          at TransitionChildFn 
(E:\repos\blulok-cloud\frontend\node_modules\@headlessui\react\dist\headlessui.dev.cjs:8106:5)
          at TransitionRootFn 
(E:\repos\blulok-cloud\frontend\node_modules\@headlessui\react\dist\headlessui.dev.cjs:8258:9)
          at FMSChangeReviewModal 
(E:\repos\blulok-cloud\frontend\src\components\FMS\FMSChangeReviewModal.tsx:73:3)
          at FMSSyncProvider (E:\repos\blulok-cloud\frontend\src\contexts\FMSSyncContext.tsx:52:35)
          at WebSocketProvider 
(E:\repos\blulok-cloud\frontend\src\contexts\WebSocketContext.tsx:24:71)
          at ToastProvider (E:\repos\blulok-cloud\frontend\src\contexts\ToastContext.tsx:10:63)
          at ThemeProvider (E:\repos\blulok-cloud\frontend\src\contexts\ThemeContext.tsx:18:63)

    [0m [90m 71 |[39m     [36mconst[39m message [33m=[39m 
args[[35m0[39m][33m?[39m[33m.[39mtoString() [33m||[39m [32m''[39m[33m;[39m
     [90m 72 |[39m     [36mif[39m (message[33m.[39mincludes([32m'Warning:'[39m) [33m||[39m 
(message[33m.[39mincludes([32m'Error:'[39m) [33m&&[39m 
[33m![39mmessage[33m.[39mincludes([32m'Failed to'[39m))) {
    [31m[1m>[22m[39m[90m 73 |[39m       originalError([33m...[39margs)[33m;[39m
     [90m    |[39m       [31m[1m^[22m[39m
     [90m 74 |[39m     }
     [90m 75 |[39m   })[33m;[39m
     [90m 76 |[39m   [0m

      at console.<anonymous> (src/test/setup.ts:73:7)
      at printWarning (node_modules/react-dom/cjs/react-dom.development.js:86:30)
      at error (node_modules/react-dom/cjs/react-dom.development.js:60:7)
      at warnIfUpdatesNotWrappedWithActDEV 
(node_modules/react-dom/cjs/react-dom.development.js:27628:9)
      at scheduleUpdateOnFiber (node_modules/react-dom/cjs/react-dom.development.js:25547:5)
      at dispatchSetState (node_modules/react-dom/cjs/react-dom.development.js:16708:7)
      at Object.addFlag (node_modules/@headlessui/react/dist/headlessui.dev.cjs:6852:7)
      at enter (node_modules/@headlessui/react/dist/headlessui.dev.cjs:8178:30)
      at match (node_modules/@headlessui/react/dist/headlessui.dev.cjs:1013:48)
      at Object.current (node_modules/@headlessui/react/dist/headlessui.dev.cjs:8176:12)
      at node_modules/@headlessui/react/dist/headlessui.dev.cjs:829:65
      at node_modules/@headlessui/react/dist/headlessui.dev.cjs:8055:106

    console.error
      Warning: An update to TransitionChildFn inside a test was not wrapped in act(...).
      
      When testing, code that causes React state updates should be wrapped into act(...):
      
      act(() => {
        /* fire events that update state */
      });
      /* assert on the output */
      
      This ensures that you're testing the behavior the user would see in the browser. Learn more at 
https://reactjs.org/link/wrap-tests-with-act
          at TransitionChildFn 
(E:\repos\blulok-cloud\frontend\node_modules\@headlessui\react\dist\headlessui.dev.cjs:8106:5)
          at ChildFn 
(E:\repos\blulok-cloud\frontend\node_modules\@headlessui\react\dist\headlessui.dev.cjs:8339:60)
          at div
          at div
          at div
          at PortalWrapper 
(E:\repos\blulok-cloud\frontend\node_modules\@headlessui\react\dist\headlessui.dev.cjs:3598:39)
          at div
          at FocusTrapFn 
(E:\repos\blulok-cloud\frontend\node_modules\@headlessui\react\dist\headlessui.dev.cjs:3233:45)
          at DescriptionProvider 
(E:\repos\blulok-cloud\frontend\node_modules\@headlessui\react\dist\headlessui.dev.cjs:4091:24)
          at ForcePortalRoot 
(E:\repos\blulok-cloud\frontend\node_modules\@headlessui\react\dist\headlessui.dev.cjs:3464:111)
          at GroupFn 
(E:\repos\blulok-cloud\frontend\node_modules\@headlessui\react\dist\headlessui.dev.cjs:3564:9)
          at PortalFn 
(E:\repos\blulok-cloud\frontend\node_modules\@headlessui\react\dist\headlessui.dev.cjs:3505:57)
          at ForcePortalRoot 
(E:\repos\blulok-cloud\frontend\node_modules\@headlessui\react\dist\headlessui.dev.cjs:3464:111)
          at StackProvider 
(E:\repos\blulok-cloud\frontend\node_modules\@headlessui\react\dist\headlessui.dev.cjs:4047:3)
          at DialogFn 
(E:\repos\blulok-cloud\frontend\node_modules\@headlessui\react\dist\headlessui.dev.cjs:4165:20)
          at OpenClosedProvider 
(E:\repos\blulok-cloud\frontend\node_modules\@headlessui\react\dist\headlessui.dev.cjs:1780:31)
          at TransitionChildFn 
(E:\repos\blulok-cloud\frontend\node_modules\@headlessui\react\dist\headlessui.dev.cjs:8106:5)
          at TransitionRootFn 
(E:\repos\blulok-cloud\frontend\node_modules\@headlessui\react\dist\headlessui.dev.cjs:8258:9)
          at FMSChangeReviewModal 
(E:\repos\blulok-cloud\frontend\src\components\FMS\FMSChangeReviewModal.tsx:73:3)
          at FMSSyncProvider (E:\repos\blulok-cloud\frontend\src\contexts\FMSSyncContext.tsx:52:35)
          at WebSocketProvider 
(E:\repos\blulok-cloud\frontend\src\contexts\WebSocketContext.tsx:24:71)
          at ToastProvider (E:\repos\blulok-cloud\frontend\src\contexts\ToastContext.tsx:10:63)
          at ThemeProvider (E:\repos\blulok-cloud\frontend\src\contexts\ThemeContext.tsx:18:63)

    [0m [90m 71 |[39m     [36mconst[39m message [33m=[39m 
args[[35m0[39m][33m?[39m[33m.[39mtoString() [33m||[39m [32m''[39m[33m;[39m
     [90m 72 |[39m     [36mif[39m (message[33m.[39mincludes([32m'Warning:'[39m) [33m||[39m 
(message[33m.[39mincludes([32m'Error:'[39m) [33m&&[39m 
[33m![39mmessage[33m.[39mincludes([32m'Failed to'[39m))) {
    [31m[1m>[22m[39m[90m 73 |[39m       originalError([33m...[39margs)[33m;[39m
     [90m    |[39m       [31m[1m^[22m[39m
     [90m 74 |[39m     }
     [90m 75 |[39m   })[33m;[39m
     [90m 76 |[39m   [0m

      at console.<anonymous> (src/test/setup.ts:73:7)
      at printWarning (node_modules/react-dom/cjs/react-dom.development.js:86:30)
      at error (node_modules/react-dom/cjs/react-dom.development.js:60:7)
      at warnIfUpdatesNotWrappedWithActDEV 
(node_modules/react-dom/cjs/react-dom.development.js:27628:9)
      at scheduleUpdateOnFiber (node_modules/react-dom/cjs/react-dom.development.js:25547:5)
      at dispatchSetState (node_modules/react-dom/cjs/react-dom.development.js:16708:7)
      at Object.addFlag (node_modules/@headlessui/react/dist/headlessui.dev.cjs:6852:7)
      at enter (node_modules/@headlessui/react/dist/headlessui.dev.cjs:8178:30)
      at match (node_modules/@headlessui/react/dist/headlessui.dev.cjs:1013:48)
      at Object.current (node_modules/@headlessui/react/dist/headlessui.dev.cjs:8176:12)
      at node_modules/@headlessui/react/dist/headlessui.dev.cjs:829:65
      at node_modules/@headlessui/react/dist/headlessui.dev.cjs:8055:106

    console.error
      Warning: An update to TransitionChildFn inside a test was not wrapped in act(...).
      
      When testing, code that causes React state updates should be wrapped into act(...):
      
      act(() => {
        /* fire events that update state */
      });
      /* assert on the output */
      
      This ensures that you're testing the behavior the user would see in the browser. Learn more at 
https://reactjs.org/link/wrap-tests-with-act
          at TransitionChildFn 
(E:\repos\blulok-cloud\frontend\node_modules\@headlessui\react\dist\headlessui.dev.cjs:8106:5)
          at TransitionRootFn 
(E:\repos\blulok-cloud\frontend\node_modules\@headlessui\react\dist\headlessui.dev.cjs:8258:9)
          at FMSChangeReviewModal 
(E:\repos\blulok-cloud\frontend\src\components\FMS\FMSChangeReviewModal.tsx:73:3)
          at FMSSyncProvider (E:\repos\blulok-cloud\frontend\src\contexts\FMSSyncContext.tsx:52:35)
          at WebSocketProvider 
(E:\repos\blulok-cloud\frontend\src\contexts\WebSocketContext.tsx:24:71)
          at ToastProvider (E:\repos\blulok-cloud\frontend\src\contexts\ToastContext.tsx:10:63)
          at ThemeProvider (E:\repos\blulok-cloud\frontend\src\contexts\ThemeContext.tsx:18:63)

    [0m [90m 71 |[39m     [36mconst[39m message [33m=[39m 
args[[35m0[39m][33m?[39m[33m.[39mtoString() [33m||[39m [32m''[39m[33m;[39m
     [90m 72 |[39m     [36mif[39m (message[33m.[39mincludes([32m'Warning:'[39m) [33m||[39m 
(message[33m.[39mincludes([32m'Error:'[39m) [33m&&[39m 
[33m![39mmessage[33m.[39mincludes([32m'Failed to'[39m))) {
    [31m[1m>[22m[39m[90m 73 |[39m       originalError([33m...[39margs)[33m;[39m
     [90m    |[39m       [31m[1m^[22m[39m
     [90m 74 |[39m     }
     [90m 75 |[39m   })[33m;[39m
     [90m 76 |[39m   [0m

      at console.<anonymous> (src/test/setup.ts:73:7)
      at printWarning (node_modules/react-dom/cjs/react-dom.development.js:86:30)
      at error (node_modules/react-dom/cjs/react-dom.development.js:60:7)
      at warnIfUpdatesNotWrappedWithActDEV 
(node_modules/react-dom/cjs/react-dom.development.js:27628:9)
      at scheduleUpdateOnFiber (node_modules/react-dom/cjs/react-dom.development.js:25547:5)
      at dispatchSetState (node_modules/react-dom/cjs/react-dom.development.js:16708:7)
      at Object.addFlag (node_modules/@headlessui/react/dist/headlessui.dev.cjs:6852:7)
      at enter (node_modules/@headlessui/react/dist/headlessui.dev.cjs:8178:30)
      at match (node_modules/@headlessui/react/dist/headlessui.dev.cjs:1013:48)
      at Object.current (node_modules/@headlessui/react/dist/headlessui.dev.cjs:8176:12)
      at node_modules/@headlessui/react/dist/headlessui.dev.cjs:829:65
      at node_modules/@headlessui/react/dist/headlessui.dev.cjs:8055:106

    console.error
      Warning: An update to TransitionRootFn inside a test was not wrapped in act(...).
      
      When testing, code that causes React state updates should be wrapped into act(...):
      
      act(() => {
        /* fire events that update state */
      });
      /* assert on the output */
      
      This ensures that you're testing the behavior the user would see in the browser. Learn more at 
https://reactjs.org/link/wrap-tests-with-act
          at TransitionRootFn 
(E:\repos\blulok-cloud\frontend\node_modules\@headlessui\react\dist\headlessui.dev.cjs:8258:9)
          at FMSChangeReviewModal 
(E:\repos\blulok-cloud\frontend\src\components\FMS\FMSChangeReviewModal.tsx:73:3)
          at FMSSyncProvider (E:\repos\blulok-cloud\frontend\src\contexts\FMSSyncContext.tsx:52:35)
          at WebSocketProvider 
(E:\repos\blulok-cloud\frontend\src\contexts\WebSocketContext.tsx:24:71)
          at ToastProvider (E:\repos\blulok-cloud\frontend\src\contexts\ToastContext.tsx:10:63)
          at ThemeProvider (E:\repos\blulok-cloud\frontend\src\contexts\ThemeContext.tsx:18:63)

    [0m [90m 71 |[39m     [36mconst[39m message [33m=[39m 
args[[35m0[39m][33m?[39m[33m.[39mtoString() [33m||[39m [32m''[39m[33m;[39m
     [90m 72 |[39m     [36mif[39m (message[33m.[39mincludes([32m'Warning:'[39m) [33m||[39m 
(message[33m.[39mincludes([32m'Error:'[39m) [33m&&[39m 
[33m![39mmessage[33m.[39mincludes([32m'Failed to'[39m))) {
    [31m[1m>[22m[39m[90m 73 |[39m       originalError([33m...[39margs)[33m;[39m
     [90m    |[39m       [31m[1m^[22m[39m
     [90m 74 |[39m     }
     [90m 75 |[39m   })[33m;[39m
     [90m 76 |[39m   [0m

      at console.<anonymous> (src/test/setup.ts:73:7)
      at printWarning (node_modules/react-dom/cjs/react-dom.development.js:86:30)
      at error (node_modules/react-dom/cjs/react-dom.development.js:60:7)
      at warnIfUpdatesNotWrappedWithActDEV 
(node_modules/react-dom/cjs/react-dom.development.js:27628:9)
      at scheduleUpdateOnFiber (node_modules/react-dom/cjs/react-dom.development.js:25547:5)
      at dispatchSetState (node_modules/react-dom/cjs/react-dom.development.js:16708:7)
      at Object.current (node_modules/@headlessui/react/dist/headlessui.dev.cjs:8307:7)
      at Object.beforeEnter (node_modules/@headlessui/react/dist/headlessui.dev.cjs:829:65)
      at enter (node_modules/@headlessui/react/dist/headlessui.dev.cjs:8179:24)
      at match (node_modules/@headlessui/react/dist/headlessui.dev.cjs:1013:48)
      at Object.current (node_modules/@headlessui/react/dist/headlessui.dev.cjs:8176:12)
      at node_modules/@headlessui/react/dist/headlessui.dev.cjs:829:65
      at node_modules/@headlessui/react/dist/headlessui.dev.cjs:8055:106

    console.error
      Warning: An update to TransitionChildFn inside a test was not wrapped in act(...).
      
      When testing, code that causes React state updates should be wrapped into act(...):
      
      act(() => {
        /* fire events that update state */
      });
      /* assert on the output */
      
      This ensures that you're testing the behavior the user would see in the browser. Learn more at 
https://reactjs.org/link/wrap-tests-with-act
          at TransitionChildFn 
(E:\repos\blulok-cloud\frontend\node_modules\@headlessui\react\dist\headlessui.dev.cjs:8106:5)
          at ChildFn 
(E:\repos\blulok-cloud\frontend\node_modules\@headlessui\react\dist\headlessui.dev.cjs:8339:60)
          at div
          at PortalWrapper 
(E:\repos\blulok-cloud\frontend\node_modules\@headlessui\react\dist\headlessui.dev.cjs:3598:39)
          at div
          at FocusTrapFn 
(E:\repos\blulok-cloud\frontend\node_modules\@headlessui\react\dist\headlessui.dev.cjs:3233:45)
          at DescriptionProvider 
(E:\repos\blulok-cloud\frontend\node_modules\@headlessui\react\dist\headlessui.dev.cjs:4091:24)
          at ForcePortalRoot 
(E:\repos\blulok-cloud\frontend\node_modules\@headlessui\react\dist\headlessui.dev.cjs:3464:111)
          at GroupFn 
(E:\repos\blulok-cloud\frontend\node_modules\@headlessui\react\dist\headlessui.dev.cjs:3564:9)
          at PortalFn 
(E:\repos\blulok-cloud\frontend\node_modules\@headlessui\react\dist\headlessui.dev.cjs:3505:57)
          at ForcePortalRoot 
(E:\repos\blulok-cloud\frontend\node_modules\@headlessui\react\dist\headlessui.dev.cjs:3464:111)
          at StackProvider 
(E:\repos\blulok-cloud\frontend\node_modules\@headlessui\react\dist\headlessui.dev.cjs:4047:3)
          at DialogFn 
(E:\repos\blulok-cloud\frontend\node_modules\@headlessui\react\dist\headlessui.dev.cjs:4165:20)
          at OpenClosedProvider 
(E:\repos\blulok-cloud\frontend\node_modules\@headlessui\react\dist\headlessui.dev.cjs:1780:31)
          at TransitionChildFn 
(E:\repos\blulok-cloud\frontend\node_modules\@headlessui\react\dist\headlessui.dev.cjs:8106:5)
          at TransitionRootFn 
(E:\repos\blulok-cloud\frontend\node_modules\@headlessui\react\dist\headlessui.dev.cjs:8258:9)
          at FMSChangeReviewModal 
(E:\repos\blulok-cloud\frontend\src\components\FMS\FMSChangeReviewModal.tsx:73:3)
          at FMSSyncProvider (E:\repos\blulok-cloud\frontend\src\contexts\FMSSyncContext.tsx:52:35)
          at WebSocketProvider 
(E:\repos\blulok-cloud\frontend\src\contexts\WebSocketContext.tsx:24:71)
          at ToastProvider (E:\repos\blulok-cloud\frontend\src\contexts\ToastContext.tsx:10:63)
          at ThemeProvider (E:\repos\blulok-cloud\frontend\src\contexts\ThemeContext.tsx:18:63)

    [0m [90m 71 |[39m     [36mconst[39m message [33m=[39m 
args[[35m0[39m][33m?[39m[33m.[39mtoString() [33m||[39m [32m''[39m[33m;[39m
     [90m 72 |[39m     [36mif[39m (message[33m.[39mincludes([32m'Warning:'[39m) [33m||[39m 
(message[33m.[39mincludes([32m'Error:'[39m) [33m&&[39m 
[33m![39mmessage[33m.[39mincludes([32m'Failed to'[39m))) {
    [31m[1m>[22m[39m[90m 73 |[39m       originalError([33m...[39margs)[33m;[39m
     [90m    |[39m       [31m[1m^[22m[39m
     [90m 74 |[39m     }
     [90m 75 |[39m   })[33m;[39m
     [90m 76 |[39m   [0m

      at console.<anonymous> (src/test/setup.ts:73:7)
      at printWarning (node_modules/react-dom/cjs/react-dom.development.js:86:30)
      at error (node_modules/react-dom/cjs/react-dom.development.js:60:7)
      at warnIfUpdatesNotWrappedWithActDEV 
(node_modules/react-dom/cjs/react-dom.development.js:27628:9)
      at scheduleUpdateOnFiber (node_modules/react-dom/cjs/react-dom.development.js:25547:5)
      at dispatchSetState (node_modules/react-dom/cjs/react-dom.development.js:16708:7)
      at Object.addFlag (node_modules/@headlessui/react/dist/headlessui.dev.cjs:6852:7)
      at enter (node_modules/@headlessui/react/dist/headlessui.dev.cjs:8178:30)
      at match (node_modules/@headlessui/react/dist/headlessui.dev.cjs:1013:48)
      at Object.current (node_modules/@headlessui/react/dist/headlessui.dev.cjs:8176:12)
      at node_modules/@headlessui/react/dist/headlessui.dev.cjs:829:65
      at node_modules/@headlessui/react/dist/headlessui.dev.cjs:8055:106

    console.error
      Warning: An update to TransitionChildFn inside a test was not wrapped in act(...).
      
      When testing, code that causes React state updates should be wrapped into act(...):
      
      act(() => {
        /* fire events that update state */
      });
      /* assert on the output */
      
      This ensures that you're testing the behavior the user would see in the browser. Learn more at 
https://reactjs.org/link/wrap-tests-with-act
          at TransitionChildFn 
(E:\repos\blulok-cloud\frontend\node_modules\@headlessui\react\dist\headlessui.dev.cjs:8106:5)
          at ChildFn 
(E:\repos\blulok-cloud\frontend\node_modules\@headlessui\react\dist\headlessui.dev.cjs:8339:60)
          at div
          at div
          at div
          at PortalWrapper 
(E:\repos\blulok-cloud\frontend\node_modules\@headlessui\react\dist\headlessui.dev.cjs:3598:39)
          at div
          at FocusTrapFn 
(E:\repos\blulok-cloud\frontend\node_modules\@headlessui\react\dist\headlessui.dev.cjs:3233:45)
          at DescriptionProvider 
(E:\repos\blulok-cloud\frontend\node_modules\@headlessui\react\dist\headlessui.dev.cjs:4091:24)
          at ForcePortalRoot 
(E:\repos\blulok-cloud\frontend\node_modules\@headlessui\react\dist\headlessui.dev.cjs:3464:111)
          at GroupFn 
(E:\repos\blulok-cloud\frontend\node_modules\@headlessui\react\dist\headlessui.dev.cjs:3564:9)
          at PortalFn 
(E:\repos\blulok-cloud\frontend\node_modules\@headlessui\react\dist\headlessui.dev.cjs:3505:57)
          at ForcePortalRoot 
(E:\repos\blulok-cloud\frontend\node_modules\@headlessui\react\dist\headlessui.dev.cjs:3464:111)
          at StackProvider 
(E:\repos\blulok-cloud\frontend\node_modules\@headlessui\react\dist\headlessui.dev.cjs:4047:3)
          at DialogFn 
(E:\repos\blulok-cloud\frontend\node_modules\@headlessui\react\dist\headlessui.dev.cjs:4165:20)
          at OpenClosedProvider 
(E:\repos\blulok-cloud\frontend\node_modules\@headlessui\react\dist\headlessui.dev.cjs:1780:31)
          at TransitionChildFn 
(E:\repos\blulok-cloud\frontend\node_modules\@headlessui\react\dist\headlessui.dev.cjs:8106:5)
          at TransitionRootFn 
(E:\repos\blulok-cloud\frontend\node_modules\@headlessui\react\dist\headlessui.dev.cjs:8258:9)
          at FMSChangeReviewModal 
(E:\repos\blulok-cloud\frontend\src\components\FMS\FMSChangeReviewModal.tsx:73:3)
          at FMSSyncProvider (E:\repos\blulok-cloud\frontend\src\contexts\FMSSyncContext.tsx:52:35)
          at WebSocketProvider 
(E:\repos\blulok-cloud\frontend\src\contexts\WebSocketContext.tsx:24:71)
          at ToastProvider (E:\repos\blulok-cloud\frontend\src\contexts\ToastContext.tsx:10:63)
          at ThemeProvider (E:\repos\blulok-cloud\frontend\src\contexts\ThemeContext.tsx:18:63)

    [0m [90m 71 |[39m     [36mconst[39m message [33m=[39m 
args[[35m0[39m][33m?[39m[33m.[39mtoString() [33m||[39m [32m''[39m[33m;[39m
     [90m 72 |[39m     [36mif[39m (message[33m.[39mincludes([32m'Warning:'[39m) [33m||[39m 
(message[33m.[39mincludes([32m'Error:'[39m) [33m&&[39m 
[33m![39mmessage[33m.[39mincludes([32m'Failed to'[39m))) {
    [31m[1m>[22m[39m[90m 73 |[39m       originalError([33m...[39margs)[33m;[39m
     [90m    |[39m       [31m[1m^[22m[39m
     [90m 74 |[39m     }
     [90m 75 |[39m   })[33m;[39m
     [90m 76 |[39m   [0m

      at console.<anonymous> (src/test/setup.ts:73:7)
      at printWarning (node_modules/react-dom/cjs/react-dom.development.js:86:30)
      at error (node_modules/react-dom/cjs/react-dom.development.js:60:7)
      at warnIfUpdatesNotWrappedWithActDEV 
(node_modules/react-dom/cjs/react-dom.development.js:27628:9)
      at scheduleUpdateOnFiber (node_modules/react-dom/cjs/react-dom.development.js:25547:5)
      at dispatchSetState (node_modules/react-dom/cjs/react-dom.development.js:16708:7)
      at Object.addFlag (node_modules/@headlessui/react/dist/headlessui.dev.cjs:6852:7)
      at enter (node_modules/@headlessui/react/dist/headlessui.dev.cjs:8178:30)
      at match (node_modules/@headlessui/react/dist/headlessui.dev.cjs:1013:48)
      at Object.current (node_modules/@headlessui/react/dist/headlessui.dev.cjs:8176:12)
      at node_modules/@headlessui/react/dist/headlessui.dev.cjs:829:65
      at node_modules/@headlessui/react/dist/headlessui.dev.cjs:8055:106

    console.error
      Warning: An update to TransitionChildFn inside a test was not wrapped in act(...).
      
      When testing, code that causes React state updates should be wrapped into act(...):
      
      act(() => {
        /* fire events that update state */
      });
      /* assert on the output */
      
      This ensures that you're testing the behavior the user would see in the browser. Learn more at 
https://reactjs.org/link/wrap-tests-with-act
          at TransitionChildFn 
(E:\repos\blulok-cloud\frontend\node_modules\@headlessui\react\dist\headlessui.dev.cjs:8106:5)
          at TransitionRootFn 
(E:\repos\blulok-cloud\frontend\node_modules\@headlessui\react\dist\headlessui.dev.cjs:8258:9)
          at FMSChangeReviewModal 
(E:\repos\blulok-cloud\frontend\src\components\FMS\FMSChangeReviewModal.tsx:73:3)
          at FMSSyncProvider (E:\repos\blulok-cloud\frontend\src\contexts\FMSSyncContext.tsx:52:35)
          at WebSocketProvider 
(E:\repos\blulok-cloud\frontend\src\contexts\WebSocketContext.tsx:24:71)
          at ToastProvider (E:\repos\blulok-cloud\frontend\src\contexts\ToastContext.tsx:10:63)
          at ThemeProvider (E:\repos\blulok-cloud\frontend\src\contexts\ThemeContext.tsx:18:63)

    [0m [90m 71 |[39m     [36mconst[39m message [33m=[39m 
args[[35m0[39m][33m?[39m[33m.[39mtoString() [33m||[39m [32m''[39m[33m;[39m
     [90m 72 |[39m     [36mif[39m (message[33m.[39mincludes([32m'Warning:'[39m) [33m||[39m 
(message[33m.[39mincludes([32m'Error:'[39m) [33m&&[39m 
[33m![39mmessage[33m.[39mincludes([32m'Failed to'[39m))) {
    [31m[1m>[22m[39m[90m 73 |[39m       originalError([33m...[39margs)[33m;[39m
     [90m    |[39m       [31m[1m^[22m[39m
     [90m 74 |[39m     }
     [90m 75 |[39m   })[33m;[39m
     [90m 76 |[39m   [0m

      at console.<anonymous> (src/test/setup.ts:73:7)
      at printWarning (node_modules/react-dom/cjs/react-dom.development.js:86:30)
      at error (node_modules/react-dom/cjs/react-dom.development.js:60:7)
      at warnIfUpdatesNotWrappedWithActDEV 
(node_modules/react-dom/cjs/react-dom.development.js:27628:9)
      at scheduleUpdateOnFiber (node_modules/react-dom/cjs/react-dom.development.js:25547:5)
      at dispatchSetState (node_modules/react-dom/cjs/react-dom.development.js:16708:7)
      at Object.addFlag (node_modules/@headlessui/react/dist/headlessui.dev.cjs:6852:7)
      at enter (node_modules/@headlessui/react/dist/headlessui.dev.cjs:8178:30)
      at match (node_modules/@headlessui/react/dist/headlessui.dev.cjs:1013:48)
      at Object.current (node_modules/@headlessui/react/dist/headlessui.dev.cjs:8176:12)
      at node_modules/@headlessui/react/dist/headlessui.dev.cjs:829:65
      at node_modules/@headlessui/react/dist/headlessui.dev.cjs:8055:106

    console.error
      Warning: An update to TransitionRootFn inside a test was not wrapped in act(...).
      
      When testing, code that causes React state updates should be wrapped into act(...):
      
      act(() => {
        /* fire events that update state */
      });
      /* assert on the output */
      
      This ensures that you're testing the behavior the user would see in the browser. Learn more at 
https://reactjs.org/link/wrap-tests-with-act
          at TransitionRootFn 
(E:\repos\blulok-cloud\frontend\node_modules\@headlessui\react\dist\headlessui.dev.cjs:8258:9)
          at FMSChangeReviewModal 
(E:\repos\blulok-cloud\frontend\src\components\FMS\FMSChangeReviewModal.tsx:73:3)
          at FMSSyncProvider (E:\repos\blulok-cloud\frontend\src\contexts\FMSSyncContext.tsx:52:35)
          at WebSocketProvider 
(E:\repos\blulok-cloud\frontend\src\contexts\WebSocketContext.tsx:24:71)
          at ToastProvider (E:\repos\blulok-cloud\frontend\src\contexts\ToastContext.tsx:10:63)
          at ThemeProvider (E:\repos\blulok-cloud\frontend\src\contexts\ThemeContext.tsx:18:63)

    [0m [90m 71 |[39m     [36mconst[39m message [33m=[39m 
args[[35m0[39m][33m?[39m[33m.[39mtoString() [33m||[39m [32m''[39m[33m;[39m
     [90m 72 |[39m     [36mif[39m (message[33m.[39mincludes([32m'Warning:'[39m) [33m||[39m 
(message[33m.[39mincludes([32m'Error:'[39m) [33m&&[39m 
[33m![39mmessage[33m.[39mincludes([32m'Failed to'[39m))) {
    [31m[1m>[22m[39m[90m 73 |[39m       originalError([33m...[39margs)[33m;[39m
     [90m    |[39m       [31m[1m^[22m[39m
     [90m 74 |[39m     }
     [90m 75 |[39m   })[33m;[39m
     [90m 76 |[39m   [0m

      at console.<anonymous> (src/test/setup.ts:73:7)
      at printWarning (node_modules/react-dom/cjs/react-dom.development.js:86:30)
      at error (node_modules/react-dom/cjs/react-dom.development.js:60:7)
      at warnIfUpdatesNotWrappedWithActDEV 
(node_modules/react-dom/cjs/react-dom.development.js:27628:9)
      at scheduleUpdateOnFiber (node_modules/react-dom/cjs/react-dom.development.js:25547:5)
      at dispatchSetState (node_modules/react-dom/cjs/react-dom.development.js:16708:7)
      at Object.current (node_modules/@headlessui/react/dist/headlessui.dev.cjs:8307:7)
      at Object.beforeEnter (node_modules/@headlessui/react/dist/headlessui.dev.cjs:829:65)
      at enter (node_modules/@headlessui/react/dist/headlessui.dev.cjs:8179:24)
      at match (node_modules/@headlessui/react/dist/headlessui.dev.cjs:1013:48)
      at Object.current (node_modules/@headlessui/react/dist/headlessui.dev.cjs:8176:12)
      at node_modules/@headlessui/react/dist/headlessui.dev.cjs:829:65
      at node_modules/@headlessui/react/dist/headlessui.dev.cjs:8055:106

    console.error
      Warning: An update to TransitionChildFn inside a test was not wrapped in act(...).
      
      When testing, code that causes React state updates should be wrapped into act(...):
      
      act(() => {
        /* fire events that update state */
      });
      /* assert on the output */
      
      This ensures that you're testing the behavior the user would see in the browser. Learn more at 
https://reactjs.org/link/wrap-tests-with-act
          at TransitionChildFn 
(E:\repos\blulok-cloud\frontend\node_modules\@headlessui\react\dist\headlessui.dev.cjs:8106:5)
          at ChildFn 
(E:\repos\blulok-cloud\frontend\node_modules\@headlessui\react\dist\headlessui.dev.cjs:8339:60)
          at div
          at PortalWrapper 
(E:\repos\blulok-cloud\frontend\node_modules\@headlessui\react\dist\headlessui.dev.cjs:3598:39)
          at div
          at FocusTrapFn 
(E:\repos\blulok-cloud\frontend\node_modules\@headlessui\react\dist\headlessui.dev.cjs:3233:45)
          at DescriptionProvider 
(E:\repos\blulok-cloud\frontend\node_modules\@headlessui\react\dist\headlessui.dev.cjs:4091:24)
          at ForcePortalRoot 
(E:\repos\blulok-cloud\frontend\node_modules\@headlessui\react\dist\headlessui.dev.cjs:3464:111)
          at GroupFn 
(E:\repos\blulok-cloud\frontend\node_modules\@headlessui\react\dist\headlessui.dev.cjs:3564:9)
          at PortalFn 
(E:\repos\blulok-cloud\frontend\node_modules\@headlessui\react\dist\headlessui.dev.cjs:3505:57)
          at ForcePortalRoot 
(E:\repos\blulok-cloud\frontend\node_modules\@headlessui\react\dist\headlessui.dev.cjs:3464:111)
          at StackProvider 
(E:\repos\blulok-cloud\frontend\node_modules\@headlessui\react\dist\headlessui.dev.cjs:4047:3)
          at DialogFn 
(E:\repos\blulok-cloud\frontend\node_modules\@headlessui\react\dist\headlessui.dev.cjs:4165:20)
          at OpenClosedProvider 
(E:\repos\blulok-cloud\frontend\node_modules\@headlessui\react\dist\headlessui.dev.cjs:1780:31)
          at TransitionChildFn 
(E:\repos\blulok-cloud\frontend\node_modules\@headlessui\react\dist\headlessui.dev.cjs:8106:5)
          at TransitionRootFn 
(E:\repos\blulok-cloud\frontend\node_modules\@headlessui\react\dist\headlessui.dev.cjs:8258:9)
          at FMSChangeReviewModal 
(E:\repos\blulok-cloud\frontend\src\components\FMS\FMSChangeReviewModal.tsx:73:3)
          at FMSSyncProvider (E:\repos\blulok-cloud\frontend\src\contexts\FMSSyncContext.tsx:52:35)
          at WebSocketProvider 
(E:\repos\blulok-cloud\frontend\src\contexts\WebSocketContext.tsx:24:71)
          at ToastProvider (E:\repos\blulok-cloud\frontend\src\contexts\ToastContext.tsx:10:63)
          at ThemeProvider (E:\repos\blulok-cloud\frontend\src\contexts\ThemeContext.tsx:18:63)

    [0m [90m 71 |[39m     [36mconst[39m message [33m=[39m 
args[[35m0[39m][33m?[39m[33m.[39mtoString() [33m||[39m [32m''[39m[33m;[39m
     [90m 72 |[39m     [36mif[39m (message[33m.[39mincludes([32m'Warning:'[39m) [33m||[39m 
(message[33m.[39mincludes([32m'Error:'[39m) [33m&&[39m 
[33m![39mmessage[33m.[39mincludes([32m'Failed to'[39m))) {
    [31m[1m>[22m[39m[90m 73 |[39m       originalError([33m...[39margs)[33m;[39m
     [90m    |[39m       [31m[1m^[22m[39m
     [90m 74 |[39m     }
     [90m 75 |[39m   })[33m;[39m
     [90m 76 |[39m   [0m

      at console.<anonymous> (src/test/setup.ts:73:7)
      at printWarning (node_modules/react-dom/cjs/react-dom.development.js:86:30)
      at error (node_modules/react-dom/cjs/react-dom.development.js:60:7)
      at warnIfUpdatesNotWrappedWithActDEV 
(node_modules/react-dom/cjs/react-dom.development.js:27628:9)
      at scheduleUpdateOnFiber (node_modules/react-dom/cjs/react-dom.development.js:25547:5)
      at dispatchSetState (node_modules/react-dom/cjs/react-dom.development.js:16708:7)
      at Object.addFlag (node_modules/@headlessui/react/dist/headlessui.dev.cjs:6852:7)
      at enter (node_modules/@headlessui/react/dist/headlessui.dev.cjs:8178:30)
      at match (node_modules/@headlessui/react/dist/headlessui.dev.cjs:1013:48)
      at Object.current (node_modules/@headlessui/react/dist/headlessui.dev.cjs:8176:12)
      at node_modules/@headlessui/react/dist/headlessui.dev.cjs:829:65
      at node_modules/@headlessui/react/dist/headlessui.dev.cjs:8055:106

    console.error
      Warning: An update to TransitionChildFn inside a test was not wrapped in act(...).
      
      When testing, code that causes React state updates should be wrapped into act(...):
      
      act(() => {
        /* fire events that update state */
      });
      /* assert on the output */
      
      This ensures that you're testing the behavior the user would see in the browser. Learn more at 
https://reactjs.org/link/wrap-tests-with-act
          at TransitionChildFn 
(E:\repos\blulok-cloud\frontend\node_modules\@headlessui\react\dist\headlessui.dev.cjs:8106:5)
          at ChildFn 
(E:\repos\blulok-cloud\frontend\node_modules\@headlessui\react\dist\headlessui.dev.cjs:8339:60)
          at div
          at div
          at div
          at PortalWrapper 
(E:\repos\blulok-cloud\frontend\node_modules\@headlessui\react\dist\headlessui.dev.cjs:3598:39)
          at div
          at FocusTrapFn 
(E:\repos\blulok-cloud\frontend\node_modules\@headlessui\react\dist\headlessui.dev.cjs:3233:45)
          at DescriptionProvider 
(E:\repos\blulok-cloud\frontend\node_modules\@headlessui\react\dist\headlessui.dev.cjs:4091:24)
          at ForcePortalRoot 
(E:\repos\blulok-cloud\frontend\node_modules\@headlessui\react\dist\headlessui.dev.cjs:3464:111)
          at GroupFn 
(E:\repos\blulok-cloud\frontend\node_modules\@headlessui\react\dist\headlessui.dev.cjs:3564:9)
          at PortalFn 
(E:\repos\blulok-cloud\frontend\node_modules\@headlessui\react\dist\headlessui.dev.cjs:3505:57)
          at ForcePortalRoot 
(E:\repos\blulok-cloud\frontend\node_modules\@headlessui\react\dist\headlessui.dev.cjs:3464:111)
          at StackProvider 
(E:\repos\blulok-cloud\frontend\node_modules\@headlessui\react\dist\headlessui.dev.cjs:4047:3)
          at DialogFn 
(E:\repos\blulok-cloud\frontend\node_modules\@headlessui\react\dist\headlessui.dev.cjs:4165:20)
          at OpenClosedProvider 
(E:\repos\blulok-cloud\frontend\node_modules\@headlessui\react\dist\headlessui.dev.cjs:1780:31)
          at TransitionChildFn 
(E:\repos\blulok-cloud\frontend\node_modules\@headlessui\react\dist\headlessui.dev.cjs:8106:5)
          at TransitionRootFn 
(E:\repos\blulok-cloud\frontend\node_modules\@headlessui\react\dist\headlessui.dev.cjs:8258:9)
          at FMSChangeReviewModal 
(E:\repos\blulok-cloud\frontend\src\components\FMS\FMSChangeReviewModal.tsx:73:3)
          at FMSSyncProvider (E:\repos\blulok-cloud\frontend\src\contexts\FMSSyncContext.tsx:52:35)
          at WebSocketProvider 
(E:\repos\blulok-cloud\frontend\src\contexts\WebSocketContext.tsx:24:71)
          at ToastProvider (E:\repos\blulok-cloud\frontend\src\contexts\ToastContext.tsx:10:63)
          at ThemeProvider (E:\repos\blulok-cloud\frontend\src\contexts\ThemeContext.tsx:18:63)

    [0m [90m 71 |[39m     [36mconst[39m message [33m=[39m 
args[[35m0[39m][33m?[39m[33m.[39mtoString() [33m||[39m [32m''[39m[33m;[39m
     [90m 72 |[39m     [36mif[39m (message[33m.[39mincludes([32m'Warning:'[39m) [33m||[39m 
(message[33m.[39mincludes([32m'Error:'[39m) [33m&&[39m 
[33m![39mmessage[33m.[39mincludes([32m'Failed to'[39m))) {
    [31m[1m>[22m[39m[90m 73 |[39m       originalError([33m...[39margs)[33m;[39m
     [90m    |[39m       [31m[1m^[22m[39m
     [90m 74 |[39m     }
     [90m 75 |[39m   })[33m;[39m
     [90m 76 |[39m   [0m

      at console.<anonymous> (src/test/setup.ts:73:7)
      at printWarning (node_modules/react-dom/cjs/react-dom.development.js:86:30)
      at error (node_modules/react-dom/cjs/react-dom.development.js:60:7)
      at warnIfUpdatesNotWrappedWithActDEV 
(node_modules/react-dom/cjs/react-dom.development.js:27628:9)
      at scheduleUpdateOnFiber (node_modules/react-dom/cjs/react-dom.development.js:25547:5)
      at dispatchSetState (node_modules/react-dom/cjs/react-dom.development.js:16708:7)
      at Object.addFlag (node_modules/@headlessui/react/dist/headlessui.dev.cjs:6852:7)
      at enter (node_modules/@headlessui/react/dist/headlessui.dev.cjs:8178:30)
      at match (node_modules/@headlessui/react/dist/headlessui.dev.cjs:1013:48)
      at Object.current (node_modules/@headlessui/react/dist/headlessui.dev.cjs:8176:12)
      at node_modules/@headlessui/react/dist/headlessui.dev.cjs:829:65
      at node_modules/@headlessui/react/dist/headlessui.dev.cjs:8055:106

    console.error
      Warning: An update to TransitionChildFn inside a test was not wrapped in act(...).
      
      When testing, code that causes React state updates should be wrapped into act(...):
      
      act(() => {
        /* fire events that update state */
      });
      /* assert on the output */
      
      This ensures that you're testing the behavior the user would see in the browser. Learn more at 
https://reactjs.org/link/wrap-tests-with-act
          at TransitionChildFn 
(E:\repos\blulok-cloud\frontend\node_modules\@headlessui\react\dist\headlessui.dev.cjs:8106:5)
          at TransitionRootFn 
(E:\repos\blulok-cloud\frontend\node_modules\@headlessui\react\dist\headlessui.dev.cjs:8258:9)
          at FMSChangeReviewModal 
(E:\repos\blulok-cloud\frontend\src\components\FMS\FMSChangeReviewModal.tsx:73:3)
          at FMSSyncProvider (E:\repos\blulok-cloud\frontend\src\contexts\FMSSyncContext.tsx:52:35)
          at WebSocketProvider 
(E:\repos\blulok-cloud\frontend\src\contexts\WebSocketContext.tsx:24:71)
          at ToastProvider (E:\repos\blulok-cloud\frontend\src\contexts\ToastContext.tsx:10:63)
          at ThemeProvider (E:\repos\blulok-cloud\frontend\src\contexts\ThemeContext.tsx:18:63)

    [0m [90m 71 |[39m     [36mconst[39m message [33m=[39m 
args[[35m0[39m][33m?[39m[33m.[39mtoString() [33m||[39m [32m''[39m[33m;[39m
     [90m 72 |[39m     [36mif[39m (message[33m.[39mincludes([32m'Warning:'[39m) [33m||[39m 
(message[33m.[39mincludes([32m'Error:'[39m) [33m&&[39m 
[33m![39mmessage[33m.[39mincludes([32m'Failed to'[39m))) {
    [31m[1m>[22m[39m[90m 73 |[39m       originalError([33m...[39margs)[33m;[39m
     [90m    |[39m       [31m[1m^[22m[39m
     [90m 74 |[39m     }
     [90m 75 |[39m   })[33m;[39m
     [90m 76 |[39m   [0m

      at console.<anonymous> (src/test/setup.ts:73:7)
      at printWarning (node_modules/react-dom/cjs/react-dom.development.js:86:30)
      at error (node_modules/react-dom/cjs/react-dom.development.js:60:7)
      at warnIfUpdatesNotWrappedWithActDEV 
(node_modules/react-dom/cjs/react-dom.development.js:27628:9)
      at scheduleUpdateOnFiber (node_modules/react-dom/cjs/react-dom.development.js:25547:5)
      at dispatchSetState (node_modules/react-dom/cjs/react-dom.development.js:16708:7)
      at Object.addFlag (node_modules/@headlessui/react/dist/headlessui.dev.cjs:6852:7)
      at enter (node_modules/@headlessui/react/dist/headlessui.dev.cjs:8178:30)
      at match (node_modules/@headlessui/react/dist/headlessui.dev.cjs:1013:48)
      at Object.current (node_modules/@headlessui/react/dist/headlessui.dev.cjs:8176:12)
      at node_modules/@headlessui/react/dist/headlessui.dev.cjs:829:65
      at node_modules/@headlessui/react/dist/headlessui.dev.cjs:8055:106

    console.error
      Warning: An update to TransitionRootFn inside a test was not wrapped in act(...).
      
      When testing, code that causes React state updates should be wrapped into act(...):
      
      act(() => {
        /* fire events that update state */
      });
      /* assert on the output */
      
      This ensures that you're testing the behavior the user would see in the browser. Learn more at 
https://reactjs.org/link/wrap-tests-with-act
          at TransitionRootFn 
(E:\repos\blulok-cloud\frontend\node_modules\@headlessui\react\dist\headlessui.dev.cjs:8258:9)
          at FMSChangeReviewModal 
(E:\repos\blulok-cloud\frontend\src\components\FMS\FMSChangeReviewModal.tsx:73:3)
          at FMSSyncProvider (E:\repos\blulok-cloud\frontend\src\contexts\FMSSyncContext.tsx:52:35)
          at WebSocketProvider 
(E:\repos\blulok-cloud\frontend\src\contexts\WebSocketContext.tsx:24:71)
          at ToastProvider (E:\repos\blulok-cloud\frontend\src\contexts\ToastContext.tsx:10:63)
          at ThemeProvider (E:\repos\blulok-cloud\frontend\src\contexts\ThemeContext.tsx:18:63)

    [0m [90m 71 |[39m     [36mconst[39m message [33m=[39m 
args[[35m0[39m][33m?[39m[33m.[39mtoString() [33m||[39m [32m''[39m[33m;[39m
     [90m 72 |[39m     [36mif[39m (message[33m.[39mincludes([32m'Warning:'[39m) [33m||[39m 
(message[33m.[39mincludes([32m'Error:'[39m) [33m&&[39m 
[33m![39mmessage[33m.[39mincludes([32m'Failed to'[39m))) {
    [31m[1m>[22m[39m[90m 73 |[39m       originalError([33m...[39margs)[33m;[39m
     [90m    |[39m       [31m[1m^[22m[39m
     [90m 74 |[39m     }
     [90m 75 |[39m   })[33m;[39m
     [90m 76 |[39m   [0m

      at console.<anonymous> (src/test/setup.ts:73:7)
      at printWarning (node_modules/react-dom/cjs/react-dom.development.js:86:30)
      at error (node_modules/react-dom/cjs/react-dom.development.js:60:7)
      at warnIfUpdatesNotWrappedWithActDEV 
(node_modules/react-dom/cjs/react-dom.development.js:27628:9)
      at scheduleUpdateOnFiber (node_modules/react-dom/cjs/react-dom.development.js:25547:5)
      at dispatchSetState (node_modules/react-dom/cjs/react-dom.development.js:16708:7)
      at Object.current (node_modules/@headlessui/react/dist/headlessui.dev.cjs:8307:7)
      at Object.beforeEnter (node_modules/@headlessui/react/dist/headlessui.dev.cjs:829:65)
      at enter (node_modules/@headlessui/react/dist/headlessui.dev.cjs:8179:24)
      at match (node_modules/@headlessui/react/dist/headlessui.dev.cjs:1013:48)
      at Object.current (node_modules/@headlessui/react/dist/headlessui.dev.cjs:8176:12)
      at node_modules/@headlessui/react/dist/headlessui.dev.cjs:829:65
      at node_modules/@headlessui/react/dist/headlessui.dev.cjs:8055:106

    console.error
      Warning: An update to TransitionChildFn inside a test was not wrapped in act(...).
      
      When testing, code that causes React state updates should be wrapped into act(...):
      
      act(() => {
        /* fire events that update state */
      });
      /* assert on the output */
      
      This ensures that you're testing the behavior the user would see in the browser. Learn more at 
https://reactjs.org/link/wrap-tests-with-act
          at TransitionChildFn 
(E:\repos\blulok-cloud\frontend\node_modules\@headlessui\react\dist\headlessui.dev.cjs:8106:5)
          at ChildFn 
(E:\repos\blulok-cloud\frontend\node_modules\@headlessui\react\dist\headlessui.dev.cjs:8339:60)
          at div
          at PortalWrapper 
(E:\repos\blulok-cloud\frontend\node_modules\@headlessui\react\dist\headlessui.dev.cjs:3598:39)
          at div
          at FocusTrapFn 
(E:\repos\blulok-cloud\frontend\node_modules\@headlessui\react\dist\headlessui.dev.cjs:3233:45)
          at DescriptionProvider 
(E:\repos\blulok-cloud\frontend\node_modules\@headlessui\react\dist\headlessui.dev.cjs:4091:24)
          at ForcePortalRoot 
(E:\repos\blulok-cloud\frontend\node_modules\@headlessui\react\dist\headlessui.dev.cjs:3464:111)
          at GroupFn 
(E:\repos\blulok-cloud\frontend\node_modules\@headlessui\react\dist\headlessui.dev.cjs:3564:9)
          at PortalFn 
(E:\repos\blulok-cloud\frontend\node_modules\@headlessui\react\dist\headlessui.dev.cjs:3505:57)
          at ForcePortalRoot 
(E:\repos\blulok-cloud\frontend\node_modules\@headlessui\react\dist\headlessui.dev.cjs:3464:111)
          at StackProvider 
(E:\repos\blulok-cloud\frontend\node_modules\@headlessui\react\dist\headlessui.dev.cjs:4047:3)
          at DialogFn 
(E:\repos\blulok-cloud\frontend\node_modules\@headlessui\react\dist\headlessui.dev.cjs:4165:20)
          at OpenClosedProvider 
(E:\repos\blulok-cloud\frontend\node_modules\@headlessui\react\dist\headlessui.dev.cjs:1780:31)
          at TransitionChildFn 
(E:\repos\blulok-cloud\frontend\node_modules\@headlessui\react\dist\headlessui.dev.cjs:8106:5)
          at TransitionRootFn 
(E:\repos\blulok-cloud\frontend\node_modules\@headlessui\react\dist\headlessui.dev.cjs:8258:9)
          at FMSChangeReviewModal 
(E:\repos\blulok-cloud\frontend\src\components\FMS\FMSChangeReviewModal.tsx:73:3)
          at FMSSyncProvider (E:\repos\blulok-cloud\frontend\src\contexts\FMSSyncContext.tsx:52:35)
          at WebSocketProvider 
(E:\repos\blulok-cloud\frontend\src\contexts\WebSocketContext.tsx:24:71)
          at ToastProvider (E:\repos\blulok-cloud\frontend\src\contexts\ToastContext.tsx:10:63)
          at ThemeProvider (E:\repos\blulok-cloud\frontend\src\contexts\ThemeContext.tsx:18:63)

    [0m [90m 71 |[39m     [36mconst[39m message [33m=[39m 
args[[35m0[39m][33m?[39m[33m.[39mtoString() [33m||[39m [32m''[39m[33m;[39m
     [90m 72 |[39m     [36mif[39m (message[33m.[39mincludes([32m'Warning:'[39m) [33m||[39m 
(message[33m.[39mincludes([32m'Error:'[39m) [33m&&[39m 
[33m![39mmessage[33m.[39mincludes([32m'Failed to'[39m))) {
    [31m[1m>[22m[39m[90m 73 |[39m       originalError([33m...[39margs)[33m;[39m
     [90m    |[39m       [31m[1m^[22m[39m
     [90m 74 |[39m     }
     [90m 75 |[39m   })[33m;[39m
     [90m 76 |[39m   [0m

      at console.<anonymous> (src/test/setup.ts:73:7)
      at printWarning (node_modules/react-dom/cjs/react-dom.development.js:86:30)
      at error (node_modules/react-dom/cjs/react-dom.development.js:60:7)
      at warnIfUpdatesNotWrappedWithActDEV 
(node_modules/react-dom/cjs/react-dom.development.js:27628:9)
      at scheduleUpdateOnFiber (node_modules/react-dom/cjs/react-dom.development.js:25547:5)
      at dispatchSetState (node_modules/react-dom/cjs/react-dom.development.js:16708:7)
      at Object.addFlag (node_modules/@headlessui/react/dist/headlessui.dev.cjs:6852:7)
      at enter (node_modules/@headlessui/react/dist/headlessui.dev.cjs:8178:30)
      at match (node_modules/@headlessui/react/dist/headlessui.dev.cjs:1013:48)
      at Object.current (node_modules/@headlessui/react/dist/headlessui.dev.cjs:8176:12)
      at node_modules/@headlessui/react/dist/headlessui.dev.cjs:829:65
      at node_modules/@headlessui/react/dist/headlessui.dev.cjs:8055:106

    console.error
      Warning: An update to TransitionChildFn inside a test was not wrapped in act(...).
      
      When testing, code that causes React state updates should be wrapped into act(...):
      
      act(() => {
        /* fire events that update state */
      });
      /* assert on the output */
      
      This ensures that you're testing the behavior the user would see in the browser. Learn more at 
https://reactjs.org/link/wrap-tests-with-act
          at TransitionChildFn 
(E:\repos\blulok-cloud\frontend\node_modules\@headlessui\react\dist\headlessui.dev.cjs:8106:5)
          at ChildFn 
(E:\repos\blulok-cloud\frontend\node_modules\@headlessui\react\dist\headlessui.dev.cjs:8339:60)
          at div
          at div
          at div
          at PortalWrapper 
(E:\repos\blulok-cloud\frontend\node_modules\@headlessui\react\dist\headlessui.dev.cjs:3598:39)
          at div
          at FocusTrapFn 
(E:\repos\blulok-cloud\frontend\node_modules\@headlessui\react\dist\headlessui.dev.cjs:3233:45)
          at DescriptionProvider 
(E:\repos\blulok-cloud\frontend\node_modules\@headlessui\react\dist\headlessui.dev.cjs:4091:24)
          at ForcePortalRoot 
(E:\repos\blulok-cloud\frontend\node_modules\@headlessui\react\dist\headlessui.dev.cjs:3464:111)
          at GroupFn 
(E:\repos\blulok-cloud\frontend\node_modules\@headlessui\react\dist\headlessui.dev.cjs:3564:9)
          at PortalFn 
(E:\repos\blulok-cloud\frontend\node_modules\@headlessui\react\dist\headlessui.dev.cjs:3505:57)
          at ForcePortalRoot 
(E:\repos\blulok-cloud\frontend\node_modules\@headlessui\react\dist\headlessui.dev.cjs:3464:111)
          at StackProvider 
(E:\repos\blulok-cloud\frontend\node_modules\@headlessui\react\dist\headlessui.dev.cjs:4047:3)
          at DialogFn 
(E:\repos\blulok-cloud\frontend\node_modules\@headlessui\react\dist\headlessui.dev.cjs:4165:20)
          at OpenClosedProvider 
(E:\repos\blulok-cloud\frontend\node_modules\@headlessui\react\dist\headlessui.dev.cjs:1780:31)
          at TransitionChildFn 
(E:\repos\blulok-cloud\frontend\node_modules\@headlessui\react\dist\headlessui.dev.cjs:8106:5)
          at TransitionRootFn 
(E:\repos\blulok-cloud\frontend\node_modules\@headlessui\react\dist\headlessui.dev.cjs:8258:9)
          at FMSChangeReviewModal 
(E:\repos\blulok-cloud\frontend\src\components\FMS\FMSChangeReviewModal.tsx:73:3)
          at FMSSyncProvider (E:\repos\blulok-cloud\frontend\src\contexts\FMSSyncContext.tsx:52:35)
          at WebSocketProvider 
(E:\repos\blulok-cloud\frontend\src\contexts\WebSocketContext.tsx:24:71)
          at ToastProvider (E:\repos\blulok-cloud\frontend\src\contexts\ToastContext.tsx:10:63)
          at ThemeProvider (E:\repos\blulok-cloud\frontend\src\contexts\ThemeContext.tsx:18:63)

    [0m [90m 71 |[39m     [36mconst[39m message [33m=[39m 
args[[35m0[39m][33m?[39m[33m.[39mtoString() [33m||[39m [32m''[39m[33m;[39m
     [90m 72 |[39m     [36mif[39m (message[33m.[39mincludes([32m'Warning:'[39m) [33m||[39m 
(message[33m.[39mincludes([32m'Error:'[39m) [33m&&[39m 
[33m![39mmessage[33m.[39mincludes([32m'Failed to'[39m))) {
    [31m[1m>[22m[39m[90m 73 |[39m       originalError([33m...[39margs)[33m;[39m
     [90m    |[39m       [31m[1m^[22m[39m
     [90m 74 |[39m     }
     [90m 75 |[39m   })[33m;[39m
     [90m 76 |[39m   [0m

      at console.<anonymous> (src/test/setup.ts:73:7)
      at printWarning (node_modules/react-dom/cjs/react-dom.development.js:86:30)
      at error (node_modules/react-dom/cjs/react-dom.development.js:60:7)
      at warnIfUpdatesNotWrappedWithActDEV 
(node_modules/react-dom/cjs/react-dom.development.js:27628:9)
      at scheduleUpdateOnFiber (node_modules/react-dom/cjs/react-dom.development.js:25547:5)
      at dispatchSetState (node_modules/react-dom/cjs/react-dom.development.js:16708:7)
      at Object.addFlag (node_modules/@headlessui/react/dist/headlessui.dev.cjs:6852:7)
      at enter (node_modules/@headlessui/react/dist/headlessui.dev.cjs:8178:30)
      at match (node_modules/@headlessui/react/dist/headlessui.dev.cjs:1013:48)
      at Object.current (node_modules/@headlessui/react/dist/headlessui.dev.cjs:8176:12)
      at node_modules/@headlessui/react/dist/headlessui.dev.cjs:829:65
      at node_modules/@headlessui/react/dist/headlessui.dev.cjs:8055:106

    console.error
      Warning: An update to TransitionChildFn inside a test was not wrapped in act(...).
      
      When testing, code that causes React state updates should be wrapped into act(...):
      
      act(() => {
        /* fire events that update state */
      });
      /* assert on the output */
      
      This ensures that you're testing the behavior the user would see in the browser. Learn more at 
https://reactjs.org/link/wrap-tests-with-act
          at TransitionChildFn 
(E:\repos\blulok-cloud\frontend\node_modules\@headlessui\react\dist\headlessui.dev.cjs:8106:5)
          at TransitionRootFn 
(E:\repos\blulok-cloud\frontend\node_modules\@headlessui\react\dist\headlessui.dev.cjs:8258:9)
          at FMSChangeReviewModal 
(E:\repos\blulok-cloud\frontend\src\components\FMS\FMSChangeReviewModal.tsx:73:3)
          at FMSSyncProvider (E:\repos\blulok-cloud\frontend\src\contexts\FMSSyncContext.tsx:52:35)
          at WebSocketProvider 
(E:\repos\blulok-cloud\frontend\src\contexts\WebSocketContext.tsx:24:71)
          at ToastProvider (E:\repos\blulok-cloud\frontend\src\contexts\ToastContext.tsx:10:63)
          at ThemeProvider (E:\repos\blulok-cloud\frontend\src\contexts\ThemeContext.tsx:18:63)

    [0m [90m 71 |[39m     [36mconst[39m message [33m=[39m 
args[[35m0[39m][33m?[39m[33m.[39mtoString() [33m||[39m [32m''[39m[33m;[39m
     [90m 72 |[39m     [36mif[39m (message[33m.[39mincludes([32m'Warning:'[39m) [33m||[39m 
(message[33m.[39mincludes([32m'Error:'[39m) [33m&&[39m 
[33m![39mmessage[33m.[39mincludes([32m'Failed to'[39m))) {
    [31m[1m>[22m[39m[90m 73 |[39m       originalError([33m...[39margs)[33m;[39m
     [90m    |[39m       [31m[1m^[22m[39m
     [90m 74 |[39m     }
     [90m 75 |[39m   })[33m;[39m
     [90m 76 |[39m   [0m

      at console.<anonymous> (src/test/setup.ts:73:7)
      at printWarning (node_modules/react-dom/cjs/react-dom.development.js:86:30)
      at error (node_modules/react-dom/cjs/react-dom.development.js:60:7)
      at warnIfUpdatesNotWrappedWithActDEV 
(node_modules/react-dom/cjs/react-dom.development.js:27628:9)
      at scheduleUpdateOnFiber (node_modules/react-dom/cjs/react-dom.development.js:25547:5)
      at dispatchSetState (node_modules/react-dom/cjs/react-dom.development.js:16708:7)
      at Object.addFlag (node_modules/@headlessui/react/dist/headlessui.dev.cjs:6852:7)
      at enter (node_modules/@headlessui/react/dist/headlessui.dev.cjs:8178:30)
      at match (node_modules/@headlessui/react/dist/headlessui.dev.cjs:1013:48)
      at Object.current (node_modules/@headlessui/react/dist/headlessui.dev.cjs:8176:12)
      at node_modules/@headlessui/react/dist/headlessui.dev.cjs:829:65
      at node_modules/@headlessui/react/dist/headlessui.dev.cjs:8055:106

    console.error
      Warning: An update to TransitionRootFn inside a test was not wrapped in act(...).
      
      When testing, code that causes React state updates should be wrapped into act(...):
      
      act(() => {
        /* fire events that update state */
      });
      /* assert on the output */
      
      This ensures that you're testing the behavior the user would see in the browser. Learn more at 
https://reactjs.org/link/wrap-tests-with-act
          at TransitionRootFn 
(E:\repos\blulok-cloud\frontend\node_modules\@headlessui\react\dist\headlessui.dev.cjs:8258:9)
          at FMSChangeReviewModal 
(E:\repos\blulok-cloud\frontend\src\components\FMS\FMSChangeReviewModal.tsx:73:3)
          at FMSSyncProvider (E:\repos\blulok-cloud\frontend\src\contexts\FMSSyncContext.tsx:52:35)
          at WebSocketProvider 
(E:\repos\blulok-cloud\frontend\src\contexts\WebSocketContext.tsx:24:71)
          at ToastProvider (E:\repos\blulok-cloud\frontend\src\contexts\ToastContext.tsx:10:63)
          at ThemeProvider (E:\repos\blulok-cloud\frontend\src\contexts\ThemeContext.tsx:18:63)

    [0m [90m 71 |[39m     [36mconst[39m message [33m=[39m 
args[[35m0[39m][33m?[39m[33m.[39mtoString() [33m||[39m [32m''[39m[33m;[39m
     [90m 72 |[39m     [36mif[39m (message[33m.[39mincludes([32m'Warning:'[39m) [33m||[39m 
(message[33m.[39mincludes([32m'Error:'[39m) [33m&&[39m 
[33m![39mmessage[33m.[39mincludes([32m'Failed to'[39m))) {
    [31m[1m>[22m[39m[90m 73 |[39m       originalError([33m...[39margs)[33m;[39m
     [90m    |[39m       [31m[1m^[22m[39m
     [90m 74 |[39m     }
     [90m 75 |[39m   })[33m;[39m
     [90m 76 |[39m   [0m

      at console.<anonymous> (src/test/setup.ts:73:7)
      at printWarning (node_modules/react-dom/cjs/react-dom.development.js:86:30)
      at error (node_modules/react-dom/cjs/react-dom.development.js:60:7)
      at warnIfUpdatesNotWrappedWithActDEV 
(node_modules/react-dom/cjs/react-dom.development.js:27628:9)
      at scheduleUpdateOnFiber (node_modules/react-dom/cjs/react-dom.development.js:25547:5)
      at dispatchSetState (node_modules/react-dom/cjs/react-dom.development.js:16708:7)
      at Object.current (node_modules/@headlessui/react/dist/headlessui.dev.cjs:8307:7)
      at Object.beforeEnter (node_modules/@headlessui/react/dist/headlessui.dev.cjs:829:65)
      at enter (node_modules/@headlessui/react/dist/headlessui.dev.cjs:8179:24)
      at match (node_modules/@headlessui/react/dist/headlessui.dev.cjs:1013:48)
      at Object.current (node_modules/@headlessui/react/dist/headlessui.dev.cjs:8176:12)
      at node_modules/@headlessui/react/dist/headlessui.dev.cjs:829:65
      at node_modules/@headlessui/react/dist/headlessui.dev.cjs:8055:106

    console.error
      Warning: An update to TransitionChildFn inside a test was not wrapped in act(...).
      
      When testing, code that causes React state updates should be wrapped into act(...):
      
      act(() => {
        /* fire events that update state */
      });
      /* assert on the output */
      
      This ensures that you're testing the behavior the user would see in the browser. Learn more at 
https://reactjs.org/link/wrap-tests-with-act
          at TransitionChildFn 
(E:\repos\blulok-cloud\frontend\node_modules\@headlessui\react\dist\headlessui.dev.cjs:8106:5)
          at ChildFn 
(E:\repos\blulok-cloud\frontend\node_modules\@headlessui\react\dist\headlessui.dev.cjs:8339:60)
          at div
          at PortalWrapper 
(E:\repos\blulok-cloud\frontend\node_modules\@headlessui\react\dist\headlessui.dev.cjs:3598:39)
          at div
          at FocusTrapFn 
(E:\repos\blulok-cloud\frontend\node_modules\@headlessui\react\dist\headlessui.dev.cjs:3233:45)
          at DescriptionProvider 
(E:\repos\blulok-cloud\frontend\node_modules\@headlessui\react\dist\headlessui.dev.cjs:4091:24)
          at ForcePortalRoot 
(E:\repos\blulok-cloud\frontend\node_modules\@headlessui\react\dist\headlessui.dev.cjs:3464:111)
          at GroupFn 
(E:\repos\blulok-cloud\frontend\node_modules\@headlessui\react\dist\headlessui.dev.cjs:3564:9)
          at PortalFn 
(E:\repos\blulok-cloud\frontend\node_modules\@headlessui\react\dist\headlessui.dev.cjs:3505:57)
          at ForcePortalRoot 
(E:\repos\blulok-cloud\frontend\node_modules\@headlessui\react\dist\headlessui.dev.cjs:3464:111)
          at StackProvider 
(E:\repos\blulok-cloud\frontend\node_modules\@headlessui\react\dist\headlessui.dev.cjs:4047:3)
          at DialogFn 
(E:\repos\blulok-cloud\frontend\node_modules\@headlessui\react\dist\headlessui.dev.cjs:4165:20)
          at OpenClosedProvider 
(E:\repos\blulok-cloud\frontend\node_modules\@headlessui\react\dist\headlessui.dev.cjs:1780:31)
          at TransitionChildFn 
(E:\repos\blulok-cloud\frontend\node_modules\@headlessui\react\dist\headlessui.dev.cjs:8106:5)
          at TransitionRootFn 
(E:\repos\blulok-cloud\frontend\node_modules\@headlessui\react\dist\headlessui.dev.cjs:8258:9)
          at FMSChangeReviewModal 
(E:\repos\blulok-cloud\frontend\src\components\FMS\FMSChangeReviewModal.tsx:73:3)
          at FMSSyncProvider (E:\repos\blulok-cloud\frontend\src\contexts\FMSSyncContext.tsx:52:35)
          at WebSocketProvider 
(E:\repos\blulok-cloud\frontend\src\contexts\WebSocketContext.tsx:24:71)
          at ToastProvider (E:\repos\blulok-cloud\frontend\src\contexts\ToastContext.tsx:10:63)
          at ThemeProvider (E:\repos\blulok-cloud\frontend\src\contexts\ThemeContext.tsx:18:63)

    [0m [90m 71 |[39m     [36mconst[39m message [33m=[39m 
args[[35m0[39m][33m?[39m[33m.[39mtoString() [33m||[39m [32m''[39m[33m;[39m
     [90m 72 |[39m     [36mif[39m (message[33m.[39mincludes([32m'Warning:'[39m) [33m||[39m 
(message[33m.[39mincludes([32m'Error:'[39m) [33m&&[39m 
[33m![39mmessage[33m.[39mincludes([32m'Failed to'[39m))) {
    [31m[1m>[22m[39m[90m 73 |[39m       originalError([33m...[39margs)[33m;[39m
     [90m    |[39m       [31m[1m^[22m[39m
     [90m 74 |[39m     }
     [90m 75 |[39m   })[33m;[39m
     [90m 76 |[39m   [0m

      at console.<anonymous> (src/test/setup.ts:73:7)
      at printWarning (node_modules/react-dom/cjs/react-dom.development.js:86:30)
      at error (node_modules/react-dom/cjs/react-dom.development.js:60:7)
      at warnIfUpdatesNotWrappedWithActDEV 
(node_modules/react-dom/cjs/react-dom.development.js:27628:9)
      at scheduleUpdateOnFiber (node_modules/react-dom/cjs/react-dom.development.js:25547:5)
      at dispatchSetState (node_modules/react-dom/cjs/react-dom.development.js:16708:7)
      at Object.addFlag (node_modules/@headlessui/react/dist/headlessui.dev.cjs:6852:7)
      at enter (node_modules/@headlessui/react/dist/headlessui.dev.cjs:8178:30)
      at match (node_modules/@headlessui/react/dist/headlessui.dev.cjs:1013:48)
      at Object.current (node_modules/@headlessui/react/dist/headlessui.dev.cjs:8176:12)
      at node_modules/@headlessui/react/dist/headlessui.dev.cjs:829:65
      at node_modules/@headlessui/react/dist/headlessui.dev.cjs:8055:106

    console.error
      Warning: An update to TransitionChildFn inside a test was not wrapped in act(...).
      
      When testing, code that causes React state updates should be wrapped into act(...):
      
      act(() => {
        /* fire events that update state */
      });
      /* assert on the output */
      
      This ensures that you're testing the behavior the user would see in the browser. Learn more at 
https://reactjs.org/link/wrap-tests-with-act
          at TransitionChildFn 
(E:\repos\blulok-cloud\frontend\node_modules\@headlessui\react\dist\headlessui.dev.cjs:8106:5)
          at ChildFn 
(E:\repos\blulok-cloud\frontend\node_modules\@headlessui\react\dist\headlessui.dev.cjs:8339:60)
          at div
          at div
          at div
          at PortalWrapper 
(E:\repos\blulok-cloud\frontend\node_modules\@headlessui\react\dist\headlessui.dev.cjs:3598:39)
          at div
          at FocusTrapFn 
(E:\repos\blulok-cloud\frontend\node_modules\@headlessui\react\dist\headlessui.dev.cjs:3233:45)
          at DescriptionProvider 
(E:\repos\blulok-cloud\frontend\node_modules\@headlessui\react\dist\headlessui.dev.cjs:4091:24)
          at ForcePortalRoot 
(E:\repos\blulok-cloud\frontend\node_modules\@headlessui\react\dist\headlessui.dev.cjs:3464:111)
          at GroupFn 
(E:\repos\blulok-cloud\frontend\node_modules\@headlessui\react\dist\headlessui.dev.cjs:3564:9)
          at PortalFn 
(E:\repos\blulok-cloud\frontend\node_modules\@headlessui\react\dist\headlessui.dev.cjs:3505:57)
          at ForcePortalRoot 
(E:\repos\blulok-cloud\frontend\node_modules\@headlessui\react\dist\headlessui.dev.cjs:3464:111)
          at StackProvider 
(E:\repos\blulok-cloud\frontend\node_modules\@headlessui\react\dist\headlessui.dev.cjs:4047:3)
          at DialogFn 
(E:\repos\blulok-cloud\frontend\node_modules\@headlessui\react\dist\headlessui.dev.cjs:4165:20)
          at OpenClosedProvider 
(E:\repos\blulok-cloud\frontend\node_modules\@headlessui\react\dist\headlessui.dev.cjs:1780:31)
          at TransitionChildFn 
(E:\repos\blulok-cloud\frontend\node_modules\@headlessui\react\dist\headlessui.dev.cjs:8106:5)
          at TransitionRootFn 
(E:\repos\blulok-cloud\frontend\node_modules\@headlessui\react\dist\headlessui.dev.cjs:8258:9)
          at FMSChangeReviewModal 
(E:\repos\blulok-cloud\frontend\src\components\FMS\FMSChangeReviewModal.tsx:73:3)
          at FMSSyncProvider (E:\repos\blulok-cloud\frontend\src\contexts\FMSSyncContext.tsx:52:35)
          at WebSocketProvider 
(E:\repos\blulok-cloud\frontend\src\contexts\WebSocketContext.tsx:24:71)
          at ToastProvider (E:\repos\blulok-cloud\frontend\src\contexts\ToastContext.tsx:10:63)
          at ThemeProvider (E:\repos\blulok-cloud\frontend\src\contexts\ThemeContext.tsx:18:63)

    [0m [90m 71 |[39m     [36mconst[39m message [33m=[39m 
args[[35m0[39m][33m?[39m[33m.[39mtoString() [33m||[39m [32m''[39m[33m;[39m
     [90m 72 |[39m     [36mif[39m (message[33m.[39mincludes([32m'Warning:'[39m) [33m||[39m 
(message[33m.[39mincludes([32m'Error:'[39m) [33m&&[39m 
[33m![39mmessage[33m.[39mincludes([32m'Failed to'[39m))) {
    [31m[1m>[22m[39m[90m 73 |[39m       originalError([33m...[39margs)[33m;[39m
     [90m    |[39m       [31m[1m^[22m[39m
     [90m 74 |[39m     }
     [90m 75 |[39m   })[33m;[39m
     [90m 76 |[39m   [0m

      at console.<anonymous> (src/test/setup.ts:73:7)
      at printWarning (node_modules/react-dom/cjs/react-dom.development.js:86:30)
      at error (node_modules/react-dom/cjs/react-dom.development.js:60:7)
      at warnIfUpdatesNotWrappedWithActDEV 
(node_modules/react-dom/cjs/react-dom.development.js:27628:9)
      at scheduleUpdateOnFiber (node_modules/react-dom/cjs/react-dom.development.js:25547:5)
      at dispatchSetState (node_modules/react-dom/cjs/react-dom.development.js:16708:7)
      at Object.addFlag (node_modules/@headlessui/react/dist/headlessui.dev.cjs:6852:7)
      at enter (node_modules/@headlessui/react/dist/headlessui.dev.cjs:8178:30)
      at match (node_modules/@headlessui/react/dist/headlessui.dev.cjs:1013:48)
      at Object.current (node_modules/@headlessui/react/dist/headlessui.dev.cjs:8176:12)
      at node_modules/@headlessui/react/dist/headlessui.dev.cjs:829:65
      at node_modules/@headlessui/react/dist/headlessui.dev.cjs:8055:106

  ΓùÅ FMSChangeReviewModal ΓÇ║ Change Selection ΓÇ║ toggles individual change selection

    Unable to find an element with the text: Accept & Apply (3). This could be because the text is 
broken up by multiple elements. In this case, you can provide a function for your text matcher to 
make your matcher more flexible.

    Ignored nodes: comments, script, style
    [36m<body>[39m
      [36m<div[39m
        [33maria-hidden[39m=[32m"true"[39m
      [36m>[39m
        [36m<div[39m
          [33mhidden[39m=[32m""[39m
          [33mstyle[39m=[32m"position: fixed; top: 1px; left: 1px; width: 1px; height: 0px; 
padding: 0px; margin: -1px; overflow: hidden; clip: rect(0px, 0px, 0px, 0px); white-space: nowrap; 
border-width: 0px; display: none;"[39m
        [36m/>[39m
      [36m</div>[39m
      [36m<div[39m
        [33mid[39m=[32m"headlessui-portal-root"[39m
      [36m>[39m
        [36m<div[39m
          [33mdata-headlessui-portal[39m=[32m""[39m
        [36m>[39m
          [36m<button[39m
            [33maria-hidden[39m=[32m"true"[39m
            [33mdata-headlessui-focus-guard[39m=[32m"true"[39m
            [33mstyle[39m=[32m"position: fixed; top: 1px; left: 1px; width: 1px; height: 0px; 
padding: 0px; margin: -1px; overflow: hidden; clip: rect(0px, 0px, 0px, 0px); white-space: nowrap; 
border-width: 0px;"[39m
            [33mtype[39m=[32m"button"[39m
          [36m/>[39m
          [36m<div>[39m
            [36m<div[39m
              [33maria-labelledby[39m=[32m"headlessui-dialog-title-:r2a:"[39m
              [33maria-modal[39m=[32m"true"[39m
              [33mclass[39m=[32m"relative z-50"[39m
              [33mdata-headlessui-state[39m=[32m"open"[39m
              [33mid[39m=[32m"headlessui-dialog-:r28:"[39m
              [33mrole[39m=[32m"dialog"[39m
            [36m>[39m
              [36m<div[39m
                [33mclass[39m=[32m"fixed inset-0 bg-black/50 dark:bg-black/70 
backdrop-blur-sm"[39m
              [36m/>[39m
              [36m<div[39m
                [33mclass[39m=[32m"fixed inset-0 overflow-y-auto"[39m
              [36m>[39m
                [36m<div[39m
                  [33mclass[39m=[32m"flex min-h-full items-center justify-center p-4"[39m
                [36m>[39m
                  [36m<div[39m
                    [33mclass[39m=[32m"w-full max-w-4xl transform rounded-2xl bg-white 
dark:bg-gray-800 border-2 border-gray-200 dark:border-gray-700 shadow-2xl transition-all 
relative"[39m
                    [33mdata-headlessui-state[39m=[32m"open"[39m
                    [33mid[39m=[32m"headlessui-dialog-panel-:r29:"[39m
                  [36m>[39m
                    [36m<div[39m
                      [33mclass[39m=[32m"absolute top-4 right-4 flex items-center space-x-1 
z-10"[39m
                    [36m>[39m
                      [36m<button[39m
                        [33mclass[39m=[32m"p-1.5 text-gray-400 hover:text-gray-600 
dark:hover:text-gray-300 hover:bg-gray-100 dark:hover:bg-gray-700 rounded transition-colors"[39m
                        [33mtitle[39m=[32m"Minimize to status bar"[39m
                      [36m>[39m
                        [36m<svg[39m
                          [33maria-hidden[39m=[32m"true"[39m
                          [33mclass[39m=[32m"h-4 w-4"[39m
                          [33mdata-slot[39m=[32m"icon"[39m
                          [33mfill[39m=[32m"none"[39m
                          [33mstroke[39m=[32m"currentColor"[39m
                          [33mstroke-width[39m=[32m"1.5"[39m
                          [33mviewBox[39m=[32m"0 0 24 24"[39m
                          [33mxmlns[39m=[32m"http://www.w3.org/2000/svg"[39m
                        [36m>[39m
                          [36m<path[39m
                            [33md[39m=[32m"M5 12h14"[39m
                            [33mstroke-linecap[39m=[32m"round"[39m
                            [33mstroke-linejoin[39m=[32m"round"[39m
                          [36m/>[39m
                        [36m</svg>[39m
                      [36m</button>[39m
                      [36m<button[39m
                        [33mclass[39m=[32m"p-1.5 text-gray-400 hover:text-red-500 
dark:hover:text-red-400 hover:bg-gray-100 dark:hover:bg-gray-700 rounded transition-colors"[39m
                        [33mtitle[39m=[32m"Cancel and close"[39m
                      [36m>[39m
                        [36m<svg[39m
                          [33maria-hidden[39m=[32m"true"[39m
                          [33mclass[39m=[32m"h-4 w-4"[39m
                          [33mdata-slot[39m=[32m"icon"[39m
                          [33mfill[39m=[32m"none"[39m
                          [33mstroke[39m=[32m"currentColor"[39m
                          [33mstroke-width[39m=[32m"1.5"[39m
                          [33mviewBox[39m=[32m"0 0 24 24"[39m
                          [33mxmlns[39m=[32m"http://www.w3.org/2000/svg"[39m
                        [36m>[39m
                          [36m<path[39m
                            [33md[39m=[32m"M6 18 18 6M6 6l12 12"[39m
                            [33mstroke-linecap[39m=[32m"round"[39m
                            [33mstroke-linejoin[39m=[32m"round"[39m
                          [36m/>[39m
                        [36m</svg>[39m
                      [36m</button>[39m
                    [36m</div>[39m
                    [36m<div[39m
                      [33mclass[39m=[32m"border-b-2 border-gray-200 dark:border-gray-700 px-6 py-4 
bg-gradient-to-r from-gray-50 to-white dark:from-gray-900 dark:to-gray-800"[39m
                    [36m>[39m
                      [36m<h2[39m
                        [33mclass[39m=[32m"text-xl font-semibold text-gray-900 dark:text-white 
text-center"[39m
                        [33mdata-headlessui-state[39m=[32m"open"[39m
                        [33mid[39m=[32m"headlessui-dialog-title-:r2a:"[39m
                      [36m>[39m
                        [0mReview FMS Changes ([0m
                        [0m4[0m
                        [0m detected)[0m
                      [36m</h2>[39m
                      [36m<div[39m
                        [33mclass[39m=[32m"mt-4"[39m
                      [36m>[39m
                        [36m<div[39m
                          [33maria-orientation[39m=[32m"horizontal"[39m
                          [33mclass[39m=[32m"flex space-x-1 rounded-xl bg-gray-100 
dark:bg-gray-900/50 p-1"[39m
                          [33mrole[39m=[32m"tablist"[39m
                        [36m>[39m
                          [36m<button[39m
                            [33maria-selected[39m=[32m"true"[39m
                            [33mclass[39m=[32m"w-full rounded-lg py-2.5 text-sm font-medium 
leading-5 transition-all
                                bg-white dark:bg-gray-800 text-gray-900 dark:text-white shadow"[39m
                            [33mdata-headlessui-state[39m=[32m"selected"[39m
                            [33mid[39m=[32m"headlessui-tabs-tab-:r2b:"[39m
                            [33mrole[39m=[32m"tab"[39m
                            [33mtabindex[39m=[32m"0"[39m
                            [33mtype[39m=[32m"button"[39m
                          [36m>[39m
                            [0mAll Changes ([0m
                            [0m4[0m
                            [0m)[0m
                          [36m</button>[39m
                          [36m<button[39m
                            [33maria-selected[39m=[32m"false"[39m
                            [33mclass[39m=[32m"w-full rounded-lg py-2.5 text-sm font-medium 
leading-5 transit...

    [0m [90m 365 |[39m       fireEvent[33m.[39mclick(firstChange[33m![39m)[33m;[39m
     [90m 366 |[39m
    [31m[1m>[22m[39m[90m 367 |[39m       [36mawait[39m waitFor(() [33m=>[39m {
     [90m     |[39m                    [31m[1m^[22m[39m
     [90m 368 |[39m         expect(screen[33m.[39mgetByText([32m'Select 
All'[39m))[33m.[39mtoBeInTheDocument()[33m;[39m
     [90m 369 |[39m         expect(screen[33m.[39mgetByText([32m'Accept & Apply 
(3)'[39m))[33m.[39mtoBeInTheDocument()[33m;[39m
     [90m 370 |[39m       })[33m;[39m[0m

      at waitForWrapper 
(node_modules/@testing-library/react/node_modules/@testing-library/dom/dist/wait-for.js:166:27)
      at Object.<anonymous> (src/__tests__/components/FMS/FMSChangeReviewModal.test.tsx:367:20)

  ΓùÅ FMSChangeReviewModal ΓÇ║ Change Selection ΓÇ║ updates selection count when filtering changes

    Unable to find an element with the text: Accept & Apply (2). This could be because the text is 
broken up by multiple elements. In this case, you can provide a function for your text matcher to 
make your matcher more flexible.

    Ignored nodes: comments, script, style
    [36m<body>[39m
      [36m<div[39m
        [33maria-hidden[39m=[32m"true"[39m
      [36m>[39m
        [36m<div[39m
          [33mhidden[39m=[32m""[39m
          [33mstyle[39m=[32m"position: fixed; top: 1px; left: 1px; width: 1px; height: 0px; 
padding: 0px; margin: -1px; overflow: hidden; clip: rect(0px, 0px, 0px, 0px); white-space: nowrap; 
border-width: 0px; display: none;"[39m
        [36m/>[39m
      [36m</div>[39m
      [36m<div[39m
        [33mid[39m=[32m"headlessui-portal-root"[39m
      [36m>[39m
        [36m<div[39m
          [33mdata-headlessui-portal[39m=[32m""[39m
        [36m>[39m
          [36m<button[39m
            [33maria-hidden[39m=[32m"true"[39m
            [33mdata-headlessui-focus-guard[39m=[32m"true"[39m
            [33mstyle[39m=[32m"position: fixed; top: 1px; left: 1px; width: 1px; height: 0px; 
padding: 0px; margin: -1px; overflow: hidden; clip: rect(0px, 0px, 0px, 0px); white-space: nowrap; 
border-width: 0px;"[39m
            [33mtype[39m=[32m"button"[39m
          [36m/>[39m
          [36m<div>[39m
            [36m<div[39m
              [33maria-labelledby[39m=[32m"headlessui-dialog-title-:r32:"[39m
              [33maria-modal[39m=[32m"true"[39m
              [33mclass[39m=[32m"relative z-50"[39m
              [33mdata-headlessui-state[39m=[32m"open"[39m
              [33mid[39m=[32m"headlessui-dialog-:r30:"[39m
              [33mrole[39m=[32m"dialog"[39m
            [36m>[39m
              [36m<div[39m
                [33mclass[39m=[32m"fixed inset-0 bg-black/50 dark:bg-black/70 
backdrop-blur-sm"[39m
              [36m/>[39m
              [36m<div[39m
                [33mclass[39m=[32m"fixed inset-0 overflow-y-auto"[39m
              [36m>[39m
                [36m<div[39m
                  [33mclass[39m=[32m"flex min-h-full items-center justify-center p-4"[39m
                [36m>[39m
                  [36m<div[39m
                    [33mclass[39m=[32m"w-full max-w-4xl transform rounded-2xl bg-white 
dark:bg-gray-800 border-2 border-gray-200 dark:border-gray-700 shadow-2xl transition-all 
relative"[39m
                    [33mdata-headlessui-state[39m=[32m"open"[39m
                    [33mid[39m=[32m"headlessui-dialog-panel-:r31:"[39m
                  [36m>[39m
                    [36m<div[39m
                      [33mclass[39m=[32m"absolute top-4 right-4 flex items-center space-x-1 
z-10"[39m
                    [36m>[39m
                      [36m<button[39m
                        [33mclass[39m=[32m"p-1.5 text-gray-400 hover:text-gray-600 
dark:hover:text-gray-300 hover:bg-gray-100 dark:hover:bg-gray-700 rounded transition-colors"[39m
                        [33mtitle[39m=[32m"Minimize to status bar"[39m
                      [36m>[39m
                        [36m<svg[39m
                          [33maria-hidden[39m=[32m"true"[39m
                          [33mclass[39m=[32m"h-4 w-4"[39m
                          [33mdata-slot[39m=[32m"icon"[39m
                          [33mfill[39m=[32m"none"[39m
                          [33mstroke[39m=[32m"currentColor"[39m
                          [33mstroke-width[39m=[32m"1.5"[39m
                          [33mviewBox[39m=[32m"0 0 24 24"[39m
                          [33mxmlns[39m=[32m"http://www.w3.org/2000/svg"[39m
                        [36m>[39m
                          [36m<path[39m
                            [33md[39m=[32m"M5 12h14"[39m
                            [33mstroke-linecap[39m=[32m"round"[39m
                            [33mstroke-linejoin[39m=[32m"round"[39m
                          [36m/>[39m
                        [36m</svg>[39m
                      [36m</button>[39m
                      [36m<button[39m
                        [33mclass[39m=[32m"p-1.5 text-gray-400 hover:text-red-500 
dark:hover:text-red-400 hover:bg-gray-100 dark:hover:bg-gray-700 rounded transition-colors"[39m
                        [33mtitle[39m=[32m"Cancel and close"[39m
                      [36m>[39m
                        [36m<svg[39m
                          [33maria-hidden[39m=[32m"true"[39m
                          [33mclass[39m=[32m"h-4 w-4"[39m
                          [33mdata-slot[39m=[32m"icon"[39m
                          [33mfill[39m=[32m"none"[39m
                          [33mstroke[39m=[32m"currentColor"[39m
                          [33mstroke-width[39m=[32m"1.5"[39m
                          [33mviewBox[39m=[32m"0 0 24 24"[39m
                          [33mxmlns[39m=[32m"http://www.w3.org/2000/svg"[39m
                        [36m>[39m
                          [36m<path[39m
                            [33md[39m=[32m"M6 18 18 6M6 6l12 12"[39m
                            [33mstroke-linecap[39m=[32m"round"[39m
                            [33mstroke-linejoin[39m=[32m"round"[39m
                          [36m/>[39m
                        [36m</svg>[39m
                      [36m</button>[39m
                    [36m</div>[39m
                    [36m<div[39m
                      [33mclass[39m=[32m"border-b-2 border-gray-200 dark:border-gray-700 px-6 py-4 
bg-gradient-to-r from-gray-50 to-white dark:from-gray-900 dark:to-gray-800"[39m
                    [36m>[39m
                      [36m<h2[39m
                        [33mclass[39m=[32m"text-xl font-semibold text-gray-900 dark:text-white 
text-center"[39m
                        [33mdata-headlessui-state[39m=[32m"open"[39m
                        [33mid[39m=[32m"headlessui-dialog-title-:r32:"[39m
                      [36m>[39m
                        [0mReview FMS Changes ([0m
                        [0m4[0m
                        [0m detected)[0m
                      [36m</h2>[39m
                      [36m<div[39m
                        [33mclass[39m=[32m"mt-4"[39m
                      [36m>[39m
                        [36m<div[39m
                          [33maria-orientation[39m=[32m"horizontal"[39m
                          [33mclass[39m=[32m"flex space-x-1 rounded-xl bg-gray-100 
dark:bg-gray-900/50 p-1"[39m
                          [33mrole[39m=[32m"tablist"[39m
                        [36m>[39m
                          [36m<button[39m
                            [33maria-selected[39m=[32m"false"[39m
                            [33mclass[39m=[32m"w-full rounded-lg py-2.5 text-sm font-medium 
leading-5 transition-all
                                text-gray-600 dark:text-gray-400 hover:bg-white/50 
dark:hover:bg-gray-800/50 hover:text-gray-900 dark:hover:text-white"[39m
                            [33mdata-headlessui-state[39m=[32m""[39m
                            [33mid[39m=[32m"headlessui-tabs-tab-:r33:"[39m
                            [33mrole[39m=[32m"tab"[39m
                            [33mtabindex[39m=[32m"-1"[39m
                            [33mtype[39m=[32m"button"[39m
                          [36m>[39m
                            [0mAll Changes ([0m
                            [0m4[0m
                            [0m)[0m
                          [36m</button>[39m
                          [36m<button[39m
                            [33maria-selected[39m=[32m"true"[39m
                            [33mclass[39m=[32m"w-full rounde...

    [0m [90m 433 |[39m       fireEvent[33m.[39mclick(addedTab)[33m;[39m
     [90m 434 |[39m
    [31m[1m>[22m[39m[90m 435 |[39m       [36mawait[39m waitFor(() [33m=>[39m {
     [90m     |[39m                    [31m[1m^[22m[39m
     [90m 436 |[39m         expect(screen[33m.[39mgetByText([32m'Select 
All'[39m))[33m.[39mtoBeInTheDocument()[33m;[39m
     [90m 437 |[39m         expect(screen[33m.[39mgetByText([32m'Accept & Apply 
(2)'[39m))[33m.[39mtoBeInTheDocument()[33m;[39m
     [90m 438 |[39m       })[33m;[39m[0m

      at waitForWrapper 
(node_modules/@testing-library/react/node_modules/@testing-library/dom/dist/wait-for.js:166:27)
      at Object.<anonymous> (src/__tests__/components/FMS/FMSChangeReviewModal.test.tsx:435:20)

  ΓùÅ FMSChangeReviewModal ΓÇ║ Button Interactions ΓÇ║ applies changes when Accept & Apply is clicked

    TestingLibraryElementError: Unable to find an element with the text: Accept & Apply (4). This 
could be because the text is broken up by multiple elements. In this case, you can provide a function 
for your text matcher to make your matcher more flexible.

    Ignored nodes: comments, script, style
    [36m<body>[39m
      [36m<div[39m
        [33maria-hidden[39m=[32m"true"[39m
      [36m>[39m
        [36m<div[39m
          [33mhidden[39m=[32m""[39m
          [33mstyle[39m=[32m"position: fixed; top: 1px; left: 1px; width: 1px; height: 0px; 
padding: 0px; margin: -1px; overflow: hidden; clip: rect(0px, 0px, 0px, 0px); white-space: nowrap; 
border-width: 0px; display: none;"[39m
        [36m/>[39m
      [36m</div>[39m
      [36m<div[39m
        [33mid[39m=[32m"headlessui-portal-root"[39m
      [36m>[39m
        [36m<div[39m
          [33mdata-headlessui-portal[39m=[32m""[39m
        [36m>[39m
          [36m<button[39m
            [33maria-hidden[39m=[32m"true"[39m
            [33mdata-headlessui-focus-guard[39m=[32m"true"[39m
            [33mstyle[39m=[32m"position: fixed; top: 1px; left: 1px; width: 1px; height: 0px; 
padding: 0px; margin: -1px; overflow: hidden; clip: rect(0px, 0px, 0px, 0px); white-space: nowrap; 
border-width: 0px;"[39m
            [33mtype[39m=[32m"button"[39m
          [36m/>[39m
          [36m<div>[39m
            [36m<div[39m
              [33maria-labelledby[39m=[32m"headlessui-dialog-title-:r52:"[39m
              [33maria-modal[39m=[32m"true"[39m
              [33mclass[39m=[32m"relative z-50"[39m
              [33mdata-headlessui-state[39m=[32m"open"[39m
              [33mid[39m=[32m"headlessui-dialog-:r50:"[39m
              [33mrole[39m=[32m"dialog"[39m
            [36m>[39m
              [36m<div[39m
                [33mclass[39m=[32m"fixed inset-0 bg-black/50 dark:bg-black/70 backdrop-blur-sm 
ease-out duration-300 opacity-0"[39m
              [36m/>[39m
              [36m<div[39m
                [33mclass[39m=[32m"fixed inset-0 overflow-y-auto"[39m
              [36m>[39m
                [36m<div[39m
                  [33mclass[39m=[32m"flex min-h-full items-center justify-center p-4"[39m
                [36m>[39m
                  [36m<div[39m
                    [33mclass[39m=[32m"w-full max-w-4xl transform rounded-2xl bg-white 
dark:bg-gray-800 border-2 border-gray-200 dark:border-gray-700 shadow-2xl transition-all relative 
ease-out duration-300 opacity-0 scale-95"[39m
                    [33mdata-headlessui-state[39m=[32m"open"[39m
                    [33mid[39m=[32m"headlessui-dialog-panel-:r51:"[39m
                  [36m>[39m
                    [36m<div[39m
                      [33mclass[39m=[32m"absolute top-4 right-4 flex items-center space-x-1 
z-10"[39m
                    [36m>[39m
                      [36m<button[39m
                        [33mclass[39m=[32m"p-1.5 text-gray-400 hover:text-gray-600 
dark:hover:text-gray-300 hover:bg-gray-100 dark:hover:bg-gray-700 rounded transition-colors"[39m
                        [33mtitle[39m=[32m"Minimize to status bar"[39m
                      [36m>[39m
                        [36m<svg[39m
                          [33maria-hidden[39m=[32m"true"[39m
                          [33mclass[39m=[32m"h-4 w-4"[39m
                          [33mdata-slot[39m=[32m"icon"[39m
                          [33mfill[39m=[32m"none"[39m
                          [33mstroke[39m=[32m"currentColor"[39m
                          [33mstroke-width[39m=[32m"1.5"[39m
                          [33mviewBox[39m=[32m"0 0 24 24"[39m
                          [33mxmlns[39m=[32m"http://www.w3.org/2000/svg"[39m
                        [36m>[39m
                          [36m<path[39m
                            [33md[39m=[32m"M5 12h14"[39m
                            [33mstroke-linecap[39m=[32m"round"[39m
                            [33mstroke-linejoin[39m=[32m"round"[39m
                          [36m/>[39m
                        [36m</svg>[39m
                      [36m</button>[39m
                      [36m<button[39m
                        [33mclass[39m=[32m"p-1.5 text-gray-400 hover:text-red-500 
dark:hover:text-red-400 hover:bg-gray-100 dark:hover:bg-gray-700 rounded transition-colors"[39m
                        [33mtitle[39m=[32m"Cancel and close"[39m
                      [36m>[39m
                        [36m<svg[39m
                          [33maria-hidden[39m=[32m"true"[39m
                          [33mclass[39m=[32m"h-4 w-4"[39m
                          [33mdata-slot[39m=[32m"icon"[39m
                          [33mfill[39m=[32m"none"[39m
                          [33mstroke[39m=[32m"currentColor"[39m
                          [33mstroke-width[39m=[32m"1.5"[39m
                          [33mviewBox[39m=[32m"0 0 24 24"[39m
                          [33mxmlns[39m=[32m"http://www.w3.org/2000/svg"[39m
                        [36m>[39m
                          [36m<path[39m
                            [33md[39m=[32m"M6 18 18 6M6 6l12 12"[39m
                            [33mstroke-linecap[39m=[32m"round"[39m
                            [33mstroke-linejoin[39m=[32m"round"[39m
                          [36m/>[39m
                        [36m</svg>[39m
                      [36m</button>[39m
                    [36m</div>[39m
                    [36m<div[39m
                      [33mclass[39m=[32m"border-b-2 border-gray-200 dark:border-gray-700 px-6 py-4 
bg-gradient-to-r from-gray-50 to-white dark:from-gray-900 dark:to-gray-800"[39m
                    [36m>[39m
                      [36m<h2[39m
                        [33mclass[39m=[32m"text-xl font-semibold text-gray-900 dark:text-white 
text-center"[39m
                        [33mdata-headlessui-state[39m=[32m"open"[39m
                        [33mid[39m=[32m"headlessui-dialog-title-:r52:"[39m
                      [36m>[39m
                        [0mReview FMS Changes ([0m
                        [0m4[0m
                        [0m detected)[0m
                      [36m</h2>[39m
                      [36m<div[39m
                        [33mclass[39m=[32m"mt-4"[39m
                      [36m>[39m
                        [36m<div[39m
                          [33maria-orientation[39m=[32m"horizontal"[39m
                          [33mclass[39m=[32m"flex space-x-1 rounded-xl bg-gray-100 
dark:bg-gray-900/50 p-1"[39m
                          [33mrole[39m=[32m"tablist"[39m
                        [36m>[39m
                          [36m<button[39m
                            [33maria-selected[39m=[32m"true"[39m
                            [33mclass[39m=[32m"w-full rounded-lg py-2.5 text-sm font-medium 
leading-5 transition-all
                                bg-white dark:bg-gray-800 text-gray-900 dark:text-white shadow"[39m
                            [33mdata-headlessui-state[39m=[32m"selected"[39m
                            [33mid[39m=[32m"headlessui-tabs-tab-:r53:"[39m
                            [33mrole[39m=[32m"tab"[39m
                            [33mtabindex[39m=[32m"0"[39m
                            [33mtype[39m=[32m"button"[39m
                          [36m>[39m
                            [0mAll Changes ([0m
                            [0m4[0m
                            [0m)[0m
                          [36m</button>[39m
                          [36m<button[39m
                            [33maria-selected[39m=[32m"false"[39m
                            [33mclass...

    [0m [90m 622 |[39m       )[33m;[39m
     [90m 623 |[39m
    [31m[1m>[22m[39m[90m 624 |[39m       [36mconst[39m applyButton [33m=[39m 
screen[33m.[39mgetByText([32m'Accept & Apply (4)'[39m)[33m;[39m
     [90m     |[39m                                  [31m[1m^[22m[39m
     [90m 625 |[39m       fireEvent[33m.[39mclick(applyButton)[33m;[39m
     [90m 626 |[39m
     [90m 627 |[39m       [36mawait[39m waitFor(() [33m=>[39m {[0m

      at Object.getElementError 
(node_modules/@testing-library/react/node_modules/@testing-library/dom/dist/config.js:37:19)
      at 
node_modules/@testing-library/react/node_modules/@testing-library/dom/dist/query-helpers.js:76:38
      at 
node_modules/@testing-library/react/node_modules/@testing-library/dom/dist/query-helpers.js:52:17
      at 
node_modules/@testing-library/react/node_modules/@testing-library/dom/dist/query-helpers.js:95:19
      at Object.<anonymous> (src/__tests__/components/FMS/FMSChangeReviewModal.test.tsx:624:34)

  ΓùÅ FMSChangeReviewModal ΓÇ║ Button Interactions ΓÇ║ handles apply API failure gracefully

    TestingLibraryElementError: Unable to find an element with the text: Accept & Apply (4). This 
could be because the text is broken up by multiple elements. In this case, you can provide a function 
for your text matcher to make your matcher more flexible.

    Ignored nodes: comments, script, style
    [36m<body>[39m
      [36m<div[39m
        [33maria-hidden[39m=[32m"true"[39m
      [36m>[39m
        [36m<div[39m
          [33mhidden[39m=[32m""[39m
          [33mstyle[39m=[32m"position: fixed; top: 1px; left: 1px; width: 1px; height: 0px; 
padding: 0px; margin: -1px; overflow: hidden; clip: rect(0px, 0px, 0px, 0px); white-space: nowrap; 
border-width: 0px; display: none;"[39m
        [36m/>[39m
      [36m</div>[39m
      [36m<div[39m
        [33mid[39m=[32m"headlessui-portal-root"[39m
      [36m>[39m
        [36m<div[39m
          [33mdata-headlessui-portal[39m=[32m""[39m
        [36m>[39m
          [36m<button[39m
            [33maria-hidden[39m=[32m"true"[39m
            [33mdata-headlessui-focus-guard[39m=[32m"true"[39m
            [33mstyle[39m=[32m"position: fixed; top: 1px; left: 1px; width: 1px; height: 0px; 
padding: 0px; margin: -1px; overflow: hidden; clip: rect(0px, 0px, 0px, 0px); white-space: nowrap; 
border-width: 0px;"[39m
            [33mtype[39m=[32m"button"[39m
          [36m/>[39m
          [36m<div>[39m
            [36m<div[39m
              [33maria-labelledby[39m=[32m"headlessui-dialog-title-:r5a:"[39m
              [33maria-modal[39m=[32m"true"[39m
              [33mclass[39m=[32m"relative z-50"[39m
              [33mdata-headlessui-state[39m=[32m"open"[39m
              [33mid[39m=[32m"headlessui-dialog-:r58:"[39m
              [33mrole[39m=[32m"dialog"[39m
            [36m>[39m
              [36m<div[39m
                [33mclass[39m=[32m"fixed inset-0 bg-black/50 dark:bg-black/70 backdrop-blur-sm 
ease-out duration-300 opacity-0"[39m
              [36m/>[39m
              [36m<div[39m
                [33mclass[39m=[32m"fixed inset-0 overflow-y-auto"[39m
              [36m>[39m
                [36m<div[39m
                  [33mclass[39m=[32m"flex min-h-full items-center justify-center p-4"[39m
                [36m>[39m
                  [36m<div[39m
                    [33mclass[39m=[32m"w-full max-w-4xl transform rounded-2xl bg-white 
dark:bg-gray-800 border-2 border-gray-200 dark:border-gray-700 shadow-2xl transition-all relative 
ease-out duration-300 opacity-0 scale-95"[39m
                    [33mdata-headlessui-state[39m=[32m"open"[39m
                    [33mid[39m=[32m"headlessui-dialog-panel-:r59:"[39m
                  [36m>[39m
                    [36m<div[39m
                      [33mclass[39m=[32m"absolute top-4 right-4 flex items-center space-x-1 
z-10"[39m
                    [36m>[39m
                      [36m<button[39m
                        [33mclass[39m=[32m"p-1.5 text-gray-400 hover:text-gray-600 
dark:hover:text-gray-300 hover:bg-gray-100 dark:hover:bg-gray-700 rounded transition-colors"[39m
                        [33mtitle[39m=[32m"Minimize to status bar"[39m
                      [36m>[39m
                        [36m<svg[39m
                          [33maria-hidden[39m=[32m"true"[39m
                          [33mclass[39m=[32m"h-4 w-4"[39m
                          [33mdata-slot[39m=[32m"icon"[39m
                          [33mfill[39m=[32m"none"[39m
                          [33mstroke[39m=[32m"currentColor"[39m
                          [33mstroke-width[39m=[32m"1.5"[39m
                          [33mviewBox[39m=[32m"0 0 24 24"[39m
                          [33mxmlns[39m=[32m"http://www.w3.org/2000/svg"[39m
                        [36m>[39m
                          [36m<path[39m
                            [33md[39m=[32m"M5 12h14"[39m
                            [33mstroke-linecap[39m=[32m"round"[39m
                            [33mstroke-linejoin[39m=[32m"round"[39m
                          [36m/>[39m
                        [36m</svg>[39m
                      [36m</button>[39m
                      [36m<button[39m
                        [33mclass[39m=[32m"p-1.5 text-gray-400 hover:text-red-500 
dark:hover:text-red-400 hover:bg-gray-100 dark:hover:bg-gray-700 rounded transition-colors"[39m
                        [33mtitle[39m=[32m"Cancel and close"[39m
                      [36m>[39m
                        [36m<svg[39m
                          [33maria-hidden[39m=[32m"true"[39m
                          [33mclass[39m=[32m"h-4 w-4"[39m
                          [33mdata-slot[39m=[32m"icon"[39m
                          [33mfill[39m=[32m"none"[39m
                          [33mstroke[39m=[32m"currentColor"[39m
                          [33mstroke-width[39m=[32m"1.5"[39m
                          [33mviewBox[39m=[32m"0 0 24 24"[39m
                          [33mxmlns[39m=[32m"http://www.w3.org/2000/svg"[39m
                        [36m>[39m
                          [36m<path[39m
                            [33md[39m=[32m"M6 18 18 6M6 6l12 12"[39m
                            [33mstroke-linecap[39m=[32m"round"[39m
                            [33mstroke-linejoin[39m=[32m"round"[39m
                          [36m/>[39m
                        [36m</svg>[39m
                      [36m</button>[39m
                    [36m</div>[39m
                    [36m<div[39m
                      [33mclass[39m=[32m"border-b-2 border-gray-200 dark:border-gray-700 px-6 py-4 
bg-gradient-to-r from-gray-50 to-white dark:from-gray-900 dark:to-gray-800"[39m
                    [36m>[39m
                      [36m<h2[39m
                        [33mclass[39m=[32m"text-xl font-semibold text-gray-900 dark:text-white 
text-center"[39m
                        [33mdata-headlessui-state[39m=[32m"open"[39m
                        [33mid[39m=[32m"headlessui-dialog-title-:r5a:"[39m
                      [36m>[39m
                        [0mReview FMS Changes ([0m
                        [0m4[0m
                        [0m detected)[0m
                      [36m</h2>[39m
                      [36m<div[39m
                        [33mclass[39m=[32m"mt-4"[39m
                      [36m>[39m
                        [36m<div[39m
                          [33maria-orientation[39m=[32m"horizontal"[39m
                          [33mclass[39m=[32m"flex space-x-1 rounded-xl bg-gray-100 
dark:bg-gray-900/50 p-1"[39m
                          [33mrole[39m=[32m"tablist"[39m
                        [36m>[39m
                          [36m<button[39m
                            [33maria-selected[39m=[32m"true"[39m
                            [33mclass[39m=[32m"w-full rounded-lg py-2.5 text-sm font-medium 
leading-5 transition-all
                                bg-white dark:bg-gray-800 text-gray-900 dark:text-white shadow"[39m
                            [33mdata-headlessui-state[39m=[32m"selected"[39m
                            [33mid[39m=[32m"headlessui-tabs-tab-:r5b:"[39m
                            [33mrole[39m=[32m"tab"[39m
                            [33mtabindex[39m=[32m"0"[39m
                            [33mtype[39m=[32m"button"[39m
                          [36m>[39m
                            [0mAll Changes ([0m
                            [0m4[0m
                            [0m)[0m
                          [36m</button>[39m
                          [36m<button[39m
                            [33maria-selected[39m=[32m"false"[39m
                            [33mclass...

    [0m [90m 655 |[39m       )[33m;[39m
     [90m 656 |[39m
    [31m[1m>[22m[39m[90m 657 |[39m       [36mconst[39m applyButton [33m=[39m 
screen[33m.[39mgetByText([32m'Accept & Apply (4)'[39m)[33m;[39m
     [90m     |[39m                                  [31m[1m^[22m[39m
     [90m 658 |[39m       fireEvent[33m.[39mclick(applyButton)[33m;[39m
     [90m 659 |[39m
     [90m 660 |[39m       [36mawait[39m waitFor(() [33m=>[39m {[0m

      at Object.getElementError 
(node_modules/@testing-library/react/node_modules/@testing-library/dom/dist/config.js:37:19)
      at 
node_modules/@testing-library/react/node_modules/@testing-library/dom/dist/query-helpers.js:76:38
      at 
node_modules/@testing-library/react/node_modules/@testing-library/dom/dist/query-helpers.js:52:17
      at 
node_modules/@testing-library/react/node_modules/@testing-library/dom/dist/query-helpers.js:95:19
      at Object.<anonymous> (src/__tests__/components/FMS/FMSChangeReviewModal.test.tsx:657:34)

  ΓùÅ FMSChangeReviewModal ΓÇ║ Button Interactions ΓÇ║ shows loading state during apply

    TestingLibraryElementError: Unable to find an element with the text: Accept & Apply (4). This 
could be because the text is broken up by multiple elements. In this case, you can provide a function 
for your text matcher to make your matcher more flexible.

    Ignored nodes: comments, script, style
    [36m<body>[39m
      [36m<div[39m
        [33maria-hidden[39m=[32m"true"[39m
      [36m>[39m
        [36m<div[39m
          [33mhidden[39m=[32m""[39m
          [33mstyle[39m=[32m"position: fixed; top: 1px; left: 1px; width: 1px; height: 0px; 
padding: 0px; margin: -1px; overflow: hidden; clip: rect(0px, 0px, 0px, 0px); white-space: nowrap; 
border-width: 0px; display: none;"[39m
        [36m/>[39m
      [36m</div>[39m
      [36m<div[39m
        [33mid[39m=[32m"headlessui-portal-root"[39m
      [36m>[39m
        [36m<div[39m
          [33mdata-headlessui-portal[39m=[32m""[39m
        [36m>[39m
          [36m<button[39m
            [33maria-hidden[39m=[32m"true"[39m
            [33mdata-headlessui-focus-guard[39m=[32m"true"[39m
            [33mstyle[39m=[32m"position: fixed; top: 1px; left: 1px; width: 1px; height: 0px; 
padding: 0px; margin: -1px; overflow: hidden; clip: rect(0px, 0px, 0px, 0px); white-space: nowrap; 
border-width: 0px;"[39m
            [33mtype[39m=[32m"button"[39m
          [36m/>[39m
          [36m<div>[39m
            [36m<div[39m
              [33maria-labelledby[39m=[32m"headlessui-dialog-title-:r5i:"[39m
              [33maria-modal[39m=[32m"true"[39m
              [33mclass[39m=[32m"relative z-50"[39m
              [33mdata-headlessui-state[39m=[32m"open"[39m
              [33mid[39m=[32m"headlessui-dialog-:r5g:"[39m
              [33mrole[39m=[32m"dialog"[39m
            [36m>[39m
              [36m<div[39m
                [33mclass[39m=[32m"fixed inset-0 bg-black/50 dark:bg-black/70 backdrop-blur-sm 
ease-out duration-300 opacity-0"[39m
              [36m/>[39m
              [36m<div[39m
                [33mclass[39m=[32m"fixed inset-0 overflow-y-auto"[39m
              [36m>[39m
                [36m<div[39m
                  [33mclass[39m=[32m"flex min-h-full items-center justify-center p-4"[39m
                [36m>[39m
                  [36m<div[39m
                    [33mclass[39m=[32m"w-full max-w-4xl transform rounded-2xl bg-white 
dark:bg-gray-800 border-2 border-gray-200 dark:border-gray-700 shadow-2xl transition-all relative 
ease-out duration-300 opacity-0 scale-95"[39m
                    [33mdata-headlessui-state[39m=[32m"open"[39m
                    [33mid[39m=[32m"headlessui-dialog-panel-:r5h:"[39m
                  [36m>[39m
                    [36m<div[39m
                      [33mclass[39m=[32m"absolute top-4 right-4 flex items-center space-x-1 
z-10"[39m
                    [36m>[39m
                      [36m<button[39m
                        [33mclass[39m=[32m"p-1.5 text-gray-400 hover:text-gray-600 
dark:hover:text-gray-300 hover:bg-gray-100 dark:hover:bg-gray-700 rounded transition-colors"[39m
                        [33mtitle[39m=[32m"Minimize to status bar"[39m
                      [36m>[39m
                        [36m<svg[39m
                          [33maria-hidden[39m=[32m"true"[39m
                          [33mclass[39m=[32m"h-4 w-4"[39m
                          [33mdata-slot[39m=[32m"icon"[39m
                          [33mfill[39m=[32m"none"[39m
                          [33mstroke[39m=[32m"currentColor"[39m
                          [33mstroke-width[39m=[32m"1.5"[39m
                          [33mviewBox[39m=[32m"0 0 24 24"[39m
                          [33mxmlns[39m=[32m"http://www.w3.org/2000/svg"[39m
                        [36m>[39m
                          [36m<path[39m
                            [33md[39m=[32m"M5 12h14"[39m
                            [33mstroke-linecap[39m=[32m"round"[39m
                            [33mstroke-linejoin[39m=[32m"round"[39m
                          [36m/>[39m
                        [36m</svg>[39m
                      [36m</button>[39m
                      [36m<button[39m
                        [33mclass[39m=[32m"p-1.5 text-gray-400 hover:text-red-500 
dark:hover:text-red-400 hover:bg-gray-100 dark:hover:bg-gray-700 rounded transition-colors"[39m
                        [33mtitle[39m=[32m"Cancel and close"[39m
                      [36m>[39m
                        [36m<svg[39m
                          [33maria-hidden[39m=[32m"true"[39m
                          [33mclass[39m=[32m"h-4 w-4"[39m
                          [33mdata-slot[39m=[32m"icon"[39m
                          [33mfill[39m=[32m"none"[39m
                          [33mstroke[39m=[32m"currentColor"[39m
                          [33mstroke-width[39m=[32m"1.5"[39m
                          [33mviewBox[39m=[32m"0 0 24 24"[39m
                          [33mxmlns[39m=[32m"http://www.w3.org/2000/svg"[39m
                        [36m>[39m
                          [36m<path[39m
                            [33md[39m=[32m"M6 18 18 6M6 6l12 12"[39m
                            [33mstroke-linecap[39m=[32m"round"[39m
                            [33mstroke-linejoin[39m=[32m"round"[39m
                          [36m/>[39m
                        [36m</svg>[39m
                      [36m</button>[39m
                    [36m</div>[39m
                    [36m<div[39m
                      [33mclass[39m=[32m"border-b-2 border-gray-200 dark:border-gray-700 px-6 py-4 
bg-gradient-to-r from-gray-50 to-white dark:from-gray-900 dark:to-gray-800"[39m
                    [36m>[39m
                      [36m<h2[39m
                        [33mclass[39m=[32m"text-xl font-semibold text-gray-900 dark:text-white 
text-center"[39m
                        [33mdata-headlessui-state[39m=[32m"open"[39m
                        [33mid[39m=[32m"headlessui-dialog-title-:r5i:"[39m
                      [36m>[39m
                        [0mReview FMS Changes ([0m
                        [0m4[0m
                        [0m detected)[0m
                      [36m</h2>[39m
                      [36m<div[39m
                        [33mclass[39m=[32m"mt-4"[39m
                      [36m>[39m
                        [36m<div[39m
                          [33maria-orientation[39m=[32m"horizontal"[39m
                          [33mclass[39m=[32m"flex space-x-1 rounded-xl bg-gray-100 
dark:bg-gray-900/50 p-1"[39m
                          [33mrole[39m=[32m"tablist"[39m
                        [36m>[39m
                          [36m<button[39m
                            [33maria-selected[39m=[32m"true"[39m
                            [33mclass[39m=[32m"w-full rounded-lg py-2.5 text-sm font-medium 
leading-5 transition-all
                                bg-white dark:bg-gray-800 text-gray-900 dark:text-white shadow"[39m
                            [33mdata-headlessui-state[39m=[32m"selected"[39m
                            [33mid[39m=[32m"headlessui-tabs-tab-:r5j:"[39m
                            [33mrole[39m=[32m"tab"[39m
                            [33mtabindex[39m=[32m"0"[39m
                            [33mtype[39m=[32m"button"[39m
                          [36m>[39m
                            [0mAll Changes ([0m
                            [0m4[0m
                            [0m)[0m
                          [36m</button>[39m
                          [36m<button[39m
                            [33maria-selected[39m=[32m"false"[39m
                            [33mclass...

    [0m [90m 696 |[39m       )[33m;[39m
     [90m 697 |[39m
    [31m[1m>[22m[39m[90m 698 |[39m       [36mconst[39m applyButton [33m=[39m 
screen[33m.[39mgetByText([32m'Accept & Apply (4)'[39m)[33m;[39m
     [90m     |[39m                                  [31m[1m^[22m[39m
     [90m 699 |[39m       fireEvent[33m.[39mclick(applyButton)[33m;[39m
     [90m 700 |[39m
     [90m 701 |[39m       [90m// Should show loading state[39m[0m

      at Object.getElementError 
(node_modules/@testing-library/react/node_modules/@testing-library/dom/dist/config.js:37:19)
      at 
node_modules/@testing-library/react/node_modules/@testing-library/dom/dist/query-helpers.js:76:38
      at 
node_modules/@testing-library/react/node_modules/@testing-library/dom/dist/query-helpers.js:52:17
      at 
node_modules/@testing-library/react/node_modules/@testing-library/dom/dist/query-helpers.js:95:19
      at Object.<anonymous> (src/__tests__/components/FMS/FMSChangeReviewModal.test.tsx:698:34)

  ΓùÅ FMSChangeReviewModal ΓÇ║ Error Handling and Edge Cases ΓÇ║ handles missing syncResult gracefully

    TestingLibraryElementError: Unable to find an element with the text: Accept & Apply (4). This 
could be because the text is broken up by multiple elements. In this case, you can provide a function 
for your text matcher to make your matcher more flexible.

    Ignored nodes: comments, script, style
    [36m<body>[39m
      [36m<div[39m
        [33maria-hidden[39m=[32m"true"[39m
      [36m>[39m
        [36m<div[39m
          [33mhidden[39m=[32m""[39m
          [33mstyle[39m=[32m"position: fixed; top: 1px; left: 1px; width: 1px; height: 0px; 
padding: 0px; margin: -1px; overflow: hidden; clip: rect(0px, 0px, 0px, 0px); white-space: nowrap; 
border-width: 0px; display: none;"[39m
        [36m/>[39m
      [36m</div>[39m
      [36m<div[39m
        [33mid[39m=[32m"headlessui-portal-root"[39m
      [36m>[39m
        [36m<div[39m
          [33mdata-headlessui-portal[39m=[32m""[39m
        [36m>[39m
          [36m<button[39m
            [33maria-hidden[39m=[32m"true"[39m
            [33mdata-headlessui-focus-guard[39m=[32m"true"[39m
            [33mstyle[39m=[32m"position: fixed; top: 1px; left: 1px; width: 1px; height: 0px; 
padding: 0px; margin: -1px; overflow: hidden; clip: rect(0px, 0px, 0px, 0px); white-space: nowrap; 
border-width: 0px;"[39m
            [33mtype[39m=[32m"button"[39m
          [36m/>[39m
          [36m<div>[39m
            [36m<div[39m
              [33maria-labelledby[39m=[32m"headlessui-dialog-title-:r7a:"[39m
              [33maria-modal[39m=[32m"true"[39m
              [33mclass[39m=[32m"relative z-50"[39m
              [33mdata-headlessui-state[39m=[32m"open"[39m
              [33mid[39m=[32m"headlessui-dialog-:r78:"[39m
              [33mrole[39m=[32m"dialog"[39m
            [36m>[39m
              [36m<div[39m
                [33mclass[39m=[32m"fixed inset-0 bg-black/50 dark:bg-black/70 backdrop-blur-sm 
ease-out duration-300 opacity-0"[39m
              [36m/>[39m
              [36m<div[39m
                [33mclass[39m=[32m"fixed inset-0 overflow-y-auto"[39m
              [36m>[39m
                [36m<div[39m
                  [33mclass[39m=[32m"flex min-h-full items-center justify-center p-4"[39m
                [36m>[39m
                  [36m<div[39m
                    [33mclass[39m=[32m"w-full max-w-4xl transform rounded-2xl bg-white 
dark:bg-gray-800 border-2 border-gray-200 dark:border-gray-700 shadow-2xl transition-all relative 
ease-out duration-300 opacity-0 scale-95"[39m
                    [33mdata-headlessui-state[39m=[32m"open"[39m
                    [33mid[39m=[32m"headlessui-dialog-panel-:r79:"[39m
                  [36m>[39m
                    [36m<div[39m
                      [33mclass[39m=[32m"absolute top-4 right-4 flex items-center space-x-1 
z-10"[39m
                    [36m>[39m
                      [36m<button[39m
                        [33mclass[39m=[32m"p-1.5 text-gray-400 hover:text-gray-600 
dark:hover:text-gray-300 hover:bg-gray-100 dark:hover:bg-gray-700 rounded transition-colors"[39m
                        [33mtitle[39m=[32m"Minimize to status bar"[39m
                      [36m>[39m
                        [36m<svg[39m
                          [33maria-hidden[39m=[32m"true"[39m
                          [33mclass[39m=[32m"h-4 w-4"[39m
                          [33mdata-slot[39m=[32m"icon"[39m
                          [33mfill[39m=[32m"none"[39m
                          [33mstroke[39m=[32m"currentColor"[39m
                          [33mstroke-width[39m=[32m"1.5"[39m
                          [33mviewBox[39m=[32m"0 0 24 24"[39m
                          [33mxmlns[39m=[32m"http://www.w3.org/2000/svg"[39m
                        [36m>[39m
                          [36m<path[39m
                            [33md[39m=[32m"M5 12h14"[39m
                            [33mstroke-linecap[39m=[32m"round"[39m
                            [33mstroke-linejoin[39m=[32m"round"[39m
                          [36m/>[39m
                        [36m</svg>[39m
                      [36m</button>[39m
                      [36m<button[39m
                        [33mclass[39m=[32m"p-1.5 text-gray-400 hover:text-red-500 
dark:hover:text-red-400 hover:bg-gray-100 dark:hover:bg-gray-700 rounded transition-colors"[39m
                        [33mtitle[39m=[32m"Cancel and close"[39m
                      [36m>[39m
                        [36m<svg[39m
                          [33maria-hidden[39m=[32m"true"[39m
                          [33mclass[39m=[32m"h-4 w-4"[39m
                          [33mdata-slot[39m=[32m"icon"[39m
                          [33mfill[39m=[32m"none"[39m
                          [33mstroke[39m=[32m"currentColor"[39m
                          [33mstroke-width[39m=[32m"1.5"[39m
                          [33mviewBox[39m=[32m"0 0 24 24"[39m
                          [33mxmlns[39m=[32m"http://www.w3.org/2000/svg"[39m
                        [36m>[39m
                          [36m<path[39m
                            [33md[39m=[32m"M6 18 18 6M6 6l12 12"[39m
                            [33mstroke-linecap[39m=[32m"round"[39m
                            [33mstroke-linejoin[39m=[32m"round"[39m
                          [36m/>[39m
                        [36m</svg>[39m
                      [36m</button>[39m
                    [36m</div>[39m
                    [36m<div[39m
                      [33mclass[39m=[32m"border-b-2 border-gray-200 dark:border-gray-700 px-6 py-4 
bg-gradient-to-r from-gray-50 to-white dark:from-gray-900 dark:to-gray-800"[39m
                    [36m>[39m
                      [36m<h2[39m
                        [33mclass[39m=[32m"text-xl font-semibold text-gray-900 dark:text-white 
text-center"[39m
                        [33mdata-headlessui-state[39m=[32m"open"[39m
                        [33mid[39m=[32m"headlessui-dialog-title-:r7a:"[39m
                      [36m>[39m
                        [0mReview FMS Changes ([0m
                        [0m4[0m
                        [0m detected)[0m
                      [36m</h2>[39m
                      [36m<div[39m
                        [33mclass[39m=[32m"mt-4"[39m
                      [36m>[39m
                        [36m<div[39m
                          [33maria-orientation[39m=[32m"horizontal"[39m
                          [33mclass[39m=[32m"flex space-x-1 rounded-xl bg-gray-100 
dark:bg-gray-900/50 p-1"[39m
                          [33mrole[39m=[32m"tablist"[39m
                        [36m>[39m
                          [36m<button[39m
                            [33maria-selected[39m=[32m"true"[39m
                            [33mclass[39m=[32m"w-full rounded-lg py-2.5 text-sm font-medium 
leading-5 transition-all
                                bg-white dark:bg-gray-800 text-gray-900 dark:text-white shadow"[39m
                            [33mdata-headlessui-state[39m=[32m"selected"[39m
                            [33mid[39m=[32m"headlessui-tabs-tab-:r7b:"[39m
                            [33mrole[39m=[32m"tab"[39m
                            [33mtabindex[39m=[32m"0"[39m
                            [33mtype[39m=[32m"button"[39m
                          [36m>[39m
                            [0mAll Changes ([0m
                            [0m4[0m
                            [0m)[0m
                          [36m</button>[39m
                          [36m<button[39m
                            [33maria-selected[39m=[32m"false"[39m
                            [33mclass...

    [0m [90m 870 |[39m       )[33m;[39m
     [90m 871 |[39m
    [31m[1m>[22m[39m[90m 872 |[39m       [36mconst[39m applyButton [33m=[39m 
screen[33m.[39mgetByText([32m'Accept & Apply (4)'[39m)[33m;[39m
     [90m     |[39m                                  [31m[1m^[22m[39m
     [90m 873 |[39m       fireEvent[33m.[39mclick(applyButton)[33m;[39m
     [90m 874 |[39m
     [90m 875 |[39m       [90m// Should not call API when syncResult is null[39m[0m

      at Object.getElementError 
(node_modules/@testing-library/react/node_modules/@testing-library/dom/dist/config.js:37:19)
      at 
node_modules/@testing-library/react/node_modules/@testing-library/dom/dist/query-helpers.js:76:38
      at 
node_modules/@testing-library/react/node_modules/@testing-library/dom/dist/query-helpers.js:52:17
      at 
node_modules/@testing-library/react/node_modules/@testing-library/dom/dist/query-helpers.js:95:19
      at Object.<anonymous> (src/__tests__/components/FMS/FMSChangeReviewModal.test.tsx:872:34)

Test Suites: 1 failed, 1 total
Tests:       6 failed, 1 skipped, 27 passed, 34 total
Snapshots:   0 total
Time:        16.141 s
Ran all test suites matching /FMSChangeReviewModal.test.tsx/i.
